{'RFC.itemset.itemset': ModuleLeaves(name='RFC.itemset.itemset',
                                     is_system=True,
                                     has_init=True,
                                     leaves={'get_itemset': (<function get_itemset at 0x7f4f973c4ee0>,
                                                             'system'),
                                             'init': (<function init at 0x7f4f973a2290>,
                                                      'init')},
                                     is_finished=True),
 'RFC.requestor.middleware.middleware': ModuleLeaves(name='RFC.requestor.middleware.middleware',
                                                     is_system=True,
                                                     has_init=True,
                                                     leaves={'get_middleware': (<function get_middleware at 0x7f4f96223760>,
                                                                                'system'),
                                                             'init': (<function init at 0x7f4f962209d0>,
                                                                      'init')},
                                                     is_finished=True),
 'RFC.requestor.requestor': ModuleLeaves(name='RFC.requestor.requestor',
                                         is_system=True,
                                         has_init=True,
                                         leaves={'get_requestor': (<function get_requestor at 0x7f4f9624c1f0>,
                                                                   'system'),
                                                 'init': (<function init at 0x7f4f973ec040>,
                                                          'init')},
                                         is_finished=True),
 'RFC.requestor.session.arguments.arguments': ModuleLeaves(name='RFC.requestor.session.arguments.arguments',
                                                           is_system=True,
                                                           has_init=True,
                                                           leaves={'get_arguments': (<function get_arguments at 0x7f4f969383a0>,
                                                                                     'system'),
                                                                   'init': (<function init at 0x7f4f968f2320>,
                                                                            'init')},
                                                           is_finished=True),
 'RFC.requestor.session.arguments.cookies.cookies': ModuleLeaves(name='RFC.requestor.session.arguments.cookies.cookies',
                                                                 is_system=False,
                                                                 has_init=True,
                                                                 leaves={'init': (<function init at 0x7f4f96272c20>,
                                                                                  'init'),
                                                                         'passin': (<function passin at 0x7f4f96273400>,
                                                                                    'normal'),
                                                                         'read_from_file_by_rank': (<function read_from_file_by_rank at 0x7f4f96273490>,
                                                                                                    'normal')},
                                                                 is_finished=True),
 'RFC.requestor.session.arguments.headers.base.base': ModuleLeaves(name='RFC.requestor.session.arguments.headers.base.base',
                                                                   is_system=False,
                                                                   has_init=True,
                                                                   leaves={'fixed': (<function fixed at 0x7f4f96273e20>,
                                                                                     'normal'),
                                                                           'init': (<function init at 0x7f4f96273ac0>,
                                                                                    'init'),
                                                                           'passin': (<function passin at 0x7f4f96273f40>,
                                                                                      'normal'),
                                                                           'switch': (<function switch at 0x7f4f96078040>,
                                                                                      'normal')},
                                                                   is_finished=True),
 'RFC.requestor.session.arguments.headers.headers': ModuleLeaves(name='RFC.requestor.session.arguments.headers.headers',
                                                                 is_system=False,
                                                                 has_init=True,
                                                                 leaves={'init': (<function init at 0x7f4f96078310>,
                                                                                  'init')},
                                                                 is_finished=True),
 'RFC.requestor.session.arguments.headers.referer.referer': ModuleLeaves(name='RFC.requestor.session.arguments.headers.referer.referer',
                                                                         is_system=False,
                                                                         has_init=True,
                                                                         leaves={'fixed': (<function fixed at 0x7f4f960789d0>,
                                                                                           'normal'),
                                                                                 'from_url': (<function from_url at 0x7f4f960788b0>,
                                                                                              'normal'),
                                                                                 'from_url_once': (<function from_url_once at 0x7f4f96078700>,
                                                                                                   'normal'),
                                                                                 'init': (<function init at 0x7f4f960785e0>,
                                                                                          'init'),
                                                                                 'none': (<function none at 0x7f4f96078af0>,
                                                                                          'normal')},
                                                                         is_finished=True),
 'RFC.requestor.session.arguments.headers.user-agent.user-agent': ModuleLeaves(name='RFC.requestor.session.arguments.headers.user-agent.user-agent',
                                                                               is_system=False,
                                                                               has_init=True,
                                                                               leaves={'fixed': (<function fixed at 0x7f4f95b7cee0>,
                                                                                                 'normal'),
                                                                                       'init': (<function init at 0x7f4f95b7cb80>,
                                                                                                'init'),
                                                                                       'none': (<function none at 0x7f4f95b7d120>,
                                                                                                'normal'),
                                                                                       'random_fake': (<function random_fake at 0x7f4f95b7d000>,
                                                                                                       'normal')},
                                                                               is_finished=True),
 'RFC.requestor.session.arguments.params.params': ModuleLeaves(name='RFC.requestor.session.arguments.params.params',
                                                               is_system=False,
                                                               has_init=True,
                                                               leaves={'fixed': (<function fixed at 0x7f4f95b7d870>,
                                                                                 'normal'),
                                                                       'init': (<function init at 0x7f4f95b7d5a0>,
                                                                                'init'),
                                                                       'passin': (<function passin at 0x7f4f95b7d900>,
                                                                                  'normal')},
                                                               is_finished=True),
 'RFC.requestor.session.arguments.payload.payload': ModuleLeaves(name='RFC.requestor.session.arguments.payload.payload',
                                                                 is_system=False,
                                                                 has_init=True,
                                                                 leaves={'fixed': (<function fixed at 0x7f4f95b7dfc0>,
                                                                                   'normal'),
                                                                         'init': (<function init at 0x7f4f95b7dcf0>,
                                                                                  'init'),
                                                                         'passin': (<function passin at 0x7f4f95b7e050>,
                                                                                    'normal')},
                                                                 is_finished=True),
 'RFC.requestor.session.arguments.proxies.proxies': ModuleLeaves(name='RFC.requestor.session.arguments.proxies.proxies',
                                                                 is_system=False,
                                                                 has_init=True,
                                                                 leaves={'fixed': (<function fixed at 0x7f4f95b7f760>,
                                                                                   'normal'),
                                                                         'init': (<function init at 0x7f4f95b7e4d0>,
                                                                                  'init'),
                                                                         'login': (<function login at 0x7f4f95b7f9a0>,
                                                                                   'normal'),
                                                                         'off': (<function off at 0x7f4f95b7e560>,
                                                                                 'normal'),
                                                                         'passin': (<function passin at 0x7f4f95b7f880>,
                                                                                    'normal')},
                                                                 is_finished=True),
 'RFC.requestor.session.arguments.url.url': ModuleLeaves(name='RFC.requestor.session.arguments.url.url',
                                                         is_system=False,
                                                         has_init=True,
                                                         leaves={'init': (<function init at 0x7f4f95b7ff40>,
                                                                          'init'),
                                                                 'passin': (<function passin at 0x7f4f95b940d0>,
                                                                            'normal')},
                                                         is_finished=True),
 'RFC.requestor.session.session': ModuleLeaves(name='RFC.requestor.session.session',
                                               is_system=True,
                                               has_init=True,
                                               leaves={'get_session': (<function get_session at 0x7f4f96220160>,
                                                                       'system'),
                                                       'init': (<function init at 0x7f4f964b6320>,
                                                                'init')},
                                               is_finished=True)}
