2024-02-08 14:45:16,950 <MainProcess:1216475, MainThread:140341876229952> (middleware.py:get_middleware:394 -> middleware.py:__init__:55) from logger `RFC.middleware_json_saver`
[INFO] initialized

2024-02-09 00:15:22,408 <MainProcess:2014158, MainThread:140684423763776> (middleware.py:get_middleware:394 -> middleware.py:__init__:55) from logger `RFC.middleware_json_saver`
[INFO] initialized

2024-03-01 21:54:39,748 <MainProcess:3381808, MainThread:140404398061376> (middleware.py:get_middleware:401 -> middleware.py:__init__:55) from logger `RFC.middleware_json_saver`
[INFO] initialized

2024-03-01 21:59:47,577 <MainProcess:3383195, MainThread:139994761180992> (middleware.py:get_middleware:401 -> middleware.py:__init__:55) from logger `RFC.middleware_json_saver`
[INFO] initialized

2024-03-01 22:01:19,530 <MainProcess:3384474, MainThread:139730811811648> (middleware.py:get_middleware:401 -> middleware.py:__init__:55) from logger `RFC.middleware_json_saver`
[INFO] initialized

2024-03-01 22:01:59,111 <MainProcess:3384821, MainThread:140300265518912> (middleware.py:get_middleware:401 -> middleware.py:__init__:55) from logger `RFC.middleware_json_saver`
[INFO] initialized

2024-03-01 22:04:10,034 <MainProcess:3385191, MainThread:139749688543040> (middleware.py:get_middleware:401 -> middleware.py:__init__:55) from logger `RFC.middleware_json_saver`
[INFO] initialized

2024-03-01 22:06:25,077 <MainProcess:3386919, MainThread:140584152094528> (middleware.py:get_middleware:401 -> middleware.py:__init__:55) from logger `RFC.middleware_json_saver`
[INFO] initialized

2024-03-01 22:06:34,661 <MainProcess:3387204, MainThread:140397429675840> (middleware.py:get_middleware:401 -> middleware.py:__init__:55) from logger `RFC.middleware_json_saver`
[INFO] initialized

2024-03-01 22:06:35,830 <requestor-worker-0:3387242, MainThread:140397429675840> (requestor.py:_fetch_single_async:204 -> middleware.py:apply_async:112) from logger `RFC.middleware_json_saver`
[INFO] applying on FanboxPost(7524520), received

2024-03-01 22:06:35,835 <requestor-worker-0:3387242, MainThread:140397429675840> (requestor.py:_fetch_single_async:204 -> middleware.py:apply_async:115) from logger `RFC.middleware_json_saver`
[INFO] applied on FanboxPost(7524520), sent

2024-03-01 22:06:36,959 <requestor-worker-1:3387246, MainThread:140397429675840> (requestor.py:_fetch_single_async:204 -> middleware.py:apply_async:112) from logger `RFC.middleware_json_saver`
[INFO] applying on FanboxPost(7474505), received

2024-03-01 22:06:36,963 <requestor-worker-1:3387246, MainThread:140397429675840> (requestor.py:_fetch_single_async:204 -> middleware.py:apply_async:115) from logger `RFC.middleware_json_saver`
[INFO] applied on FanboxPost(7474505), sent

2024-03-01 22:06:37,396 <requestor-worker-0:3387242, MainThread:140397429675840> (requestor.py:_fetch_single_async:204 -> middleware.py:apply_async:112) from logger `RFC.middleware_json_saver`
[INFO] applying on FanboxPost(7442068), received

2024-03-01 22:06:37,398 <requestor-worker-0:3387242, MainThread:140397429675840> (requestor.py:_fetch_single_async:204 -> middleware.py:apply_async:119) from logger `RFC.middleware_json_saver`
[ERROR] failed on FanboxPost(7442068), caught error ContentTypeError(RequestInfo(url=URL('https://api.fanbox.cc/post.info?postId=7442068'), method='GET', headers=<CIMultiDictProxy('Host': 'api.fanbox.cc', 'origin': 'https://www.fanbox.cc', 'user-agent': 'Mozilla/4.0(compatible; MSIE 5.0; Windows 98; DigExt)', 'referer': 'https://api.fanbox.cc/', 'Accept': '*/*', 'Accept-Encoding': 'gzip, deflate', 'Cookie': 'FANBOXSESSID=89975465_xSHr75TnOTiMsHaT6unE3UMXJNd8axyZ; p_ab_d_id=1921126919; p_ab_id=6; p_ab_id_2=8; privacy_policy_agreement=6; privacy_policy_notification=0')>, real_url=URL('https://api.fanbox.cc/post.info?postId=7442068')), (), message='Attempt to decode JSON with unexpected mimetype: text/plain; charset=utf-8', headers=<CIMultiDictProxy('Server': 'nginx', 'Date': 'Fri, 01 Mar 2024 14:06:37 GMT', 'Content-Type': 'text/plain; charset=utf-8', 'Content-Length': '1459', 'Connection': 'keep-alive', 'X-Host-Time': '133', 'Content-Security-Policy': "frame-ancestors 'self' https://*.fanbox.cc", 'Vary': 'X-UserId,Accept-Encoding', 'Access-Control-Allow-Origin': 'https://www.fanbox.cc', 'Access-Control-Allow-Headers': 'Content-Type, X-CSRF-Token', 'Access-Control-Allow-Credentials': 'true', 'Expires': 'Thu, 19 Nov 1981 08:52:00 GMT', 'Cache-Control': 'no-store, no-cache, must-revalidate', 'Pragma': 'no-cache', 'X-UserId': '89975465', 'X-Content-Type-Options': 'nosniff', 'Content-Encoding': 'gzip', 'X-Frame-Options': 'SAMEORIGIN')>)

2024-03-01 22:06:38,582 <requestor-worker-0:3387242, MainThread:140397429675840> (requestor.py:_fetch_single_async:204 -> middleware.py:apply_async:112) from logger `RFC.middleware_json_saver`
[INFO] applying on FanboxPost(7442068), received

2024-03-01 22:06:38,793 <requestor-worker-0:3387242, MainThread:140397429675840> (requestor.py:_fetch_single_async:204 -> middleware.py:apply_async:119) from logger `RFC.middleware_json_saver`
[ERROR] failed on FanboxPost(7442068), caught error ContentTypeError(RequestInfo(url=URL('https://api.fanbox.cc/post.info?postId=7442068'), method='GET', headers=<CIMultiDictProxy('Host': 'api.fanbox.cc', 'origin': 'https://www.fanbox.cc', 'user-agent': 'Mozilla/4.0(compatible; MSIE 5.0; Windows 98; DigExt)', 'referer': 'https://api.fanbox.cc/', 'Accept': '*/*', 'Accept-Encoding': 'gzip, deflate', 'Cookie': 'FANBOXSESSID=89975465_xSHr75TnOTiMsHaT6unE3UMXJNd8axyZ; p_ab_d_id=1921126919; p_ab_id=6; p_ab_id_2=8; privacy_policy_agreement=6; privacy_policy_notification=0')>, real_url=URL('https://api.fanbox.cc/post.info?postId=7442068')), (), message='Attempt to decode JSON with unexpected mimetype: text/plain; charset=utf-8', headers=<CIMultiDictProxy('Server': 'nginx', 'Date': 'Fri, 01 Mar 2024 14:06:38 GMT', 'Content-Type': 'text/plain; charset=utf-8', 'Content-Length': '1459', 'Connection': 'keep-alive', 'X-Host-Time': '025', 'Content-Security-Policy': "frame-ancestors 'self' https://*.fanbox.cc", 'Vary': 'X-UserId,Accept-Encoding', 'Access-Control-Allow-Origin': 'https://www.fanbox.cc', 'Access-Control-Allow-Headers': 'Content-Type, X-CSRF-Token', 'Access-Control-Allow-Credentials': 'true', 'Expires': 'Thu, 19 Nov 1981 08:52:00 GMT', 'Cache-Control': 'no-store, no-cache, must-revalidate', 'Pragma': 'no-cache', 'X-UserId': '89975465', 'X-Content-Type-Options': 'nosniff', 'Content-Encoding': 'gzip', 'X-Frame-Options': 'SAMEORIGIN')>)

2024-03-01 22:06:40,027 <requestor-worker-0:3387242, MainThread:140397429675840> (requestor.py:_fetch_single_async:204 -> middleware.py:apply_async:112) from logger `RFC.middleware_json_saver`
[INFO] applying on FanboxPost(7442068), received

2024-03-01 22:06:40,029 <requestor-worker-0:3387242, MainThread:140397429675840> (requestor.py:_fetch_single_async:204 -> middleware.py:apply_async:119) from logger `RFC.middleware_json_saver`
[ERROR] failed on FanboxPost(7442068), caught error ContentTypeError(RequestInfo(url=URL('https://api.fanbox.cc/post.info?postId=7442068'), method='GET', headers=<CIMultiDictProxy('Host': 'api.fanbox.cc', 'origin': 'https://www.fanbox.cc', 'user-agent': 'Mozilla/4.0(compatible; MSIE 5.0; Windows 98; DigExt)', 'referer': 'https://api.fanbox.cc/', 'Accept': '*/*', 'Accept-Encoding': 'gzip, deflate', 'Cookie': 'FANBOXSESSID=89975465_xSHr75TnOTiMsHaT6unE3UMXJNd8axyZ; p_ab_d_id=1921126919; p_ab_id=6; p_ab_id_2=8; privacy_policy_agreement=6; privacy_policy_notification=0')>, real_url=URL('https://api.fanbox.cc/post.info?postId=7442068')), (), message='Attempt to decode JSON with unexpected mimetype: text/plain; charset=utf-8', headers=<CIMultiDictProxy('Server': 'nginx', 'Date': 'Fri, 01 Mar 2024 14:06:39 GMT', 'Content-Type': 'text/plain; charset=utf-8', 'Content-Length': '1459', 'Connection': 'keep-alive', 'X-Host-Time': '070', 'Content-Security-Policy': "frame-ancestors 'self' https://*.fanbox.cc", 'Vary': 'X-UserId,Accept-Encoding', 'Access-Control-Allow-Origin': 'https://www.fanbox.cc', 'Access-Control-Allow-Headers': 'Content-Type, X-CSRF-Token', 'Access-Control-Allow-Credentials': 'true', 'Expires': 'Thu, 19 Nov 1981 08:52:00 GMT', 'Cache-Control': 'no-store, no-cache, must-revalidate', 'Pragma': 'no-cache', 'X-UserId': '89975465', 'X-Content-Type-Options': 'nosniff', 'Content-Encoding': 'gzip', 'X-Frame-Options': 'SAMEORIGIN')>)

2024-03-01 22:06:41,291 <requestor-worker-0:3387242, MainThread:140397429675840> (requestor.py:_fetch_single_async:204 -> middleware.py:apply_async:112) from logger `RFC.middleware_json_saver`
[INFO] applying on FanboxPost(7442068), received

2024-03-01 22:06:41,294 <requestor-worker-0:3387242, MainThread:140397429675840> (requestor.py:_fetch_single_async:204 -> middleware.py:apply_async:119) from logger `RFC.middleware_json_saver`
[ERROR] failed on FanboxPost(7442068), caught error ContentTypeError(RequestInfo(url=URL('https://api.fanbox.cc/post.info?postId=7442068'), method='GET', headers=<CIMultiDictProxy('Host': 'api.fanbox.cc', 'origin': 'https://www.fanbox.cc', 'user-agent': 'Mozilla/4.0(compatible; MSIE 5.0; Windows 98; DigExt)', 'referer': 'https://api.fanbox.cc/', 'Accept': '*/*', 'Accept-Encoding': 'gzip, deflate', 'Cookie': 'FANBOXSESSID=89975465_xSHr75TnOTiMsHaT6unE3UMXJNd8axyZ; p_ab_d_id=1921126919; p_ab_id=6; p_ab_id_2=8; privacy_policy_agreement=6; privacy_policy_notification=0')>, real_url=URL('https://api.fanbox.cc/post.info?postId=7442068')), (), message='Attempt to decode JSON with unexpected mimetype: text/plain; charset=utf-8', headers=<CIMultiDictProxy('Server': 'nginx', 'Date': 'Fri, 01 Mar 2024 14:06:41 GMT', 'Content-Type': 'text/plain; charset=utf-8', 'Content-Length': '1459', 'Connection': 'keep-alive', 'X-Host-Time': '103', 'Content-Security-Policy': "frame-ancestors 'self' https://*.fanbox.cc", 'Vary': 'X-UserId,Accept-Encoding', 'Access-Control-Allow-Origin': 'https://www.fanbox.cc', 'Access-Control-Allow-Headers': 'Content-Type, X-CSRF-Token', 'Access-Control-Allow-Credentials': 'true', 'Expires': 'Thu, 19 Nov 1981 08:52:00 GMT', 'Cache-Control': 'no-store, no-cache, must-revalidate', 'Pragma': 'no-cache', 'X-UserId': '89975465', 'X-Content-Type-Options': 'nosniff', 'Content-Encoding': 'gzip', 'X-Frame-Options': 'SAMEORIGIN')>)

2024-03-01 22:10:38,209 <MainProcess:3387616, MainThread:140219348305728> (middleware.py:get_middleware:401 -> middleware.py:__init__:55) from logger `RFC.middleware_json_saver`
[INFO] initialized

2024-03-01 22:10:42,373 <requestor-worker-6:3387693, MainThread:140219348305728> (requestor.py:_fetch_single_async:204 -> middleware.py:apply_async:112) from logger `RFC.middleware_json_saver`
[INFO] applying on FanboxPost(7442068), received

2024-03-01 22:10:42,375 <requestor-worker-6:3387693, MainThread:140219348305728> (requestor.py:_fetch_single_async:204 -> middleware.py:apply_async:115) from logger `RFC.middleware_json_saver`
[INFO] applied on FanboxPost(7442068), sent

2024-03-01 22:10:43,934 <requestor-worker-2:3387676, MainThread:140219348305728> (requestor.py:_fetch_single_async:204 -> middleware.py:apply_async:112) from logger `RFC.middleware_json_saver`
[INFO] applying on FanboxPost(7442045), received

2024-03-01 22:10:43,938 <requestor-worker-2:3387676, MainThread:140219348305728> (requestor.py:_fetch_single_async:204 -> middleware.py:apply_async:115) from logger `RFC.middleware_json_saver`
[INFO] applied on FanboxPost(7442045), sent

2024-03-01 22:10:44,766 <requestor-worker-1:3387672, MainThread:140219348305728> (requestor.py:_fetch_single_async:204 -> middleware.py:apply_async:112) from logger `RFC.middleware_json_saver`
[INFO] applying on FanboxPost(7442002), received

2024-03-01 22:10:44,770 <requestor-worker-1:3387672, MainThread:140219348305728> (requestor.py:_fetch_single_async:204 -> middleware.py:apply_async:115) from logger `RFC.middleware_json_saver`
[INFO] applied on FanboxPost(7442002), sent

2024-03-01 22:10:45,676 <requestor-worker-3:3387680, MainThread:140219348305728> (requestor.py:_fetch_single_async:204 -> middleware.py:apply_async:112) from logger `RFC.middleware_json_saver`
[INFO] applying on FanboxPost(7361734), received

2024-03-01 22:10:45,681 <requestor-worker-3:3387680, MainThread:140219348305728> (requestor.py:_fetch_single_async:204 -> middleware.py:apply_async:115) from logger `RFC.middleware_json_saver`
[INFO] applied on FanboxPost(7361734), sent

2024-03-01 22:24:31,338 <MainProcess:3389070, MainThread:140069523859264> (middleware.py:get_middleware:401 -> middleware.py:__init__:55) from logger `RFC.middleware_json_saver`
[INFO] initialized

2024-03-01 23:02:51,086 <MainProcess:3403911, MainThread:140238995707712> (middleware.py:get_middleware:401 -> middleware.py:__init__:55) from logger `RFC.middleware_json_saver`
[INFO] initialized

