2024-02-08 14:45:26,997 <Process-3:1216506, MainThread:140341876229952> (process.py:run:108 -> queue.py:report:62) from logger `RFC.rootqueue`
[INFO] 26 items added, qic = 4, aic = 0, aac = 0

2024-02-08 14:45:37,016 <Process-3:1216506, MainThread:140341876229952> (process.py:run:108 -> queue.py:report:62) from logger `RFC.rootqueue`
[INFO] 54 items added, qic = 4, aic = 0, aac = 0

2024-02-08 14:45:47,028 <Process-3:1216506, MainThread:140341876229952> (process.py:run:108 -> queue.py:report:62) from logger `RFC.rootqueue`
[INFO] 84 items added, qic = 2, aic = 0, aac = 0

2024-02-08 14:45:57,036 <Process-3:1216506, MainThread:140341876229952> (process.py:run:108 -> queue.py:report:62) from logger `RFC.rootqueue`
[INFO] 117 items added, qic = 4, aic = 0, aac = 0

2024-02-08 14:46:07,049 <Process-3:1216506, MainThread:140341876229952> (process.py:run:108 -> queue.py:report:62) from logger `RFC.rootqueue`
[INFO] 149 items added, qic = 3, aic = 0, aac = 0

2024-02-08 14:46:17,060 <Process-3:1216506, MainThread:140341876229952> (process.py:run:108 -> queue.py:report:62) from logger `RFC.rootqueue`
[INFO] 184 items added, qic = 4, aic = 0, aac = 0

2024-02-08 14:46:27,072 <Process-3:1216506, MainThread:140341876229952> (process.py:run:108 -> queue.py:report:62) from logger `RFC.rootqueue`
[INFO] 214 items added, qic = 4, aic = 0, aac = 0

2024-02-08 14:46:37,084 <Process-3:1216506, MainThread:140341876229952> (process.py:run:108 -> queue.py:report:62) from logger `RFC.rootqueue`
[INFO] 245 items added, qic = 3, aic = 0, aac = 0

2024-02-08 14:46:47,090 <Process-3:1216506, MainThread:140341876229952> (process.py:run:108 -> queue.py:report:62) from logger `RFC.rootqueue`
[INFO] 282 items added, qic = 3, aic = 0, aac = 0

2024-02-08 14:46:57,100 <Process-3:1216506, MainThread:140341876229952> (process.py:run:108 -> queue.py:report:62) from logger `RFC.rootqueue`
[INFO] 319 items added, qic = 4, aic = 0, aac = 0

2024-02-08 14:47:07,107 <Process-3:1216506, MainThread:140341876229952> (process.py:run:108 -> queue.py:report:62) from logger `RFC.rootqueue`
[INFO] 358 items added, qic = 4, aic = 0, aac = 0

2024-02-08 14:47:17,119 <Process-3:1216506, MainThread:140341876229952> (process.py:run:108 -> queue.py:report:62) from logger `RFC.rootqueue`
[INFO] 398 items added, qic = 4, aic = 0, aac = 0

2024-02-08 14:47:27,132 <Process-3:1216506, MainThread:140341876229952> (process.py:run:108 -> queue.py:report:62) from logger `RFC.rootqueue`
[INFO] 433 items added, qic = 4, aic = 0, aac = 0

2024-02-08 14:47:37,137 <Process-3:1216506, MainThread:140341876229952> (process.py:run:108 -> queue.py:report:62) from logger `RFC.rootqueue`
[INFO] 508 items added, qic = 0, aic = 1, aac = 0

2024-02-08 14:47:47,149 <Process-3:1216506, MainThread:140341876229952> (process.py:run:108 -> queue.py:report:62) from logger `RFC.rootqueue`
[INFO] 615 items added, qic = 2, aic = 0, aac = 0

2024-02-08 14:47:57,162 <Process-3:1216506, MainThread:140341876229952> (process.py:run:108 -> queue.py:report:62) from logger `RFC.rootqueue`
[INFO] 725 items added, qic = 2, aic = 0, aac = 0

2024-02-08 14:48:07,175 <Process-3:1216506, MainThread:140341876229952> (process.py:run:108 -> queue.py:report:62) from logger `RFC.rootqueue`
[INFO] 806 items added, qic = 2, aic = 0, aac = 0

2024-02-08 14:48:17,188 <Process-3:1216506, MainThread:140341876229952> (process.py:run:108 -> queue.py:report:62) from logger `RFC.rootqueue`
[INFO] 929 items added, qic = 13, aic = 0, aac = 0

2024-02-08 14:48:27,200 <Process-3:1216506, MainThread:140341876229952> (process.py:run:108 -> queue.py:report:62) from logger `RFC.rootqueue`
[INFO] 1021 items added, qic = 15, aic = 0, aac = 0

2024-02-08 14:48:27,736 <Process-4:1023:1229604, MainThread:140341876229952> (item.py:_add_items_sinle_process:207 -> queue.py:add:50) from logger `RFC.rootqueue`
[INFO] FanboxPost(2582932).FanboxPostImage(share) added

2024-02-08 14:48:37,207 <Process-3:1216506, MainThread:140341876229952> (process.py:run:108 -> queue.py:report:62) from logger `RFC.rootqueue`
[INFO] 1116 items added, qic = 15, aic = 0, aac = 0

2024-02-08 14:48:47,220 <Process-3:1216506, MainThread:140341876229952> (process.py:run:108 -> queue.py:report:62) from logger `RFC.rootqueue`
[INFO] 1204 items added, qic = 3, aic = 0, aac = 0

2024-02-08 14:48:57,225 <Process-3:1216506, MainThread:140341876229952> (process.py:run:108 -> queue.py:report:62) from logger `RFC.rootqueue`
[INFO] 1285 items added, qic = 4, aic = 0, aac = 0

2024-02-08 14:49:07,231 <Process-3:1216506, MainThread:140341876229952> (process.py:run:108 -> queue.py:report:62) from logger `RFC.rootqueue`
[INFO] 1365 items added, qic = 10, aic = 0, aac = 0

2024-02-08 14:49:17,242 <Process-3:1216506, MainThread:140341876229952> (process.py:run:108 -> queue.py:report:62) from logger `RFC.rootqueue`
[INFO] 1421 items added, qic = 2, aic = 0, aac = 0

2024-02-08 14:49:27,245 <Process-3:1216506, MainThread:140341876229952> (process.py:run:108 -> queue.py:report:62) from logger `RFC.rootqueue`
[INFO] 1473 items added, qic = 2, aic = 0, aac = 0

2024-02-08 14:49:37,256 <Process-3:1216506, MainThread:140341876229952> (process.py:run:108 -> queue.py:report:62) from logger `RFC.rootqueue`
[INFO] 1516 items added, qic = 3, aic = 0, aac = 0

2024-02-08 14:49:47,268 <Process-3:1216506, MainThread:140341876229952> (process.py:run:108 -> queue.py:report:62) from logger `RFC.rootqueue`
[INFO] 1561 items added, qic = 3, aic = 0, aac = 0

2024-02-08 14:49:57,280 <Process-3:1216506, MainThread:140341876229952> (process.py:run:108 -> queue.py:report:62) from logger `RFC.rootqueue`
[INFO] 1607 items added, qic = 7, aic = 0, aac = 0

2024-02-08 14:50:07,292 <Process-3:1216506, MainThread:140341876229952> (process.py:run:108 -> queue.py:report:62) from logger `RFC.rootqueue`
[INFO] 1652 items added, qic = 4, aic = 0, aac = 0

2024-02-08 14:50:17,304 <Process-3:1216506, MainThread:140341876229952> (process.py:run:108 -> queue.py:report:62) from logger `RFC.rootqueue`
[INFO] 1695 items added, qic = 5, aic = 0, aac = 0

2024-02-08 14:50:27,316 <Process-3:1216506, MainThread:140341876229952> (process.py:run:108 -> queue.py:report:62) from logger `RFC.rootqueue`
[INFO] 1734 items added, qic = 3, aic = 0, aac = 0

2024-02-08 14:50:37,328 <Process-3:1216506, MainThread:140341876229952> (process.py:run:108 -> queue.py:report:62) from logger `RFC.rootqueue`
[INFO] 1765 items added, qic = 0, aic = 4, aac = 0

2024-02-08 14:50:47,340 <Process-3:1216506, MainThread:140341876229952> (process.py:run:108 -> queue.py:report:62) from logger `RFC.rootqueue`
[INFO] 1796 items added, qic = 3, aic = 0, aac = 0

2024-02-08 14:50:57,352 <Process-3:1216506, MainThread:140341876229952> (process.py:run:108 -> queue.py:report:62) from logger `RFC.rootqueue`
[INFO] 1834 items added, qic = 5, aic = 0, aac = 0

2024-02-08 14:51:07,364 <Process-3:1216506, MainThread:140341876229952> (process.py:run:108 -> queue.py:report:62) from logger `RFC.rootqueue`
[INFO] 1868 items added, qic = 3, aic = 0, aac = 0

2024-02-08 14:51:17,376 <Process-3:1216506, MainThread:140341876229952> (process.py:run:108 -> queue.py:report:62) from logger `RFC.rootqueue`
[INFO] 1905 items added, qic = 3, aic = 0, aac = 0

2024-02-09 00:13:24,824 <Process-1028:2008017, MainThread:140033902774080> (item.py:_add_items_sinle_process:207 -> queue.py:add:53) from logger `RFC.rootqueue`
[INFO] FanboxPost(5959625).YufukirimaGalleryImage(gallery_12) added

2024-02-09 00:15:19,542 <Process-1025:2026004, MainThread:140684423763776> (item.py:_add_items_sinle_process:207 -> queue.py:add:53) from logger `RFC.rootqueue`
[INFO] FanboxPost(5959625).YufukirimaGalleryImage(gallery_9) added

2024-02-09 00:15:32,769 <Process-1459:2031520, MainThread:140684423763776> (process.py:run:108 -> queue.py:report:65) from logger `RFC.rootqueue`
[INFO] 1456 items added, qic = 1153, aic = 300, aac = 0

2024-02-09 00:15:42,789 <Process-1459:2031520, MainThread:140684423763776> (process.py:run:108 -> queue.py:report:65) from logger `RFC.rootqueue`
[INFO] 1456 items added, qic = 1151, aic = 300, aac = 0

2024-02-09 00:15:52,800 <Process-1459:2031520, MainThread:140684423763776> (process.py:run:108 -> queue.py:report:65) from logger `RFC.rootqueue`
[INFO] 1456 items added, qic = 1149, aic = 300, aac = 0

2024-02-09 00:16:02,812 <Process-1459:2031520, MainThread:140684423763776> (process.py:run:108 -> queue.py:report:65) from logger `RFC.rootqueue`
[INFO] 1456 items added, qic = 1147, aic = 300, aac = 0

2024-02-09 00:16:12,824 <Process-1459:2031520, MainThread:140684423763776> (process.py:run:108 -> queue.py:report:65) from logger `RFC.rootqueue`
[INFO] 1456 items added, qic = 1145, aic = 300, aac = 0

2024-02-09 00:16:22,836 <Process-1459:2031520, MainThread:140684423763776> (process.py:run:108 -> queue.py:report:65) from logger `RFC.rootqueue`
[INFO] 1456 items added, qic = 1143, aic = 300, aac = 0

2024-02-09 00:16:32,840 <Process-1459:2031520, MainThread:140684423763776> (process.py:run:108 -> queue.py:report:65) from logger `RFC.rootqueue`
[INFO] 1456 items added, qic = 1133, aic = 300, aac = 0

2024-02-09 00:16:42,853 <Process-1459:2031520, MainThread:140684423763776> (process.py:run:108 -> queue.py:report:65) from logger `RFC.rootqueue`
[INFO] 1456 items added, qic = 1126, aic = 300, aac = 0

2024-02-09 00:16:52,865 <Process-1459:2031520, MainThread:140684423763776> (process.py:run:108 -> queue.py:report:65) from logger `RFC.rootqueue`
[INFO] 1456 items added, qic = 1120, aic = 300, aac = 0

2024-02-09 00:17:02,876 <Process-1459:2031520, MainThread:140684423763776> (process.py:run:108 -> queue.py:report:65) from logger `RFC.rootqueue`
[INFO] 1456 items added, qic = 1111, aic = 300, aac = 0

2024-02-09 00:17:12,884 <Process-1459:2031520, MainThread:140684423763776> (process.py:run:108 -> queue.py:report:65) from logger `RFC.rootqueue`
[INFO] 1456 items added, qic = 1098, aic = 300, aac = 0

2024-02-09 00:17:22,896 <Process-1459:2031520, MainThread:140684423763776> (process.py:run:108 -> queue.py:report:65) from logger `RFC.rootqueue`
[INFO] 1456 items added, qic = 1088, aic = 300, aac = 0

2024-02-09 00:17:32,908 <Process-1459:2031520, MainThread:140684423763776> (process.py:run:108 -> queue.py:report:65) from logger `RFC.rootqueue`
[INFO] 1456 items added, qic = 1082, aic = 300, aac = 0

2024-02-09 00:17:42,921 <Process-1459:2031520, MainThread:140684423763776> (process.py:run:108 -> queue.py:report:65) from logger `RFC.rootqueue`
[INFO] 1456 items added, qic = 1072, aic = 300, aac = 0

2024-02-09 00:17:52,934 <Process-1459:2031520, MainThread:140684423763776> (process.py:run:108 -> queue.py:report:65) from logger `RFC.rootqueue`
[INFO] 1456 items added, qic = 1056, aic = 300, aac = 0

2024-02-09 00:18:02,945 <Process-1459:2031520, MainThread:140684423763776> (process.py:run:108 -> queue.py:report:65) from logger `RFC.rootqueue`
[INFO] 1456 items added, qic = 1042, aic = 300, aac = 0

2024-02-09 00:18:12,952 <Process-1459:2031520, MainThread:140684423763776> (process.py:run:108 -> queue.py:report:65) from logger `RFC.rootqueue`
[INFO] 1456 items added, qic = 1028, aic = 300, aac = 0

2024-02-09 00:18:22,964 <Process-1459:2031520, MainThread:140684423763776> (process.py:run:108 -> queue.py:report:65) from logger `RFC.rootqueue`
[INFO] 1456 items added, qic = 1013, aic = 300, aac = 0

2024-02-09 00:18:32,976 <Process-1459:2031520, MainThread:140684423763776> (process.py:run:108 -> queue.py:report:65) from logger `RFC.rootqueue`
[INFO] 1456 items added, qic = 1000, aic = 300, aac = 0

2024-02-09 00:18:42,988 <Process-1459:2031520, MainThread:140684423763776> (process.py:run:108 -> queue.py:report:65) from logger `RFC.rootqueue`
[INFO] 1456 items added, qic = 985, aic = 300, aac = 0

2024-02-09 00:18:53,000 <Process-1459:2031520, MainThread:140684423763776> (process.py:run:108 -> queue.py:report:65) from logger `RFC.rootqueue`
[INFO] 1456 items added, qic = 972, aic = 300, aac = 0

2024-02-09 00:19:03,012 <Process-1459:2031520, MainThread:140684423763776> (process.py:run:108 -> queue.py:report:65) from logger `RFC.rootqueue`
[INFO] 1456 items added, qic = 958, aic = 300, aac = 0

2024-02-09 00:19:13,016 <Process-1459:2031520, MainThread:140684423763776> (process.py:run:108 -> queue.py:report:65) from logger `RFC.rootqueue`
[INFO] 1456 items added, qic = 942, aic = 300, aac = 0

2024-02-09 00:19:23,028 <Process-1459:2031520, MainThread:140684423763776> (process.py:run:108 -> queue.py:report:65) from logger `RFC.rootqueue`
[INFO] 1456 items added, qic = 921, aic = 300, aac = 0

2024-02-09 00:19:33,035 <Process-1459:2031520, MainThread:140684423763776> (process.py:run:108 -> queue.py:report:65) from logger `RFC.rootqueue`
[INFO] 1456 items added, qic = 906, aic = 300, aac = 0

2024-02-09 00:19:43,044 <Process-1459:2031520, MainThread:140684423763776> (process.py:run:108 -> queue.py:report:65) from logger `RFC.rootqueue`
[INFO] 1456 items added, qic = 894, aic = 300, aac = 0

2024-02-09 00:19:53,056 <Process-1459:2031520, MainThread:140684423763776> (process.py:run:108 -> queue.py:report:65) from logger `RFC.rootqueue`
[INFO] 1456 items added, qic = 877, aic = 300, aac = 0

2024-02-09 00:20:03,059 <Process-1459:2031520, MainThread:140684423763776> (process.py:run:108 -> queue.py:report:65) from logger `RFC.rootqueue`
[INFO] 1456 items added, qic = 871, aic = 300, aac = 0

2024-02-09 00:20:13,068 <Process-1459:2031520, MainThread:140684423763776> (process.py:run:108 -> queue.py:report:65) from logger `RFC.rootqueue`
[INFO] 1456 items added, qic = 859, aic = 300, aac = 0

2024-02-09 00:20:23,080 <Process-1459:2031520, MainThread:140684423763776> (process.py:run:108 -> queue.py:report:65) from logger `RFC.rootqueue`
[INFO] 1456 items added, qic = 843, aic = 300, aac = 0

2024-02-09 00:20:33,092 <Process-1459:2031520, MainThread:140684423763776> (process.py:run:108 -> queue.py:report:65) from logger `RFC.rootqueue`
[INFO] 1456 items added, qic = 839, aic = 300, aac = 0

2024-02-09 00:20:43,104 <Process-1459:2031520, MainThread:140684423763776> (process.py:run:108 -> queue.py:report:65) from logger `RFC.rootqueue`
[INFO] 1456 items added, qic = 834, aic = 300, aac = 0

2024-02-09 00:20:53,116 <Process-1459:2031520, MainThread:140684423763776> (process.py:run:108 -> queue.py:report:65) from logger `RFC.rootqueue`
[INFO] 1456 items added, qic = 827, aic = 300, aac = 0

2024-02-09 00:21:03,128 <Process-1459:2031520, MainThread:140684423763776> (process.py:run:108 -> queue.py:report:65) from logger `RFC.rootqueue`
[INFO] 1456 items added, qic = 818, aic = 300, aac = 0

2024-02-09 00:21:13,133 <Process-1459:2031520, MainThread:140684423763776> (process.py:run:108 -> queue.py:report:65) from logger `RFC.rootqueue`
[INFO] 1456 items added, qic = 810, aic = 300, aac = 0

2024-02-09 00:21:23,146 <Process-1459:2031520, MainThread:140684423763776> (process.py:run:108 -> queue.py:report:65) from logger `RFC.rootqueue`
[INFO] 1456 items added, qic = 802, aic = 300, aac = 0

2024-02-09 00:21:33,156 <Process-1459:2031520, MainThread:140684423763776> (process.py:run:108 -> queue.py:report:65) from logger `RFC.rootqueue`
[INFO] 1456 items added, qic = 794, aic = 300, aac = 0

2024-02-09 00:21:43,169 <Process-1459:2031520, MainThread:140684423763776> (process.py:run:108 -> queue.py:report:65) from logger `RFC.rootqueue`
[INFO] 1456 items added, qic = 785, aic = 300, aac = 0

2024-02-09 00:21:53,180 <Process-1459:2031520, MainThread:140684423763776> (process.py:run:108 -> queue.py:report:65) from logger `RFC.rootqueue`
[INFO] 1456 items added, qic = 777, aic = 300, aac = 0

2024-02-09 00:22:03,192 <Process-1459:2031520, MainThread:140684423763776> (process.py:run:108 -> queue.py:report:65) from logger `RFC.rootqueue`
[INFO] 1456 items added, qic = 769, aic = 300, aac = 0

2024-02-09 00:22:13,204 <Process-1459:2031520, MainThread:140684423763776> (process.py:run:108 -> queue.py:report:65) from logger `RFC.rootqueue`
[INFO] 1456 items added, qic = 763, aic = 300, aac = 0

2024-02-09 00:22:23,216 <Process-1459:2031520, MainThread:140684423763776> (process.py:run:108 -> queue.py:report:65) from logger `RFC.rootqueue`
[INFO] 1456 items added, qic = 754, aic = 300, aac = 0

2024-02-09 00:22:33,220 <Process-1459:2031520, MainThread:140684423763776> (process.py:run:108 -> queue.py:report:65) from logger `RFC.rootqueue`
[INFO] 1456 items added, qic = 749, aic = 300, aac = 0

2024-02-09 00:22:43,232 <Process-1459:2031520, MainThread:140684423763776> (process.py:run:108 -> queue.py:report:65) from logger `RFC.rootqueue`
[INFO] 1456 items added, qic = 741, aic = 300, aac = 0

2024-02-09 00:22:53,236 <Process-1459:2031520, MainThread:140684423763776> (process.py:run:108 -> queue.py:report:65) from logger `RFC.rootqueue`
[INFO] 1456 items added, qic = 724, aic = 300, aac = 0

2024-02-09 00:23:03,248 <Process-1459:2031520, MainThread:140684423763776> (process.py:run:108 -> queue.py:report:65) from logger `RFC.rootqueue`
[INFO] 1456 items added, qic = 714, aic = 300, aac = 0

2024-02-09 00:23:13,260 <Process-1459:2031520, MainThread:140684423763776> (process.py:run:108 -> queue.py:report:65) from logger `RFC.rootqueue`
[INFO] 1456 items added, qic = 692, aic = 300, aac = 0

2024-02-09 00:23:23,273 <Process-1459:2031520, MainThread:140684423763776> (process.py:run:108 -> queue.py:report:65) from logger `RFC.rootqueue`
[INFO] 1456 items added, qic = 686, aic = 300, aac = 0

2024-02-09 00:23:33,286 <Process-1459:2031520, MainThread:140684423763776> (process.py:run:108 -> queue.py:report:65) from logger `RFC.rootqueue`
[INFO] 1456 items added, qic = 671, aic = 300, aac = 0

2024-02-09 00:23:43,298 <Process-1459:2031520, MainThread:140684423763776> (process.py:run:108 -> queue.py:report:65) from logger `RFC.rootqueue`
[INFO] 1456 items added, qic = 658, aic = 300, aac = 0

2024-02-09 00:23:53,304 <Process-1459:2031520, MainThread:140684423763776> (process.py:run:108 -> queue.py:report:65) from logger `RFC.rootqueue`
[INFO] 1456 items added, qic = 650, aic = 300, aac = 0

2024-02-09 00:24:03,316 <Process-1459:2031520, MainThread:140684423763776> (process.py:run:108 -> queue.py:report:65) from logger `RFC.rootqueue`
[INFO] 1456 items added, qic = 637, aic = 300, aac = 0

2024-02-09 00:24:13,328 <Process-1459:2031520, MainThread:140684423763776> (process.py:run:108 -> queue.py:report:65) from logger `RFC.rootqueue`
[INFO] 1456 items added, qic = 632, aic = 300, aac = 0

2024-02-09 00:24:23,340 <Process-1459:2031520, MainThread:140684423763776> (process.py:run:108 -> queue.py:report:65) from logger `RFC.rootqueue`
[INFO] 1456 items added, qic = 615, aic = 300, aac = 0

2024-02-09 00:24:33,352 <Process-1459:2031520, MainThread:140684423763776> (process.py:run:108 -> queue.py:report:65) from logger `RFC.rootqueue`
[INFO] 1456 items added, qic = 604, aic = 300, aac = 0

2024-02-09 00:24:43,364 <Process-1459:2031520, MainThread:140684423763776> (process.py:run:108 -> queue.py:report:65) from logger `RFC.rootqueue`
[INFO] 1456 items added, qic = 593, aic = 300, aac = 0

2024-02-09 00:24:53,376 <Process-1459:2031520, MainThread:140684423763776> (process.py:run:108 -> queue.py:report:65) from logger `RFC.rootqueue`
[INFO] 1456 items added, qic = 579, aic = 300, aac = 0

2024-02-09 00:25:03,388 <Process-1459:2031520, MainThread:140684423763776> (process.py:run:108 -> queue.py:report:65) from logger `RFC.rootqueue`
[INFO] 1456 items added, qic = 570, aic = 300, aac = 0

2024-02-09 00:25:13,400 <Process-1459:2031520, MainThread:140684423763776> (process.py:run:108 -> queue.py:report:65) from logger `RFC.rootqueue`
[INFO] 1456 items added, qic = 555, aic = 300, aac = 0

2024-02-09 00:25:23,412 <Process-1459:2031520, MainThread:140684423763776> (process.py:run:108 -> queue.py:report:65) from logger `RFC.rootqueue`
[INFO] 1456 items added, qic = 547, aic = 300, aac = 0

2024-02-09 00:25:33,424 <Process-1459:2031520, MainThread:140684423763776> (process.py:run:108 -> queue.py:report:65) from logger `RFC.rootqueue`
[INFO] 1456 items added, qic = 536, aic = 300, aac = 0

2024-02-09 00:25:43,436 <Process-1459:2031520, MainThread:140684423763776> (process.py:run:108 -> queue.py:report:65) from logger `RFC.rootqueue`
[INFO] 1456 items added, qic = 528, aic = 300, aac = 0

2024-02-09 00:25:53,441 <Process-1459:2031520, MainThread:140684423763776> (process.py:run:108 -> queue.py:report:65) from logger `RFC.rootqueue`
[INFO] 1456 items added, qic = 521, aic = 300, aac = 0

2024-02-09 00:26:03,455 <Process-1459:2031520, MainThread:140684423763776> (process.py:run:108 -> queue.py:report:65) from logger `RFC.rootqueue`
[INFO] 1456 items added, qic = 514, aic = 300, aac = 0

2024-02-09 00:26:13,464 <Process-1459:2031520, MainThread:140684423763776> (process.py:run:108 -> queue.py:report:65) from logger `RFC.rootqueue`
[INFO] 1456 items added, qic = 501, aic = 300, aac = 0

2024-02-09 00:26:23,476 <Process-1459:2031520, MainThread:140684423763776> (process.py:run:108 -> queue.py:report:65) from logger `RFC.rootqueue`
[INFO] 1456 items added, qic = 489, aic = 300, aac = 0

2024-02-09 00:26:33,488 <Process-1459:2031520, MainThread:140684423763776> (process.py:run:108 -> queue.py:report:65) from logger `RFC.rootqueue`
[INFO] 1456 items added, qic = 475, aic = 300, aac = 0

2024-02-09 00:26:43,500 <Process-1459:2031520, MainThread:140684423763776> (process.py:run:108 -> queue.py:report:65) from logger `RFC.rootqueue`
[INFO] 1456 items added, qic = 460, aic = 300, aac = 0

2024-02-09 00:26:53,512 <Process-1459:2031520, MainThread:140684423763776> (process.py:run:108 -> queue.py:report:65) from logger `RFC.rootqueue`
[INFO] 1456 items added, qic = 444, aic = 300, aac = 0

2024-02-09 00:27:03,524 <Process-1459:2031520, MainThread:140684423763776> (process.py:run:108 -> queue.py:report:65) from logger `RFC.rootqueue`
[INFO] 1456 items added, qic = 429, aic = 300, aac = 0

2024-02-09 00:27:13,536 <Process-1459:2031520, MainThread:140684423763776> (process.py:run:108 -> queue.py:report:65) from logger `RFC.rootqueue`
[INFO] 1456 items added, qic = 417, aic = 300, aac = 0

2024-02-09 00:27:23,548 <Process-1459:2031520, MainThread:140684423763776> (process.py:run:108 -> queue.py:report:65) from logger `RFC.rootqueue`
[INFO] 1456 items added, qic = 402, aic = 300, aac = 0

2024-02-09 00:27:33,560 <Process-1459:2031520, MainThread:140684423763776> (process.py:run:108 -> queue.py:report:65) from logger `RFC.rootqueue`
[INFO] 1456 items added, qic = 387, aic = 300, aac = 0

2024-02-09 00:27:43,572 <Process-1459:2031520, MainThread:140684423763776> (process.py:run:108 -> queue.py:report:65) from logger `RFC.rootqueue`
[INFO] 1456 items added, qic = 371, aic = 300, aac = 0

2024-02-09 00:27:53,584 <Process-1459:2031520, MainThread:140684423763776> (process.py:run:108 -> queue.py:report:65) from logger `RFC.rootqueue`
[INFO] 1456 items added, qic = 366, aic = 300, aac = 0

2024-02-09 00:28:03,596 <Process-1459:2031520, MainThread:140684423763776> (process.py:run:108 -> queue.py:report:65) from logger `RFC.rootqueue`
[INFO] 1456 items added, qic = 354, aic = 300, aac = 0

2024-02-09 00:28:13,608 <Process-1459:2031520, MainThread:140684423763776> (process.py:run:108 -> queue.py:report:65) from logger `RFC.rootqueue`
[INFO] 1456 items added, qic = 337, aic = 300, aac = 0

2024-02-09 00:28:23,620 <Process-1459:2031520, MainThread:140684423763776> (process.py:run:108 -> queue.py:report:65) from logger `RFC.rootqueue`
[INFO] 1456 items added, qic = 328, aic = 300, aac = 0

2024-02-09 00:28:33,632 <Process-1459:2031520, MainThread:140684423763776> (process.py:run:108 -> queue.py:report:65) from logger `RFC.rootqueue`
[INFO] 1456 items added, qic = 316, aic = 300, aac = 0

2024-02-09 00:28:43,644 <Process-1459:2031520, MainThread:140684423763776> (process.py:run:108 -> queue.py:report:65) from logger `RFC.rootqueue`
[INFO] 1456 items added, qic = 311, aic = 300, aac = 0

2024-02-09 00:28:53,649 <Process-1459:2031520, MainThread:140684423763776> (process.py:run:108 -> queue.py:report:65) from logger `RFC.rootqueue`
[INFO] 1456 items added, qic = 299, aic = 300, aac = 0

2024-02-09 00:29:03,660 <Process-1459:2031520, MainThread:140684423763776> (process.py:run:108 -> queue.py:report:65) from logger `RFC.rootqueue`
[INFO] 1456 items added, qic = 288, aic = 300, aac = 0

2024-02-09 00:29:13,673 <Process-1459:2031520, MainThread:140684423763776> (process.py:run:108 -> queue.py:report:65) from logger `RFC.rootqueue`
[INFO] 1456 items added, qic = 282, aic = 300, aac = 0

2024-02-09 00:29:23,679 <Process-1459:2031520, MainThread:140684423763776> (process.py:run:108 -> queue.py:report:65) from logger `RFC.rootqueue`
[INFO] 1456 items added, qic = 273, aic = 300, aac = 0

2024-02-09 00:29:33,692 <Process-1459:2031520, MainThread:140684423763776> (process.py:run:108 -> queue.py:report:65) from logger `RFC.rootqueue`
[INFO] 1456 items added, qic = 261, aic = 300, aac = 0

2024-02-09 00:29:43,704 <Process-1459:2031520, MainThread:140684423763776> (process.py:run:108 -> queue.py:report:65) from logger `RFC.rootqueue`
[INFO] 1456 items added, qic = 250, aic = 300, aac = 0

2024-02-09 00:29:53,707 <Process-1459:2031520, MainThread:140684423763776> (process.py:run:108 -> queue.py:report:65) from logger `RFC.rootqueue`
[INFO] 1456 items added, qic = 241, aic = 300, aac = 0

2024-02-09 00:30:03,720 <Process-1459:2031520, MainThread:140684423763776> (process.py:run:108 -> queue.py:report:65) from logger `RFC.rootqueue`
[INFO] 1456 items added, qic = 232, aic = 300, aac = 0

2024-02-09 00:30:13,723 <Process-1459:2031520, MainThread:140684423763776> (process.py:run:108 -> queue.py:report:65) from logger `RFC.rootqueue`
[INFO] 1456 items added, qic = 227, aic = 300, aac = 0

2024-02-09 00:30:23,734 <Process-1459:2031520, MainThread:140684423763776> (process.py:run:108 -> queue.py:report:65) from logger `RFC.rootqueue`
[INFO] 1456 items added, qic = 218, aic = 300, aac = 0

2024-02-09 00:30:33,747 <Process-1459:2031520, MainThread:140684423763776> (process.py:run:108 -> queue.py:report:65) from logger `RFC.rootqueue`
[INFO] 1456 items added, qic = 208, aic = 300, aac = 0

2024-02-09 00:30:43,753 <Process-1459:2031520, MainThread:140684423763776> (process.py:run:108 -> queue.py:report:65) from logger `RFC.rootqueue`
[INFO] 1456 items added, qic = 199, aic = 300, aac = 0

2024-02-09 00:30:53,765 <Process-1459:2031520, MainThread:140684423763776> (process.py:run:108 -> queue.py:report:65) from logger `RFC.rootqueue`
[INFO] 1456 items added, qic = 192, aic = 300, aac = 0

2024-02-09 00:31:03,778 <Process-1459:2031520, MainThread:140684423763776> (process.py:run:108 -> queue.py:report:65) from logger `RFC.rootqueue`
[INFO] 1456 items added, qic = 187, aic = 300, aac = 0

2024-02-09 00:31:13,788 <Process-1459:2031520, MainThread:140684423763776> (process.py:run:108 -> queue.py:report:65) from logger `RFC.rootqueue`
[INFO] 1456 items added, qic = 179, aic = 300, aac = 0

2024-02-09 00:31:23,800 <Process-1459:2031520, MainThread:140684423763776> (process.py:run:108 -> queue.py:report:65) from logger `RFC.rootqueue`
[INFO] 1456 items added, qic = 168, aic = 300, aac = 0

2024-02-09 00:31:33,812 <Process-1459:2031520, MainThread:140684423763776> (process.py:run:108 -> queue.py:report:65) from logger `RFC.rootqueue`
[INFO] 1456 items added, qic = 158, aic = 300, aac = 0

2024-02-09 00:31:43,816 <Process-1459:2031520, MainThread:140684423763776> (process.py:run:108 -> queue.py:report:65) from logger `RFC.rootqueue`
[INFO] 1456 items added, qic = 136, aic = 300, aac = 0

2024-02-09 00:31:53,828 <Process-1459:2031520, MainThread:140684423763776> (process.py:run:108 -> queue.py:report:65) from logger `RFC.rootqueue`
[INFO] 1456 items added, qic = 126, aic = 300, aac = 0

2024-02-09 00:32:03,840 <Process-1459:2031520, MainThread:140684423763776> (process.py:run:108 -> queue.py:report:65) from logger `RFC.rootqueue`
[INFO] 1456 items added, qic = 116, aic = 300, aac = 0

2024-02-09 00:32:13,852 <Process-1459:2031520, MainThread:140684423763776> (process.py:run:108 -> queue.py:report:65) from logger `RFC.rootqueue`
[INFO] 1456 items added, qic = 102, aic = 300, aac = 0

2024-02-09 00:32:23,864 <Process-1459:2031520, MainThread:140684423763776> (process.py:run:108 -> queue.py:report:65) from logger `RFC.rootqueue`
[INFO] 1456 items added, qic = 94, aic = 300, aac = 0

2024-02-09 00:32:33,868 <Process-1459:2031520, MainThread:140684423763776> (process.py:run:108 -> queue.py:report:65) from logger `RFC.rootqueue`
[INFO] 1456 items added, qic = 77, aic = 300, aac = 0

2024-02-09 00:32:43,876 <Process-1459:2031520, MainThread:140684423763776> (process.py:run:108 -> queue.py:report:65) from logger `RFC.rootqueue`
[INFO] 1456 items added, qic = 73, aic = 300, aac = 0

2024-02-09 00:32:53,889 <Process-1459:2031520, MainThread:140684423763776> (process.py:run:108 -> queue.py:report:65) from logger `RFC.rootqueue`
[INFO] 1456 items added, qic = 64, aic = 300, aac = 0

2024-02-09 00:33:03,901 <Process-1459:2031520, MainThread:140684423763776> (process.py:run:108 -> queue.py:report:65) from logger `RFC.rootqueue`
[INFO] 1456 items added, qic = 47, aic = 300, aac = 0

2024-02-09 00:33:13,912 <Process-1459:2031520, MainThread:140684423763776> (process.py:run:108 -> queue.py:report:65) from logger `RFC.rootqueue`
[INFO] 1456 items added, qic = 38, aic = 300, aac = 0

2024-02-09 00:33:23,924 <Process-1459:2031520, MainThread:140684423763776> (process.py:run:108 -> queue.py:report:65) from logger `RFC.rootqueue`
[INFO] 1456 items added, qic = 21, aic = 300, aac = 0

2024-02-09 00:33:33,936 <Process-1459:2031520, MainThread:140684423763776> (process.py:run:108 -> queue.py:report:65) from logger `RFC.rootqueue`
[INFO] 1456 items added, qic = 4, aic = 300, aac = 0

2024-02-09 00:33:43,948 <Process-1459:2031520, MainThread:140684423763776> (process.py:run:108 -> queue.py:report:65) from logger `RFC.rootqueue`
[INFO] 1456 items added, qic = 0, aic = 292, aac = 0

2024-02-09 00:33:53,960 <Process-1459:2031520, MainThread:140684423763776> (process.py:run:108 -> queue.py:report:65) from logger `RFC.rootqueue`
[INFO] 1456 items added, qic = 0, aic = 277, aac = 0

2024-02-09 00:34:03,972 <Process-1459:2031520, MainThread:140684423763776> (process.py:run:108 -> queue.py:report:65) from logger `RFC.rootqueue`
[INFO] 1456 items added, qic = 0, aic = 265, aac = 0

2024-02-09 00:34:13,984 <Process-1459:2031520, MainThread:140684423763776> (process.py:run:108 -> queue.py:report:65) from logger `RFC.rootqueue`
[INFO] 1456 items added, qic = 0, aic = 254, aac = 0

2024-02-09 00:34:23,996 <Process-1459:2031520, MainThread:140684423763776> (process.py:run:108 -> queue.py:report:65) from logger `RFC.rootqueue`
[INFO] 1456 items added, qic = 0, aic = 247, aac = 0

2024-02-09 00:34:34,008 <Process-1459:2031520, MainThread:140684423763776> (process.py:run:108 -> queue.py:report:65) from logger `RFC.rootqueue`
[INFO] 1456 items added, qic = 0, aic = 236, aac = 0

2024-02-09 00:34:44,021 <Process-1459:2031520, MainThread:140684423763776> (process.py:run:108 -> queue.py:report:65) from logger `RFC.rootqueue`
[INFO] 1456 items added, qic = 0, aic = 226, aac = 0

2024-02-09 00:34:54,032 <Process-1459:2031520, MainThread:140684423763776> (process.py:run:108 -> queue.py:report:65) from logger `RFC.rootqueue`
[INFO] 1456 items added, qic = 0, aic = 207, aac = 0

2024-02-09 00:35:04,044 <Process-1459:2031520, MainThread:140684423763776> (process.py:run:108 -> queue.py:report:65) from logger `RFC.rootqueue`
[INFO] 1456 items added, qic = 0, aic = 189, aac = 0

2024-02-09 00:35:14,056 <Process-1459:2031520, MainThread:140684423763776> (process.py:run:108 -> queue.py:report:65) from logger `RFC.rootqueue`
[INFO] 1456 items added, qic = 0, aic = 163, aac = 0

2024-02-09 00:35:24,068 <Process-1459:2031520, MainThread:140684423763776> (process.py:run:108 -> queue.py:report:65) from logger `RFC.rootqueue`
[INFO] 1456 items added, qic = 0, aic = 140, aac = 0

2024-02-09 00:35:34,080 <Process-1459:2031520, MainThread:140684423763776> (process.py:run:108 -> queue.py:report:65) from logger `RFC.rootqueue`
[INFO] 1456 items added, qic = 0, aic = 116, aac = 0

2024-02-09 00:35:44,092 <Process-1459:2031520, MainThread:140684423763776> (process.py:run:108 -> queue.py:report:65) from logger `RFC.rootqueue`
[INFO] 1456 items added, qic = 0, aic = 86, aac = 0

2024-02-09 00:35:54,104 <Process-1459:2031520, MainThread:140684423763776> (process.py:run:108 -> queue.py:report:65) from logger `RFC.rootqueue`
[INFO] 1456 items added, qic = 0, aic = 52, aac = 0

2024-02-09 00:36:04,117 <Process-1459:2031520, MainThread:140684423763776> (process.py:run:108 -> queue.py:report:65) from logger `RFC.rootqueue`
[INFO] 1456 items added, qic = 0, aic = 29, aac = 0

2024-02-09 00:36:14,128 <Process-1459:2031520, MainThread:140684423763776> (process.py:run:108 -> queue.py:report:65) from logger `RFC.rootqueue`
[INFO] 1456 items added, qic = 0, aic = 4, aac = 0

2024-02-09 00:36:24,141 <Process-1459:2031520, MainThread:140684423763776> (process.py:run:108 -> queue.py:report:65) from logger `RFC.rootqueue`
[INFO] 1456 items added, qic = 0, aic = 1, aac = 0

2024-02-09 00:36:34,152 <Process-1459:2031520, MainThread:140684423763776> (process.py:run:108 -> queue.py:report:63) from logger `RFC.rootqueue`
[INFO] all items finished, RootQueue will be closed

2024-03-01 21:54:52,409 <Process-3:3381978, MainThread:140404398061376> (process.py:run:108 -> queue.py:report:65) from logger `RFC.rootqueue`
[INFO] 1 items added, qic = 0, aic = 1, aac = 0

2024-03-01 21:55:02,451 <Process-3:3381978, MainThread:140404398061376> (process.py:run:108 -> queue.py:report:65) from logger `RFC.rootqueue`
[INFO] 1 items added, qic = 0, aic = 1, aac = 0

2024-03-01 21:55:12,463 <Process-3:3381978, MainThread:140404398061376> (process.py:run:108 -> queue.py:report:65) from logger `RFC.rootqueue`
[INFO] 1 items added, qic = 0, aic = 1, aac = 0

2024-03-01 21:55:22,476 <Process-3:3381978, MainThread:140404398061376> (process.py:run:108 -> queue.py:report:65) from logger `RFC.rootqueue`
[INFO] 1 items added, qic = 0, aic = 1, aac = 0

2024-03-01 21:55:32,488 <Process-3:3381978, MainThread:140404398061376> (process.py:run:108 -> queue.py:report:65) from logger `RFC.rootqueue`
[INFO] 1 items added, qic = 0, aic = 1, aac = 0

2024-03-01 21:55:42,501 <Process-3:3381978, MainThread:140404398061376> (process.py:run:108 -> queue.py:report:65) from logger `RFC.rootqueue`
[INFO] 1 items added, qic = 0, aic = 1, aac = 0

2024-03-01 21:55:52,512 <Process-3:3381978, MainThread:140404398061376> (process.py:run:108 -> queue.py:report:65) from logger `RFC.rootqueue`
[INFO] 1 items added, qic = 0, aic = 1, aac = 0

2024-03-01 21:59:58,328 <Process-3:3383264, MainThread:139994761180992> (process.py:run:108 -> queue.py:report:65) from logger `RFC.rootqueue`
[INFO] 1 items added, qic = 0, aic = 1, aac = 0

2024-03-01 22:00:08,350 <Process-3:3383264, MainThread:139994761180992> (process.py:run:108 -> queue.py:report:65) from logger `RFC.rootqueue`
[INFO] 1 items added, qic = 0, aic = 1, aac = 0

2024-03-01 22:00:18,360 <Process-3:3383264, MainThread:139994761180992> (process.py:run:108 -> queue.py:report:65) from logger `RFC.rootqueue`
[INFO] 1 items added, qic = 0, aic = 1, aac = 0

2024-03-01 22:00:28,373 <Process-3:3383264, MainThread:139994761180992> (process.py:run:108 -> queue.py:report:65) from logger `RFC.rootqueue`
[INFO] 1 items added, qic = 0, aic = 1, aac = 0

2024-03-01 22:00:38,386 <Process-3:3383264, MainThread:139994761180992> (process.py:run:108 -> queue.py:report:65) from logger `RFC.rootqueue`
[INFO] 1 items added, qic = 0, aic = 1, aac = 0

2024-03-01 22:00:48,396 <Process-3:3383264, MainThread:139994761180992> (process.py:run:108 -> queue.py:report:65) from logger `RFC.rootqueue`
[INFO] 1 items added, qic = 0, aic = 1, aac = 0

2024-03-01 22:00:58,407 <Process-3:3383264, MainThread:139994761180992> (process.py:run:108 -> queue.py:report:65) from logger `RFC.rootqueue`
[INFO] 1 items added, qic = 0, aic = 1, aac = 0

2024-03-01 22:01:08,420 <Process-3:3383264, MainThread:139994761180992> (process.py:run:108 -> queue.py:report:65) from logger `RFC.rootqueue`
[INFO] 1 items added, qic = 0, aic = 1, aac = 0

2024-03-01 22:01:29,957 <Process-3:3384543, MainThread:139730811811648> (process.py:run:108 -> queue.py:report:63) from logger `RFC.rootqueue`
[INFO] all items finished, RootQueue will be closed

2024-03-01 22:04:20,244 <Process-3:3385242, MainThread:139749688543040> (process.py:run:108 -> queue.py:report:65) from logger `RFC.rootqueue`
[INFO] 1 items added, qic = 0, aic = 1, aac = 0

2024-03-01 22:04:30,258 <Process-3:3385242, MainThread:139749688543040> (process.py:run:108 -> queue.py:report:65) from logger `RFC.rootqueue`
[INFO] 1 items added, qic = 0, aic = 1, aac = 0

2024-03-01 22:04:40,270 <Process-3:3385242, MainThread:139749688543040> (process.py:run:108 -> queue.py:report:65) from logger `RFC.rootqueue`
[INFO] 1 items added, qic = 0, aic = 1, aac = 0

2024-03-01 22:04:50,476 <Process-3:3385242, MainThread:139749688543040> (process.py:run:108 -> queue.py:report:65) from logger `RFC.rootqueue`
[INFO] 1 items added, qic = 0, aic = 1, aac = 0

2024-03-01 22:05:00,480 <Process-3:3385242, MainThread:139749688543040> (process.py:run:108 -> queue.py:report:65) from logger `RFC.rootqueue`
[INFO] 1 items added, qic = 0, aic = 1, aac = 0

2024-03-01 22:05:10,493 <Process-3:3385242, MainThread:139749688543040> (process.py:run:108 -> queue.py:report:65) from logger `RFC.rootqueue`
[INFO] 1 items added, qic = 0, aic = 1, aac = 0

2024-03-01 22:05:20,506 <Process-3:3385242, MainThread:139749688543040> (process.py:run:108 -> queue.py:report:65) from logger `RFC.rootqueue`
[INFO] 1 items added, qic = 0, aic = 1, aac = 0

2024-03-01 22:05:30,517 <Process-3:3385242, MainThread:139749688543040> (process.py:run:108 -> queue.py:report:65) from logger `RFC.rootqueue`
[INFO] 1 items added, qic = 0, aic = 1, aac = 0

2024-03-01 22:05:40,529 <Process-3:3385242, MainThread:139749688543040> (process.py:run:108 -> queue.py:report:65) from logger `RFC.rootqueue`
[INFO] 1 items added, qic = 0, aic = 1, aac = 0

2024-03-01 22:05:50,539 <Process-3:3385242, MainThread:139749688543040> (process.py:run:108 -> queue.py:report:65) from logger `RFC.rootqueue`
[INFO] 1 items added, qic = 0, aic = 1, aac = 0

2024-03-01 22:06:00,551 <Process-3:3385242, MainThread:139749688543040> (process.py:run:108 -> queue.py:report:65) from logger `RFC.rootqueue`
[INFO] 1 items added, qic = 0, aic = 1, aac = 0

2024-03-01 22:06:10,564 <Process-3:3385242, MainThread:139749688543040> (process.py:run:108 -> queue.py:report:65) from logger `RFC.rootqueue`
[INFO] 1 items added, qic = 0, aic = 1, aac = 0

2024-03-01 22:06:45,153 <Process-3:3387237, MainThread:140397429675840> (process.py:run:108 -> queue.py:report:63) from logger `RFC.rootqueue`
[INFO] all items finished, RootQueue will be closed

2024-03-01 22:10:49,782 <Process-3:3387656, MainThread:140219348305728> (process.py:run:108 -> queue.py:report:65) from logger `RFC.rootqueue`
[INFO] 18 items added, qic = 0, aic = 2, aac = 0

2024-03-01 22:10:59,796 <Process-3:3387656, MainThread:140219348305728> (process.py:run:108 -> queue.py:report:65) from logger `RFC.rootqueue`
[INFO] 18 items added, qic = 0, aic = 2, aac = 0

2024-03-01 22:11:09,808 <Process-3:3387656, MainThread:140219348305728> (process.py:run:108 -> queue.py:report:63) from logger `RFC.rootqueue`
[INFO] all items finished, RootQueue will be closed

2024-03-01 22:24:43,210 <Process-114:3390955, MainThread:140069523859264> (process.py:run:108 -> queue.py:report:65) from logger `RFC.rootqueue`
[INFO] 111 items added, qic = 0, aic = 111, aac = 0

2024-03-01 22:24:53,279 <Process-114:3390955, MainThread:140069523859264> (process.py:run:108 -> queue.py:report:65) from logger `RFC.rootqueue`
[INFO] 111 items added, qic = 0, aic = 111, aac = 0

2024-03-01 22:25:03,285 <Process-114:3390955, MainThread:140069523859264> (process.py:run:108 -> queue.py:report:65) from logger `RFC.rootqueue`
[INFO] 111 items added, qic = 0, aic = 111, aac = 0

2024-03-01 22:25:13,556 <Process-114:3390955, MainThread:140069523859264> (process.py:run:108 -> queue.py:report:65) from logger `RFC.rootqueue`
[INFO] 111 items added, qic = 0, aic = 110, aac = 0

2024-03-01 22:25:23,569 <Process-114:3390955, MainThread:140069523859264> (process.py:run:108 -> queue.py:report:65) from logger `RFC.rootqueue`
[INFO] 111 items added, qic = 0, aic = 109, aac = 0

2024-03-01 22:25:33,580 <Process-114:3390955, MainThread:140069523859264> (process.py:run:108 -> queue.py:report:65) from logger `RFC.rootqueue`
[INFO] 111 items added, qic = 0, aic = 109, aac = 0

2024-03-01 22:25:43,583 <Process-114:3390955, MainThread:140069523859264> (process.py:run:108 -> queue.py:report:65) from logger `RFC.rootqueue`
[INFO] 111 items added, qic = 0, aic = 109, aac = 0

2024-03-01 22:25:53,596 <Process-114:3390955, MainThread:140069523859264> (process.py:run:108 -> queue.py:report:65) from logger `RFC.rootqueue`
[INFO] 111 items added, qic = 0, aic = 109, aac = 0

2024-03-01 22:26:03,699 <Process-114:3390955, MainThread:140069523859264> (process.py:run:108 -> queue.py:report:65) from logger `RFC.rootqueue`
[INFO] 111 items added, qic = 0, aic = 109, aac = 0

2024-03-01 22:26:13,704 <Process-114:3390955, MainThread:140069523859264> (process.py:run:108 -> queue.py:report:65) from logger `RFC.rootqueue`
[INFO] 111 items added, qic = 0, aic = 109, aac = 0

2024-03-01 22:26:23,716 <Process-114:3390955, MainThread:140069523859264> (process.py:run:108 -> queue.py:report:65) from logger `RFC.rootqueue`
[INFO] 111 items added, qic = 0, aic = 109, aac = 0

2024-03-01 22:26:33,728 <Process-114:3390955, MainThread:140069523859264> (process.py:run:108 -> queue.py:report:65) from logger `RFC.rootqueue`
[INFO] 111 items added, qic = 0, aic = 108, aac = 0

2024-03-01 22:26:43,739 <Process-114:3390955, MainThread:140069523859264> (process.py:run:108 -> queue.py:report:65) from logger `RFC.rootqueue`
[INFO] 111 items added, qic = 0, aic = 107, aac = 0

2024-03-01 22:26:53,752 <Process-114:3390955, MainThread:140069523859264> (process.py:run:108 -> queue.py:report:65) from logger `RFC.rootqueue`
[INFO] 111 items added, qic = 0, aic = 107, aac = 0

2024-03-01 22:27:03,764 <Process-114:3390955, MainThread:140069523859264> (process.py:run:108 -> queue.py:report:65) from logger `RFC.rootqueue`
[INFO] 111 items added, qic = 0, aic = 107, aac = 0

2024-03-01 22:27:13,776 <Process-114:3390955, MainThread:140069523859264> (process.py:run:108 -> queue.py:report:65) from logger `RFC.rootqueue`
[INFO] 111 items added, qic = 0, aic = 106, aac = 0

2024-03-01 22:27:23,788 <Process-114:3390955, MainThread:140069523859264> (process.py:run:108 -> queue.py:report:65) from logger `RFC.rootqueue`
[INFO] 111 items added, qic = 0, aic = 106, aac = 0

2024-03-01 22:27:33,800 <Process-114:3390955, MainThread:140069523859264> (process.py:run:108 -> queue.py:report:65) from logger `RFC.rootqueue`
[INFO] 111 items added, qic = 0, aic = 103, aac = 0

2024-03-01 22:27:43,812 <Process-114:3390955, MainThread:140069523859264> (process.py:run:108 -> queue.py:report:65) from logger `RFC.rootqueue`
[INFO] 111 items added, qic = 0, aic = 103, aac = 0

2024-03-01 22:27:53,824 <Process-114:3390955, MainThread:140069523859264> (process.py:run:108 -> queue.py:report:65) from logger `RFC.rootqueue`
[INFO] 111 items added, qic = 0, aic = 102, aac = 0

2024-03-01 22:28:03,836 <Process-114:3390955, MainThread:140069523859264> (process.py:run:108 -> queue.py:report:65) from logger `RFC.rootqueue`
[INFO] 111 items added, qic = 0, aic = 101, aac = 0

2024-03-01 22:28:13,848 <Process-114:3390955, MainThread:140069523859264> (process.py:run:108 -> queue.py:report:65) from logger `RFC.rootqueue`
[INFO] 111 items added, qic = 0, aic = 100, aac = 0

2024-03-01 22:28:23,861 <Process-114:3390955, MainThread:140069523859264> (process.py:run:108 -> queue.py:report:65) from logger `RFC.rootqueue`
[INFO] 111 items added, qic = 0, aic = 99, aac = 0

2024-03-01 22:28:33,872 <Process-114:3390955, MainThread:140069523859264> (process.py:run:108 -> queue.py:report:65) from logger `RFC.rootqueue`
[INFO] 111 items added, qic = 0, aic = 97, aac = 0

2024-03-01 22:28:43,884 <Process-114:3390955, MainThread:140069523859264> (process.py:run:108 -> queue.py:report:65) from logger `RFC.rootqueue`
[INFO] 111 items added, qic = 0, aic = 96, aac = 0

2024-03-01 22:28:53,896 <Process-114:3390955, MainThread:140069523859264> (process.py:run:108 -> queue.py:report:65) from logger `RFC.rootqueue`
[INFO] 111 items added, qic = 0, aic = 92, aac = 0

2024-03-01 22:29:03,908 <Process-114:3390955, MainThread:140069523859264> (process.py:run:108 -> queue.py:report:65) from logger `RFC.rootqueue`
[INFO] 111 items added, qic = 0, aic = 89, aac = 0

2024-03-01 22:29:13,920 <Process-114:3390955, MainThread:140069523859264> (process.py:run:108 -> queue.py:report:65) from logger `RFC.rootqueue`
[INFO] 111 items added, qic = 0, aic = 86, aac = 0

2024-03-01 22:29:23,932 <Process-114:3390955, MainThread:140069523859264> (process.py:run:108 -> queue.py:report:65) from logger `RFC.rootqueue`
[INFO] 111 items added, qic = 0, aic = 84, aac = 0

2024-03-01 22:29:33,944 <Process-114:3390955, MainThread:140069523859264> (process.py:run:108 -> queue.py:report:65) from logger `RFC.rootqueue`
[INFO] 111 items added, qic = 0, aic = 80, aac = 0

2024-03-01 22:29:43,956 <Process-114:3390955, MainThread:140069523859264> (process.py:run:108 -> queue.py:report:65) from logger `RFC.rootqueue`
[INFO] 111 items added, qic = 0, aic = 72, aac = 0

2024-03-01 22:29:53,968 <Process-114:3390955, MainThread:140069523859264> (process.py:run:108 -> queue.py:report:65) from logger `RFC.rootqueue`
[INFO] 111 items added, qic = 0, aic = 68, aac = 0

2024-03-01 22:30:03,980 <Process-114:3390955, MainThread:140069523859264> (process.py:run:108 -> queue.py:report:65) from logger `RFC.rootqueue`
[INFO] 111 items added, qic = 0, aic = 63, aac = 0

2024-03-01 22:30:13,992 <Process-114:3390955, MainThread:140069523859264> (process.py:run:108 -> queue.py:report:65) from logger `RFC.rootqueue`
[INFO] 111 items added, qic = 0, aic = 59, aac = 0

2024-03-01 22:30:24,004 <Process-114:3390955, MainThread:140069523859264> (process.py:run:108 -> queue.py:report:65) from logger `RFC.rootqueue`
[INFO] 111 items added, qic = 0, aic = 54, aac = 0

2024-03-01 22:30:34,007 <Process-114:3390955, MainThread:140069523859264> (process.py:run:108 -> queue.py:report:65) from logger `RFC.rootqueue`
[INFO] 111 items added, qic = 0, aic = 50, aac = 0

2024-03-01 22:30:44,020 <Process-114:3390955, MainThread:140069523859264> (process.py:run:108 -> queue.py:report:65) from logger `RFC.rootqueue`
[INFO] 111 items added, qic = 0, aic = 50, aac = 0

2024-03-01 22:30:54,032 <Process-114:3390955, MainThread:140069523859264> (process.py:run:108 -> queue.py:report:65) from logger `RFC.rootqueue`
[INFO] 111 items added, qic = 0, aic = 46, aac = 0

2024-03-01 22:31:04,044 <Process-114:3390955, MainThread:140069523859264> (process.py:run:108 -> queue.py:report:65) from logger `RFC.rootqueue`
[INFO] 111 items added, qic = 0, aic = 43, aac = 0

2024-03-01 22:31:14,056 <Process-114:3390955, MainThread:140069523859264> (process.py:run:108 -> queue.py:report:65) from logger `RFC.rootqueue`
[INFO] 111 items added, qic = 0, aic = 36, aac = 0

2024-03-01 22:31:24,068 <Process-114:3390955, MainThread:140069523859264> (process.py:run:108 -> queue.py:report:65) from logger `RFC.rootqueue`
[INFO] 111 items added, qic = 0, aic = 34, aac = 0

2024-03-01 22:31:34,075 <Process-114:3390955, MainThread:140069523859264> (process.py:run:108 -> queue.py:report:65) from logger `RFC.rootqueue`
[INFO] 111 items added, qic = 0, aic = 31, aac = 0

2024-03-01 22:31:44,087 <Process-114:3390955, MainThread:140069523859264> (process.py:run:108 -> queue.py:report:65) from logger `RFC.rootqueue`
[INFO] 111 items added, qic = 0, aic = 26, aac = 0

2024-03-01 22:31:54,099 <Process-114:3390955, MainThread:140069523859264> (process.py:run:108 -> queue.py:report:65) from logger `RFC.rootqueue`
[INFO] 111 items added, qic = 0, aic = 24, aac = 0

2024-03-01 22:32:04,110 <Process-114:3390955, MainThread:140069523859264> (process.py:run:108 -> queue.py:report:65) from logger `RFC.rootqueue`
[INFO] 111 items added, qic = 0, aic = 24, aac = 0

2024-03-01 22:32:14,120 <Process-114:3390955, MainThread:140069523859264> (process.py:run:108 -> queue.py:report:65) from logger `RFC.rootqueue`
[INFO] 111 items added, qic = 0, aic = 24, aac = 0

2024-03-01 22:32:24,127 <Process-114:3390955, MainThread:140069523859264> (process.py:run:108 -> queue.py:report:65) from logger `RFC.rootqueue`
[INFO] 111 items added, qic = 0, aic = 23, aac = 0

2024-03-01 22:32:34,140 <Process-114:3390955, MainThread:140069523859264> (process.py:run:108 -> queue.py:report:65) from logger `RFC.rootqueue`
[INFO] 111 items added, qic = 0, aic = 22, aac = 0

2024-03-01 22:32:44,152 <Process-114:3390955, MainThread:140069523859264> (process.py:run:108 -> queue.py:report:65) from logger `RFC.rootqueue`
[INFO] 111 items added, qic = 0, aic = 21, aac = 0

2024-03-01 22:32:54,164 <Process-114:3390955, MainThread:140069523859264> (process.py:run:108 -> queue.py:report:65) from logger `RFC.rootqueue`
[INFO] 111 items added, qic = 0, aic = 20, aac = 0

2024-03-01 22:33:04,176 <Process-114:3390955, MainThread:140069523859264> (process.py:run:108 -> queue.py:report:65) from logger `RFC.rootqueue`
[INFO] 111 items added, qic = 0, aic = 19, aac = 0

2024-03-01 22:33:14,188 <Process-114:3390955, MainThread:140069523859264> (process.py:run:108 -> queue.py:report:65) from logger `RFC.rootqueue`
[INFO] 111 items added, qic = 0, aic = 13, aac = 0

2024-03-01 22:33:24,200 <Process-114:3390955, MainThread:140069523859264> (process.py:run:108 -> queue.py:report:65) from logger `RFC.rootqueue`
[INFO] 111 items added, qic = 0, aic = 5, aac = 0

2024-03-01 22:33:34,212 <Process-114:3390955, MainThread:140069523859264> (process.py:run:108 -> queue.py:report:65) from logger `RFC.rootqueue`
[INFO] 111 items added, qic = 0, aic = 1, aac = 0

2024-03-01 22:33:44,225 <Process-114:3390955, MainThread:140069523859264> (process.py:run:108 -> queue.py:report:65) from logger `RFC.rootqueue`
[INFO] 111 items added, qic = 0, aic = 1, aac = 0

2024-03-01 22:33:54,238 <Process-114:3390955, MainThread:140069523859264> (process.py:run:108 -> queue.py:report:63) from logger `RFC.rootqueue`
[INFO] all items finished, RootQueue will be closed

2024-03-01 23:03:02,285 <Process-114:3405994, MainThread:140238995707712> (process.py:run:108 -> queue.py:report:63) from logger `RFC.rootqueue`
[INFO] all items finished, RootQueue will be closed

