2024-04-08 17:00:43,494 <Process-4:4075832, MainThread:140589325879104> (process.py:run:108 -> queue.py:report:65) from logger `RFC.rootqueue`
[INFO] 447 items added, qic = 10, aic = 5, aac = 2

2024-04-08 17:00:53,553 <Process-4:4075832, MainThread:140589325879104> (process.py:run:108 -> queue.py:report:65) from logger `RFC.rootqueue`
[INFO] 994 items added, qic = 1, aic = 6, aac = 32

2024-04-08 17:00:54,316 <Process-2:4075824, MainThread:140589325879104> (item.py:_add_items_sinle_process:209 -> queue.py:add:53) from logger `RFC.rootqueue`
[INFO] HiFiNiPostPage(378976) added

2024-04-08 17:01:03,561 <Process-4:4075832, MainThread:140589325879104> (process.py:run:108 -> queue.py:report:65) from logger `RFC.rootqueue`
[INFO] 1478 items added, qic = 8, aic = 0, aac = 1

2024-04-08 17:01:12,737 <Process-7:319:4098847, MainThread:140589325879104> (item.py:_add_items_sinle_process:209 -> queue.py:add:53) from logger `RFC.rootqueue`
[INFO] HiFiNiPostPage(378045).HiFiNiMusicPreview(RM5zWW90zmnKaLLCWKyj9FnmAqOpa3ES5YjS6em6IKhfeRciweE6U2dpNCTxWw) added

2024-04-08 17:01:13,575 <Process-4:4075832, MainThread:140589325879104> (process.py:run:108 -> queue.py:report:65) from logger `RFC.rootqueue`
[INFO] 2112 items added, qic = 6, aic = 23, aac = 3

2024-04-08 17:01:23,586 <Process-4:4075832, MainThread:140589325879104> (process.py:run:108 -> queue.py:report:65) from logger `RFC.rootqueue`
[INFO] 2810 items added, qic = 22, aic = 0, aac = 1

2024-04-08 17:01:28,878 <Process-2:4075824, MainThread:140589325879104> (item.py:_add_items_sinle_process:209 -> queue.py:add:53) from logger `RFC.rootqueue`
[INFO] HiFiNiPostPage(377237) added

2024-04-08 17:01:33,597 <Process-4:4075832, MainThread:140589325879104> (process.py:run:108 -> queue.py:report:65) from logger `RFC.rootqueue`
[INFO] 3394 items added, qic = 33, aic = 1, aac = 1

2024-04-08 17:01:43,631 <Process-4:4075832, MainThread:140589325879104> (process.py:run:108 -> queue.py:report:65) from logger `RFC.rootqueue`
[INFO] 3959 items added, qic = 30, aic = 25, aac = 7

2024-04-08 17:01:45,462 <Process-2:4075824, MainThread:140589325879104> (item.py:_add_items_sinle_process:209 -> queue.py:add:53) from logger `RFC.rootqueue`
[INFO] HiFiNiPostPage(376424) added

2024-04-08 17:01:53,642 <Process-4:4075832, MainThread:140589325879104> (process.py:run:108 -> queue.py:report:65) from logger `RFC.rootqueue`
[INFO] 4572 items added, qic = 22, aic = 0, aac = 1

2024-04-08 17:02:01,539 <Process-5:748:4128479, MainThread:140589325879104> (item.py:_add_items_sinle_process:209 -> queue.py:add:53) from logger `RFC.rootqueue`
[INFO] HiFiNiPostPage(375614).HiFiNiMusicPreview(Epl1AWwgmTnKaLLCWKyj9E29ALvkJi9J+cie__XkfLRecE9klew4EwgZN2b1ALTO0U9C_ZWZ3A) added

2024-04-08 17:02:03,658 <Process-4:4075832, MainThread:140589325879104> (process.py:run:108 -> queue.py:report:65) from logger `RFC.rootqueue`
[INFO] 5250 items added, qic = 6, aic = 17, aac = 7

2024-04-08 17:02:13,673 <Process-4:4075832, MainThread:140589325879104> (process.py:run:108 -> queue.py:report:65) from logger `RFC.rootqueue`
[INFO] 5884 items added, qic = 1, aic = 11, aac = 32

2024-04-08 17:02:18,351 <Process-2:4075824, MainThread:140589325879104> (item.py:_add_items_sinle_process:209 -> queue.py:add:53) from logger `RFC.rootqueue`
[INFO] HiFiNiPostPage(374789) added

2024-04-08 17:02:23,702 <Process-4:4075832, MainThread:140589325879104> (process.py:run:108 -> queue.py:report:65) from logger `RFC.rootqueue`
[INFO] 6467 items added, qic = 0, aic = 12, aac = 7

2024-04-08 17:02:33,653 <Process-2:4075824, MainThread:140589325879104> (item.py:_add_items_sinle_process:209 -> queue.py:add:53) from logger `RFC.rootqueue`
[INFO] HiFiNiPostPage(374009) added

2024-04-08 17:02:33,717 <Process-4:4075832, MainThread:140589325879104> (process.py:run:108 -> queue.py:report:65) from logger `RFC.rootqueue`
[INFO] 7171 items added, qic = 3, aic = 9, aac = 4

2024-04-08 17:02:43,726 <Process-4:4075832, MainThread:140589325879104> (process.py:run:108 -> queue.py:report:65) from logger `RFC.rootqueue`
[INFO] 7978 items added, qic = 9, aic = 2, aac = 2

2024-04-08 17:02:46,375 <Process-2:4075824, MainThread:140589325879104> (item.py:_add_items_sinle_process:209 -> queue.py:add:53) from logger `RFC.rootqueue`
[INFO] HiFiNiPostPage(373215) added

2024-04-08 17:02:53,737 <Process-4:4075832, MainThread:140589325879104> (process.py:run:108 -> queue.py:report:65) from logger `RFC.rootqueue`
[INFO] 8604 items added, qic = 15, aic = 29, aac = 1

2024-04-08 17:03:03,801 <Process-4:4075832, MainThread:140589325879104> (process.py:run:108 -> queue.py:report:65) from logger `RFC.rootqueue`
[INFO] 9168 items added, qic = 9, aic = 4, aac = 2

2024-04-08 17:03:04,841 <Process-2:4075824, MainThread:140589325879104> (item.py:_add_items_sinle_process:209 -> queue.py:add:53) from logger `RFC.rootqueue`
[INFO] HiFiNiPostPage(372405) added

2024-04-08 17:03:13,818 <Process-4:4075832, MainThread:140589325879104> (process.py:run:108 -> queue.py:report:65) from logger `RFC.rootqueue`
[INFO] 9919 items added, qic = 149, aic = 25, aac = 3

2024-04-08 17:03:19,304 <Process-2:4075824, MainThread:140589325879104> (item.py:_add_items_sinle_process:209 -> queue.py:add:53) from logger `RFC.rootqueue`
[INFO] HiFiNiPostPage(371594) added

2024-04-08 17:03:23,830 <Process-4:4075832, MainThread:140589325879104> (process.py:run:108 -> queue.py:report:65) from logger `RFC.rootqueue`
[INFO] 10507 items added, qic = 31, aic = 1, aac = 2

2024-04-08 17:03:33,843 <Process-4:4075832, MainThread:140589325879104> (process.py:run:108 -> queue.py:report:65) from logger `RFC.rootqueue`
[INFO] 11145 items added, qic = 2, aic = 6, aac = 3

2024-04-08 17:03:36,217 <Process-2:4075824, MainThread:140589325879104> (item.py:_add_items_sinle_process:209 -> queue.py:add:53) from logger `RFC.rootqueue`
[INFO] HiFiNiPostPage(370779) added

2024-04-08 17:03:43,853 <Process-4:4075832, MainThread:140589325879104> (process.py:run:108 -> queue.py:report:65) from logger `RFC.rootqueue`
[INFO] 11774 items added, qic = 29, aic = 10, aac = 3

2024-04-08 17:03:50,945 <Process-9:1572:3896, MainThread:140589325879104> (item.py:_add_items_sinle_process:209 -> queue.py:add:53) from logger `RFC.rootqueue`
[INFO] HiFiNiPostPage(370037).HiFiNiMusicPreview(S5lyATgly2nKaLLCWKyj9E29ALvkJi9J+cie__XkfLRecE9klew4BGE_UG73LaHM719C_ZWZ3A) added

2024-04-08 17:03:53,865 <Process-4:4075832, MainThread:140589325879104> (process.py:run:108 -> queue.py:report:65) from logger `RFC.rootqueue`
[INFO] 12414 items added, qic = 30, aic = 9, aac = 3

2024-04-08 17:04:03,881 <Process-4:4075832, MainThread:140589325879104> (process.py:run:108 -> queue.py:report:65) from logger `RFC.rootqueue`
[INFO] 13165 items added, qic = 185, aic = 24, aac = 4

2024-04-08 17:04:05,035 <Process-2:4075824, MainThread:140589325879104> (item.py:_add_items_sinle_process:209 -> queue.py:add:53) from logger `RFC.rootqueue`
[INFO] HiFiNiPostPage(369116) added

2024-04-08 17:04:13,893 <Process-4:4075832, MainThread:140589325879104> (process.py:run:108 -> queue.py:report:65) from logger `RFC.rootqueue`
[INFO] 14039 items added, qic = 798, aic = 19, aac = 3

2024-04-08 17:04:17,641 <Process-10:1807:15084, MainThread:140589325879104> (item.py:_add_items_sinle_process:209 -> queue.py:add:53) from logger `RFC.rootqueue`
[INFO] HiFiNiPostPage(368255).HiFiNiMusicPreview(EM0nDjlwmGnKaLLCWKyj9E29ALvkJi9J+cie__XkfLRecE9klew6ADgBQlLyUYLQyF5C_ZWZ3A) added

2024-04-08 17:04:23,969 <Process-4:4075832, MainThread:140589325879104> (process.py:run:108 -> queue.py:report:65) from logger `RFC.rootqueue`
[INFO] 14685 items added, qic = 1222, aic = 28, aac = 1

2024-04-08 17:04:34,009 <Process-4:4075832, MainThread:140589325879104> (process.py:run:108 -> queue.py:report:65) from logger `RFC.rootqueue`
[INFO] 15303 items added, qic = 1694, aic = 24, aac = 3

2024-04-08 17:04:49,812 <Process-2:4075824, MainThread:140589325879104> (item.py:_add_items_sinle_process:209 -> queue.py:add:53) from logger `RFC.rootqueue`
[INFO] HiFiNiPostPage(367204) added

2024-04-08 17:04:54,577 <Process-4:4075832, MainThread:140589325879104> (process.py:run:108 -> queue.py:report:65) from logger `RFC.rootqueue`
[INFO] 15402 items added, qic = 1715, aic = 24, aac = 1

2024-04-08 17:05:04,977 <Process-4:4075832, MainThread:140589325879104> (process.py:run:108 -> queue.py:report:65) from logger `RFC.rootqueue`
[INFO] 15624 items added, qic = 1784, aic = 24, aac = 4

2024-04-08 17:05:15,357 <Process-4:4075832, MainThread:140589325879104> (process.py:run:108 -> queue.py:report:65) from logger `RFC.rootqueue`
[INFO] 15742 items added, qic = 1792, aic = 22, aac = 2

2024-04-08 17:05:25,545 <Process-4:4075832, MainThread:140589325879104> (process.py:run:108 -> queue.py:report:65) from logger `RFC.rootqueue`
[INFO] 15854 items added, qic = 1791, aic = 26, aac = 2

2024-04-08 17:05:35,558 <Process-4:4075832, MainThread:140589325879104> (process.py:run:108 -> queue.py:report:65) from logger `RFC.rootqueue`
[INFO] 15932 items added, qic = 1830, aic = 26, aac = 3

2024-04-08 17:05:45,773 <Process-4:4075832, MainThread:140589325879104> (process.py:run:108 -> queue.py:report:65) from logger `RFC.rootqueue`
[INFO] 15944 items added, qic = 1842, aic = 13, aac = 1

2024-04-08 17:05:56,041 <Process-4:4075832, MainThread:140589325879104> (process.py:run:108 -> queue.py:report:65) from logger `RFC.rootqueue`
[INFO] 15973 items added, qic = 1849, aic = 20, aac = 2

2024-04-08 17:06:09,597 <Process-4:4075832, MainThread:140589325879104> (process.py:run:108 -> queue.py:report:65) from logger `RFC.rootqueue`
[INFO] 15989 items added, qic = 1838, aic = 19, aac = 1

2024-04-08 17:06:19,654 <Process-4:4075832, MainThread:140589325879104> (process.py:run:108 -> queue.py:report:65) from logger `RFC.rootqueue`
[INFO] 15993 items added, qic = 1835, aic = 20, aac = 2

2024-04-08 17:06:30,589 <Process-4:4075832, MainThread:140589325879104> (process.py:run:108 -> queue.py:report:65) from logger `RFC.rootqueue`
[INFO] 16093 items added, qic = 1915, aic = 12, aac = 1

2024-04-08 17:06:35,485 <Process-2:4075824, MainThread:140589325879104> (item.py:_add_items_sinle_process:209 -> queue.py:add:53) from logger `RFC.rootqueue`
[INFO] HiFiNiPostPage(366284) added

2024-04-08 17:06:40,602 <Process-4:4075832, MainThread:140589325879104> (process.py:run:108 -> queue.py:report:65) from logger `RFC.rootqueue`
[INFO] 16778 items added, qic = 2488, aic = 16, aac = 15

2024-04-08 17:06:50,614 <Process-4:4075832, MainThread:140589325879104> (process.py:run:108 -> queue.py:report:65) from logger `RFC.rootqueue`
[INFO] 17403 items added, qic = 1838, aic = 29, aac = 82

2024-04-08 17:06:50,715 <Process-2:4075824, MainThread:140589325879104> (item.py:_add_items_sinle_process:209 -> queue.py:add:53) from logger `RFC.rootqueue`
[INFO] HiFiNiPostPage(365544) added

2024-04-08 17:07:00,631 <Process-4:4075832, MainThread:140589325879104> (process.py:run:108 -> queue.py:report:65) from logger `RFC.rootqueue`
[INFO] 18125 items added, qic = 1302, aic = 19, aac = 33

2024-04-08 17:07:05,464 <Process-10:2380:55952, MainThread:140589325879104> (item.py:_add_items_sinle_process:209 -> queue.py:add:53) from logger `RFC.rootqueue`
[INFO] HiFiNiPostPage(368194).HiFiNiMusicPreview(Fsh0C2h5n2nKaLLCEbmjohriAOSpKi0LuInI9_W6IKhfeQd7le9tHDcyaiS0O5Tw6ikE4YyY) added

2024-04-08 17:07:10,642 <Process-4:4075832, MainThread:140589325879104> (process.py:run:108 -> queue.py:report:65) from logger `RFC.rootqueue`
[INFO] 18767 items added, qic = 488, aic = 13, aac = 143

2024-04-08 17:07:20,654 <Process-4:4075832, MainThread:140589325879104> (process.py:run:108 -> queue.py:report:65) from logger `RFC.rootqueue`
[INFO] 19403 items added, qic = 27, aic = 11, aac = 3

2024-04-08 17:07:21,258 <Process-2:4075824, MainThread:140589325879104> (item.py:_add_items_sinle_process:209 -> queue.py:add:53) from logger `RFC.rootqueue`
[INFO] HiFiNiPostPage(364289) added

2024-04-08 17:07:30,666 <Process-4:4075832, MainThread:140589325879104> (process.py:run:108 -> queue.py:report:65) from logger `RFC.rootqueue`
[INFO] 20003 items added, qic = 26, aic = 7, aac = 1

2024-04-08 17:07:38,465 <Process-2:4075824, MainThread:140589325879104> (item.py:_add_items_sinle_process:209 -> queue.py:add:53) from logger `RFC.rootqueue`
[INFO] HiFiNiPostPage(363471) added

2024-04-08 17:07:40,685 <Process-4:4075832, MainThread:140589325879104> (process.py:run:108 -> queue.py:report:65) from logger `RFC.rootqueue`
[INFO] 20679 items added, qic = 60, aic = 24, aac = 44

2024-04-08 17:07:50,694 <Process-4:4075832, MainThread:140589325879104> (process.py:run:108 -> queue.py:report:65) from logger `RFC.rootqueue`
[INFO] 21277 items added, qic = 4, aic = 23, aac = 3

2024-04-08 17:07:53,468 <Process-2:4075824, MainThread:140589325879104> (item.py:_add_items_sinle_process:209 -> queue.py:add:53) from logger `RFC.rootqueue`
[INFO] HiFiNiPostPage(362601) added

2024-04-08 17:08:00,705 <Process-4:4075832, MainThread:140589325879104> (process.py:run:108 -> queue.py:report:65) from logger `RFC.rootqueue`
[INFO] 22146 items added, qic = 28, aic = 3, aac = 1

2024-04-08 17:08:04,438 <Process-2:4075824, MainThread:140589325879104> (item.py:_add_items_sinle_process:209 -> queue.py:add:53) from logger `RFC.rootqueue`
[INFO] HiFiNiPostPage(361737) added

2024-04-08 17:08:10,718 <Process-4:4075832, MainThread:140589325879104> (process.py:run:108 -> queue.py:report:65) from logger `RFC.rootqueue`
[INFO] 23241 items added, qic = 699, aic = 14, aac = 1

2024-04-08 17:08:13,266 <Process-2:4075824, MainThread:140589325879104> (item.py:_add_items_sinle_process:209 -> queue.py:add:53) from logger `RFC.rootqueue`
[INFO] HiFiNiPostPage(360773) added

2024-04-08 17:08:20,729 <Process-4:4075832, MainThread:140589325879104> (process.py:run:108 -> queue.py:report:65) from logger `RFC.rootqueue`
[INFO] 24360 items added, qic = 1530, aic = 21, aac = 1

2024-04-08 17:08:22,402 <Process-2:4075824, MainThread:140589325879104> (item.py:_add_items_sinle_process:209 -> queue.py:add:53) from logger `RFC.rootqueue`
[INFO] HiFiNiPostPage(359811) added

2024-04-08 17:08:30,737 <Process-4:4075832, MainThread:140589325879104> (process.py:run:108 -> queue.py:report:65) from logger `RFC.rootqueue`
[INFO] 25569 items added, qic = 2439, aic = 25, aac = 1

2024-04-08 17:08:30,980 <Process-2:4075824, MainThread:140589325879104> (item.py:_add_items_sinle_process:209 -> queue.py:add:53) from logger `RFC.rootqueue`
[INFO] HiFiNiPostPage(358841) added

2024-04-08 17:08:40,072 <Process-2:4075824, MainThread:140589325879104> (item.py:_add_items_sinle_process:209 -> queue.py:add:53) from logger `RFC.rootqueue`
[INFO] HiFiNiPostPage(357882) added

2024-04-08 17:08:40,749 <Process-4:4075832, MainThread:140589325879104> (process.py:run:108 -> queue.py:report:65) from logger `RFC.rootqueue`
[INFO] 26653 items added, qic = 3243, aic = 18, aac = 1

2024-04-08 17:08:49,367 <Process-2:4075824, MainThread:140589325879104> (item.py:_add_items_sinle_process:209 -> queue.py:add:53) from logger `RFC.rootqueue`
[INFO] HiFiNiPostPage(356949) added

2024-04-08 17:08:51,205 <Process-4:4075832, MainThread:140589325879104> (process.py:run:108 -> queue.py:report:65) from logger `RFC.rootqueue`
[INFO] 27888 items added, qic = 4064, aic = 20, aac = 1

2024-04-08 17:08:57,863 <Process-2:4075824, MainThread:140589325879104> (item.py:_add_items_sinle_process:209 -> queue.py:add:53) from logger `RFC.rootqueue`
[INFO] HiFiNiPostPage(356014) added

2024-04-08 17:09:01,217 <Process-4:4075832, MainThread:140589325879104> (process.py:run:108 -> queue.py:report:65) from logger `RFC.rootqueue`
[INFO] 29012 items added, qic = 4707, aic = 26, aac = 2

2024-04-08 17:09:07,171 <Process-2:4075824, MainThread:140589325879104> (item.py:_add_items_sinle_process:209 -> queue.py:add:53) from logger `RFC.rootqueue`
[INFO] HiFiNiPostPage(355076) added

2024-04-08 17:09:11,229 <Process-4:4075832, MainThread:140589325879104> (process.py:run:108 -> queue.py:report:65) from logger `RFC.rootqueue`
[INFO] 30156 items added, qic = 5529, aic = 20, aac = 1

2024-04-08 17:09:16,191 <Process-2:4075824, MainThread:140589325879104> (item.py:_add_items_sinle_process:209 -> queue.py:add:53) from logger `RFC.rootqueue`
[INFO] HiFiNiPostPage(354119) added

2024-04-08 17:09:21,241 <Process-4:4075832, MainThread:140589325879104> (process.py:run:108 -> queue.py:report:65) from logger `RFC.rootqueue`
[INFO] 31362 items added, qic = 6425, aic = 23, aac = 1

2024-04-08 17:09:24,608 <Process-2:4075824, MainThread:140589325879104> (item.py:_add_items_sinle_process:209 -> queue.py:add:53) from logger `RFC.rootqueue`
[INFO] HiFiNiPostPage(353162) added

2024-04-08 17:09:31,410 <Process-4:4075832, MainThread:140589325879104> (process.py:run:108 -> queue.py:report:65) from logger `RFC.rootqueue`
[INFO] 32545 items added, qic = 7230, aic = 21, aac = 2

2024-04-08 17:09:32,960 <Process-2:4075824, MainThread:140589325879104> (item.py:_add_items_sinle_process:209 -> queue.py:add:53) from logger `RFC.rootqueue`
[INFO] HiFiNiPostPage(352217) added

2024-04-08 17:09:41,405 <Process-10:3642:140286, MainThread:140589325879104> (item.py:_add_items_sinle_process:209 -> queue.py:add:53) from logger `RFC.rootqueue`
[INFO] HiFiNiPostPage(351370).HiFiNiMusicPreview(Esh2XTtzmz3KaLLCWKyj9E29ALvkJi9J+cie__XkfLRecE9klew5NygpYnD0MbPyyVFC_ZWZ3A) added

2024-04-08 17:09:41,422 <Process-4:4075832, MainThread:140589325879104> (process.py:run:108 -> queue.py:report:65) from logger `RFC.rootqueue`
[INFO] 33795 items added, qic = 8233, aic = 20, aac = 2

2024-04-08 17:09:51,434 <Process-4:4075832, MainThread:140589325879104> (process.py:run:108 -> queue.py:report:65) from logger `RFC.rootqueue`
[INFO] 34789 items added, qic = 8278, aic = 18, aac = 3

2024-04-08 17:09:51,641 <Process-2:4075824, MainThread:140589325879104> (item.py:_add_items_sinle_process:209 -> queue.py:add:53) from logger `RFC.rootqueue`
[INFO] HiFiNiPostPage(350394) added

2024-04-08 17:09:59,908 <Process-2:4075824, MainThread:140589325879104> (item.py:_add_items_sinle_process:209 -> queue.py:add:53) from logger `RFC.rootqueue`
[INFO] HiFiNiPostPage(349438) added

2024-04-08 17:10:01,445 <Process-4:4075832, MainThread:140589325879104> (process.py:run:108 -> queue.py:report:65) from logger `RFC.rootqueue`
[INFO] 36039 items added, qic = 9140, aic = 27, aac = 2

2024-04-08 17:10:08,183 <Process-2:4075824, MainThread:140589325879104> (item.py:_add_items_sinle_process:209 -> queue.py:add:53) from logger `RFC.rootqueue`
[INFO] HiFiNiPostPage(348445) added

2024-04-08 17:10:11,453 <Process-4:4075832, MainThread:140589325879104> (process.py:run:108 -> queue.py:report:65) from logger `RFC.rootqueue`
[INFO] 37270 items added, qic = 10173, aic = 13, aac = 1

2024-04-08 17:10:16,265 <Process-2:4075824, MainThread:140589325879104> (item.py:_add_items_sinle_process:209 -> queue.py:add:53) from logger `RFC.rootqueue`
[INFO] HiFiNiPostPage(347447) added

2024-04-08 17:10:21,465 <Process-4:4075832, MainThread:140589325879104> (process.py:run:108 -> queue.py:report:65) from logger `RFC.rootqueue`
[INFO] 38453 items added, qic = 11110, aic = 28, aac = 1

2024-04-08 17:10:25,091 <Process-2:4075824, MainThread:140589325879104> (item.py:_add_items_sinle_process:209 -> queue.py:add:53) from logger `RFC.rootqueue`
[INFO] HiFiNiPostPage(346444) added

2024-04-08 17:10:31,571 <Process-4:4075832, MainThread:140589325879104> (process.py:run:108 -> queue.py:report:65) from logger `RFC.rootqueue`
[INFO] 39670 items added, qic = 12154, aic = 22, aac = 4

2024-04-08 17:10:34,451 <Process-2:4075824, MainThread:140589325879104> (item.py:_add_items_sinle_process:209 -> queue.py:add:53) from logger `RFC.rootqueue`
[INFO] HiFiNiPostPage(345445) added

2024-04-08 17:10:41,581 <Process-4:4075832, MainThread:140589325879104> (process.py:run:108 -> queue.py:report:65) from logger `RFC.rootqueue`
[INFO] 40831 items added, qic = 13077, aic = 26, aac = 1

2024-04-08 17:10:42,574 <Process-2:4075824, MainThread:140589325879104> (item.py:_add_items_sinle_process:209 -> queue.py:add:53) from logger `RFC.rootqueue`
[INFO] HiFiNiPostPage(344457) added

2024-04-08 17:10:51,589 <Process-4:4075832, MainThread:140589325879104> (process.py:run:108 -> queue.py:report:65) from logger `RFC.rootqueue`
[INFO] 41908 items added, qic = 13888, aic = 21, aac = 1

2024-04-08 17:10:52,285 <Process-2:4075824, MainThread:140589325879104> (item.py:_add_items_sinle_process:209 -> queue.py:add:53) from logger `RFC.rootqueue`
[INFO] HiFiNiPostPage(343478) added

2024-04-08 17:11:01,601 <Process-4:4075832, MainThread:140589325879104> (process.py:run:108 -> queue.py:report:65) from logger `RFC.rootqueue`
[INFO] 42924 items added, qic = 14592, aic = 30, aac = 1

2024-04-08 17:11:02,349 <Process-2:4075824, MainThread:140589325879104> (item.py:_add_items_sinle_process:209 -> queue.py:add:53) from logger `RFC.rootqueue`
[INFO] HiFiNiPostPage(342505) added

2024-04-08 17:11:11,614 <Process-4:4075832, MainThread:140589325879104> (process.py:run:108 -> queue.py:report:65) from logger `RFC.rootqueue`
[INFO] 44017 items added, qic = 15379, aic = 25, aac = 2

2024-04-08 17:11:11,721 <Process-2:4075824, MainThread:140589325879104> (item.py:_add_items_sinle_process:209 -> queue.py:add:53) from logger `RFC.rootqueue`
[INFO] HiFiNiPostPage(341533) added

2024-04-08 17:11:20,148 <Process-2:4075824, MainThread:140589325879104> (item.py:_add_items_sinle_process:209 -> queue.py:add:53) from logger `RFC.rootqueue`
[INFO] HiFiNiPostPage(340559) added

2024-04-08 17:11:21,625 <Process-4:4075832, MainThread:140589325879104> (process.py:run:108 -> queue.py:report:65) from logger `RFC.rootqueue`
[INFO] 45189 items added, qic = 16267, aic = 25, aac = 1

2024-04-08 17:11:28,899 <Process-2:4075824, MainThread:140589325879104> (item.py:_add_items_sinle_process:209 -> queue.py:add:53) from logger `RFC.rootqueue`
[INFO] HiFiNiPostPage(339585) added

2024-04-08 17:11:31,637 <Process-4:4075832, MainThread:140589325879104> (process.py:run:108 -> queue.py:report:65) from logger `RFC.rootqueue`
[INFO] 46302 items added, qic = 16979, aic = 18, aac = 9

2024-04-08 17:11:39,952 <Process-2:4075824, MainThread:140589325879104> (item.py:_add_items_sinle_process:209 -> queue.py:add:53) from logger `RFC.rootqueue`
[INFO] HiFiNiPostPage(338729) added

2024-04-08 17:11:41,645 <Process-4:4075832, MainThread:140589325879104> (process.py:run:108 -> queue.py:report:65) from logger `RFC.rootqueue`
[INFO] 47260 items added, qic = 17238, aic = 29, aac = 1

2024-04-08 17:11:49,180 <Process-2:4075824, MainThread:140589325879104> (item.py:_add_items_sinle_process:209 -> queue.py:add:53) from logger `RFC.rootqueue`
[INFO] HiFiNiPostPage(337749) added

2024-04-08 17:11:51,694 <Process-4:4075832, MainThread:140589325879104> (process.py:run:108 -> queue.py:report:65) from logger `RFC.rootqueue`
[INFO] 48427 items added, qic = 18064, aic = 19, aac = 3

2024-04-08 17:11:58,428 <Process-2:4075824, MainThread:140589325879104> (item.py:_add_items_sinle_process:209 -> queue.py:add:53) from logger `RFC.rootqueue`
[INFO] HiFiNiPostPage(336801) added

2024-04-08 17:12:01,706 <Process-4:4075832, MainThread:140589325879104> (process.py:run:108 -> queue.py:report:65) from logger `RFC.rootqueue`
[INFO] 49442 items added, qic = 18659, aic = 17, aac = 4

2024-04-08 17:12:08,524 <Process-2:4075824, MainThread:140589325879104> (item.py:_add_items_sinle_process:209 -> queue.py:add:53) from logger `RFC.rootqueue`
[INFO] HiFiNiPostPage(335857) added

2024-04-08 17:12:11,719 <Process-4:4075832, MainThread:140589325879104> (process.py:run:108 -> queue.py:report:65) from logger `RFC.rootqueue`
[INFO] 50533 items added, qic = 19288, aic = 17, aac = 4

2024-04-08 17:12:17,990 <Process-2:4075824, MainThread:140589325879104> (item.py:_add_items_sinle_process:209 -> queue.py:add:53) from logger `RFC.rootqueue`
[INFO] HiFiNiPostPage(334927) added

2024-04-08 17:12:21,730 <Process-4:4075832, MainThread:140589325879104> (process.py:run:108 -> queue.py:report:65) from logger `RFC.rootqueue`
[INFO] 51548 items added, qic = 19805, aic = 22, aac = 1

2024-04-08 17:12:27,683 <Process-2:4075824, MainThread:140589325879104> (item.py:_add_items_sinle_process:209 -> queue.py:add:53) from logger `RFC.rootqueue`
[INFO] HiFiNiPostPage(333995) added

2024-04-08 17:12:31,741 <Process-4:4075832, MainThread:140589325879104> (process.py:run:108 -> queue.py:report:65) from logger `RFC.rootqueue`
[INFO] 52653 items added, qic = 20432, aic = 21, aac = 1

2024-04-08 17:12:37,312 <Process-2:4075824, MainThread:140589325879104> (item.py:_add_items_sinle_process:209 -> queue.py:add:53) from logger `RFC.rootqueue`
[INFO] HiFiNiPostPage(333049) added

2024-04-08 17:12:41,753 <Process-4:4075832, MainThread:140589325879104> (process.py:run:108 -> queue.py:report:65) from logger `RFC.rootqueue`
[INFO] 53751 items added, qic = 21088, aic = 22, aac = 2

2024-04-08 17:12:46,574 <Process-2:4075824, MainThread:140589325879104> (item.py:_add_items_sinle_process:209 -> queue.py:add:53) from logger `RFC.rootqueue`
[INFO] HiFiNiPostPage(332096) added

2024-04-08 17:12:51,779 <Process-4:4075832, MainThread:140589325879104> (process.py:run:108 -> queue.py:report:65) from logger `RFC.rootqueue`
[INFO] 54660 items added, qic = 20879, aic = 11, aac = 62

2024-04-08 17:13:00,804 <Process-2:4075824, MainThread:140589325879104> (item.py:_add_items_sinle_process:209 -> queue.py:add:53) from logger `RFC.rootqueue`
[INFO] HiFiNiPostPage(331463) added

2024-04-08 17:13:01,789 <Process-4:4075832, MainThread:140589325879104> (process.py:run:108 -> queue.py:report:65) from logger `RFC.rootqueue`
[INFO] 55365 items added, qic = 20132, aic = 22, aac = 39

2024-04-08 17:13:11,800 <Process-4:4075832, MainThread:140589325879104> (process.py:run:108 -> queue.py:report:65) from logger `RFC.rootqueue`
[INFO] 56055 items added, qic = 19230, aic = 23, aac = 64

2024-04-08 17:13:15,286 <Process-7:5248:263255, MainThread:140589325879104> (item.py:_add_items_sinle_process:209 -> queue.py:add:53) from logger `RFC.rootqueue`
[INFO] HiFiNiPostPage(335946).HiFiNiMusicPreview(EJkkW29wm2HKaLLCEbmjohriAOSpKi0LuInI9_W6IKhfeQd7le5FHyQGMya2UrTK2CkE4YyY) added

2024-04-08 17:13:21,811 <Process-4:4075832, MainThread:140589325879104> (process.py:run:108 -> queue.py:report:65) from logger `RFC.rootqueue`
[INFO] 56785 items added, qic = 18145, aic = 20, aac = 366

2024-04-08 17:13:29,390 <Process-5:5700:279984, MainThread:140589325879104> (item.py:_add_items_sinle_process:209 -> queue.py:add:53) from logger `RFC.rootqueue`
[INFO] HiFiNiPostPage(330331).HiFiNiMusicPreview(Es0pD2h4yWDKaLLCWKyj9FnmAqOpa3ES5YjS6em6IKhfeRciweE5UWZoPSb2VveU) added

2024-04-08 17:13:31,821 <Process-4:4075832, MainThread:140589325879104> (process.py:run:108 -> queue.py:report:65) from logger `RFC.rootqueue`
[INFO] 57504 items added, qic = 17458, aic = 23, aac = 260

2024-04-08 17:13:41,833 <Process-4:4075832, MainThread:140589325879104> (process.py:run:108 -> queue.py:report:65) from logger `RFC.rootqueue`
[INFO] 58199 items added, qic = 16999, aic = 19, aac = 18

2024-04-08 17:13:44,545 <Process-10:5927:305069, MainThread:140589325879104> (item.py:_add_items_sinle_process:209 -> queue.py:add:53) from logger `RFC.rootqueue`
[INFO] HiFiNiPostPage(339294).HiFiNiMusicPreview(S8ZxWjpymW_KaLLCWKyj9E29ALvkJi9J+cie__XkfLRecE9klew8UTYTXWP3A43L2T9C_ZWZ3A) added

2024-04-08 17:13:51,859 <Process-4:4075832, MainThread:140589325879104> (process.py:run:108 -> queue.py:report:65) from logger `RFC.rootqueue`
[INFO] 58828 items added, qic = 16079, aic = 26, aac = 93

2024-04-08 17:13:59,807 <Process-9:5361:324214, MainThread:140589325879104> (item.py:_add_items_sinle_process:209 -> queue.py:add:53) from logger `RFC.rootqueue`
[INFO] HiFiNiPostPage(341456).HiFiNiMusicPreview(EskiDzpwnzzKaLLCWKyj9E29ALvkJi9J+cie__XkfLRecE9klew5KWJpXWb3LKTg4DVC_ZWZ3A) added

2024-04-08 17:14:01,871 <Process-4:4075832, MainThread:140589325879104> (process.py:run:108 -> queue.py:report:65) from logger `RFC.rootqueue`
[INFO] 59517 items added, qic = 15177, aic = 19, aac = 273

2024-04-08 17:14:11,907 <Process-4:4075832, MainThread:140589325879104> (process.py:run:108 -> queue.py:report:65) from logger `RFC.rootqueue`
[INFO] 60267 items added, qic = 14132, aic = 19, aac = 509

2024-04-08 17:14:14,789 <Process-9:5604:341895, MainThread:140589325879104> (item.py:_add_items_sinle_process:209 -> queue.py:add:53) from logger `RFC.rootqueue`
[INFO] HiFiNiPostPage(342773).HiFiNiMusicPreview(S511Wmt0yTvKaLLCWKyj9E29ALvkJi9J+cie__XkfLRecE9klew4LWM7XUzyLYTz6ndC_ZWZ3A) added

2024-04-08 17:14:21,926 <Process-4:4075832, MainThread:140589325879104> (process.py:run:108 -> queue.py:report:65) from logger `RFC.rootqueue`
[INFO] 60942 items added, qic = 13282, aic = 27, aac = 626

2024-04-08 17:14:29,504 <Process-2:4075824, MainThread:140589325879104> (item.py:_add_items_sinle_process:209 -> queue.py:add:53) from logger `RFC.rootqueue`
[INFO] HiFiNiPostPage(327615) added

2024-04-08 17:14:32,043 <Process-4:4075832, MainThread:140589325879104> (process.py:run:108 -> queue.py:report:65) from logger `RFC.rootqueue`
[INFO] 61628 items added, qic = 12496, aic = 14, aac = 617

2024-04-08 17:14:42,058 <Process-4:4075832, MainThread:140589325879104> (process.py:run:108 -> queue.py:report:65) from logger `RFC.rootqueue`
[INFO] 62278 items added, qic = 11580, aic = 31, aac = 700

2024-04-08 17:14:45,014 <Process-2:4075824, MainThread:140589325879104> (item.py:_add_items_sinle_process:209 -> queue.py:add:53) from logger `RFC.rootqueue`
[INFO] HiFiNiPostPage(326994) added

2024-04-08 17:14:52,071 <Process-4:4075832, MainThread:140589325879104> (process.py:run:108 -> queue.py:report:65) from logger `RFC.rootqueue`
[INFO] 62998 items added, qic = 10781, aic = 21, aac = 720

2024-04-08 17:14:59,228 <Process-2:4075824, MainThread:140589325879104> (item.py:_add_items_sinle_process:209 -> queue.py:add:53) from logger `RFC.rootqueue`
[INFO] HiFiNiPostPage(326348) added

2024-04-08 17:15:02,081 <Process-4:4075832, MainThread:140589325879104> (process.py:run:108 -> queue.py:report:65) from logger `RFC.rootqueue`
[INFO] 63698 items added, qic = 9838, aic = 24, aac = 827

2024-04-08 17:15:12,094 <Process-4:4075832, MainThread:140589325879104> (process.py:run:108 -> queue.py:report:65) from logger `RFC.rootqueue`
[INFO] 64449 items added, qic = 8731, aic = 22, aac = 1142

2024-04-08 17:15:13,198 <Process-2:4075824, MainThread:140589325879104> (item.py:_add_items_sinle_process:209 -> queue.py:add:53) from logger `RFC.rootqueue`
[INFO] HiFiNiPostPage(325704) added

2024-04-08 17:15:22,108 <Process-4:4075832, MainThread:140589325879104> (process.py:run:108 -> queue.py:report:65) from logger `RFC.rootqueue`
[INFO] 65190 items added, qic = 7819, aic = 31, aac = 1145

2024-04-08 17:15:26,771 <Process-2:4075824, MainThread:140589325879104> (item.py:_add_items_sinle_process:209 -> queue.py:add:53) from logger `RFC.rootqueue`
[INFO] HiFiNiPostPage(325085) added

2024-04-08 17:15:32,117 <Process-4:4075832, MainThread:140589325879104> (process.py:run:108 -> queue.py:report:65) from logger `RFC.rootqueue`
[INFO] 65964 items added, qic = 6959, aic = 19, aac = 1292

2024-04-08 17:15:39,608 <Process-2:4075824, MainThread:140589325879104> (item.py:_add_items_sinle_process:209 -> queue.py:add:53) from logger `RFC.rootqueue`
[INFO] HiFiNiPostPage(324426) added

2024-04-08 17:15:42,125 <Process-4:4075832, MainThread:140589325879104> (process.py:run:108 -> queue.py:report:65) from logger `RFC.rootqueue`
[INFO] 66719 items added, qic = 6074, aic = 20, aac = 1523

2024-04-08 17:15:51,759 <Process-2:4075824, MainThread:140589325879104> (item.py:_add_items_sinle_process:209 -> queue.py:add:53) from logger `RFC.rootqueue`
[INFO] HiFiNiPostPage(323745) added

2024-04-08 17:15:52,140 <Process-4:4075832, MainThread:140589325879104> (process.py:run:108 -> queue.py:report:65) from logger `RFC.rootqueue`
[INFO] 67611 items added, qic = 5219, aic = 23, aac = 1709

2024-04-08 17:16:02,151 <Process-4:4075832, MainThread:140589325879104> (process.py:run:108 -> queue.py:report:65) from logger `RFC.rootqueue`
[INFO] 68399 items added, qic = 4525, aic = 16, aac = 1699

2024-04-08 17:16:04,894 <Process-2:4075824, MainThread:140589325879104> (item.py:_add_items_sinle_process:209 -> queue.py:add:53) from logger `RFC.rootqueue`
[INFO] HiFiNiPostPage(323058) added

2024-04-08 17:16:12,161 <Process-4:4075832, MainThread:140589325879104> (process.py:run:108 -> queue.py:report:65) from logger `RFC.rootqueue`
[INFO] 69226 items added, qic = 3823, aic = 20, aac = 1694

2024-04-08 17:16:16,907 <Process-2:4075824, MainThread:140589325879104> (item.py:_add_items_sinle_process:209 -> queue.py:add:53) from logger `RFC.rootqueue`
[INFO] HiFiNiPostPage(322395) added

2024-04-08 17:16:22,172 <Process-4:4075832, MainThread:140589325879104> (process.py:run:108 -> queue.py:report:65) from logger `RFC.rootqueue`
[INFO] 70065 items added, qic = 2995, aic = 23, aac = 1955

2024-04-08 17:16:29,824 <Process-2:4075824, MainThread:140589325879104> (item.py:_add_items_sinle_process:209 -> queue.py:add:53) from logger `RFC.rootqueue`
[INFO] HiFiNiPostPage(321653) added

2024-04-08 17:16:32,220 <Process-4:4075832, MainThread:140589325879104> (process.py:run:108 -> queue.py:report:65) from logger `RFC.rootqueue`
[INFO] 70848 items added, qic = 2270, aic = 24, aac = 2210

2024-04-08 17:16:42,236 <Process-4:4075832, MainThread:140589325879104> (process.py:run:108 -> queue.py:report:65) from logger `RFC.rootqueue`
[INFO] 71599 items added, qic = 1699, aic = 14, aac = 2007

2024-04-08 17:16:43,145 <Process-6:9290:537203, MainThread:140589325879104> (item.py:_add_items_sinle_process:209 -> queue.py:add:53) from logger `RFC.rootqueue`
[INFO] HiFiNiPostPage(358421).HiFiNiMusicPreview(F5l0WT5wn2zKaLLCWKyj9E29ALvkJi9J+cie__XkfLRecE9klew7FgodUVj3OpL1xj9C_ZWZ3A) added

2024-04-08 17:16:52,246 <Process-4:4075832, MainThread:140589325879104> (process.py:run:108 -> queue.py:report:65) from logger `RFC.rootqueue`
[INFO] 72246 items added, qic = 988, aic = 25, aac = 2169

2024-04-08 17:16:58,912 <Process-2:4075824, MainThread:140589325879104> (item.py:_add_items_sinle_process:209 -> queue.py:add:53) from logger `RFC.rootqueue`
[INFO] HiFiNiPostPage(320258) added

2024-04-08 17:17:02,257 <Process-4:4075832, MainThread:140589325879104> (process.py:run:108 -> queue.py:report:65) from logger `RFC.rootqueue`
[INFO] 72998 items added, qic = 517, aic = 22, aac = 2501

2024-04-08 17:17:12,268 <Process-4:4075832, MainThread:140589325879104> (process.py:run:108 -> queue.py:report:65) from logger `RFC.rootqueue`
[INFO] 73697 items added, qic = 21, aic = 21, aac = 2464

2024-04-08 17:17:12,672 <Process-2:4075824, MainThread:140589325879104> (item.py:_add_items_sinle_process:209 -> queue.py:add:53) from logger `RFC.rootqueue`
[INFO] HiFiNiPostPage(319510) added

2024-04-08 17:17:22,278 <Process-4:4075832, MainThread:140589325879104> (process.py:run:108 -> queue.py:report:65) from logger `RFC.rootqueue`
[INFO] 74440 items added, qic = 17, aic = 21, aac = 1725

2024-04-08 17:17:26,249 <Process-7:9956:589371, MainThread:140589325879104> (item.py:_add_items_sinle_process:209 -> queue.py:add:53) from logger `RFC.rootqueue`
[INFO] HiFiNiPostPage(361533).HiFiNiMusicPreview(EcYoAD90w2vKaLLCWKyj9E29ALvkJi9J+cie__XkfLRecE9klew5KBEmal32K4fy_GVC_ZWZ3A) added

2024-04-08 17:17:32,299 <Process-4:4075832, MainThread:140589325879104> (process.py:run:108 -> queue.py:report:65) from logger `RFC.rootqueue`
[INFO] 75174 items added, qic = 50, aic = 0, aac = 729

2024-04-08 17:17:40,871 <Process-2:4075824, MainThread:140589325879104> (item.py:_add_items_sinle_process:209 -> queue.py:add:53) from logger `RFC.rootqueue`
[INFO] HiFiNiPostPage(318195) added

2024-04-08 17:17:42,315 <Process-4:4075832, MainThread:140589325879104> (process.py:run:108 -> queue.py:report:65) from logger `RFC.rootqueue`
[INFO] 75888 items added, qic = 57, aic = 29, aac = 167

2024-04-08 17:17:52,330 <Process-4:4075832, MainThread:140589325879104> (process.py:run:108 -> queue.py:report:65) from logger `RFC.rootqueue`
[INFO] 76703 items added, qic = 26, aic = 0, aac = 1

2024-04-08 17:17:54,274 <Process-2:4075824, MainThread:140589325879104> (item.py:_add_items_sinle_process:209 -> queue.py:add:53) from logger `RFC.rootqueue`
[INFO] HiFiNiPostPage(317396) added

2024-04-08 17:18:02,357 <Process-4:4075832, MainThread:140589325879104> (process.py:run:108 -> queue.py:report:65) from logger `RFC.rootqueue`
[INFO] 77477 items added, qic = 30, aic = 16, aac = 29

2024-04-08 17:18:06,567 <Process-2:4075824, MainThread:140589325879104> (item.py:_add_items_sinle_process:209 -> queue.py:add:53) from logger `RFC.rootqueue`
[INFO] HiFiNiPostPage(316531) added

2024-04-08 17:18:12,379 <Process-4:4075832, MainThread:140589325879104> (process.py:run:108 -> queue.py:report:65) from logger `RFC.rootqueue`
[INFO] 78329 items added, qic = 2, aic = 9, aac = 55

2024-04-08 17:18:18,239 <Process-10:11003:670554, MainThread:140589325879104> (item.py:_add_items_sinle_process:209 -> queue.py:add:53) from logger `RFC.rootqueue`
[INFO] HiFiNiPostPage(315722).HiFiNiMusicPreview(EMl0AT0nnDvKaLLCWKyj9E29ALvkJi9J+cie__XkfLRecE9klew8MWUISlf1IaDHyjZC_ZWZ3A) added

2024-04-08 17:18:22,413 <Process-4:4075832, MainThread:140589325879104> (process.py:run:108 -> queue.py:report:65) from logger `RFC.rootqueue`
[INFO] 79207 items added, qic = 7, aic = 0, aac = 1

2024-04-08 17:18:31,164 <Process-2:4075824, MainThread:140589325879104> (item.py:_add_items_sinle_process:209 -> queue.py:add:53) from logger `RFC.rootqueue`
[INFO] HiFiNiPostPage(314837) added

2024-04-08 17:18:32,425 <Process-4:4075832, MainThread:140589325879104> (process.py:run:108 -> queue.py:report:65) from logger `RFC.rootqueue`
[INFO] 79973 items added, qic = 12, aic = 1, aac = 2

2024-04-08 17:18:42,438 <Process-4:4075832, MainThread:140589325879104> (process.py:run:108 -> queue.py:report:65) from logger `RFC.rootqueue`
[INFO] 80828 items added, qic = 27, aic = 11, aac = 20

2024-04-08 17:18:43,330 <Process-2:4075824, MainThread:140589325879104> (item.py:_add_items_sinle_process:209 -> queue.py:add:53) from logger `RFC.rootqueue`
[INFO] HiFiNiPostPage(314008) added

2024-04-08 17:18:52,449 <Process-4:4075832, MainThread:140589325879104> (process.py:run:108 -> queue.py:report:65) from logger `RFC.rootqueue`
[INFO] 81600 items added, qic = 27, aic = 19, aac = 34

2024-04-08 17:18:56,156 <Process-2:4075824, MainThread:140589325879104> (item.py:_add_items_sinle_process:209 -> queue.py:add:53) from logger `RFC.rootqueue`
[INFO] HiFiNiPostPage(313158) added

2024-04-08 17:19:02,464 <Process-4:4075832, MainThread:140589325879104> (process.py:run:108 -> queue.py:report:65) from logger `RFC.rootqueue`
[INFO] 82463 items added, qic = 34, aic = 0, aac = 3

2024-04-08 17:19:08,185 <Process-2:4075824, MainThread:140589325879104> (item.py:_add_items_sinle_process:209 -> queue.py:add:53) from logger `RFC.rootqueue`
[INFO] HiFiNiPostPage(312296) added

2024-04-08 17:19:12,476 <Process-4:4075832, MainThread:140589325879104> (process.py:run:108 -> queue.py:report:65) from logger `RFC.rootqueue`
[INFO] 83265 items added, qic = 23, aic = 24, aac = 15

2024-04-08 17:19:20,809 <Process-2:4075824, MainThread:140589325879104> (item.py:_add_items_sinle_process:209 -> queue.py:add:53) from logger `RFC.rootqueue`
[INFO] HiFiNiPostPage(311451) added

2024-04-08 17:19:22,485 <Process-4:4075832, MainThread:140589325879104> (process.py:run:108 -> queue.py:report:65) from logger `RFC.rootqueue`
[INFO] 84081 items added, qic = 64, aic = 0, aac = 1

2024-04-08 17:19:32,493 <Process-4:4075832, MainThread:140589325879104> (process.py:run:108 -> queue.py:report:65) from logger `RFC.rootqueue`
[INFO] 84821 items added, qic = 56, aic = 7, aac = 1

2024-04-08 17:19:34,636 <Process-2:4075824, MainThread:140589325879104> (item.py:_add_items_sinle_process:209 -> queue.py:add:53) from logger `RFC.rootqueue`
[INFO] HiFiNiPostPage(310595) added

2024-04-08 17:19:42,505 <Process-4:4075832, MainThread:140589325879104> (process.py:run:108 -> queue.py:report:65) from logger `RFC.rootqueue`
[INFO] 85620 items added, qic = 63, aic = 18, aac = 5

2024-04-08 17:19:47,526 <Process-2:4075824, MainThread:140589325879104> (item.py:_add_items_sinle_process:209 -> queue.py:add:53) from logger `RFC.rootqueue`
[INFO] HiFiNiPostPage(309739) added

2024-04-08 17:19:52,513 <Process-4:4075832, MainThread:140589325879104> (process.py:run:108 -> queue.py:report:65) from logger `RFC.rootqueue`
[INFO] 86425 items added, qic = 4, aic = 16, aac = 1

2024-04-08 17:20:00,370 <Process-6:11901:755168, MainThread:140589325879104> (item.py:_add_items_sinle_process:209 -> queue.py:add:53) from logger `RFC.rootqueue`
[INFO] HiFiNiPostPage(308897).HiFiNiMusicPreview(QsgjADcjymDKaLLCWKyj9E29ALvkJi9J+cie__XkfLRecE9klew4NWAjSnXyIfWW22ZC_ZWZ3A) added

2024-04-08 17:20:02,531 <Process-4:4075832, MainThread:140589325879104> (process.py:run:108 -> queue.py:report:65) from logger `RFC.rootqueue`
[INFO] 87207 items added, qic = 0, aic = 18, aac = 16

2024-04-08 17:20:12,566 <Process-4:4075832, MainThread:140589325879104> (process.py:run:108 -> queue.py:report:65) from logger `RFC.rootqueue`
[INFO] 87956 items added, qic = 300, aic = 24, aac = 1

2024-04-08 17:20:14,978 <Process-2:4075824, MainThread:140589325879104> (item.py:_add_items_sinle_process:209 -> queue.py:add:53) from logger `RFC.rootqueue`
[INFO] HiFiNiPostPage(307981) added

2024-04-08 17:20:22,587 <Process-4:4075832, MainThread:140589325879104> (process.py:run:108 -> queue.py:report:65) from logger `RFC.rootqueue`
[INFO] 88508 items added, qic = 25, aic = 23, aac = 314

2024-04-08 17:20:30,518 <Process-2:4075824, MainThread:140589325879104> (item.py:_add_items_sinle_process:209 -> queue.py:add:53) from logger `RFC.rootqueue`
[INFO] HiFiNiPostPage(307158) added

2024-04-08 17:20:32,598 <Process-4:4075832, MainThread:140589325879104> (process.py:run:108 -> queue.py:report:65) from logger `RFC.rootqueue`
[INFO] 89338 items added, qic = 474, aic = 26, aac = 3

2024-04-08 17:20:40,085 <Process-2:4075824, MainThread:140589325879104> (item.py:_add_items_sinle_process:209 -> queue.py:add:53) from logger `RFC.rootqueue`
[INFO] HiFiNiPostPage(306166) added

2024-04-08 17:20:42,619 <Process-4:4075832, MainThread:140589325879104> (process.py:run:108 -> queue.py:report:65) from logger `RFC.rootqueue`
[INFO] 90298 items added, qic = 1001, aic = 30, aac = 176

2024-04-08 17:20:52,632 <Process-4:4075832, MainThread:140589325879104> (process.py:run:108 -> queue.py:report:65) from logger `RFC.rootqueue`
[INFO] 91009 items added, qic = 313, aic = 18, aac = 51

2024-04-08 17:20:54,832 <Process-2:4075824, MainThread:140589325879104> (item.py:_add_items_sinle_process:209 -> queue.py:add:53) from logger `RFC.rootqueue`
[INFO] HiFiNiPostPage(305470) added

2024-04-08 17:21:02,641 <Process-4:4075832, MainThread:140589325879104> (process.py:run:108 -> queue.py:report:65) from logger `RFC.rootqueue`
[INFO] 91738 items added, qic = 70, aic = 5, aac = 3

2024-04-08 17:21:08,001 <Process-2:4075824, MainThread:140589325879104> (item.py:_add_items_sinle_process:209 -> queue.py:add:53) from logger `RFC.rootqueue`
[INFO] HiFiNiPostPage(304630) added

2024-04-08 17:21:12,653 <Process-4:4075832, MainThread:140589325879104> (process.py:run:108 -> queue.py:report:65) from logger `RFC.rootqueue`
[INFO] 92559 items added, qic = 53, aic = 3, aac = 1

2024-04-08 17:21:20,588 <Process-2:4075824, MainThread:140589325879104> (item.py:_add_items_sinle_process:209 -> queue.py:add:53) from logger `RFC.rootqueue`
[INFO] HiFiNiPostPage(303786) added

2024-04-08 17:21:22,668 <Process-4:4075832, MainThread:140589325879104> (process.py:run:108 -> queue.py:report:65) from logger `RFC.rootqueue`
[INFO] 93335 items added, qic = 8, aic = 1, aac = 16

2024-04-08 17:21:32,678 <Process-4:4075832, MainThread:140589325879104> (process.py:run:108 -> queue.py:report:65) from logger `RFC.rootqueue`
[INFO] 94097 items added, qic = 72, aic = 6, aac = 1

2024-04-08 17:21:34,030 <Process-2:4075824, MainThread:140589325879104> (item.py:_add_items_sinle_process:209 -> queue.py:add:53) from logger `RFC.rootqueue`
[INFO] HiFiNiPostPage(302943) added

2024-04-08 17:21:42,689 <Process-4:4075832, MainThread:140589325879104> (process.py:run:108 -> queue.py:report:65) from logger `RFC.rootqueue`
[INFO] 94876 items added, qic = 28, aic = 2, aac = 1

2024-04-08 17:21:47,160 <Process-7:12992:837647, MainThread:140589325879104> (item.py:_add_items_sinle_process:209 -> queue.py:add:53) from logger `RFC.rootqueue`
[INFO] HiFiNiPostPage(302101).HiFiNiMusicPreview(QZl1XD5zyD7KaLLCWKyj9FnmAqOpa3ES5YjS6em6IKhfeRciweE5XGNnMCb3VveT) added

2024-04-08 17:21:52,702 <Process-4:4075832, MainThread:140589325879104> (process.py:run:108 -> queue.py:report:65) from logger `RFC.rootqueue`
[INFO] 95658 items added, qic = 3, aic = 7, aac = 1

2024-04-08 17:21:59,755 <Process-2:4075824, MainThread:140589325879104> (item.py:_add_items_sinle_process:209 -> queue.py:add:53) from logger `RFC.rootqueue`
[INFO] HiFiNiPostPage(301243) added

2024-04-08 17:22:02,715 <Process-4:4075832, MainThread:140589325879104> (process.py:run:108 -> queue.py:report:65) from logger `RFC.rootqueue`
[INFO] 96496 items added, qic = 74, aic = 2, aac = 1

2024-04-08 17:22:12,737 <Process-4:4075832, MainThread:140589325879104> (process.py:run:108 -> queue.py:report:65) from logger `RFC.rootqueue`
[INFO] 97274 items added, qic = 3, aic = 2, aac = 5

2024-04-08 17:22:12,760 <Process-2:4075824, MainThread:140589325879104> (item.py:_add_items_sinle_process:209 -> queue.py:add:53) from logger `RFC.rootqueue`
[INFO] HiFiNiPostPage(300410) added

2024-04-08 17:22:22,745 <Process-4:4075832, MainThread:140589325879104> (process.py:run:108 -> queue.py:report:65) from logger `RFC.rootqueue`
[INFO] 98086 items added, qic = 16, aic = 0, aac = 1

2024-04-08 17:22:25,254 <Process-6:13521:867996, MainThread:140589325879104> (item.py:_add_items_sinle_process:209 -> queue.py:add:53) from logger `RFC.rootqueue`
[INFO] HiFiNiPostPage(299585).HiFiNiMusicPreview(FZkhC28nzTvKaLLCWKyj9FnmAqOpa3ES5YjS6em6IKhfeRciweE5XWVhNyTwUvCe) added

2024-04-08 17:22:32,757 <Process-4:4075832, MainThread:140589325879104> (process.py:run:108 -> queue.py:report:65) from logger `RFC.rootqueue`
[INFO] 98866 items added, qic = 17, aic = 3, aac = 1

2024-04-08 17:22:38,277 <Process-2:4075824, MainThread:140589325879104> (item.py:_add_items_sinle_process:209 -> queue.py:add:53) from logger `RFC.rootqueue`
[INFO] HiFiNiPostPage(298711) added

2024-04-08 17:22:42,769 <Process-4:4075832, MainThread:140589325879104> (process.py:run:108 -> queue.py:report:65) from logger `RFC.rootqueue`
[INFO] 99697 items added, qic = 31, aic = 17, aac = 1

2024-04-08 17:22:50,551 <Process-2:4075824, MainThread:140589325879104> (item.py:_add_items_sinle_process:209 -> queue.py:add:53) from logger `RFC.rootqueue`
[INFO] HiFiNiPostPage(297859) added

2024-04-08 17:22:52,783 <Process-4:4075832, MainThread:140589325879104> (process.py:run:108 -> queue.py:report:65) from logger `RFC.rootqueue`
[INFO] 100523 items added, qic = 45, aic = 5, aac = 1

2024-04-08 17:23:02,794 <Process-4:4075832, MainThread:140589325879104> (process.py:run:108 -> queue.py:report:65) from logger `RFC.rootqueue`
[INFO] 101373 items added, qic = 0, aic = 11, aac = 34

2024-04-08 17:23:02,832 <Process-2:4075824, MainThread:140589325879104> (item.py:_add_items_sinle_process:209 -> queue.py:add:53) from logger `RFC.rootqueue`
[INFO] HiFiNiPostPage(297015) added

2024-04-08 17:23:12,805 <Process-4:4075832, MainThread:140589325879104> (process.py:run:108 -> queue.py:report:65) from logger `RFC.rootqueue`
[INFO] 102197 items added, qic = 38, aic = 6, aac = 1

2024-04-08 17:23:15,119 <Process-2:4075824, MainThread:140589325879104> (item.py:_add_items_sinle_process:209 -> queue.py:add:53) from logger `RFC.rootqueue`
[INFO] HiFiNiPostPage(296184) added

2024-04-08 17:23:22,813 <Process-4:4075832, MainThread:140589325879104> (process.py:run:108 -> queue.py:report:65) from logger `RFC.rootqueue`
[INFO] 103036 items added, qic = 24, aic = 4, aac = 2

2024-04-08 17:23:27,654 <Process-2:4075824, MainThread:140589325879104> (item.py:_add_items_sinle_process:209 -> queue.py:add:53) from logger `RFC.rootqueue`
[INFO] HiFiNiPostPage(295341) added

2024-04-08 17:23:32,826 <Process-4:4075832, MainThread:140589325879104> (process.py:run:108 -> queue.py:report:65) from logger `RFC.rootqueue`
[INFO] 103869 items added, qic = 46, aic = 17, aac = 37

2024-04-08 17:23:40,257 <Process-2:4075824, MainThread:140589325879104> (item.py:_add_items_sinle_process:209 -> queue.py:add:53) from logger `RFC.rootqueue`
[INFO] HiFiNiPostPage(294490) added

2024-04-08 17:23:42,840 <Process-4:4075832, MainThread:140589325879104> (process.py:run:108 -> queue.py:report:65) from logger `RFC.rootqueue`
[INFO] 104684 items added, qic = 42, aic = 14, aac = 31

2024-04-08 17:23:52,216 <Process-2:4075824, MainThread:140589325879104> (item.py:_add_items_sinle_process:209 -> queue.py:add:53) from logger `RFC.rootqueue`
[INFO] HiFiNiPostPage(293650) added

2024-04-08 17:23:52,854 <Process-4:4075832, MainThread:140589325879104> (process.py:run:108 -> queue.py:report:65) from logger `RFC.rootqueue`
[INFO] 105514 items added, qic = 0, aic = 5, aac = 59

2024-04-08 17:24:02,886 <Process-4:4075832, MainThread:140589325879104> (process.py:run:108 -> queue.py:report:65) from logger `RFC.rootqueue`
[INFO] 106319 items added, qic = 64, aic = 13, aac = 1

2024-04-08 17:24:04,892 <Process-2:4075824, MainThread:140589325879104> (item.py:_add_items_sinle_process:209 -> queue.py:add:53) from logger `RFC.rootqueue`
[INFO] HiFiNiPostPage(292802) added

2024-04-08 17:24:12,898 <Process-4:4075832, MainThread:140589325879104> (process.py:run:108 -> queue.py:report:65) from logger `RFC.rootqueue`
[INFO] 107181 items added, qic = 14, aic = 17, aac = 2

2024-04-08 17:24:17,041 <Process-2:4075824, MainThread:140589325879104> (item.py:_add_items_sinle_process:209 -> queue.py:add:53) from logger `RFC.rootqueue`
[INFO] HiFiNiPostPage(291957) added

2024-04-08 17:24:22,924 <Process-4:4075832, MainThread:140589325879104> (process.py:run:108 -> queue.py:report:65) from logger `RFC.rootqueue`
[INFO] 107977 items added, qic = 38, aic = 17, aac = 10

2024-04-08 17:24:29,921 <Process-2:4075824, MainThread:140589325879104> (item.py:_add_items_sinle_process:209 -> queue.py:add:53) from logger `RFC.rootqueue`
[INFO] HiFiNiPostPage(291101) added

2024-04-08 17:24:32,933 <Process-4:4075832, MainThread:140589325879104> (process.py:run:108 -> queue.py:report:65) from logger `RFC.rootqueue`
[INFO] 108779 items added, qic = 41, aic = 0, aac = 1

2024-04-08 17:24:42,822 <Process-2:4075824, MainThread:140589325879104> (item.py:_add_items_sinle_process:209 -> queue.py:add:53) from logger `RFC.rootqueue`
[INFO] HiFiNiPostPage(290256) added

2024-04-08 17:24:42,947 <Process-4:4075832, MainThread:140589325879104> (process.py:run:108 -> queue.py:report:65) from logger `RFC.rootqueue`
[INFO] 109572 items added, qic = 48, aic = 21, aac = 11

2024-04-08 17:24:52,957 <Process-4:4075832, MainThread:140589325879104> (process.py:run:108 -> queue.py:report:65) from logger `RFC.rootqueue`
[INFO] 110332 items added, qic = 21, aic = 6, aac = 2

2024-04-08 17:24:56,042 <Process-10:15326:992416, MainThread:140589325879104> (item.py:_add_items_sinle_process:209 -> queue.py:add:53) from logger `RFC.rootqueue`
[INFO] HiFiNiPostPage(289407).HiFiNiMusicPreview(RpojDDd5zmnKaLLCWKyj9E29ALvkJi9J+cie__XkfLRecE9klew6PCQHR1r1DqTuw2lC_ZWZ3A) added

2024-04-08 17:25:02,967 <Process-4:4075832, MainThread:140589325879104> (process.py:run:108 -> queue.py:report:65) from logger `RFC.rootqueue`
[INFO] 111165 items added, qic = 8, aic = 6, aac = 3

2024-04-08 17:25:08,056 <Process-9:14632:1001967, MainThread:140589325879104> (item.py:_add_items_sinle_process:209 -> queue.py:add:53) from logger `RFC.rootqueue`
[INFO] HiFiNiPostPage(288555).HiFiNiMusicPreview(R8d2Cjh5ymjKaLLCWKyj9E29ALvkJi9J+cie__XkfLRecE9klew8XQMfa3f1O5bX6VZC_ZWZ3A) added

2024-04-08 17:25:12,978 <Process-4:4075832, MainThread:140589325879104> (process.py:run:108 -> queue.py:report:65) from logger `RFC.rootqueue`
[INFO] 111991 items added, qic = 41, aic = 2, aac = 3

2024-04-08 17:25:21,050 <Process-2:4075824, MainThread:140589325879104> (item.py:_add_items_sinle_process:209 -> queue.py:add:53) from logger `RFC.rootqueue`
[INFO] HiFiNiPostPage(287685) added

2024-04-08 17:25:22,990 <Process-4:4075832, MainThread:140589325879104> (process.py:run:108 -> queue.py:report:65) from logger `RFC.rootqueue`
[INFO] 112802 items added, qic = 2, aic = 17, aac = 34

2024-04-08 17:25:33,004 <Process-4:4075832, MainThread:140589325879104> (process.py:run:108 -> queue.py:report:65) from logger `RFC.rootqueue`
[INFO] 113628 items added, qic = 28, aic = 24, aac = 23

2024-04-08 17:25:33,531 <Process-8:15588:1023306, MainThread:140589325879104> (item.py:_add_items_sinle_process:209 -> queue.py:add:53) from logger `RFC.rootqueue`
[INFO] HiFiNiPostPage(286951).HiFiNiMusicPreview(EZpyCz4nymrKaLLCWKyj9Ff8HqGjIG4V4JWf5ev4fLRecE90zLg1UGJhMyLzUfKU) added

2024-04-08 17:25:43,016 <Process-4:4075832, MainThread:140589325879104> (process.py:run:108 -> queue.py:report:65) from logger `RFC.rootqueue`
[INFO] 114421 items added, qic = 51, aic = 2, aac = 1

2024-04-08 17:25:46,181 <Process-2:4075824, MainThread:140589325879104> (item.py:_add_items_sinle_process:209 -> queue.py:add:53) from logger `RFC.rootqueue`
[INFO] HiFiNiPostPage(285971) added

2024-04-08 17:25:53,037 <Process-4:4075832, MainThread:140589325879104> (process.py:run:108 -> queue.py:report:65) from logger `RFC.rootqueue`
[INFO] 115239 items added, qic = 23, aic = 1, aac = 1

2024-04-08 17:25:58,241 <Process-2:4075824, MainThread:140589325879104> (item.py:_add_items_sinle_process:209 -> queue.py:add:53) from logger `RFC.rootqueue`
[INFO] HiFiNiPostPage(285132) added

2024-04-08 17:26:03,058 <Process-4:4075832, MainThread:140589325879104> (process.py:run:108 -> queue.py:report:65) from logger `RFC.rootqueue`
[INFO] 116153 items added, qic = 73, aic = 25, aac = 9

2024-04-08 17:26:10,526 <Process-2:4075824, MainThread:140589325879104> (item.py:_add_items_sinle_process:209 -> queue.py:add:53) from logger `RFC.rootqueue`
[INFO] HiFiNiPostPage(284274) added

2024-04-08 17:26:13,070 <Process-4:4075832, MainThread:140589325879104> (process.py:run:108 -> queue.py:report:65) from logger `RFC.rootqueue`
[INFO] 116976 items added, qic = 79, aic = 22, aac = 6

2024-04-08 17:26:23,081 <Process-4:4075832, MainThread:140589325879104> (process.py:run:108 -> queue.py:report:65) from logger `RFC.rootqueue`
[INFO] 117748 items added, qic = 6, aic = 0, aac = 1

2024-04-08 17:26:23,180 <Process-2:4075824, MainThread:140589325879104> (item.py:_add_items_sinle_process:209 -> queue.py:add:53) from logger `RFC.rootqueue`
[INFO] HiFiNiPostPage(283428) added

2024-04-08 17:26:33,093 <Process-4:4075832, MainThread:140589325879104> (process.py:run:108 -> queue.py:report:65) from logger `RFC.rootqueue`
[INFO] 118584 items added, qic = 47, aic = 2, aac = 2

2024-04-08 17:26:35,644 <Process-2:4075824, MainThread:140589325879104> (item.py:_add_items_sinle_process:209 -> queue.py:add:53) from logger `RFC.rootqueue`
[INFO] HiFiNiPostPage(282594) added

2024-04-08 17:26:43,110 <Process-4:4075832, MainThread:140589325879104> (process.py:run:108 -> queue.py:report:65) from logger `RFC.rootqueue`
[INFO] 119404 items added, qic = 62, aic = 21, aac = 6

2024-04-08 17:26:48,185 <Process-2:4075824, MainThread:140589325879104> (item.py:_add_items_sinle_process:209 -> queue.py:add:53) from logger `RFC.rootqueue`
[INFO] HiFiNiPostPage(281729) added

2024-04-08 17:26:53,131 <Process-4:4075832, MainThread:140589325879104> (process.py:run:108 -> queue.py:report:65) from logger `RFC.rootqueue`
[INFO] 120199 items added, qic = 4, aic = 4, aac = 38

2024-04-08 17:27:00,588 <Process-2:4075824, MainThread:140589325879104> (item.py:_add_items_sinle_process:209 -> queue.py:add:53) from logger `RFC.rootqueue`
[INFO] HiFiNiPostPage(280875) added

2024-04-08 17:27:03,141 <Process-4:4075832, MainThread:140589325879104> (process.py:run:108 -> queue.py:report:65) from logger `RFC.rootqueue`
[INFO] 121039 items added, qic = 44, aic = 0, aac = 1

2024-04-08 17:27:12,930 <Process-2:4075824, MainThread:140589325879104> (item.py:_add_items_sinle_process:209 -> queue.py:add:53) from logger `RFC.rootqueue`
[INFO] HiFiNiPostPage(280016) added

2024-04-08 17:27:13,151 <Process-4:4075832, MainThread:140589325879104> (process.py:run:108 -> queue.py:report:65) from logger `RFC.rootqueue`
[INFO] 121874 items added, qic = 51, aic = 22, aac = 5

2024-04-08 17:27:23,164 <Process-4:4075832, MainThread:140589325879104> (process.py:run:108 -> queue.py:report:65) from logger `RFC.rootqueue`
[INFO] 122651 items added, qic = 3, aic = 6, aac = 22

2024-04-08 17:27:26,137 <Process-2:4075824, MainThread:140589325879104> (item.py:_add_items_sinle_process:209 -> queue.py:add:53) from logger `RFC.rootqueue`
[INFO] HiFiNiPostPage(279160) added

2024-04-08 17:27:33,176 <Process-4:4075832, MainThread:140589325879104> (process.py:run:108 -> queue.py:report:65) from logger `RFC.rootqueue`
[INFO] 123480 items added, qic = 87, aic = 2, aac = 1

2024-04-08 17:27:38,810 <Process-7:16986:1128888, MainThread:140589325879104> (item.py:_add_items_sinle_process:209 -> queue.py:add:53) from logger `RFC.rootqueue`
[INFO] HiFiNiPostPage(278317).HiFiNiMusicPreview(F5t1CDZ1z2nKaLLCWKyj9FnmAqOpa3ES5YjS6em6IKhfeRciweE6VWZjNyHwVvaV) added

2024-04-08 17:27:43,185 <Process-4:4075832, MainThread:140589325879104> (process.py:run:108 -> queue.py:report:65) from logger `RFC.rootqueue`
[INFO] 124264 items added, qic = 37, aic = 1, aac = 1

2024-04-08 17:27:52,066 <Process-8:17121:1139048, MainThread:140589325879104> (item.py:_add_items_sinle_process:209 -> queue.py:add:53) from logger `RFC.rootqueue`
[INFO] HiFiNiPostPage(277456).HiFiNiMusicPreview(Q8koXjsjyDnKaLLCWKyj9E29ALvkJi9J+cie__XkfLRecE9klew5FmE2fV73GqfcyUhC_ZWZ3A) added

2024-04-08 17:27:53,194 <Process-4:4075832, MainThread:140589325879104> (process.py:run:108 -> queue.py:report:65) from logger `RFC.rootqueue`
[INFO] 125014 items added, qic = 46, aic = 22, aac = 7

2024-04-08 17:28:03,209 <Process-4:4075832, MainThread:140589325879104> (process.py:run:108 -> queue.py:report:65) from logger `RFC.rootqueue`
[INFO] 125813 items added, qic = 4, aic = 6, aac = 14

2024-04-08 17:28:04,980 <Process-2:4075824, MainThread:140589325879104> (item.py:_add_items_sinle_process:209 -> queue.py:add:53) from logger `RFC.rootqueue`
[INFO] HiFiNiPostPage(276594) added

2024-04-08 17:28:13,223 <Process-4:4075832, MainThread:140589325879104> (process.py:run:108 -> queue.py:report:65) from logger `RFC.rootqueue`
[INFO] 126552 items added, qic = 4, aic = 5, aac = 21

2024-04-08 17:28:18,563 <Process-2:4075824, MainThread:140589325879104> (item.py:_add_items_sinle_process:209 -> queue.py:add:53) from logger `RFC.rootqueue`
[INFO] HiFiNiPostPage(275734) added

2024-04-08 17:28:23,235 <Process-4:4075832, MainThread:140589325879104> (process.py:run:108 -> queue.py:report:65) from logger `RFC.rootqueue`
[INFO] 127326 items added, qic = 48, aic = 18, aac = 6

2024-04-08 17:28:31,972 <Process-5:17645:1170720, MainThread:140589325879104> (item.py:_add_items_sinle_process:209 -> queue.py:add:53) from logger `RFC.rootqueue`
[INFO] HiFiNiPostPage(275006).HiFiNiMusicPreview(EpwlXWggyT7KaLLCWKyj9E29ALvkJi9J+cie__XkfLRecE9klew4M2s_XF70GPDqnF9C_ZWZ3A) added

2024-04-08 17:28:33,250 <Process-4:4075832, MainThread:140589325879104> (process.py:run:108 -> queue.py:report:65) from logger `RFC.rootqueue`
[INFO] 128105 items added, qic = 21, aic = 12, aac = 35

2024-04-08 17:28:43,266 <Process-4:4075832, MainThread:140589325879104> (process.py:run:108 -> queue.py:report:65) from logger `RFC.rootqueue`
[INFO] 128924 items added, qic = 40, aic = 24, aac = 14

2024-04-08 17:28:44,816 <Process-2:4075824, MainThread:140589325879104> (item.py:_add_items_sinle_process:209 -> queue.py:add:53) from logger `RFC.rootqueue`
[INFO] HiFiNiPostPage(274029) added

2024-04-08 17:28:53,287 <Process-4:4075832, MainThread:140589325879104> (process.py:run:108 -> queue.py:report:65) from logger `RFC.rootqueue`
[INFO] 129721 items added, qic = 22, aic = 23, aac = 11

2024-04-08 17:28:56,832 <Process-8:17899:1191312, MainThread:140589325879104> (item.py:_add_items_sinle_process:209 -> queue.py:add:53) from logger `RFC.rootqueue`
[INFO] HiFiNiPostPage(273201).HiFiNiMusicPreview(FZ0gCWgkzzzKaLLCWKyj9E29ALvkJi9J+cie__XkfLRecE9klew5AwRiUF72G7LvnFJC_ZWZ3A) added

2024-04-08 17:29:03,297 <Process-4:4075832, MainThread:140589325879104> (process.py:run:108 -> queue.py:report:65) from logger `RFC.rootqueue`
[INFO] 130589 items added, qic = 59, aic = 1, aac = 1

2024-04-08 17:29:08,964 <Process-2:4075824, MainThread:140589325879104> (item.py:_add_items_sinle_process:209 -> queue.py:add:53) from logger `RFC.rootqueue`
[INFO] HiFiNiPostPage(272324) added

2024-04-08 17:29:13,315 <Process-4:4075832, MainThread:140589325879104> (process.py:run:108 -> queue.py:report:65) from logger `RFC.rootqueue`
[INFO] 131487 items added, qic = 68, aic = 24, aac = 9

2024-04-08 17:29:20,723 <Process-2:4075824, MainThread:140589325879104> (item.py:_add_items_sinle_process:209 -> queue.py:add:53) from logger `RFC.rootqueue`
[INFO] HiFiNiPostPage(271499) added

2024-04-08 17:29:23,335 <Process-4:4075832, MainThread:140589325879104> (process.py:run:108 -> queue.py:report:65) from logger `RFC.rootqueue`
[INFO] 132309 items added, qic = 4, aic = 19, aac = 8

2024-04-08 17:29:33,361 <Process-4:4075832, MainThread:140589325879104> (process.py:run:108 -> queue.py:report:65) from logger `RFC.rootqueue`
[INFO] 133110 items added, qic = 23, aic = 7, aac = 1

2024-04-08 17:29:33,489 <Process-2:4075824, MainThread:140589325879104> (item.py:_add_items_sinle_process:209 -> queue.py:add:53) from logger `RFC.rootqueue`
[INFO] HiFiNiPostPage(270663) added

2024-04-08 17:29:43,373 <Process-4:4075832, MainThread:140589325879104> (process.py:run:108 -> queue.py:report:65) from logger `RFC.rootqueue`
[INFO] 133942 items added, qic = 27, aic = 0, aac = 1

2024-04-08 17:29:45,698 <Process-2:4075824, MainThread:140589325879104> (item.py:_add_items_sinle_process:209 -> queue.py:add:53) from logger `RFC.rootqueue`
[INFO] HiFiNiPostPage(269823) added

2024-04-08 17:29:53,391 <Process-4:4075832, MainThread:140589325879104> (process.py:run:108 -> queue.py:report:65) from logger `RFC.rootqueue`
[INFO] 134785 items added, qic = 52, aic = 18, aac = 4

2024-04-08 17:29:58,530 <Process-2:4075824, MainThread:140589325879104> (item.py:_add_items_sinle_process:209 -> queue.py:add:53) from logger `RFC.rootqueue`
[INFO] HiFiNiPostPage(268983) added

2024-04-08 17:30:03,407 <Process-4:4075832, MainThread:140589325879104> (process.py:run:108 -> queue.py:report:65) from logger `RFC.rootqueue`
[INFO] 135569 items added, qic = 4, aic = 5, aac = 8

2024-04-08 17:30:10,599 <Process-2:4075824, MainThread:140589325879104> (item.py:_add_items_sinle_process:209 -> queue.py:add:53) from logger `RFC.rootqueue`
[INFO] HiFiNiPostPage(268142) added

2024-04-08 17:30:13,417 <Process-4:4075832, MainThread:140589325879104> (process.py:run:108 -> queue.py:report:65) from logger `RFC.rootqueue`
[INFO] 136413 items added, qic = 50, aic = 4, aac = 1

2024-04-08 17:30:22,538 <Process-2:4075824, MainThread:140589325879104> (item.py:_add_items_sinle_process:209 -> queue.py:add:53) from logger `RFC.rootqueue`
[INFO] HiFiNiPostPage(267308) added

2024-04-08 17:30:23,425 <Process-4:4075832, MainThread:140589325879104> (process.py:run:108 -> queue.py:report:65) from logger `RFC.rootqueue`
[INFO] 137314 items added, qic = 59, aic = 23, aac = 2

2024-04-08 17:30:33,439 <Process-4:4075832, MainThread:140589325879104> (process.py:run:108 -> queue.py:report:65) from logger `RFC.rootqueue`
[INFO] 138210 items added, qic = 52, aic = 25, aac = 21

2024-04-08 17:30:34,048 <Process-10:19223:1273740, MainThread:140589325879104> (item.py:_add_items_sinle_process:209 -> queue.py:add:53) from logger `RFC.rootqueue`
[INFO] HiFiNiPostPage(266464).HiFiNiMusicPreview(QccgWW1xzWHKaLLCWKyj9E29ALvkJi9J+cie__XkfLRecE9klew4Dyo+S33yALPPylNC_ZWZ3A) added

2024-04-08 17:30:43,449 <Process-4:4075832, MainThread:140589325879104> (process.py:run:108 -> queue.py:report:65) from logger `RFC.rootqueue`
[INFO] 138950 items added, qic = 45, aic = 25, aac = 1

2024-04-08 17:30:47,792 <Process-2:4075824, MainThread:140589325879104> (item.py:_add_items_sinle_process:209 -> queue.py:add:53) from logger `RFC.rootqueue`
[INFO] HiFiNiPostPage(265631) added

2024-04-08 17:30:53,745 <Process-4:4075832, MainThread:140589325879104> (process.py:run:108 -> queue.py:report:65) from logger `RFC.rootqueue`
[INFO] 139691 items added, qic = 3, aic = 18, aac = 27

2024-04-08 17:31:01,442 <Process-2:4075824, MainThread:140589325879104> (item.py:_add_items_sinle_process:209 -> queue.py:add:53) from logger `RFC.rootqueue`
[INFO] HiFiNiPostPage(264783) added

2024-04-08 17:31:03,753 <Process-4:4075832, MainThread:140589325879104> (process.py:run:108 -> queue.py:report:65) from logger `RFC.rootqueue`
[INFO] 140515 items added, qic = 73, aic = 11, aac = 16

2024-04-08 17:31:13,777 <Process-4:4075832, MainThread:140589325879104> (process.py:run:108 -> queue.py:report:65) from logger `RFC.rootqueue`
[INFO] 141160 items added, qic = 2, aic = 18, aac = 5

2024-04-08 17:31:16,657 <Process-2:4075824, MainThread:140589325879104> (item.py:_add_items_sinle_process:209 -> queue.py:add:53) from logger `RFC.rootqueue`
[INFO] HiFiNiPostPage(263931) added

2024-04-08 17:31:23,790 <Process-4:4075832, MainThread:140589325879104> (process.py:run:108 -> queue.py:report:65) from logger `RFC.rootqueue`
[INFO] 141871 items added, qic = 55, aic = 15, aac = 31

2024-04-08 17:31:28,885 <Process-2:4075824, MainThread:140589325879104> (item.py:_add_items_sinle_process:209 -> queue.py:add:53) from logger `RFC.rootqueue`
[INFO] HiFiNiPostPage(263070) added

2024-04-08 17:31:33,801 <Process-4:4075832, MainThread:140589325879104> (process.py:run:108 -> queue.py:report:65) from logger `RFC.rootqueue`
[INFO] 142682 items added, qic = 4, aic = 6, aac = 7

2024-04-08 17:31:43,813 <Process-4:4075832, MainThread:140589325879104> (process.py:run:108 -> queue.py:report:65) from logger `RFC.rootqueue`
[INFO] 143181 items added, qic = 29, aic = 26, aac = 1

2024-04-08 17:31:45,976 <Process-2:4075824, MainThread:140589325879104> (item.py:_add_items_sinle_process:209 -> queue.py:add:53) from logger `RFC.rootqueue`
[INFO] HiFiNiPostPage(262243) added

2024-04-08 17:31:53,825 <Process-4:4075832, MainThread:140589325879104> (process.py:run:108 -> queue.py:report:65) from logger `RFC.rootqueue`
[INFO] 143925 items added, qic = 15, aic = 6, aac = 1

2024-04-08 17:32:00,469 <Process-2:4075824, MainThread:140589325879104> (item.py:_add_items_sinle_process:209 -> queue.py:add:53) from logger `RFC.rootqueue`
[INFO] HiFiNiPostPage(261387) added

2024-04-08 17:32:03,838 <Process-4:4075832, MainThread:140589325879104> (process.py:run:108 -> queue.py:report:65) from logger `RFC.rootqueue`
[INFO] 144622 items added, qic = 59, aic = 0, aac = 1

2024-04-08 17:32:13,774 <Process-2:4075824, MainThread:140589325879104> (item.py:_add_items_sinle_process:209 -> queue.py:add:53) from logger `RFC.rootqueue`
[INFO] HiFiNiPostPage(260537) added

2024-04-08 17:32:13,849 <Process-4:4075832, MainThread:140589325879104> (process.py:run:108 -> queue.py:report:65) from logger `RFC.rootqueue`
[INFO] 145417 items added, qic = 66, aic = 16, aac = 1

2024-04-08 17:32:23,864 <Process-4:4075832, MainThread:140589325879104> (process.py:run:108 -> queue.py:report:65) from logger `RFC.rootqueue`
[INFO] 146208 items added, qic = 3, aic = 4, aac = 45

2024-04-08 17:32:26,519 <Process-2:4075824, MainThread:140589325879104> (item.py:_add_items_sinle_process:209 -> queue.py:add:53) from logger `RFC.rootqueue`
[INFO] HiFiNiPostPage(259701) added

2024-04-08 17:32:33,876 <Process-4:4075832, MainThread:140589325879104> (process.py:run:108 -> queue.py:report:65) from logger `RFC.rootqueue`
[INFO] 147011 items added, qic = 16, aic = 5, aac = 3

2024-04-08 17:32:39,751 <Process-2:4075824, MainThread:140589325879104> (item.py:_add_items_sinle_process:209 -> queue.py:add:53) from logger `RFC.rootqueue`
[INFO] HiFiNiPostPage(258835) added

2024-04-08 17:32:43,890 <Process-4:4075832, MainThread:140589325879104> (process.py:run:108 -> queue.py:report:65) from logger `RFC.rootqueue`
[INFO] 147797 items added, qic = 29, aic = 16, aac = 17

2024-04-08 17:32:52,007 <Process-2:4075824, MainThread:140589325879104> (item.py:_add_items_sinle_process:209 -> queue.py:add:53) from logger `RFC.rootqueue`
[INFO] HiFiNiPostPage(257994) added

2024-04-08 17:32:53,903 <Process-4:4075832, MainThread:140589325879104> (process.py:run:108 -> queue.py:report:65) from logger `RFC.rootqueue`
[INFO] 148619 items added, qic = 4, aic = 2, aac = 19

2024-04-08 17:33:03,914 <Process-4:4075832, MainThread:140589325879104> (process.py:run:108 -> queue.py:report:65) from logger `RFC.rootqueue`
[INFO] 149397 items added, qic = 44, aic = 27, aac = 4

2024-04-08 17:33:05,330 <Process-9:19844:1389564, MainThread:140589325879104> (item.py:_add_items_sinle_process:209 -> queue.py:add:53) from logger `RFC.rootqueue`
[INFO] HiFiNiPostPage(257244).HiFiNiMusicPreview(FZslWzp1n2jKaLLCWKyj9E29ALvkJi9J+cie__XkfLRecE9klew8NRQCRF33LvX1_n9C_ZWZ3A) added

2024-04-08 17:33:13,928 <Process-4:4075832, MainThread:140589325879104> (process.py:run:108 -> queue.py:report:65) from logger `RFC.rootqueue`
[INFO] 150215 items added, qic = 22, aic = 0, aac = 1

2024-04-08 17:33:17,519 <Process-2:4075824, MainThread:140589325879104> (item.py:_add_items_sinle_process:209 -> queue.py:add:53) from logger `RFC.rootqueue`
[INFO] HiFiNiPostPage(256319) added

2024-04-08 17:33:23,941 <Process-4:4075832, MainThread:140589325879104> (process.py:run:108 -> queue.py:report:65) from logger `RFC.rootqueue`
[INFO] 151051 items added, qic = 82, aic = 0, aac = 1

2024-04-08 17:33:29,637 <Process-2:4075824, MainThread:140589325879104> (item.py:_add_items_sinle_process:209 -> queue.py:add:53) from logger `RFC.rootqueue`
[INFO] HiFiNiPostPage(255466) added

2024-04-08 17:33:33,953 <Process-4:4075832, MainThread:140589325879104> (process.py:run:108 -> queue.py:report:65) from logger `RFC.rootqueue`
[INFO] 151860 items added, qic = 10, aic = 4, aac = 2

2024-04-08 17:33:43,471 <Process-2:4075824, MainThread:140589325879104> (item.py:_add_items_sinle_process:209 -> queue.py:add:53) from logger `RFC.rootqueue`
[INFO] HiFiNiPostPage(254614) added

2024-04-08 17:33:43,965 <Process-4:4075832, MainThread:140589325879104> (process.py:run:108 -> queue.py:report:65) from logger `RFC.rootqueue`
[INFO] 152616 items added, qic = 62, aic = 12, aac = 2

2024-04-08 17:33:53,973 <Process-4:4075832, MainThread:140589325879104> (process.py:run:108 -> queue.py:report:65) from logger `RFC.rootqueue`
[INFO] 153482 items added, qic = 40, aic = 0, aac = 1

2024-04-08 17:33:55,468 <Process-2:4075824, MainThread:140589325879104> (item.py:_add_items_sinle_process:209 -> queue.py:add:53) from logger `RFC.rootqueue`
[INFO] HiFiNiPostPage(253778) added

2024-04-08 17:34:03,986 <Process-4:4075832, MainThread:140589325879104> (process.py:run:108 -> queue.py:report:65) from logger `RFC.rootqueue`
[INFO] 154263 items added, qic = 51, aic = 0, aac = 1

2024-04-08 17:34:08,800 <Process-2:4075824, MainThread:140589325879104> (item.py:_add_items_sinle_process:209 -> queue.py:add:53) from logger `RFC.rootqueue`
[INFO] HiFiNiPostPage(252915) added

2024-04-08 17:34:14,001 <Process-4:4075832, MainThread:140589325879104> (process.py:run:108 -> queue.py:report:65) from logger `RFC.rootqueue`
[INFO] 155002 items added, qic = 11, aic = 20, aac = 10

2024-04-08 17:34:22,620 <Process-2:4075824, MainThread:140589325879104> (item.py:_add_items_sinle_process:209 -> queue.py:add:53) from logger `RFC.rootqueue`
[INFO] HiFiNiPostPage(252083) added

2024-04-08 17:34:24,017 <Process-4:4075832, MainThread:140589325879104> (process.py:run:108 -> queue.py:report:65) from logger `RFC.rootqueue`
[INFO] 155771 items added, qic = 25, aic = 16, aac = 21

2024-04-08 17:34:34,029 <Process-4:4075832, MainThread:140589325879104> (process.py:run:108 -> queue.py:report:65) from logger `RFC.rootqueue`
[INFO] 156530 items added, qic = 1, aic = 6, aac = 7

2024-04-08 17:34:35,238 <Process-5:21538:1461817, MainThread:140589325879104> (item.py:_add_items_sinle_process:209 -> queue.py:add:53) from logger `RFC.rootqueue`
[INFO] HiFiNiPostPage(251263).HiFiNiMusicPreview(Ec5xADl3w2vKaLLCWKyj9E29ALvkJi9J+cie__XkfLRecE9klew4AGALYlb2W4zEzTBC_ZWZ3A) added

2024-04-08 17:34:44,037 <Process-4:4075832, MainThread:140589325879104> (process.py:run:108 -> queue.py:report:65) from logger `RFC.rootqueue`
[INFO] 157396 items added, qic = 56, aic = 2, aac = 1

2024-04-08 17:34:46,864 <Process-2:4075824, MainThread:140589325879104> (item.py:_add_items_sinle_process:209 -> queue.py:add:53) from logger `RFC.rootqueue`
[INFO] HiFiNiPostPage(250404) added

2024-04-08 17:34:54,049 <Process-4:4075832, MainThread:140589325879104> (process.py:run:108 -> queue.py:report:65) from logger `RFC.rootqueue`
[INFO] 158340 items added, qic = 56, aic = 13, aac = 1

2024-04-08 17:34:58,645 <Process-6:21831:1482799, MainThread:140589325879104> (item.py:_add_items_sinle_process:209 -> queue.py:add:53) from logger `RFC.rootqueue`
[INFO] HiFiNiPostPage(249658).HiFiNiMusicPreview(RJ1zXW0nzGnKaLLCWKyj9E29ALvkJi9J+cie__XkfLRecE9klew8UxcaPW70E7rv4GhC_ZWZ3A) added

2024-04-08 17:35:04,066 <Process-4:4075832, MainThread:140589325879104> (process.py:run:108 -> queue.py:report:65) from logger `RFC.rootqueue`
[INFO] 159108 items added, qic = 44, aic = 16, aac = 8

2024-04-08 17:35:12,176 <Process-2:4075824, MainThread:140589325879104> (item.py:_add_items_sinle_process:209 -> queue.py:add:53) from logger `RFC.rootqueue`
[INFO] HiFiNiPostPage(248733) added

2024-04-08 17:35:14,077 <Process-4:4075832, MainThread:140589325879104> (process.py:run:108 -> queue.py:report:65) from logger `RFC.rootqueue`
[INFO] 159891 items added, qic = 57, aic = 22, aac = 4

2024-04-08 17:35:24,089 <Process-4:4075832, MainThread:140589325879104> (process.py:run:108 -> queue.py:report:65) from logger `RFC.rootqueue`
[INFO] 160662 items added, qic = 11, aic = 4, aac = 1

2024-04-08 17:35:25,223 <Process-2:4075824, MainThread:140589325879104> (item.py:_add_items_sinle_process:209 -> queue.py:add:53) from logger `RFC.rootqueue`
[INFO] HiFiNiPostPage(247869) added

2024-04-08 17:35:34,101 <Process-4:4075832, MainThread:140589325879104> (process.py:run:108 -> queue.py:report:65) from logger `RFC.rootqueue`
[INFO] 161426 items added, qic = 18, aic = 0, aac = 1

2024-04-08 17:35:38,739 <Process-2:4075824, MainThread:140589325879104> (item.py:_add_items_sinle_process:209 -> queue.py:add:53) from logger `RFC.rootqueue`
[INFO] HiFiNiPostPage(247030) added

2024-04-08 17:35:44,109 <Process-4:4075832, MainThread:140589325879104> (process.py:run:108 -> queue.py:report:65) from logger `RFC.rootqueue`
[INFO] 162264 items added, qic = 57, aic = 18, aac = 1

2024-04-08 17:35:50,058 <Process-2:4075824, MainThread:140589325879104> (item.py:_add_items_sinle_process:209 -> queue.py:add:53) from logger `RFC.rootqueue`
[INFO] HiFiNiPostPage(246191) added

2024-04-08 17:35:54,121 <Process-4:4075832, MainThread:140589325879104> (process.py:run:108 -> queue.py:report:65) from logger `RFC.rootqueue`
[INFO] 163163 items added, qic = 66, aic = 11, aac = 1

2024-04-08 17:36:02,874 <Process-2:4075824, MainThread:140589325879104> (item.py:_add_items_sinle_process:209 -> queue.py:add:53) from logger `RFC.rootqueue`
[INFO] HiFiNiPostPage(245382) added

2024-04-08 17:36:04,133 <Process-4:4075832, MainThread:140589325879104> (process.py:run:108 -> queue.py:report:65) from logger `RFC.rootqueue`
[INFO] 163929 items added, qic = 58, aic = 0, aac = 1

2024-04-08 17:36:14,147 <Process-4:4075832, MainThread:140589325879104> (process.py:run:108 -> queue.py:report:65) from logger `RFC.rootqueue`
[INFO] 164719 items added, qic = 68, aic = 12, aac = 15

2024-04-08 17:36:15,710 <Process-2:4075824, MainThread:140589325879104> (item.py:_add_items_sinle_process:209 -> queue.py:add:53) from logger `RFC.rootqueue`
[INFO] HiFiNiPostPage(244534) added

2024-04-08 17:36:24,157 <Process-4:4075832, MainThread:140589325879104> (process.py:run:108 -> queue.py:report:65) from logger `RFC.rootqueue`
[INFO] 165588 items added, qic = 12, aic = 0, aac = 31

2024-04-08 17:36:28,115 <Process-10:22921:1554176, MainThread:140589325879104> (item.py:_add_items_sinle_process:209 -> queue.py:add:53) from logger `RFC.rootqueue`
[INFO] HiFiNiPostPage(243704).HiFiNiMusicPreview(EcgnAD15n2jKaLLCWKyj9FnmAqOpa3ES5YjS6em6IKhfeRciweE6VWJmNSf0W_eU) added

2024-04-08 17:36:34,165 <Process-4:4075832, MainThread:140589325879104> (process.py:run:108 -> queue.py:report:65) from logger `RFC.rootqueue`
[INFO] 166398 items added, qic = 46, aic = 0, aac = 1

2024-04-08 17:36:40,327 <Process-2:4075824, MainThread:140589325879104> (item.py:_add_items_sinle_process:209 -> queue.py:add:53) from logger `RFC.rootqueue`
[INFO] HiFiNiPostPage(242866) added

2024-04-08 17:36:44,173 <Process-4:4075832, MainThread:140589325879104> (process.py:run:108 -> queue.py:report:65) from logger `RFC.rootqueue`
[INFO] 167225 items added, qic = 53, aic = 1, aac = 3

2024-04-08 17:36:52,922 <Process-2:4075824, MainThread:140589325879104> (item.py:_add_items_sinle_process:209 -> queue.py:add:53) from logger `RFC.rootqueue`
[INFO] HiFiNiPostPage(242053) added

2024-04-08 17:36:54,188 <Process-4:4075832, MainThread:140589325879104> (process.py:run:108 -> queue.py:report:65) from logger `RFC.rootqueue`
[INFO] 168039 items added, qic = 3, aic = 0, aac = 6

2024-04-08 17:37:04,203 <Process-4:4075832, MainThread:140589325879104> (process.py:run:108 -> queue.py:report:65) from logger `RFC.rootqueue`
[INFO] 168850 items added, qic = 47, aic = 24, aac = 4

2024-04-08 17:37:05,647 <Process-2:4075824, MainThread:140589325879104> (item.py:_add_items_sinle_process:209 -> queue.py:add:53) from logger `RFC.rootqueue`
[INFO] HiFiNiPostPage(241209) added

2024-04-08 17:37:14,213 <Process-4:4075832, MainThread:140589325879104> (process.py:run:108 -> queue.py:report:65) from logger `RFC.rootqueue`
[INFO] 169632 items added, qic = 67, aic = 0, aac = 1

2024-04-08 17:37:18,692 <Process-2:4075824, MainThread:140589325879104> (item.py:_add_items_sinle_process:209 -> queue.py:add:53) from logger `RFC.rootqueue`
[INFO] HiFiNiPostPage(240342) added

2024-04-08 17:37:24,225 <Process-4:4075832, MainThread:140589325879104> (process.py:run:108 -> queue.py:report:65) from logger `RFC.rootqueue`
[INFO] 170485 items added, qic = 170, aic = 29, aac = 3

2024-04-08 17:37:30,934 <Process-2:4075824, MainThread:140589325879104> (item.py:_add_items_sinle_process:209 -> queue.py:add:53) from logger `RFC.rootqueue`
[INFO] HiFiNiPostPage(239497) added

2024-04-08 17:37:34,237 <Process-4:4075832, MainThread:140589325879104> (process.py:run:108 -> queue.py:report:65) from logger `RFC.rootqueue`
[INFO] 171297 items added, qic = 10, aic = 26, aac = 50

2024-04-08 17:37:44,092 <Process-2:4075824, MainThread:140589325879104> (item.py:_add_items_sinle_process:209 -> queue.py:add:53) from logger `RFC.rootqueue`
[INFO] HiFiNiPostPage(238662) added

2024-04-08 17:37:44,249 <Process-4:4075832, MainThread:140589325879104> (process.py:run:108 -> queue.py:report:65) from logger `RFC.rootqueue`
[INFO] 172042 items added, qic = 57, aic = 0, aac = 1

2024-04-08 17:37:54,261 <Process-4:4075832, MainThread:140589325879104> (process.py:run:108 -> queue.py:report:65) from logger `RFC.rootqueue`
[INFO] 172825 items added, qic = 61, aic = 0, aac = 1

2024-04-08 17:37:57,699 <Process-2:4075824, MainThread:140589325879104> (item.py:_add_items_sinle_process:209 -> queue.py:add:53) from logger `RFC.rootqueue`
[INFO] HiFiNiPostPage(237822) added

2024-04-08 17:38:04,273 <Process-4:4075832, MainThread:140589325879104> (process.py:run:108 -> queue.py:report:65) from logger `RFC.rootqueue`
[INFO] 173573 items added, qic = 44, aic = 0, aac = 1

2024-04-08 17:38:10,284 <Process-2:4075824, MainThread:140589325879104> (item.py:_add_items_sinle_process:209 -> queue.py:add:53) from logger `RFC.rootqueue`
[INFO] HiFiNiPostPage(236999) added

2024-04-08 17:38:14,287 <Process-4:4075832, MainThread:140589325879104> (process.py:run:108 -> queue.py:report:65) from logger `RFC.rootqueue`
[INFO] 174410 items added, qic = 87, aic = 25, aac = 16

2024-04-08 17:38:22,504 <Process-2:4075824, MainThread:140589325879104> (item.py:_add_items_sinle_process:209 -> queue.py:add:53) from logger `RFC.rootqueue`
[INFO] HiFiNiPostPage(236173) added

2024-04-08 17:38:24,297 <Process-4:4075832, MainThread:140589325879104> (process.py:run:108 -> queue.py:report:65) from logger `RFC.rootqueue`
[INFO] 175200 items added, qic = 7, aic = 1, aac = 2

2024-04-08 17:38:34,309 <Process-4:4075832, MainThread:140589325879104> (process.py:run:108 -> queue.py:report:65) from logger `RFC.rootqueue`
[INFO] 176080 items added, qic = 57, aic = 1, aac = 1

2024-04-08 17:38:35,547 <Process-8:24101:1655930, MainThread:140589325879104> (item.py:_add_items_sinle_process:209 -> queue.py:add:53) from logger `RFC.rootqueue`
[INFO] HiFiNiPostPage(235410).HiFiNiMusicPreview(S5p0W2sjzWHKaLLCWKyj9E29ALvkJi9J+cie__XkfLRecE9klew8J2UTYVz3KILJzmZC_ZWZ3A) added

2024-04-08 17:38:44,322 <Process-4:4075832, MainThread:140589325879104> (process.py:run:108 -> queue.py:report:65) from logger `RFC.rootqueue`
[INFO] 176825 items added, qic = 11, aic = 4, aac = 2

2024-04-08 17:38:48,541 <Process-2:4075824, MainThread:140589325879104> (item.py:_add_items_sinle_process:209 -> queue.py:add:53) from logger `RFC.rootqueue`
[INFO] HiFiNiPostPage(234468) added

2024-04-08 17:38:54,334 <Process-4:4075832, MainThread:140589325879104> (process.py:run:108 -> queue.py:report:65) from logger `RFC.rootqueue`
[INFO] 177570 items added, qic = 58, aic = 0, aac = 1

2024-04-08 17:39:01,250 <Process-2:4075824, MainThread:140589325879104> (item.py:_add_items_sinle_process:209 -> queue.py:add:53) from logger `RFC.rootqueue`
[INFO] HiFiNiPostPage(233609) added

2024-04-08 17:39:04,345 <Process-4:4075832, MainThread:140589325879104> (process.py:run:108 -> queue.py:report:65) from logger `RFC.rootqueue`
[INFO] 178318 items added, qic = 343, aic = 18, aac = 1

2024-04-08 17:39:13,471 <Process-2:4075824, MainThread:140589325879104> (item.py:_add_items_sinle_process:209 -> queue.py:add:53) from logger `RFC.rootqueue`
[INFO] HiFiNiPostPage(232678) added

2024-04-08 17:39:14,595 <Process-4:4075832, MainThread:140589325879104> (process.py:run:108 -> queue.py:report:65) from logger `RFC.rootqueue`
[INFO] 179295 items added, qic = 832, aic = 27, aac = 1

2024-04-08 17:39:24,606 <Process-4:4075832, MainThread:140589325879104> (process.py:run:108 -> queue.py:report:65) from logger `RFC.rootqueue`
[INFO] 180110 items added, qic = 257, aic = 27, aac = 167

2024-04-08 17:39:26,271 <Process-2:4075824, MainThread:140589325879104> (item.py:_add_items_sinle_process:209 -> queue.py:add:53) from logger `RFC.rootqueue`
[INFO] HiFiNiPostPage(231915) added

2024-04-08 17:39:34,617 <Process-4:4075832, MainThread:140589325879104> (process.py:run:108 -> queue.py:report:65) from logger `RFC.rootqueue`
[INFO] 180796 items added, qic = 32, aic = 30, aac = 14

2024-04-08 17:39:40,645 <Process-2:4075824, MainThread:140589325879104> (item.py:_add_items_sinle_process:209 -> queue.py:add:53) from logger `RFC.rootqueue`
[INFO] HiFiNiPostPage(231132) added

2024-04-08 17:39:44,642 <Process-4:4075832, MainThread:140589325879104> (process.py:run:108 -> queue.py:report:65) from logger `RFC.rootqueue`
[INFO] 181566 items added, qic = 0, aic = 8, aac = 7

2024-04-08 17:39:52,942 <Process-2:4075824, MainThread:140589325879104> (item.py:_add_items_sinle_process:209 -> queue.py:add:53) from logger `RFC.rootqueue`
[INFO] HiFiNiPostPage(230283) added

2024-04-08 17:39:54,654 <Process-4:4075832, MainThread:140589325879104> (process.py:run:108 -> queue.py:report:65) from logger `RFC.rootqueue`
[INFO] 182429 items added, qic = 64, aic = 21, aac = 2

2024-04-08 17:40:04,676 <Process-4:4075832, MainThread:140589325879104> (process.py:run:108 -> queue.py:report:65) from logger `RFC.rootqueue`
[INFO] 183277 items added, qic = 39, aic = 15, aac = 8

2024-04-08 17:40:04,855 <Process-9:24791:1727702, MainThread:140589325879104> (item.py:_add_items_sinle_process:209 -> queue.py:add:53) from logger `RFC.rootqueue`
[INFO] HiFiNiPostPage(229471).HiFiNiMusicPreview(FckjDTt0n2jKaLLCWKyj9E29ALvkJi9J+cie__XkfLRecE9klew6XAEyQkX0LfrknFVC_ZWZ3A) added

2024-04-08 17:40:14,686 <Process-4:4075832, MainThread:140589325879104> (process.py:run:108 -> queue.py:report:65) from logger `RFC.rootqueue`
[INFO] 184047 items added, qic = 63, aic = 22, aac = 1

2024-04-08 17:40:17,992 <Process-10:25463:1737571, MainThread:140589325879104> (item.py:_add_items_sinle_process:209 -> queue.py:add:53) from logger `RFC.rootqueue`
[INFO] HiFiNiPostPage(228622).HiFiNiMusicPreview(EpkmDG92zm7KaLLCWKyj9E29ALvkJi9J+cie__XkfLRecE9klew6HCAHaUf2VoLDmVdC_ZWZ3A) added

2024-04-08 17:40:24,697 <Process-4:4075832, MainThread:140589325879104> (process.py:run:108 -> queue.py:report:65) from logger `RFC.rootqueue`
[INFO] 184838 items added, qic = 42, aic = 8, aac = 1

2024-04-08 17:40:30,041 <Process-2:4075824, MainThread:140589325879104> (item.py:_add_items_sinle_process:209 -> queue.py:add:53) from logger `RFC.rootqueue`
[INFO] HiFiNiPostPage(227755) added

2024-04-08 17:40:34,705 <Process-4:4075832, MainThread:140589325879104> (process.py:run:108 -> queue.py:report:65) from logger `RFC.rootqueue`
[INFO] 185742 items added, qic = 34, aic = 0, aac = 1

2024-04-08 17:40:42,951 <Process-2:4075824, MainThread:140589325879104> (item.py:_add_items_sinle_process:209 -> queue.py:add:53) from logger `RFC.rootqueue`
[INFO] HiFiNiPostPage(226931) added

2024-04-08 17:40:44,723 <Process-4:4075832, MainThread:140589325879104> (process.py:run:108 -> queue.py:report:65) from logger `RFC.rootqueue`
[INFO] 186504 items added, qic = 1, aic = 20, aac = 12

2024-04-08 17:40:54,734 <Process-4:4075832, MainThread:140589325879104> (process.py:run:108 -> queue.py:report:65) from logger `RFC.rootqueue`
[INFO] 187352 items added, qic = 44, aic = 27, aac = 1

2024-04-08 17:40:55,084 <Process-5:25622:1767852, MainThread:140589325879104> (item.py:_add_items_sinle_process:209 -> queue.py:add:53) from logger `RFC.rootqueue`
[INFO] HiFiNiPostPage(226320).HiFiNiMusicPreview(S8YiCT4kzG3KaLLCWKyj9FnmAqOpa3ES5YjS6em6IKhfeRciweE5VmVgMiX0UPOT) added

2024-04-08 17:41:04,746 <Process-4:4075832, MainThread:140589325879104> (process.py:run:108 -> queue.py:report:65) from logger `RFC.rootqueue`
[INFO] 188286 items added, qic = 7, aic = 8, aac = 23

2024-04-08 17:41:06,141 <Process-2:4075824, MainThread:140589325879104> (item.py:_add_items_sinle_process:209 -> queue.py:add:53) from logger `RFC.rootqueue`
[INFO] HiFiNiPostPage(225274) added

