2024-02-08 21:22:24,829 <MainProcess:1485619, MainThread:139827601966912> (middleware.py:get_middleware:394 -> middleware.py:__init__:55) from logger `RFC.middleware_content_saver`
[INFO] initialized

2024-02-08 21:22:24,832 <MainProcess:1485619, MainThread:139827601966912> (middleware.py:get_middleware:394 -> middleware.py:__init__:55) from logger `RFC.middleware_content_saver`
[INFO] initialized

2024-02-08 21:22:24,832 <MainProcess:1485619, MainThread:139827601966912> (middleware.py:get_middleware:394 -> middleware.py:__init__:55) from logger `RFC.middleware_content_saver`
[INFO] initialized

2024-02-08 21:22:24,834 <MainProcess:1485619, MainThread:139827601966912> (middleware.py:get_middleware:394 -> middleware.py:__init__:55) from logger `RFC.middleware_content_saver`
[INFO] initialized

2024-02-08 21:22:24,834 <MainProcess:1485619, MainThread:139827601966912> (middleware.py:get_middleware:394 -> middleware.py:__init__:55) from logger `RFC.middleware_content_saver`
[INFO] initialized

2024-02-08 21:22:24,834 <MainProcess:1485619, MainThread:139827601966912> (middleware.py:get_middleware:394 -> middleware.py:__init__:55) from logger `RFC.middleware_content_saver`
[INFO] initialized

2024-02-08 21:24:03,070 <requestor-worker-7:1485685, MainThread:139827601966912> (requestor.py:_fetch_single_async:204 -> middleware.py:apply_async:112) from logger `RFC.middleware_content_saver`
[INFO] applying on HitomiAuthor(rubi-sama).HitomiGallery(887743).HitomiImage(0364), received

2024-02-08 21:24:03,070 <requestor-worker-7:1485685, MainThread:139827601966912> (requestor.py:_fetch_single_async:204 -> middleware.py:apply_async:112) from logger `RFC.middleware_content_saver`
[INFO] applying on HitomiAuthor(rubi-sama).HitomiGallery(887743).HitomiImage(0364), received

2024-02-08 21:24:03,070 <requestor-worker-7:1485685, MainThread:139827601966912> (requestor.py:_fetch_single_async:204 -> middleware.py:apply_async:112) from logger `RFC.middleware_content_saver`
[INFO] applying on HitomiAuthor(rubi-sama).HitomiGallery(887743).HitomiImage(0364), received

2024-02-08 21:24:03,126 <requestor-worker-7:1485685, MainThread:139827601966912> (requestor.py:_fetch_single_async:204 -> middleware.py:apply_async:115) from logger `RFC.middleware_content_saver`
[INFO] applied on HitomiAuthor(rubi-sama).HitomiGallery(887743).HitomiImage(0364), sent

2024-02-08 21:24:03,126 <requestor-worker-7:1485685, MainThread:139827601966912> (requestor.py:_fetch_single_async:204 -> middleware.py:apply_async:115) from logger `RFC.middleware_content_saver`
[INFO] applied on HitomiAuthor(rubi-sama).HitomiGallery(887743).HitomiImage(0364), sent

2024-02-08 21:24:03,126 <requestor-worker-7:1485685, MainThread:139827601966912> (requestor.py:_fetch_single_async:204 -> middleware.py:apply_async:115) from logger `RFC.middleware_content_saver`
[INFO] applied on HitomiAuthor(rubi-sama).HitomiGallery(887743).HitomiImage(0364), sent

2024-02-08 21:24:06,894 <requestor-worker-6:1485682, MainThread:139827601966912> (requestor.py:_fetch_single_async:204 -> middleware.py:apply_async:112) from logger `RFC.middleware_content_saver`
[INFO] applying on HitomiAuthor(rubi-sama).HitomiGallery(887743).HitomiImage(0421), received

2024-02-08 21:24:06,894 <requestor-worker-6:1485682, MainThread:139827601966912> (requestor.py:_fetch_single_async:204 -> middleware.py:apply_async:112) from logger `RFC.middleware_content_saver`
[INFO] applying on HitomiAuthor(rubi-sama).HitomiGallery(887743).HitomiImage(0421), received

2024-02-08 21:24:06,894 <requestor-worker-6:1485682, MainThread:139827601966912> (requestor.py:_fetch_single_async:204 -> middleware.py:apply_async:112) from logger `RFC.middleware_content_saver`
[INFO] applying on HitomiAuthor(rubi-sama).HitomiGallery(887743).HitomiImage(0421), received

2024-02-08 21:24:06,897 <requestor-worker-6:1485682, MainThread:139827601966912> (requestor.py:_fetch_single_async:204 -> middleware.py:apply_async:115) from logger `RFC.middleware_content_saver`
[INFO] applied on HitomiAuthor(rubi-sama).HitomiGallery(887743).HitomiImage(0421), sent

2024-02-08 21:24:06,897 <requestor-worker-6:1485682, MainThread:139827601966912> (requestor.py:_fetch_single_async:204 -> middleware.py:apply_async:115) from logger `RFC.middleware_content_saver`
[INFO] applied on HitomiAuthor(rubi-sama).HitomiGallery(887743).HitomiImage(0421), sent

2024-02-08 21:24:06,897 <requestor-worker-6:1485682, MainThread:139827601966912> (requestor.py:_fetch_single_async:204 -> middleware.py:apply_async:115) from logger `RFC.middleware_content_saver`
[INFO] applied on HitomiAuthor(rubi-sama).HitomiGallery(887743).HitomiImage(0421), sent

2024-02-08 21:24:14,904 <requestor-worker-7:1485685, MainThread:139827601966912> (requestor.py:_fetch_single_async:204 -> middleware.py:apply_async:112) from logger `RFC.middleware_content_saver`
[INFO] applying on HitomiAuthor(rubi-sama).HitomiGallery(887743).HitomiImage(0186), received

2024-02-08 21:24:14,904 <requestor-worker-7:1485685, MainThread:139827601966912> (requestor.py:_fetch_single_async:204 -> middleware.py:apply_async:112) from logger `RFC.middleware_content_saver`
[INFO] applying on HitomiAuthor(rubi-sama).HitomiGallery(887743).HitomiImage(0186), received

2024-02-08 21:24:14,904 <requestor-worker-7:1485685, MainThread:139827601966912> (requestor.py:_fetch_single_async:204 -> middleware.py:apply_async:112) from logger `RFC.middleware_content_saver`
[INFO] applying on HitomiAuthor(rubi-sama).HitomiGallery(887743).HitomiImage(0186), received

2024-02-08 21:24:15,085 <requestor-worker-7:1485685, MainThread:139827601966912> (requestor.py:_fetch_single_async:204 -> middleware.py:apply_async:115) from logger `RFC.middleware_content_saver`
[INFO] applied on HitomiAuthor(rubi-sama).HitomiGallery(887743).HitomiImage(0186), sent

2024-02-08 21:24:15,085 <requestor-worker-7:1485685, MainThread:139827601966912> (requestor.py:_fetch_single_async:204 -> middleware.py:apply_async:115) from logger `RFC.middleware_content_saver`
[INFO] applied on HitomiAuthor(rubi-sama).HitomiGallery(887743).HitomiImage(0186), sent

2024-02-08 21:24:15,085 <requestor-worker-7:1485685, MainThread:139827601966912> (requestor.py:_fetch_single_async:204 -> middleware.py:apply_async:115) from logger `RFC.middleware_content_saver`
[INFO] applied on HitomiAuthor(rubi-sama).HitomiGallery(887743).HitomiImage(0186), sent

2024-02-08 21:24:16,170 <requestor-worker-6:1485682, MainThread:139827601966912> (requestor.py:_fetch_single_async:204 -> middleware.py:apply_async:112) from logger `RFC.middleware_content_saver`
[INFO] applying on HitomiAuthor(rubi-sama).HitomiGallery(887743).HitomiImage(0187), received

2024-02-08 21:24:16,170 <requestor-worker-6:1485682, MainThread:139827601966912> (requestor.py:_fetch_single_async:204 -> middleware.py:apply_async:112) from logger `RFC.middleware_content_saver`
[INFO] applying on HitomiAuthor(rubi-sama).HitomiGallery(887743).HitomiImage(0187), received

2024-02-08 21:24:16,170 <requestor-worker-6:1485682, MainThread:139827601966912> (requestor.py:_fetch_single_async:204 -> middleware.py:apply_async:112) from logger `RFC.middleware_content_saver`
[INFO] applying on HitomiAuthor(rubi-sama).HitomiGallery(887743).HitomiImage(0187), received

2024-02-08 21:24:16,178 <requestor-worker-6:1485682, MainThread:139827601966912> (requestor.py:_fetch_single_async:204 -> middleware.py:apply_async:115) from logger `RFC.middleware_content_saver`
[INFO] applied on HitomiAuthor(rubi-sama).HitomiGallery(887743).HitomiImage(0187), sent

2024-02-08 21:24:16,178 <requestor-worker-6:1485682, MainThread:139827601966912> (requestor.py:_fetch_single_async:204 -> middleware.py:apply_async:115) from logger `RFC.middleware_content_saver`
[INFO] applied on HitomiAuthor(rubi-sama).HitomiGallery(887743).HitomiImage(0187), sent

2024-02-08 21:24:16,178 <requestor-worker-6:1485682, MainThread:139827601966912> (requestor.py:_fetch_single_async:204 -> middleware.py:apply_async:115) from logger `RFC.middleware_content_saver`
[INFO] applied on HitomiAuthor(rubi-sama).HitomiGallery(887743).HitomiImage(0187), sent

2024-02-08 21:24:19,066 <requestor-worker-8:1485689, MainThread:139827601966912> (requestor.py:_fetch_single_async:204 -> middleware.py:apply_async:112) from logger `RFC.middleware_content_saver`
[INFO] applying on HitomiAuthor(rubi-sama).HitomiGallery(887743).HitomiImage(0235), received

2024-02-08 21:24:19,066 <requestor-worker-8:1485689, MainThread:139827601966912> (requestor.py:_fetch_single_async:204 -> middleware.py:apply_async:112) from logger `RFC.middleware_content_saver`
[INFO] applying on HitomiAuthor(rubi-sama).HitomiGallery(887743).HitomiImage(0235), received

2024-02-08 21:24:19,066 <requestor-worker-8:1485689, MainThread:139827601966912> (requestor.py:_fetch_single_async:204 -> middleware.py:apply_async:112) from logger `RFC.middleware_content_saver`
[INFO] applying on HitomiAuthor(rubi-sama).HitomiGallery(887743).HitomiImage(0235), received

2024-02-08 21:24:19,070 <requestor-worker-8:1485689, MainThread:139827601966912> (requestor.py:_fetch_single_async:204 -> middleware.py:apply_async:115) from logger `RFC.middleware_content_saver`
[INFO] applied on HitomiAuthor(rubi-sama).HitomiGallery(887743).HitomiImage(0235), sent

2024-02-08 21:24:19,070 <requestor-worker-8:1485689, MainThread:139827601966912> (requestor.py:_fetch_single_async:204 -> middleware.py:apply_async:115) from logger `RFC.middleware_content_saver`
[INFO] applied on HitomiAuthor(rubi-sama).HitomiGallery(887743).HitomiImage(0235), sent

2024-02-08 21:24:19,070 <requestor-worker-8:1485689, MainThread:139827601966912> (requestor.py:_fetch_single_async:204 -> middleware.py:apply_async:115) from logger `RFC.middleware_content_saver`
[INFO] applied on HitomiAuthor(rubi-sama).HitomiGallery(887743).HitomiImage(0235), sent

2024-02-08 21:24:20,709 <requestor-worker-8:1485689, MainThread:139827601966912> (requestor.py:_fetch_single_async:204 -> middleware.py:apply_async:112) from logger `RFC.middleware_content_saver`
[INFO] applying on HitomiAuthor(rubi-sama).HitomiGallery(887743).HitomiImage(0260), received

2024-02-08 21:24:20,709 <requestor-worker-8:1485689, MainThread:139827601966912> (requestor.py:_fetch_single_async:204 -> middleware.py:apply_async:112) from logger `RFC.middleware_content_saver`
[INFO] applying on HitomiAuthor(rubi-sama).HitomiGallery(887743).HitomiImage(0260), received

2024-02-08 21:24:20,709 <requestor-worker-8:1485689, MainThread:139827601966912> (requestor.py:_fetch_single_async:204 -> middleware.py:apply_async:112) from logger `RFC.middleware_content_saver`
[INFO] applying on HitomiAuthor(rubi-sama).HitomiGallery(887743).HitomiImage(0260), received

2024-02-08 21:24:20,806 <requestor-worker-8:1485689, MainThread:139827601966912> (requestor.py:_fetch_single_async:204 -> middleware.py:apply_async:115) from logger `RFC.middleware_content_saver`
[INFO] applied on HitomiAuthor(rubi-sama).HitomiGallery(887743).HitomiImage(0260), sent

2024-02-08 21:24:20,806 <requestor-worker-8:1485689, MainThread:139827601966912> (requestor.py:_fetch_single_async:204 -> middleware.py:apply_async:115) from logger `RFC.middleware_content_saver`
[INFO] applied on HitomiAuthor(rubi-sama).HitomiGallery(887743).HitomiImage(0260), sent

2024-02-08 21:24:20,806 <requestor-worker-8:1485689, MainThread:139827601966912> (requestor.py:_fetch_single_async:204 -> middleware.py:apply_async:115) from logger `RFC.middleware_content_saver`
[INFO] applied on HitomiAuthor(rubi-sama).HitomiGallery(887743).HitomiImage(0260), sent

2024-02-08 21:24:22,196 <requestor-worker-6:1485682, MainThread:139827601966912> (requestor.py:_fetch_single_async:204 -> middleware.py:apply_async:112) from logger `RFC.middleware_content_saver`
[INFO] applying on HitomiAuthor(rubi-sama).HitomiGallery(887743).HitomiImage(0328), received

2024-02-08 21:24:22,196 <requestor-worker-6:1485682, MainThread:139827601966912> (requestor.py:_fetch_single_async:204 -> middleware.py:apply_async:112) from logger `RFC.middleware_content_saver`
[INFO] applying on HitomiAuthor(rubi-sama).HitomiGallery(887743).HitomiImage(0328), received

2024-02-08 21:24:22,196 <requestor-worker-6:1485682, MainThread:139827601966912> (requestor.py:_fetch_single_async:204 -> middleware.py:apply_async:112) from logger `RFC.middleware_content_saver`
[INFO] applying on HitomiAuthor(rubi-sama).HitomiGallery(887743).HitomiImage(0328), received

2024-02-08 21:24:22,200 <requestor-worker-6:1485682, MainThread:139827601966912> (requestor.py:_fetch_single_async:204 -> middleware.py:apply_async:115) from logger `RFC.middleware_content_saver`
[INFO] applied on HitomiAuthor(rubi-sama).HitomiGallery(887743).HitomiImage(0328), sent

2024-02-08 21:24:22,200 <requestor-worker-6:1485682, MainThread:139827601966912> (requestor.py:_fetch_single_async:204 -> middleware.py:apply_async:115) from logger `RFC.middleware_content_saver`
[INFO] applied on HitomiAuthor(rubi-sama).HitomiGallery(887743).HitomiImage(0328), sent

2024-02-08 21:24:22,200 <requestor-worker-6:1485682, MainThread:139827601966912> (requestor.py:_fetch_single_async:204 -> middleware.py:apply_async:115) from logger `RFC.middleware_content_saver`
[INFO] applied on HitomiAuthor(rubi-sama).HitomiGallery(887743).HitomiImage(0328), sent

2024-02-08 21:24:23,617 <requestor-worker-10:1485694, MainThread:139827601966912> (requestor.py:_fetch_single_async:204 -> middleware.py:apply_async:112) from logger `RFC.middleware_content_saver`
[INFO] applying on HitomiAuthor(rubi-sama).HitomiGallery(887743).HitomiImage(0320), received

2024-02-08 21:24:23,617 <requestor-worker-10:1485694, MainThread:139827601966912> (requestor.py:_fetch_single_async:204 -> middleware.py:apply_async:112) from logger `RFC.middleware_content_saver`
[INFO] applying on HitomiAuthor(rubi-sama).HitomiGallery(887743).HitomiImage(0320), received

2024-02-08 21:24:23,617 <requestor-worker-10:1485694, MainThread:139827601966912> (requestor.py:_fetch_single_async:204 -> middleware.py:apply_async:112) from logger `RFC.middleware_content_saver`
[INFO] applying on HitomiAuthor(rubi-sama).HitomiGallery(887743).HitomiImage(0320), received

2024-02-08 21:24:23,754 <requestor-worker-10:1485694, MainThread:139827601966912> (requestor.py:_fetch_single_async:204 -> middleware.py:apply_async:115) from logger `RFC.middleware_content_saver`
[INFO] applied on HitomiAuthor(rubi-sama).HitomiGallery(887743).HitomiImage(0320), sent

2024-02-08 21:24:23,754 <requestor-worker-10:1485694, MainThread:139827601966912> (requestor.py:_fetch_single_async:204 -> middleware.py:apply_async:115) from logger `RFC.middleware_content_saver`
[INFO] applied on HitomiAuthor(rubi-sama).HitomiGallery(887743).HitomiImage(0320), sent

2024-02-08 21:24:23,754 <requestor-worker-10:1485694, MainThread:139827601966912> (requestor.py:_fetch_single_async:204 -> middleware.py:apply_async:115) from logger `RFC.middleware_content_saver`
[INFO] applied on HitomiAuthor(rubi-sama).HitomiGallery(887743).HitomiImage(0320), sent

2024-02-08 21:24:23,805 <requestor-worker-6:1485682, MainThread:139827601966912> (requestor.py:_fetch_single_async:204 -> middleware.py:apply_async:112) from logger `RFC.middleware_content_saver`
[INFO] applying on HitomiAuthor(rubi-sama).HitomiGallery(887743).HitomiImage(0354), received

2024-02-08 21:24:23,805 <requestor-worker-6:1485682, MainThread:139827601966912> (requestor.py:_fetch_single_async:204 -> middleware.py:apply_async:112) from logger `RFC.middleware_content_saver`
[INFO] applying on HitomiAuthor(rubi-sama).HitomiGallery(887743).HitomiImage(0354), received

2024-02-08 21:24:23,805 <requestor-worker-6:1485682, MainThread:139827601966912> (requestor.py:_fetch_single_async:204 -> middleware.py:apply_async:112) from logger `RFC.middleware_content_saver`
[INFO] applying on HitomiAuthor(rubi-sama).HitomiGallery(887743).HitomiImage(0354), received

2024-02-08 21:24:23,871 <requestor-worker-6:1485682, MainThread:139827601966912> (requestor.py:_fetch_single_async:204 -> middleware.py:apply_async:115) from logger `RFC.middleware_content_saver`
[INFO] applied on HitomiAuthor(rubi-sama).HitomiGallery(887743).HitomiImage(0354), sent

2024-02-08 21:24:23,871 <requestor-worker-6:1485682, MainThread:139827601966912> (requestor.py:_fetch_single_async:204 -> middleware.py:apply_async:115) from logger `RFC.middleware_content_saver`
[INFO] applied on HitomiAuthor(rubi-sama).HitomiGallery(887743).HitomiImage(0354), sent

2024-02-08 21:24:23,871 <requestor-worker-6:1485682, MainThread:139827601966912> (requestor.py:_fetch_single_async:204 -> middleware.py:apply_async:115) from logger `RFC.middleware_content_saver`
[INFO] applied on HitomiAuthor(rubi-sama).HitomiGallery(887743).HitomiImage(0354), sent

2024-02-08 21:24:28,106 <requestor-worker-10:1485694, MainThread:139827601966912> (requestor.py:_fetch_single_async:204 -> middleware.py:apply_async:112) from logger `RFC.middleware_content_saver`
[INFO] applying on HitomiAuthor(rubi-sama).HitomiGallery(887743).HitomiImage(0394), received

2024-02-08 21:24:28,106 <requestor-worker-10:1485694, MainThread:139827601966912> (requestor.py:_fetch_single_async:204 -> middleware.py:apply_async:112) from logger `RFC.middleware_content_saver`
[INFO] applying on HitomiAuthor(rubi-sama).HitomiGallery(887743).HitomiImage(0394), received

2024-02-08 21:24:28,106 <requestor-worker-10:1485694, MainThread:139827601966912> (requestor.py:_fetch_single_async:204 -> middleware.py:apply_async:112) from logger `RFC.middleware_content_saver`
[INFO] applying on HitomiAuthor(rubi-sama).HitomiGallery(887743).HitomiImage(0394), received

2024-02-08 21:24:28,210 <requestor-worker-10:1485694, MainThread:139827601966912> (requestor.py:_fetch_single_async:204 -> middleware.py:apply_async:112) from logger `RFC.middleware_content_saver`
[INFO] applying on HitomiAuthor(rubi-sama).HitomiGallery(887743).HitomiImage(0609), received

2024-02-08 21:24:28,210 <requestor-worker-10:1485694, MainThread:139827601966912> (requestor.py:_fetch_single_async:204 -> middleware.py:apply_async:112) from logger `RFC.middleware_content_saver`
[INFO] applying on HitomiAuthor(rubi-sama).HitomiGallery(887743).HitomiImage(0609), received

2024-02-08 21:24:28,210 <requestor-worker-10:1485694, MainThread:139827601966912> (requestor.py:_fetch_single_async:204 -> middleware.py:apply_async:112) from logger `RFC.middleware_content_saver`
[INFO] applying on HitomiAuthor(rubi-sama).HitomiGallery(887743).HitomiImage(0609), received

2024-02-08 21:24:28,214 <requestor-worker-10:1485694, MainThread:139827601966912> (requestor.py:_fetch_single_async:204 -> middleware.py:apply_async:115) from logger `RFC.middleware_content_saver`
[INFO] applied on HitomiAuthor(rubi-sama).HitomiGallery(887743).HitomiImage(0394), sent

2024-02-08 21:24:28,214 <requestor-worker-10:1485694, MainThread:139827601966912> (requestor.py:_fetch_single_async:204 -> middleware.py:apply_async:115) from logger `RFC.middleware_content_saver`
[INFO] applied on HitomiAuthor(rubi-sama).HitomiGallery(887743).HitomiImage(0394), sent

2024-02-08 21:24:28,214 <requestor-worker-10:1485694, MainThread:139827601966912> (requestor.py:_fetch_single_async:204 -> middleware.py:apply_async:115) from logger `RFC.middleware_content_saver`
[INFO] applied on HitomiAuthor(rubi-sama).HitomiGallery(887743).HitomiImage(0394), sent

2024-02-08 21:24:28,379 <requestor-worker-10:1485694, MainThread:139827601966912> (requestor.py:_fetch_single_async:204 -> middleware.py:apply_async:115) from logger `RFC.middleware_content_saver`
[INFO] applied on HitomiAuthor(rubi-sama).HitomiGallery(887743).HitomiImage(0609), sent

2024-02-08 21:24:28,379 <requestor-worker-10:1485694, MainThread:139827601966912> (requestor.py:_fetch_single_async:204 -> middleware.py:apply_async:115) from logger `RFC.middleware_content_saver`
[INFO] applied on HitomiAuthor(rubi-sama).HitomiGallery(887743).HitomiImage(0609), sent

2024-02-08 21:24:28,379 <requestor-worker-10:1485694, MainThread:139827601966912> (requestor.py:_fetch_single_async:204 -> middleware.py:apply_async:115) from logger `RFC.middleware_content_saver`
[INFO] applied on HitomiAuthor(rubi-sama).HitomiGallery(887743).HitomiImage(0609), sent

2024-02-08 21:24:28,440 <requestor-worker-10:1485694, MainThread:139827601966912> (requestor.py:_fetch_single_async:204 -> middleware.py:apply_async:112) from logger `RFC.middleware_content_saver`
[INFO] applying on HitomiAuthor(rubi-sama).HitomiGallery(887743).HitomiImage(0427), received

2024-02-08 21:24:28,440 <requestor-worker-10:1485694, MainThread:139827601966912> (requestor.py:_fetch_single_async:204 -> middleware.py:apply_async:112) from logger `RFC.middleware_content_saver`
[INFO] applying on HitomiAuthor(rubi-sama).HitomiGallery(887743).HitomiImage(0427), received

2024-02-08 21:24:28,440 <requestor-worker-10:1485694, MainThread:139827601966912> (requestor.py:_fetch_single_async:204 -> middleware.py:apply_async:112) from logger `RFC.middleware_content_saver`
[INFO] applying on HitomiAuthor(rubi-sama).HitomiGallery(887743).HitomiImage(0427), received

2024-02-08 21:24:28,748 <requestor-worker-10:1485694, MainThread:139827601966912> (requestor.py:_fetch_single_async:204 -> middleware.py:apply_async:115) from logger `RFC.middleware_content_saver`
[INFO] applied on HitomiAuthor(rubi-sama).HitomiGallery(887743).HitomiImage(0427), sent

2024-02-08 21:24:28,748 <requestor-worker-10:1485694, MainThread:139827601966912> (requestor.py:_fetch_single_async:204 -> middleware.py:apply_async:115) from logger `RFC.middleware_content_saver`
[INFO] applied on HitomiAuthor(rubi-sama).HitomiGallery(887743).HitomiImage(0427), sent

2024-02-08 21:24:28,748 <requestor-worker-10:1485694, MainThread:139827601966912> (requestor.py:_fetch_single_async:204 -> middleware.py:apply_async:115) from logger `RFC.middleware_content_saver`
[INFO] applied on HitomiAuthor(rubi-sama).HitomiGallery(887743).HitomiImage(0427), sent

2024-02-08 21:24:28,756 <requestor-worker-7:1485685, MainThread:139827601966912> (requestor.py:_fetch_single_async:204 -> middleware.py:apply_async:112) from logger `RFC.middleware_content_saver`
[INFO] applying on HitomiAuthor(rubi-sama).HitomiGallery(887743).HitomiImage(0428), received

2024-02-08 21:24:28,756 <requestor-worker-7:1485685, MainThread:139827601966912> (requestor.py:_fetch_single_async:204 -> middleware.py:apply_async:112) from logger `RFC.middleware_content_saver`
[INFO] applying on HitomiAuthor(rubi-sama).HitomiGallery(887743).HitomiImage(0428), received

2024-02-08 21:24:28,756 <requestor-worker-7:1485685, MainThread:139827601966912> (requestor.py:_fetch_single_async:204 -> middleware.py:apply_async:112) from logger `RFC.middleware_content_saver`
[INFO] applying on HitomiAuthor(rubi-sama).HitomiGallery(887743).HitomiImage(0428), received

2024-02-08 21:24:28,762 <requestor-worker-7:1485685, MainThread:139827601966912> (requestor.py:_fetch_single_async:204 -> middleware.py:apply_async:115) from logger `RFC.middleware_content_saver`
[INFO] applied on HitomiAuthor(rubi-sama).HitomiGallery(887743).HitomiImage(0428), sent

2024-02-08 21:24:28,762 <requestor-worker-7:1485685, MainThread:139827601966912> (requestor.py:_fetch_single_async:204 -> middleware.py:apply_async:115) from logger `RFC.middleware_content_saver`
[INFO] applied on HitomiAuthor(rubi-sama).HitomiGallery(887743).HitomiImage(0428), sent

2024-02-08 21:24:28,762 <requestor-worker-7:1485685, MainThread:139827601966912> (requestor.py:_fetch_single_async:204 -> middleware.py:apply_async:115) from logger `RFC.middleware_content_saver`
[INFO] applied on HitomiAuthor(rubi-sama).HitomiGallery(887743).HitomiImage(0428), sent

2024-02-08 21:24:35,636 <requestor-worker-8:1485689, MainThread:139827601966912> (requestor.py:_fetch_single_async:204 -> middleware.py:apply_async:112) from logger `RFC.middleware_content_saver`
[INFO] applying on HitomiAuthor(rubi-sama).HitomiGallery(887743).HitomiImage(0497), received

2024-02-08 21:24:35,636 <requestor-worker-8:1485689, MainThread:139827601966912> (requestor.py:_fetch_single_async:204 -> middleware.py:apply_async:112) from logger `RFC.middleware_content_saver`
[INFO] applying on HitomiAuthor(rubi-sama).HitomiGallery(887743).HitomiImage(0497), received

2024-02-08 21:24:35,636 <requestor-worker-8:1485689, MainThread:139827601966912> (requestor.py:_fetch_single_async:204 -> middleware.py:apply_async:112) from logger `RFC.middleware_content_saver`
[INFO] applying on HitomiAuthor(rubi-sama).HitomiGallery(887743).HitomiImage(0497), received

2024-02-08 21:24:35,801 <requestor-worker-8:1485689, MainThread:139827601966912> (requestor.py:_fetch_single_async:204 -> middleware.py:apply_async:115) from logger `RFC.middleware_content_saver`
[INFO] applied on HitomiAuthor(rubi-sama).HitomiGallery(887743).HitomiImage(0497), sent

2024-02-08 21:24:35,801 <requestor-worker-8:1485689, MainThread:139827601966912> (requestor.py:_fetch_single_async:204 -> middleware.py:apply_async:115) from logger `RFC.middleware_content_saver`
[INFO] applied on HitomiAuthor(rubi-sama).HitomiGallery(887743).HitomiImage(0497), sent

2024-02-08 21:24:35,801 <requestor-worker-8:1485689, MainThread:139827601966912> (requestor.py:_fetch_single_async:204 -> middleware.py:apply_async:115) from logger `RFC.middleware_content_saver`
[INFO] applied on HitomiAuthor(rubi-sama).HitomiGallery(887743).HitomiImage(0497), sent

2024-02-08 21:24:38,425 <requestor-worker-7:1485685, MainThread:139827601966912> (requestor.py:_fetch_single_async:204 -> middleware.py:apply_async:112) from logger `RFC.middleware_content_saver`
[INFO] applying on HitomiAuthor(rubi-sama).HitomiGallery(887743).HitomiImage(0512), received

2024-02-08 21:24:38,425 <requestor-worker-7:1485685, MainThread:139827601966912> (requestor.py:_fetch_single_async:204 -> middleware.py:apply_async:112) from logger `RFC.middleware_content_saver`
[INFO] applying on HitomiAuthor(rubi-sama).HitomiGallery(887743).HitomiImage(0512), received

2024-02-08 21:24:38,425 <requestor-worker-7:1485685, MainThread:139827601966912> (requestor.py:_fetch_single_async:204 -> middleware.py:apply_async:112) from logger `RFC.middleware_content_saver`
[INFO] applying on HitomiAuthor(rubi-sama).HitomiGallery(887743).HitomiImage(0512), received

2024-02-08 21:24:38,486 <requestor-worker-7:1485685, MainThread:139827601966912> (requestor.py:_fetch_single_async:204 -> middleware.py:apply_async:115) from logger `RFC.middleware_content_saver`
[INFO] applied on HitomiAuthor(rubi-sama).HitomiGallery(887743).HitomiImage(0512), sent

2024-02-08 21:24:38,486 <requestor-worker-7:1485685, MainThread:139827601966912> (requestor.py:_fetch_single_async:204 -> middleware.py:apply_async:115) from logger `RFC.middleware_content_saver`
[INFO] applied on HitomiAuthor(rubi-sama).HitomiGallery(887743).HitomiImage(0512), sent

2024-02-08 21:24:38,486 <requestor-worker-7:1485685, MainThread:139827601966912> (requestor.py:_fetch_single_async:204 -> middleware.py:apply_async:115) from logger `RFC.middleware_content_saver`
[INFO] applied on HitomiAuthor(rubi-sama).HitomiGallery(887743).HitomiImage(0512), sent

2024-02-08 21:24:45,650 <requestor-worker-10:1485694, MainThread:139827601966912> (requestor.py:_fetch_single_async:204 -> middleware.py:apply_async:112) from logger `RFC.middleware_content_saver`
[INFO] applying on HitomiAuthor(rubi-sama).HitomiGallery(887743).HitomiImage(0568), received

2024-02-08 21:24:45,650 <requestor-worker-10:1485694, MainThread:139827601966912> (requestor.py:_fetch_single_async:204 -> middleware.py:apply_async:112) from logger `RFC.middleware_content_saver`
[INFO] applying on HitomiAuthor(rubi-sama).HitomiGallery(887743).HitomiImage(0568), received

2024-02-08 21:24:45,650 <requestor-worker-10:1485694, MainThread:139827601966912> (requestor.py:_fetch_single_async:204 -> middleware.py:apply_async:112) from logger `RFC.middleware_content_saver`
[INFO] applying on HitomiAuthor(rubi-sama).HitomiGallery(887743).HitomiImage(0568), received

2024-02-08 21:24:45,756 <requestor-worker-10:1485694, MainThread:139827601966912> (requestor.py:_fetch_single_async:204 -> middleware.py:apply_async:115) from logger `RFC.middleware_content_saver`
[INFO] applied on HitomiAuthor(rubi-sama).HitomiGallery(887743).HitomiImage(0568), sent

2024-02-08 21:24:45,756 <requestor-worker-10:1485694, MainThread:139827601966912> (requestor.py:_fetch_single_async:204 -> middleware.py:apply_async:115) from logger `RFC.middleware_content_saver`
[INFO] applied on HitomiAuthor(rubi-sama).HitomiGallery(887743).HitomiImage(0568), sent

2024-02-08 21:24:45,756 <requestor-worker-10:1485694, MainThread:139827601966912> (requestor.py:_fetch_single_async:204 -> middleware.py:apply_async:115) from logger `RFC.middleware_content_saver`
[INFO] applied on HitomiAuthor(rubi-sama).HitomiGallery(887743).HitomiImage(0568), sent

2024-02-08 21:24:48,735 <requestor-worker-8:1485689, MainThread:139827601966912> (requestor.py:_fetch_single_async:204 -> middleware.py:apply_async:112) from logger `RFC.middleware_content_saver`
[INFO] applying on HitomiAuthor(rubi-sama).HitomiGallery(887743).HitomiImage(0601), received

2024-02-08 21:24:48,735 <requestor-worker-8:1485689, MainThread:139827601966912> (requestor.py:_fetch_single_async:204 -> middleware.py:apply_async:112) from logger `RFC.middleware_content_saver`
[INFO] applying on HitomiAuthor(rubi-sama).HitomiGallery(887743).HitomiImage(0601), received

2024-02-08 21:24:48,735 <requestor-worker-8:1485689, MainThread:139827601966912> (requestor.py:_fetch_single_async:204 -> middleware.py:apply_async:112) from logger `RFC.middleware_content_saver`
[INFO] applying on HitomiAuthor(rubi-sama).HitomiGallery(887743).HitomiImage(0601), received

2024-02-08 21:24:48,746 <requestor-worker-8:1485689, MainThread:139827601966912> (requestor.py:_fetch_single_async:204 -> middleware.py:apply_async:115) from logger `RFC.middleware_content_saver`
[INFO] applied on HitomiAuthor(rubi-sama).HitomiGallery(887743).HitomiImage(0601), sent

2024-02-08 21:24:48,746 <requestor-worker-8:1485689, MainThread:139827601966912> (requestor.py:_fetch_single_async:204 -> middleware.py:apply_async:115) from logger `RFC.middleware_content_saver`
[INFO] applied on HitomiAuthor(rubi-sama).HitomiGallery(887743).HitomiImage(0601), sent

2024-02-08 21:24:48,746 <requestor-worker-8:1485689, MainThread:139827601966912> (requestor.py:_fetch_single_async:204 -> middleware.py:apply_async:115) from logger `RFC.middleware_content_saver`
[INFO] applied on HitomiAuthor(rubi-sama).HitomiGallery(887743).HitomiImage(0601), sent

2024-02-08 21:24:59,140 <requestor-worker-6:1485682, MainThread:139827601966912> (requestor.py:_fetch_single_async:204 -> middleware.py:apply_async:112) from logger `RFC.middleware_content_saver`
[INFO] applying on HitomiAuthor(rubi-sama).HitomiGallery(887743).HitomiImage(0679), received

2024-02-08 21:24:59,140 <requestor-worker-6:1485682, MainThread:139827601966912> (requestor.py:_fetch_single_async:204 -> middleware.py:apply_async:112) from logger `RFC.middleware_content_saver`
[INFO] applying on HitomiAuthor(rubi-sama).HitomiGallery(887743).HitomiImage(0679), received

2024-02-08 21:24:59,140 <requestor-worker-6:1485682, MainThread:139827601966912> (requestor.py:_fetch_single_async:204 -> middleware.py:apply_async:112) from logger `RFC.middleware_content_saver`
[INFO] applying on HitomiAuthor(rubi-sama).HitomiGallery(887743).HitomiImage(0679), received

2024-02-08 21:25:02,661 <requestor-worker-6:1485682, MainThread:139827601966912> (requestor.py:_fetch_single_async:204 -> middleware.py:apply_async:115) from logger `RFC.middleware_content_saver`
[INFO] applied on HitomiAuthor(rubi-sama).HitomiGallery(887743).HitomiImage(0679), sent

2024-02-08 21:25:02,661 <requestor-worker-6:1485682, MainThread:139827601966912> (requestor.py:_fetch_single_async:204 -> middleware.py:apply_async:115) from logger `RFC.middleware_content_saver`
[INFO] applied on HitomiAuthor(rubi-sama).HitomiGallery(887743).HitomiImage(0679), sent

2024-02-08 21:25:02,661 <requestor-worker-6:1485682, MainThread:139827601966912> (requestor.py:_fetch_single_async:204 -> middleware.py:apply_async:115) from logger `RFC.middleware_content_saver`
[INFO] applied on HitomiAuthor(rubi-sama).HitomiGallery(887743).HitomiImage(0679), sent

2024-02-08 21:25:10,907 <requestor-worker-8:1485689, MainThread:139827601966912> (requestor.py:_fetch_single_async:204 -> middleware.py:apply_async:112) from logger `RFC.middleware_content_saver`
[INFO] applying on HitomiAuthor(rubi-sama).HitomiGallery(887743).HitomiImage(0753), received

2024-02-08 21:25:10,907 <requestor-worker-8:1485689, MainThread:139827601966912> (requestor.py:_fetch_single_async:204 -> middleware.py:apply_async:112) from logger `RFC.middleware_content_saver`
[INFO] applying on HitomiAuthor(rubi-sama).HitomiGallery(887743).HitomiImage(0753), received

2024-02-08 21:25:10,907 <requestor-worker-8:1485689, MainThread:139827601966912> (requestor.py:_fetch_single_async:204 -> middleware.py:apply_async:112) from logger `RFC.middleware_content_saver`
[INFO] applying on HitomiAuthor(rubi-sama).HitomiGallery(887743).HitomiImage(0753), received

2024-02-08 21:25:11,044 <requestor-worker-8:1485689, MainThread:139827601966912> (requestor.py:_fetch_single_async:204 -> middleware.py:apply_async:115) from logger `RFC.middleware_content_saver`
[INFO] applied on HitomiAuthor(rubi-sama).HitomiGallery(887743).HitomiImage(0753), sent

2024-02-08 21:25:11,044 <requestor-worker-8:1485689, MainThread:139827601966912> (requestor.py:_fetch_single_async:204 -> middleware.py:apply_async:115) from logger `RFC.middleware_content_saver`
[INFO] applied on HitomiAuthor(rubi-sama).HitomiGallery(887743).HitomiImage(0753), sent

2024-02-08 21:25:11,044 <requestor-worker-8:1485689, MainThread:139827601966912> (requestor.py:_fetch_single_async:204 -> middleware.py:apply_async:115) from logger `RFC.middleware_content_saver`
[INFO] applied on HitomiAuthor(rubi-sama).HitomiGallery(887743).HitomiImage(0753), sent

2024-02-08 21:25:14,015 <requestor-worker-10:1485694, MainThread:139827601966912> (requestor.py:_fetch_single_async:204 -> middleware.py:apply_async:112) from logger `RFC.middleware_content_saver`
[INFO] applying on HitomiAuthor(rubi-sama).HitomiGallery(887743).HitomiImage(0596), received

2024-02-08 21:25:14,015 <requestor-worker-10:1485694, MainThread:139827601966912> (requestor.py:_fetch_single_async:204 -> middleware.py:apply_async:112) from logger `RFC.middleware_content_saver`
[INFO] applying on HitomiAuthor(rubi-sama).HitomiGallery(887743).HitomiImage(0596), received

2024-02-08 21:25:14,015 <requestor-worker-10:1485694, MainThread:139827601966912> (requestor.py:_fetch_single_async:204 -> middleware.py:apply_async:112) from logger `RFC.middleware_content_saver`
[INFO] applying on HitomiAuthor(rubi-sama).HitomiGallery(887743).HitomiImage(0596), received

2024-02-08 21:25:14,018 <requestor-worker-10:1485694, MainThread:139827601966912> (requestor.py:_fetch_single_async:204 -> middleware.py:apply_async:115) from logger `RFC.middleware_content_saver`
[INFO] applied on HitomiAuthor(rubi-sama).HitomiGallery(887743).HitomiImage(0596), sent

2024-02-08 21:25:14,018 <requestor-worker-10:1485694, MainThread:139827601966912> (requestor.py:_fetch_single_async:204 -> middleware.py:apply_async:115) from logger `RFC.middleware_content_saver`
[INFO] applied on HitomiAuthor(rubi-sama).HitomiGallery(887743).HitomiImage(0596), sent

2024-02-08 21:25:14,018 <requestor-worker-10:1485694, MainThread:139827601966912> (requestor.py:_fetch_single_async:204 -> middleware.py:apply_async:115) from logger `RFC.middleware_content_saver`
[INFO] applied on HitomiAuthor(rubi-sama).HitomiGallery(887743).HitomiImage(0596), sent

2024-02-08 21:25:15,510 <requestor-worker-10:1485694, MainThread:139827601966912> (requestor.py:_fetch_single_async:204 -> middleware.py:apply_async:112) from logger `RFC.middleware_content_saver`
[INFO] applying on HitomiAuthor(rubi-sama).HitomiGallery(887743).HitomiImage(0409), received

2024-02-08 21:25:15,510 <requestor-worker-10:1485694, MainThread:139827601966912> (requestor.py:_fetch_single_async:204 -> middleware.py:apply_async:112) from logger `RFC.middleware_content_saver`
[INFO] applying on HitomiAuthor(rubi-sama).HitomiGallery(887743).HitomiImage(0409), received

2024-02-08 21:25:15,510 <requestor-worker-10:1485694, MainThread:139827601966912> (requestor.py:_fetch_single_async:204 -> middleware.py:apply_async:112) from logger `RFC.middleware_content_saver`
[INFO] applying on HitomiAuthor(rubi-sama).HitomiGallery(887743).HitomiImage(0409), received

2024-02-08 21:25:15,513 <requestor-worker-10:1485694, MainThread:139827601966912> (requestor.py:_fetch_single_async:204 -> middleware.py:apply_async:115) from logger `RFC.middleware_content_saver`
[INFO] applied on HitomiAuthor(rubi-sama).HitomiGallery(887743).HitomiImage(0409), sent

2024-02-08 21:25:15,513 <requestor-worker-10:1485694, MainThread:139827601966912> (requestor.py:_fetch_single_async:204 -> middleware.py:apply_async:115) from logger `RFC.middleware_content_saver`
[INFO] applied on HitomiAuthor(rubi-sama).HitomiGallery(887743).HitomiImage(0409), sent

2024-02-08 21:25:15,513 <requestor-worker-10:1485694, MainThread:139827601966912> (requestor.py:_fetch_single_async:204 -> middleware.py:apply_async:115) from logger `RFC.middleware_content_saver`
[INFO] applied on HitomiAuthor(rubi-sama).HitomiGallery(887743).HitomiImage(0409), sent

2024-02-08 21:25:17,441 <requestor-worker-5:1485677, MainThread:139827601966912> (requestor.py:_fetch_single_async:204 -> middleware.py:apply_async:112) from logger `RFC.middleware_content_saver`
[INFO] applying on HitomiAuthor(rubi-sama).HitomiGallery(887743).HitomiImage(0611), received

2024-02-08 21:25:17,441 <requestor-worker-5:1485677, MainThread:139827601966912> (requestor.py:_fetch_single_async:204 -> middleware.py:apply_async:112) from logger `RFC.middleware_content_saver`
[INFO] applying on HitomiAuthor(rubi-sama).HitomiGallery(887743).HitomiImage(0611), received

2024-02-08 21:25:17,441 <requestor-worker-5:1485677, MainThread:139827601966912> (requestor.py:_fetch_single_async:204 -> middleware.py:apply_async:112) from logger `RFC.middleware_content_saver`
[INFO] applying on HitomiAuthor(rubi-sama).HitomiGallery(887743).HitomiImage(0611), received

2024-02-08 21:25:17,447 <requestor-worker-5:1485677, MainThread:139827601966912> (requestor.py:_fetch_single_async:204 -> middleware.py:apply_async:115) from logger `RFC.middleware_content_saver`
[INFO] applied on HitomiAuthor(rubi-sama).HitomiGallery(887743).HitomiImage(0611), sent

2024-02-08 21:25:17,447 <requestor-worker-5:1485677, MainThread:139827601966912> (requestor.py:_fetch_single_async:204 -> middleware.py:apply_async:115) from logger `RFC.middleware_content_saver`
[INFO] applied on HitomiAuthor(rubi-sama).HitomiGallery(887743).HitomiImage(0611), sent

2024-02-08 21:25:17,447 <requestor-worker-5:1485677, MainThread:139827601966912> (requestor.py:_fetch_single_async:204 -> middleware.py:apply_async:115) from logger `RFC.middleware_content_saver`
[INFO] applied on HitomiAuthor(rubi-sama).HitomiGallery(887743).HitomiImage(0611), sent

2024-02-08 21:25:30,737 <requestor-worker-10:1485694, MainThread:139827601966912> (requestor.py:_fetch_single_async:204 -> middleware.py:apply_async:112) from logger `RFC.middleware_content_saver`
[INFO] applying on HitomiAuthor(rubi-sama).HitomiGallery(1131217).HitomiImage(0605), received

2024-02-08 21:25:30,737 <requestor-worker-10:1485694, MainThread:139827601966912> (requestor.py:_fetch_single_async:204 -> middleware.py:apply_async:112) from logger `RFC.middleware_content_saver`
[INFO] applying on HitomiAuthor(rubi-sama).HitomiGallery(1131217).HitomiImage(0605), received

2024-02-08 21:25:30,737 <requestor-worker-10:1485694, MainThread:139827601966912> (requestor.py:_fetch_single_async:204 -> middleware.py:apply_async:112) from logger `RFC.middleware_content_saver`
[INFO] applying on HitomiAuthor(rubi-sama).HitomiGallery(1131217).HitomiImage(0605), received

2024-02-08 21:25:30,741 <requestor-worker-10:1485694, MainThread:139827601966912> (requestor.py:_fetch_single_async:204 -> middleware.py:apply_async:115) from logger `RFC.middleware_content_saver`
[INFO] applied on HitomiAuthor(rubi-sama).HitomiGallery(1131217).HitomiImage(0605), sent

2024-02-08 21:25:30,741 <requestor-worker-10:1485694, MainThread:139827601966912> (requestor.py:_fetch_single_async:204 -> middleware.py:apply_async:115) from logger `RFC.middleware_content_saver`
[INFO] applied on HitomiAuthor(rubi-sama).HitomiGallery(1131217).HitomiImage(0605), sent

2024-02-08 21:25:30,741 <requestor-worker-10:1485694, MainThread:139827601966912> (requestor.py:_fetch_single_async:204 -> middleware.py:apply_async:115) from logger `RFC.middleware_content_saver`
[INFO] applied on HitomiAuthor(rubi-sama).HitomiGallery(1131217).HitomiImage(0605), sent

2024-02-08 21:26:09,756 <requestor-worker-7:1485685, MainThread:139827601966912> (requestor.py:_fetch_single_async:204 -> middleware.py:apply_async:112) from logger `RFC.middleware_content_saver`
[INFO] applying on HitomiAuthor(rubi-sama).HitomiGallery(839732).HitomiImage(1081), received

2024-02-08 21:26:09,756 <requestor-worker-7:1485685, MainThread:139827601966912> (requestor.py:_fetch_single_async:204 -> middleware.py:apply_async:112) from logger `RFC.middleware_content_saver`
[INFO] applying on HitomiAuthor(rubi-sama).HitomiGallery(839732).HitomiImage(1081), received

2024-02-08 21:26:09,756 <requestor-worker-7:1485685, MainThread:139827601966912> (requestor.py:_fetch_single_async:204 -> middleware.py:apply_async:112) from logger `RFC.middleware_content_saver`
[INFO] applying on HitomiAuthor(rubi-sama).HitomiGallery(839732).HitomiImage(1081), received

2024-02-08 21:26:09,756 <requestor-worker-10:1485694, MainThread:139827601966912> (requestor.py:_fetch_single_async:204 -> middleware.py:apply_async:112) from logger `RFC.middleware_content_saver`
[INFO] applying on HitomiAuthor(rubi-sama).HitomiGallery(839732).HitomiImage(1090), received

2024-02-08 21:26:09,756 <requestor-worker-10:1485694, MainThread:139827601966912> (requestor.py:_fetch_single_async:204 -> middleware.py:apply_async:112) from logger `RFC.middleware_content_saver`
[INFO] applying on HitomiAuthor(rubi-sama).HitomiGallery(839732).HitomiImage(1090), received

2024-02-08 21:26:09,756 <requestor-worker-10:1485694, MainThread:139827601966912> (requestor.py:_fetch_single_async:204 -> middleware.py:apply_async:112) from logger `RFC.middleware_content_saver`
[INFO] applying on HitomiAuthor(rubi-sama).HitomiGallery(839732).HitomiImage(1090), received

2024-02-08 21:26:09,885 <requestor-worker-7:1485685, MainThread:139827601966912> (requestor.py:_fetch_single_async:204 -> middleware.py:apply_async:115) from logger `RFC.middleware_content_saver`
[INFO] applied on HitomiAuthor(rubi-sama).HitomiGallery(839732).HitomiImage(1081), sent

2024-02-08 21:26:09,885 <requestor-worker-7:1485685, MainThread:139827601966912> (requestor.py:_fetch_single_async:204 -> middleware.py:apply_async:115) from logger `RFC.middleware_content_saver`
[INFO] applied on HitomiAuthor(rubi-sama).HitomiGallery(839732).HitomiImage(1081), sent

2024-02-08 21:26:09,885 <requestor-worker-7:1485685, MainThread:139827601966912> (requestor.py:_fetch_single_async:204 -> middleware.py:apply_async:115) from logger `RFC.middleware_content_saver`
[INFO] applied on HitomiAuthor(rubi-sama).HitomiGallery(839732).HitomiImage(1081), sent

2024-02-08 21:26:10,019 <requestor-worker-10:1485694, MainThread:139827601966912> (requestor.py:_fetch_single_async:204 -> middleware.py:apply_async:115) from logger `RFC.middleware_content_saver`
[INFO] applied on HitomiAuthor(rubi-sama).HitomiGallery(839732).HitomiImage(1090), sent

2024-02-08 21:26:10,019 <requestor-worker-10:1485694, MainThread:139827601966912> (requestor.py:_fetch_single_async:204 -> middleware.py:apply_async:115) from logger `RFC.middleware_content_saver`
[INFO] applied on HitomiAuthor(rubi-sama).HitomiGallery(839732).HitomiImage(1090), sent

2024-02-08 21:26:10,019 <requestor-worker-10:1485694, MainThread:139827601966912> (requestor.py:_fetch_single_async:204 -> middleware.py:apply_async:115) from logger `RFC.middleware_content_saver`
[INFO] applied on HitomiAuthor(rubi-sama).HitomiGallery(839732).HitomiImage(1090), sent

2024-02-08 21:26:10,235 <requestor-worker-8:1485689, MainThread:139827601966912> (requestor.py:_fetch_single_async:204 -> middleware.py:apply_async:112) from logger `RFC.middleware_content_saver`
[INFO] applying on HitomiAuthor(rubi-sama).HitomiGallery(839732).HitomiImage(1089), received

2024-02-08 21:26:10,235 <requestor-worker-8:1485689, MainThread:139827601966912> (requestor.py:_fetch_single_async:204 -> middleware.py:apply_async:112) from logger `RFC.middleware_content_saver`
[INFO] applying on HitomiAuthor(rubi-sama).HitomiGallery(839732).HitomiImage(1089), received

2024-02-08 21:26:10,235 <requestor-worker-8:1485689, MainThread:139827601966912> (requestor.py:_fetch_single_async:204 -> middleware.py:apply_async:112) from logger `RFC.middleware_content_saver`
[INFO] applying on HitomiAuthor(rubi-sama).HitomiGallery(839732).HitomiImage(1089), received

2024-02-08 21:26:10,584 <requestor-worker-8:1485689, MainThread:139827601966912> (requestor.py:_fetch_single_async:204 -> middleware.py:apply_async:115) from logger `RFC.middleware_content_saver`
[INFO] applied on HitomiAuthor(rubi-sama).HitomiGallery(839732).HitomiImage(1089), sent

2024-02-08 21:26:10,584 <requestor-worker-8:1485689, MainThread:139827601966912> (requestor.py:_fetch_single_async:204 -> middleware.py:apply_async:115) from logger `RFC.middleware_content_saver`
[INFO] applied on HitomiAuthor(rubi-sama).HitomiGallery(839732).HitomiImage(1089), sent

2024-02-08 21:26:10,584 <requestor-worker-8:1485689, MainThread:139827601966912> (requestor.py:_fetch_single_async:204 -> middleware.py:apply_async:115) from logger `RFC.middleware_content_saver`
[INFO] applied on HitomiAuthor(rubi-sama).HitomiGallery(839732).HitomiImage(1089), sent

2024-02-08 21:26:12,921 <requestor-worker-6:1485682, MainThread:139827601966912> (requestor.py:_fetch_single_async:204 -> middleware.py:apply_async:112) from logger `RFC.middleware_content_saver`
[INFO] applying on HitomiAuthor(rubi-sama).HitomiGallery(839732).HitomiImage(1142), received

2024-02-08 21:26:12,921 <requestor-worker-6:1485682, MainThread:139827601966912> (requestor.py:_fetch_single_async:204 -> middleware.py:apply_async:112) from logger `RFC.middleware_content_saver`
[INFO] applying on HitomiAuthor(rubi-sama).HitomiGallery(839732).HitomiImage(1142), received

2024-02-08 21:26:12,921 <requestor-worker-6:1485682, MainThread:139827601966912> (requestor.py:_fetch_single_async:204 -> middleware.py:apply_async:112) from logger `RFC.middleware_content_saver`
[INFO] applying on HitomiAuthor(rubi-sama).HitomiGallery(839732).HitomiImage(1142), received

2024-02-08 21:26:12,929 <requestor-worker-6:1485682, MainThread:139827601966912> (requestor.py:_fetch_single_async:204 -> middleware.py:apply_async:112) from logger `RFC.middleware_content_saver`
[INFO] applying on HitomiAuthor(rubi-sama).HitomiGallery(839732).HitomiImage(1141), received

2024-02-08 21:26:12,929 <requestor-worker-6:1485682, MainThread:139827601966912> (requestor.py:_fetch_single_async:204 -> middleware.py:apply_async:112) from logger `RFC.middleware_content_saver`
[INFO] applying on HitomiAuthor(rubi-sama).HitomiGallery(839732).HitomiImage(1141), received

2024-02-08 21:26:12,929 <requestor-worker-6:1485682, MainThread:139827601966912> (requestor.py:_fetch_single_async:204 -> middleware.py:apply_async:112) from logger `RFC.middleware_content_saver`
[INFO] applying on HitomiAuthor(rubi-sama).HitomiGallery(839732).HitomiImage(1141), received

2024-02-08 21:26:12,933 <requestor-worker-6:1485682, MainThread:139827601966912> (requestor.py:_fetch_single_async:204 -> middleware.py:apply_async:115) from logger `RFC.middleware_content_saver`
[INFO] applied on HitomiAuthor(rubi-sama).HitomiGallery(839732).HitomiImage(1142), sent

2024-02-08 21:26:12,933 <requestor-worker-6:1485682, MainThread:139827601966912> (requestor.py:_fetch_single_async:204 -> middleware.py:apply_async:115) from logger `RFC.middleware_content_saver`
[INFO] applied on HitomiAuthor(rubi-sama).HitomiGallery(839732).HitomiImage(1142), sent

2024-02-08 21:26:12,933 <requestor-worker-6:1485682, MainThread:139827601966912> (requestor.py:_fetch_single_async:204 -> middleware.py:apply_async:115) from logger `RFC.middleware_content_saver`
[INFO] applied on HitomiAuthor(rubi-sama).HitomiGallery(839732).HitomiImage(1142), sent

2024-02-08 21:26:12,949 <requestor-worker-6:1485682, MainThread:139827601966912> (requestor.py:_fetch_single_async:204 -> middleware.py:apply_async:115) from logger `RFC.middleware_content_saver`
[INFO] applied on HitomiAuthor(rubi-sama).HitomiGallery(839732).HitomiImage(1141), sent

2024-02-08 21:26:12,949 <requestor-worker-6:1485682, MainThread:139827601966912> (requestor.py:_fetch_single_async:204 -> middleware.py:apply_async:115) from logger `RFC.middleware_content_saver`
[INFO] applied on HitomiAuthor(rubi-sama).HitomiGallery(839732).HitomiImage(1141), sent

2024-02-08 21:26:12,949 <requestor-worker-6:1485682, MainThread:139827601966912> (requestor.py:_fetch_single_async:204 -> middleware.py:apply_async:115) from logger `RFC.middleware_content_saver`
[INFO] applied on HitomiAuthor(rubi-sama).HitomiGallery(839732).HitomiImage(1141), sent

2024-02-08 21:26:34,303 <requestor-worker-10:1485694, MainThread:139827601966912> (requestor.py:_fetch_single_async:204 -> middleware.py:apply_async:112) from logger `RFC.middleware_content_saver`
[INFO] applying on HitomiAuthor(rubi-sama).HitomiGallery(839732).HitomiImage(1331), received

2024-02-08 21:26:34,303 <requestor-worker-10:1485694, MainThread:139827601966912> (requestor.py:_fetch_single_async:204 -> middleware.py:apply_async:112) from logger `RFC.middleware_content_saver`
[INFO] applying on HitomiAuthor(rubi-sama).HitomiGallery(839732).HitomiImage(1331), received

2024-02-08 21:26:34,303 <requestor-worker-10:1485694, MainThread:139827601966912> (requestor.py:_fetch_single_async:204 -> middleware.py:apply_async:112) from logger `RFC.middleware_content_saver`
[INFO] applying on HitomiAuthor(rubi-sama).HitomiGallery(839732).HitomiImage(1331), received

2024-02-08 21:26:34,324 <requestor-worker-6:1485682, MainThread:139827601966912> (requestor.py:_fetch_single_async:204 -> middleware.py:apply_async:112) from logger `RFC.middleware_content_saver`
[INFO] applying on HitomiAuthor(rubi-sama).HitomiGallery(839732).HitomiImage(1326), received

2024-02-08 21:26:34,324 <requestor-worker-6:1485682, MainThread:139827601966912> (requestor.py:_fetch_single_async:204 -> middleware.py:apply_async:112) from logger `RFC.middleware_content_saver`
[INFO] applying on HitomiAuthor(rubi-sama).HitomiGallery(839732).HitomiImage(1326), received

2024-02-08 21:26:34,324 <requestor-worker-6:1485682, MainThread:139827601966912> (requestor.py:_fetch_single_async:204 -> middleware.py:apply_async:112) from logger `RFC.middleware_content_saver`
[INFO] applying on HitomiAuthor(rubi-sama).HitomiGallery(839732).HitomiImage(1326), received

2024-02-08 21:26:34,745 <requestor-worker-6:1485682, MainThread:139827601966912> (requestor.py:_fetch_single_async:204 -> middleware.py:apply_async:115) from logger `RFC.middleware_content_saver`
[INFO] applied on HitomiAuthor(rubi-sama).HitomiGallery(839732).HitomiImage(1326), sent

2024-02-08 21:26:34,745 <requestor-worker-6:1485682, MainThread:139827601966912> (requestor.py:_fetch_single_async:204 -> middleware.py:apply_async:115) from logger `RFC.middleware_content_saver`
[INFO] applied on HitomiAuthor(rubi-sama).HitomiGallery(839732).HitomiImage(1326), sent

2024-02-08 21:26:34,745 <requestor-worker-6:1485682, MainThread:139827601966912> (requestor.py:_fetch_single_async:204 -> middleware.py:apply_async:115) from logger `RFC.middleware_content_saver`
[INFO] applied on HitomiAuthor(rubi-sama).HitomiGallery(839732).HitomiImage(1326), sent

2024-02-08 21:26:34,805 <requestor-worker-10:1485694, MainThread:139827601966912> (requestor.py:_fetch_single_async:204 -> middleware.py:apply_async:115) from logger `RFC.middleware_content_saver`
[INFO] applied on HitomiAuthor(rubi-sama).HitomiGallery(839732).HitomiImage(1331), sent

2024-02-08 21:26:34,805 <requestor-worker-10:1485694, MainThread:139827601966912> (requestor.py:_fetch_single_async:204 -> middleware.py:apply_async:115) from logger `RFC.middleware_content_saver`
[INFO] applied on HitomiAuthor(rubi-sama).HitomiGallery(839732).HitomiImage(1331), sent

2024-02-08 21:26:34,805 <requestor-worker-10:1485694, MainThread:139827601966912> (requestor.py:_fetch_single_async:204 -> middleware.py:apply_async:115) from logger `RFC.middleware_content_saver`
[INFO] applied on HitomiAuthor(rubi-sama).HitomiGallery(839732).HitomiImage(1331), sent

2024-02-08 21:29:22,615 <requestor-worker-4:1485673, MainThread:139827601966912> (requestor.py:_fetch_single_async:204 -> middleware.py:apply_async:112) from logger `RFC.middleware_content_saver`
[INFO] applying on HitomiAuthor(rubi-sama).HitomiGallery(839731).HitomiImage(0387), received

2024-02-08 21:29:22,615 <requestor-worker-4:1485673, MainThread:139827601966912> (requestor.py:_fetch_single_async:204 -> middleware.py:apply_async:112) from logger `RFC.middleware_content_saver`
[INFO] applying on HitomiAuthor(rubi-sama).HitomiGallery(839731).HitomiImage(0387), received

2024-02-08 21:29:22,615 <requestor-worker-4:1485673, MainThread:139827601966912> (requestor.py:_fetch_single_async:204 -> middleware.py:apply_async:112) from logger `RFC.middleware_content_saver`
[INFO] applying on HitomiAuthor(rubi-sama).HitomiGallery(839731).HitomiImage(0387), received

2024-02-08 21:29:22,919 <requestor-worker-4:1485673, MainThread:139827601966912> (requestor.py:_fetch_single_async:204 -> middleware.py:apply_async:115) from logger `RFC.middleware_content_saver`
[INFO] applied on HitomiAuthor(rubi-sama).HitomiGallery(839731).HitomiImage(0387), sent

2024-02-08 21:29:22,919 <requestor-worker-4:1485673, MainThread:139827601966912> (requestor.py:_fetch_single_async:204 -> middleware.py:apply_async:115) from logger `RFC.middleware_content_saver`
[INFO] applied on HitomiAuthor(rubi-sama).HitomiGallery(839731).HitomiImage(0387), sent

2024-02-08 21:29:22,919 <requestor-worker-4:1485673, MainThread:139827601966912> (requestor.py:_fetch_single_async:204 -> middleware.py:apply_async:115) from logger `RFC.middleware_content_saver`
[INFO] applied on HitomiAuthor(rubi-sama).HitomiGallery(839731).HitomiImage(0387), sent

2024-02-08 21:29:25,923 <requestor-worker-4:1485673, MainThread:139827601966912> (requestor.py:_fetch_single_async:204 -> middleware.py:apply_async:112) from logger `RFC.middleware_content_saver`
[INFO] applying on HitomiAuthor(rubi-sama).HitomiGallery(839731).HitomiImage(0940), received

2024-02-08 21:29:25,923 <requestor-worker-4:1485673, MainThread:139827601966912> (requestor.py:_fetch_single_async:204 -> middleware.py:apply_async:112) from logger `RFC.middleware_content_saver`
[INFO] applying on HitomiAuthor(rubi-sama).HitomiGallery(839731).HitomiImage(0940), received

2024-02-08 21:29:25,923 <requestor-worker-4:1485673, MainThread:139827601966912> (requestor.py:_fetch_single_async:204 -> middleware.py:apply_async:112) from logger `RFC.middleware_content_saver`
[INFO] applying on HitomiAuthor(rubi-sama).HitomiGallery(839731).HitomiImage(0940), received

2024-02-08 21:29:26,017 <requestor-worker-4:1485673, MainThread:139827601966912> (requestor.py:_fetch_single_async:204 -> middleware.py:apply_async:115) from logger `RFC.middleware_content_saver`
[INFO] applied on HitomiAuthor(rubi-sama).HitomiGallery(839731).HitomiImage(0940), sent

2024-02-08 21:29:26,017 <requestor-worker-4:1485673, MainThread:139827601966912> (requestor.py:_fetch_single_async:204 -> middleware.py:apply_async:115) from logger `RFC.middleware_content_saver`
[INFO] applied on HitomiAuthor(rubi-sama).HitomiGallery(839731).HitomiImage(0940), sent

2024-02-08 21:29:26,017 <requestor-worker-4:1485673, MainThread:139827601966912> (requestor.py:_fetch_single_async:204 -> middleware.py:apply_async:115) from logger `RFC.middleware_content_saver`
[INFO] applied on HitomiAuthor(rubi-sama).HitomiGallery(839731).HitomiImage(0940), sent

2024-02-08 21:29:27,111 <requestor-worker-11:1485696, MainThread:139827601966912> (requestor.py:_fetch_single_async:204 -> middleware.py:apply_async:112) from logger `RFC.middleware_content_saver`
[INFO] applying on HitomiAuthor(rubi-sama).HitomiGallery(839731).HitomiImage(0931), received

2024-02-08 21:29:27,111 <requestor-worker-11:1485696, MainThread:139827601966912> (requestor.py:_fetch_single_async:204 -> middleware.py:apply_async:112) from logger `RFC.middleware_content_saver`
[INFO] applying on HitomiAuthor(rubi-sama).HitomiGallery(839731).HitomiImage(0931), received

2024-02-08 21:29:27,111 <requestor-worker-11:1485696, MainThread:139827601966912> (requestor.py:_fetch_single_async:204 -> middleware.py:apply_async:112) from logger `RFC.middleware_content_saver`
[INFO] applying on HitomiAuthor(rubi-sama).HitomiGallery(839731).HitomiImage(0931), received

2024-02-08 21:29:27,140 <requestor-worker-6:1485682, MainThread:139827601966912> (requestor.py:_fetch_single_async:204 -> middleware.py:apply_async:112) from logger `RFC.middleware_content_saver`
[INFO] applying on HitomiAuthor(rubi-sama).HitomiGallery(839731).HitomiImage(0819), received

2024-02-08 21:29:27,140 <requestor-worker-6:1485682, MainThread:139827601966912> (requestor.py:_fetch_single_async:204 -> middleware.py:apply_async:112) from logger `RFC.middleware_content_saver`
[INFO] applying on HitomiAuthor(rubi-sama).HitomiGallery(839731).HitomiImage(0819), received

2024-02-08 21:29:27,140 <requestor-worker-6:1485682, MainThread:139827601966912> (requestor.py:_fetch_single_async:204 -> middleware.py:apply_async:112) from logger `RFC.middleware_content_saver`
[INFO] applying on HitomiAuthor(rubi-sama).HitomiGallery(839731).HitomiImage(0819), received

2024-02-08 21:29:27,160 <requestor-worker-4:1485673, MainThread:139827601966912> (requestor.py:_fetch_single_async:204 -> middleware.py:apply_async:112) from logger `RFC.middleware_content_saver`
[INFO] applying on HitomiAuthor(rubi-sama).HitomiGallery(839731).HitomiImage(0887), received

2024-02-08 21:29:27,160 <requestor-worker-4:1485673, MainThread:139827601966912> (requestor.py:_fetch_single_async:204 -> middleware.py:apply_async:112) from logger `RFC.middleware_content_saver`
[INFO] applying on HitomiAuthor(rubi-sama).HitomiGallery(839731).HitomiImage(0887), received

2024-02-08 21:29:27,160 <requestor-worker-4:1485673, MainThread:139827601966912> (requestor.py:_fetch_single_async:204 -> middleware.py:apply_async:112) from logger `RFC.middleware_content_saver`
[INFO] applying on HitomiAuthor(rubi-sama).HitomiGallery(839731).HitomiImage(0887), received

2024-02-08 21:29:27,192 <requestor-worker-9:1485690, MainThread:139827601966912> (requestor.py:_fetch_single_async:204 -> middleware.py:apply_async:112) from logger `RFC.middleware_content_saver`
[INFO] applying on HitomiAuthor(rubi-sama).HitomiGallery(839731).HitomiImage(0866), received

2024-02-08 21:29:27,192 <requestor-worker-9:1485690, MainThread:139827601966912> (requestor.py:_fetch_single_async:204 -> middleware.py:apply_async:112) from logger `RFC.middleware_content_saver`
[INFO] applying on HitomiAuthor(rubi-sama).HitomiGallery(839731).HitomiImage(0866), received

2024-02-08 21:29:27,192 <requestor-worker-9:1485690, MainThread:139827601966912> (requestor.py:_fetch_single_async:204 -> middleware.py:apply_async:112) from logger `RFC.middleware_content_saver`
[INFO] applying on HitomiAuthor(rubi-sama).HitomiGallery(839731).HitomiImage(0866), received

2024-02-08 21:29:27,198 <requestor-worker-8:1485689, MainThread:139827601966912> (requestor.py:_fetch_single_async:204 -> middleware.py:apply_async:112) from logger `RFC.middleware_content_saver`
[INFO] applying on HitomiAuthor(rubi-sama).HitomiGallery(839731).HitomiImage(0896), received

2024-02-08 21:29:27,198 <requestor-worker-8:1485689, MainThread:139827601966912> (requestor.py:_fetch_single_async:204 -> middleware.py:apply_async:112) from logger `RFC.middleware_content_saver`
[INFO] applying on HitomiAuthor(rubi-sama).HitomiGallery(839731).HitomiImage(0896), received

2024-02-08 21:29:27,198 <requestor-worker-8:1485689, MainThread:139827601966912> (requestor.py:_fetch_single_async:204 -> middleware.py:apply_async:112) from logger `RFC.middleware_content_saver`
[INFO] applying on HitomiAuthor(rubi-sama).HitomiGallery(839731).HitomiImage(0896), received

2024-02-08 21:29:27,199 <requestor-worker-1:1485661, MainThread:139827601966912> (requestor.py:_fetch_single_async:204 -> middleware.py:apply_async:112) from logger `RFC.middleware_content_saver`
[INFO] applying on HitomiAuthor(rubi-sama).HitomiGallery(839731).HitomiImage(0883), received

2024-02-08 21:29:27,199 <requestor-worker-1:1485661, MainThread:139827601966912> (requestor.py:_fetch_single_async:204 -> middleware.py:apply_async:112) from logger `RFC.middleware_content_saver`
[INFO] applying on HitomiAuthor(rubi-sama).HitomiGallery(839731).HitomiImage(0883), received

2024-02-08 21:29:27,199 <requestor-worker-1:1485661, MainThread:139827601966912> (requestor.py:_fetch_single_async:204 -> middleware.py:apply_async:112) from logger `RFC.middleware_content_saver`
[INFO] applying on HitomiAuthor(rubi-sama).HitomiGallery(839731).HitomiImage(0883), received

2024-02-08 21:29:27,259 <requestor-worker-1:1485661, MainThread:139827601966912> (requestor.py:_fetch_single_async:204 -> middleware.py:apply_async:115) from logger `RFC.middleware_content_saver`
[INFO] applied on HitomiAuthor(rubi-sama).HitomiGallery(839731).HitomiImage(0883), sent

2024-02-08 21:29:27,259 <requestor-worker-1:1485661, MainThread:139827601966912> (requestor.py:_fetch_single_async:204 -> middleware.py:apply_async:115) from logger `RFC.middleware_content_saver`
[INFO] applied on HitomiAuthor(rubi-sama).HitomiGallery(839731).HitomiImage(0883), sent

2024-02-08 21:29:27,259 <requestor-worker-1:1485661, MainThread:139827601966912> (requestor.py:_fetch_single_async:204 -> middleware.py:apply_async:115) from logger `RFC.middleware_content_saver`
[INFO] applied on HitomiAuthor(rubi-sama).HitomiGallery(839731).HitomiImage(0883), sent

2024-02-08 21:29:27,262 <requestor-worker-9:1485690, MainThread:139827601966912> (requestor.py:_fetch_single_async:204 -> middleware.py:apply_async:115) from logger `RFC.middleware_content_saver`
[INFO] applied on HitomiAuthor(rubi-sama).HitomiGallery(839731).HitomiImage(0866), sent

2024-02-08 21:29:27,262 <requestor-worker-9:1485690, MainThread:139827601966912> (requestor.py:_fetch_single_async:204 -> middleware.py:apply_async:115) from logger `RFC.middleware_content_saver`
[INFO] applied on HitomiAuthor(rubi-sama).HitomiGallery(839731).HitomiImage(0866), sent

2024-02-08 21:29:27,262 <requestor-worker-9:1485690, MainThread:139827601966912> (requestor.py:_fetch_single_async:204 -> middleware.py:apply_async:115) from logger `RFC.middleware_content_saver`
[INFO] applied on HitomiAuthor(rubi-sama).HitomiGallery(839731).HitomiImage(0866), sent

2024-02-08 21:29:27,345 <requestor-worker-11:1485696, MainThread:139827601966912> (requestor.py:_fetch_single_async:204 -> middleware.py:apply_async:115) from logger `RFC.middleware_content_saver`
[INFO] applied on HitomiAuthor(rubi-sama).HitomiGallery(839731).HitomiImage(0931), sent

2024-02-08 21:29:27,345 <requestor-worker-11:1485696, MainThread:139827601966912> (requestor.py:_fetch_single_async:204 -> middleware.py:apply_async:115) from logger `RFC.middleware_content_saver`
[INFO] applied on HitomiAuthor(rubi-sama).HitomiGallery(839731).HitomiImage(0931), sent

2024-02-08 21:29:27,345 <requestor-worker-11:1485696, MainThread:139827601966912> (requestor.py:_fetch_single_async:204 -> middleware.py:apply_async:115) from logger `RFC.middleware_content_saver`
[INFO] applied on HitomiAuthor(rubi-sama).HitomiGallery(839731).HitomiImage(0931), sent

2024-02-08 21:29:27,354 <requestor-worker-6:1485682, MainThread:139827601966912> (requestor.py:_fetch_single_async:204 -> middleware.py:apply_async:115) from logger `RFC.middleware_content_saver`
[INFO] applied on HitomiAuthor(rubi-sama).HitomiGallery(839731).HitomiImage(0819), sent

2024-02-08 21:29:27,354 <requestor-worker-6:1485682, MainThread:139827601966912> (requestor.py:_fetch_single_async:204 -> middleware.py:apply_async:115) from logger `RFC.middleware_content_saver`
[INFO] applied on HitomiAuthor(rubi-sama).HitomiGallery(839731).HitomiImage(0819), sent

2024-02-08 21:29:27,354 <requestor-worker-6:1485682, MainThread:139827601966912> (requestor.py:_fetch_single_async:204 -> middleware.py:apply_async:115) from logger `RFC.middleware_content_saver`
[INFO] applied on HitomiAuthor(rubi-sama).HitomiGallery(839731).HitomiImage(0819), sent

2024-02-08 21:29:27,403 <requestor-worker-8:1485689, MainThread:139827601966912> (requestor.py:_fetch_single_async:204 -> middleware.py:apply_async:115) from logger `RFC.middleware_content_saver`
[INFO] applied on HitomiAuthor(rubi-sama).HitomiGallery(839731).HitomiImage(0896), sent

2024-02-08 21:29:27,403 <requestor-worker-8:1485689, MainThread:139827601966912> (requestor.py:_fetch_single_async:204 -> middleware.py:apply_async:115) from logger `RFC.middleware_content_saver`
[INFO] applied on HitomiAuthor(rubi-sama).HitomiGallery(839731).HitomiImage(0896), sent

2024-02-08 21:29:27,403 <requestor-worker-8:1485689, MainThread:139827601966912> (requestor.py:_fetch_single_async:204 -> middleware.py:apply_async:115) from logger `RFC.middleware_content_saver`
[INFO] applied on HitomiAuthor(rubi-sama).HitomiGallery(839731).HitomiImage(0896), sent

2024-02-08 21:29:27,412 <requestor-worker-4:1485673, MainThread:139827601966912> (requestor.py:_fetch_single_async:204 -> middleware.py:apply_async:115) from logger `RFC.middleware_content_saver`
[INFO] applied on HitomiAuthor(rubi-sama).HitomiGallery(839731).HitomiImage(0887), sent

2024-02-08 21:29:27,412 <requestor-worker-4:1485673, MainThread:139827601966912> (requestor.py:_fetch_single_async:204 -> middleware.py:apply_async:115) from logger `RFC.middleware_content_saver`
[INFO] applied on HitomiAuthor(rubi-sama).HitomiGallery(839731).HitomiImage(0887), sent

2024-02-08 21:29:27,412 <requestor-worker-4:1485673, MainThread:139827601966912> (requestor.py:_fetch_single_async:204 -> middleware.py:apply_async:115) from logger `RFC.middleware_content_saver`
[INFO] applied on HitomiAuthor(rubi-sama).HitomiGallery(839731).HitomiImage(0887), sent

2024-02-08 21:29:27,551 <requestor-worker-10:1485694, MainThread:139827601966912> (requestor.py:_fetch_single_async:204 -> middleware.py:apply_async:112) from logger `RFC.middleware_content_saver`
[INFO] applying on HitomiAuthor(rubi-sama).HitomiGallery(839731).HitomiImage(0519), received

2024-02-08 21:29:27,551 <requestor-worker-10:1485694, MainThread:139827601966912> (requestor.py:_fetch_single_async:204 -> middleware.py:apply_async:112) from logger `RFC.middleware_content_saver`
[INFO] applying on HitomiAuthor(rubi-sama).HitomiGallery(839731).HitomiImage(0519), received

2024-02-08 21:29:27,551 <requestor-worker-10:1485694, MainThread:139827601966912> (requestor.py:_fetch_single_async:204 -> middleware.py:apply_async:112) from logger `RFC.middleware_content_saver`
[INFO] applying on HitomiAuthor(rubi-sama).HitomiGallery(839731).HitomiImage(0519), received

2024-02-08 21:29:29,412 <requestor-worker-11:1485696, MainThread:139827601966912> (requestor.py:_fetch_single_async:204 -> middleware.py:apply_async:112) from logger `RFC.middleware_content_saver`
[INFO] applying on HitomiAuthor(rubi-sama).HitomiGallery(839731).HitomiImage(1262), received

2024-02-08 21:29:29,412 <requestor-worker-11:1485696, MainThread:139827601966912> (requestor.py:_fetch_single_async:204 -> middleware.py:apply_async:112) from logger `RFC.middleware_content_saver`
[INFO] applying on HitomiAuthor(rubi-sama).HitomiGallery(839731).HitomiImage(1262), received

2024-02-08 21:29:29,412 <requestor-worker-11:1485696, MainThread:139827601966912> (requestor.py:_fetch_single_async:204 -> middleware.py:apply_async:112) from logger `RFC.middleware_content_saver`
[INFO] applying on HitomiAuthor(rubi-sama).HitomiGallery(839731).HitomiImage(1262), received

2024-02-08 21:29:29,414 <requestor-worker-8:1485689, MainThread:139827601966912> (requestor.py:_fetch_single_async:204 -> middleware.py:apply_async:112) from logger `RFC.middleware_content_saver`
[INFO] applying on HitomiAuthor(rubi-sama).HitomiGallery(839731).HitomiImage(1263), received

2024-02-08 21:29:29,414 <requestor-worker-8:1485689, MainThread:139827601966912> (requestor.py:_fetch_single_async:204 -> middleware.py:apply_async:112) from logger `RFC.middleware_content_saver`
[INFO] applying on HitomiAuthor(rubi-sama).HitomiGallery(839731).HitomiImage(1263), received

2024-02-08 21:29:29,414 <requestor-worker-8:1485689, MainThread:139827601966912> (requestor.py:_fetch_single_async:204 -> middleware.py:apply_async:112) from logger `RFC.middleware_content_saver`
[INFO] applying on HitomiAuthor(rubi-sama).HitomiGallery(839731).HitomiImage(1263), received

2024-02-08 21:29:29,416 <requestor-worker-11:1485696, MainThread:139827601966912> (requestor.py:_fetch_single_async:204 -> middleware.py:apply_async:115) from logger `RFC.middleware_content_saver`
[INFO] applied on HitomiAuthor(rubi-sama).HitomiGallery(839731).HitomiImage(1262), sent

2024-02-08 21:29:29,416 <requestor-worker-11:1485696, MainThread:139827601966912> (requestor.py:_fetch_single_async:204 -> middleware.py:apply_async:115) from logger `RFC.middleware_content_saver`
[INFO] applied on HitomiAuthor(rubi-sama).HitomiGallery(839731).HitomiImage(1262), sent

2024-02-08 21:29:29,416 <requestor-worker-11:1485696, MainThread:139827601966912> (requestor.py:_fetch_single_async:204 -> middleware.py:apply_async:115) from logger `RFC.middleware_content_saver`
[INFO] applied on HitomiAuthor(rubi-sama).HitomiGallery(839731).HitomiImage(1262), sent

2024-02-08 21:29:29,417 <requestor-worker-8:1485689, MainThread:139827601966912> (requestor.py:_fetch_single_async:204 -> middleware.py:apply_async:115) from logger `RFC.middleware_content_saver`
[INFO] applied on HitomiAuthor(rubi-sama).HitomiGallery(839731).HitomiImage(1263), sent

2024-02-08 21:29:29,417 <requestor-worker-8:1485689, MainThread:139827601966912> (requestor.py:_fetch_single_async:204 -> middleware.py:apply_async:115) from logger `RFC.middleware_content_saver`
[INFO] applied on HitomiAuthor(rubi-sama).HitomiGallery(839731).HitomiImage(1263), sent

2024-02-08 21:29:29,417 <requestor-worker-8:1485689, MainThread:139827601966912> (requestor.py:_fetch_single_async:204 -> middleware.py:apply_async:115) from logger `RFC.middleware_content_saver`
[INFO] applied on HitomiAuthor(rubi-sama).HitomiGallery(839731).HitomiImage(1263), sent

2024-02-08 21:29:29,425 <requestor-worker-10:1485694, MainThread:139827601966912> (requestor.py:_fetch_single_async:204 -> middleware.py:apply_async:112) from logger `RFC.middleware_content_saver`
[INFO] applying on HitomiAuthor(rubi-sama).HitomiGallery(839731).HitomiImage(1088), received

2024-02-08 21:29:29,425 <requestor-worker-10:1485694, MainThread:139827601966912> (requestor.py:_fetch_single_async:204 -> middleware.py:apply_async:112) from logger `RFC.middleware_content_saver`
[INFO] applying on HitomiAuthor(rubi-sama).HitomiGallery(839731).HitomiImage(1088), received

2024-02-08 21:29:29,425 <requestor-worker-10:1485694, MainThread:139827601966912> (requestor.py:_fetch_single_async:204 -> middleware.py:apply_async:112) from logger `RFC.middleware_content_saver`
[INFO] applying on HitomiAuthor(rubi-sama).HitomiGallery(839731).HitomiImage(1088), received

2024-02-08 21:29:29,427 <requestor-worker-3:1485668, MainThread:139827601966912> (requestor.py:_fetch_single_async:204 -> middleware.py:apply_async:112) from logger `RFC.middleware_content_saver`
[INFO] applying on HitomiAuthor(rubi-sama).HitomiGallery(839731).HitomiImage(1021), received

2024-02-08 21:29:29,427 <requestor-worker-3:1485668, MainThread:139827601966912> (requestor.py:_fetch_single_async:204 -> middleware.py:apply_async:112) from logger `RFC.middleware_content_saver`
[INFO] applying on HitomiAuthor(rubi-sama).HitomiGallery(839731).HitomiImage(1021), received

2024-02-08 21:29:29,427 <requestor-worker-3:1485668, MainThread:139827601966912> (requestor.py:_fetch_single_async:204 -> middleware.py:apply_async:112) from logger `RFC.middleware_content_saver`
[INFO] applying on HitomiAuthor(rubi-sama).HitomiGallery(839731).HitomiImage(1021), received

2024-02-08 21:29:29,429 <requestor-worker-10:1485694, MainThread:139827601966912> (requestor.py:_fetch_single_async:204 -> middleware.py:apply_async:115) from logger `RFC.middleware_content_saver`
[INFO] applied on HitomiAuthor(rubi-sama).HitomiGallery(839731).HitomiImage(1088), sent

2024-02-08 21:29:29,429 <requestor-worker-10:1485694, MainThread:139827601966912> (requestor.py:_fetch_single_async:204 -> middleware.py:apply_async:115) from logger `RFC.middleware_content_saver`
[INFO] applied on HitomiAuthor(rubi-sama).HitomiGallery(839731).HitomiImage(1088), sent

2024-02-08 21:29:29,429 <requestor-worker-10:1485694, MainThread:139827601966912> (requestor.py:_fetch_single_async:204 -> middleware.py:apply_async:115) from logger `RFC.middleware_content_saver`
[INFO] applied on HitomiAuthor(rubi-sama).HitomiGallery(839731).HitomiImage(1088), sent

2024-02-08 21:29:29,430 <requestor-worker-3:1485668, MainThread:139827601966912> (requestor.py:_fetch_single_async:204 -> middleware.py:apply_async:115) from logger `RFC.middleware_content_saver`
[INFO] applied on HitomiAuthor(rubi-sama).HitomiGallery(839731).HitomiImage(1021), sent

2024-02-08 21:29:29,430 <requestor-worker-3:1485668, MainThread:139827601966912> (requestor.py:_fetch_single_async:204 -> middleware.py:apply_async:115) from logger `RFC.middleware_content_saver`
[INFO] applied on HitomiAuthor(rubi-sama).HitomiGallery(839731).HitomiImage(1021), sent

2024-02-08 21:29:29,430 <requestor-worker-3:1485668, MainThread:139827601966912> (requestor.py:_fetch_single_async:204 -> middleware.py:apply_async:115) from logger `RFC.middleware_content_saver`
[INFO] applied on HitomiAuthor(rubi-sama).HitomiGallery(839731).HitomiImage(1021), sent

2024-02-08 21:29:29,436 <requestor-worker-10:1485694, MainThread:139827601966912> (requestor.py:_fetch_single_async:204 -> middleware.py:apply_async:115) from logger `RFC.middleware_content_saver`
[INFO] applied on HitomiAuthor(rubi-sama).HitomiGallery(839731).HitomiImage(0519), sent

2024-02-08 21:29:29,436 <requestor-worker-10:1485694, MainThread:139827601966912> (requestor.py:_fetch_single_async:204 -> middleware.py:apply_async:115) from logger `RFC.middleware_content_saver`
[INFO] applied on HitomiAuthor(rubi-sama).HitomiGallery(839731).HitomiImage(0519), sent

2024-02-08 21:29:29,436 <requestor-worker-10:1485694, MainThread:139827601966912> (requestor.py:_fetch_single_async:204 -> middleware.py:apply_async:115) from logger `RFC.middleware_content_saver`
[INFO] applied on HitomiAuthor(rubi-sama).HitomiGallery(839731).HitomiImage(0519), sent

2024-02-08 21:29:30,830 <requestor-worker-9:1485690, MainThread:139827601966912> (requestor.py:_fetch_single_async:204 -> middleware.py:apply_async:112) from logger `RFC.middleware_content_saver`
[INFO] applying on HitomiAuthor(rubi-sama).HitomiGallery(839731).HitomiImage(1264), received

2024-02-08 21:29:30,830 <requestor-worker-9:1485690, MainThread:139827601966912> (requestor.py:_fetch_single_async:204 -> middleware.py:apply_async:112) from logger `RFC.middleware_content_saver`
[INFO] applying on HitomiAuthor(rubi-sama).HitomiGallery(839731).HitomiImage(1264), received

2024-02-08 21:29:30,830 <requestor-worker-9:1485690, MainThread:139827601966912> (requestor.py:_fetch_single_async:204 -> middleware.py:apply_async:112) from logger `RFC.middleware_content_saver`
[INFO] applying on HitomiAuthor(rubi-sama).HitomiGallery(839731).HitomiImage(1264), received

2024-02-08 21:29:30,833 <requestor-worker-9:1485690, MainThread:139827601966912> (requestor.py:_fetch_single_async:204 -> middleware.py:apply_async:115) from logger `RFC.middleware_content_saver`
[INFO] applied on HitomiAuthor(rubi-sama).HitomiGallery(839731).HitomiImage(1264), sent

2024-02-08 21:29:30,833 <requestor-worker-9:1485690, MainThread:139827601966912> (requestor.py:_fetch_single_async:204 -> middleware.py:apply_async:115) from logger `RFC.middleware_content_saver`
[INFO] applied on HitomiAuthor(rubi-sama).HitomiGallery(839731).HitomiImage(1264), sent

2024-02-08 21:29:30,833 <requestor-worker-9:1485690, MainThread:139827601966912> (requestor.py:_fetch_single_async:204 -> middleware.py:apply_async:115) from logger `RFC.middleware_content_saver`
[INFO] applied on HitomiAuthor(rubi-sama).HitomiGallery(839731).HitomiImage(1264), sent

2024-02-08 21:29:31,990 <requestor-worker-6:1485682, MainThread:139827601966912> (requestor.py:_fetch_single_async:204 -> middleware.py:apply_async:112) from logger `RFC.middleware_content_saver`
[INFO] applying on HitomiAuthor(rubi-sama).HitomiGallery(839731).HitomiImage(1367), received

2024-02-08 21:29:31,990 <requestor-worker-6:1485682, MainThread:139827601966912> (requestor.py:_fetch_single_async:204 -> middleware.py:apply_async:112) from logger `RFC.middleware_content_saver`
[INFO] applying on HitomiAuthor(rubi-sama).HitomiGallery(839731).HitomiImage(1367), received

2024-02-08 21:29:31,990 <requestor-worker-6:1485682, MainThread:139827601966912> (requestor.py:_fetch_single_async:204 -> middleware.py:apply_async:112) from logger `RFC.middleware_content_saver`
[INFO] applying on HitomiAuthor(rubi-sama).HitomiGallery(839731).HitomiImage(1367), received

2024-02-08 21:29:31,994 <requestor-worker-6:1485682, MainThread:139827601966912> (requestor.py:_fetch_single_async:204 -> middleware.py:apply_async:115) from logger `RFC.middleware_content_saver`
[INFO] applied on HitomiAuthor(rubi-sama).HitomiGallery(839731).HitomiImage(1367), sent

2024-02-08 21:29:31,994 <requestor-worker-6:1485682, MainThread:139827601966912> (requestor.py:_fetch_single_async:204 -> middleware.py:apply_async:115) from logger `RFC.middleware_content_saver`
[INFO] applied on HitomiAuthor(rubi-sama).HitomiGallery(839731).HitomiImage(1367), sent

2024-02-08 21:29:31,994 <requestor-worker-6:1485682, MainThread:139827601966912> (requestor.py:_fetch_single_async:204 -> middleware.py:apply_async:115) from logger `RFC.middleware_content_saver`
[INFO] applied on HitomiAuthor(rubi-sama).HitomiGallery(839731).HitomiImage(1367), sent

2024-02-08 21:29:32,157 <requestor-worker-11:1485696, MainThread:139827601966912> (requestor.py:_fetch_single_async:204 -> middleware.py:apply_async:112) from logger `RFC.middleware_content_saver`
[INFO] applying on HitomiAuthor(rubi-sama).HitomiGallery(839731).HitomiImage(1152), received

2024-02-08 21:29:32,157 <requestor-worker-11:1485696, MainThread:139827601966912> (requestor.py:_fetch_single_async:204 -> middleware.py:apply_async:112) from logger `RFC.middleware_content_saver`
[INFO] applying on HitomiAuthor(rubi-sama).HitomiGallery(839731).HitomiImage(1152), received

2024-02-08 21:29:32,157 <requestor-worker-11:1485696, MainThread:139827601966912> (requestor.py:_fetch_single_async:204 -> middleware.py:apply_async:112) from logger `RFC.middleware_content_saver`
[INFO] applying on HitomiAuthor(rubi-sama).HitomiGallery(839731).HitomiImage(1152), received

2024-02-08 21:29:32,564 <requestor-worker-11:1485696, MainThread:139827601966912> (requestor.py:_fetch_single_async:204 -> middleware.py:apply_async:115) from logger `RFC.middleware_content_saver`
[INFO] applied on HitomiAuthor(rubi-sama).HitomiGallery(839731).HitomiImage(1152), sent

2024-02-08 21:29:32,564 <requestor-worker-11:1485696, MainThread:139827601966912> (requestor.py:_fetch_single_async:204 -> middleware.py:apply_async:115) from logger `RFC.middleware_content_saver`
[INFO] applied on HitomiAuthor(rubi-sama).HitomiGallery(839731).HitomiImage(1152), sent

2024-02-08 21:29:32,564 <requestor-worker-11:1485696, MainThread:139827601966912> (requestor.py:_fetch_single_async:204 -> middleware.py:apply_async:115) from logger `RFC.middleware_content_saver`
[INFO] applied on HitomiAuthor(rubi-sama).HitomiGallery(839731).HitomiImage(1152), sent

2024-02-08 21:29:33,006 <requestor-worker-9:1485690, MainThread:139827601966912> (requestor.py:_fetch_single_async:204 -> middleware.py:apply_async:112) from logger `RFC.middleware_content_saver`
[INFO] applying on HitomiAuthor(rubi-sama).HitomiGallery(839731).HitomiImage(1422), received

2024-02-08 21:29:33,006 <requestor-worker-9:1485690, MainThread:139827601966912> (requestor.py:_fetch_single_async:204 -> middleware.py:apply_async:112) from logger `RFC.middleware_content_saver`
[INFO] applying on HitomiAuthor(rubi-sama).HitomiGallery(839731).HitomiImage(1422), received

2024-02-08 21:29:33,006 <requestor-worker-9:1485690, MainThread:139827601966912> (requestor.py:_fetch_single_async:204 -> middleware.py:apply_async:112) from logger `RFC.middleware_content_saver`
[INFO] applying on HitomiAuthor(rubi-sama).HitomiGallery(839731).HitomiImage(1422), received

2024-02-08 21:29:33,107 <requestor-worker-11:1485696, MainThread:139827601966912> (requestor.py:_fetch_single_async:204 -> middleware.py:apply_async:112) from logger `RFC.middleware_content_saver`
[INFO] applying on HitomiAuthor(rubi-sama).HitomiGallery(839731).HitomiImage(1353), received

2024-02-08 21:29:33,107 <requestor-worker-11:1485696, MainThread:139827601966912> (requestor.py:_fetch_single_async:204 -> middleware.py:apply_async:112) from logger `RFC.middleware_content_saver`
[INFO] applying on HitomiAuthor(rubi-sama).HitomiGallery(839731).HitomiImage(1353), received

2024-02-08 21:29:33,107 <requestor-worker-11:1485696, MainThread:139827601966912> (requestor.py:_fetch_single_async:204 -> middleware.py:apply_async:112) from logger `RFC.middleware_content_saver`
[INFO] applying on HitomiAuthor(rubi-sama).HitomiGallery(839731).HitomiImage(1353), received

2024-02-08 21:29:33,123 <requestor-worker-8:1485689, MainThread:139827601966912> (requestor.py:_fetch_single_async:204 -> middleware.py:apply_async:112) from logger `RFC.middleware_content_saver`
[INFO] applying on HitomiAuthor(rubi-sama).HitomiGallery(839731).HitomiImage(1394), received

2024-02-08 21:29:33,123 <requestor-worker-8:1485689, MainThread:139827601966912> (requestor.py:_fetch_single_async:204 -> middleware.py:apply_async:112) from logger `RFC.middleware_content_saver`
[INFO] applying on HitomiAuthor(rubi-sama).HitomiGallery(839731).HitomiImage(1394), received

2024-02-08 21:29:33,123 <requestor-worker-8:1485689, MainThread:139827601966912> (requestor.py:_fetch_single_async:204 -> middleware.py:apply_async:112) from logger `RFC.middleware_content_saver`
[INFO] applying on HitomiAuthor(rubi-sama).HitomiGallery(839731).HitomiImage(1394), received

2024-02-08 21:29:33,371 <requestor-worker-3:1485668, MainThread:139827601966912> (requestor.py:_fetch_single_async:204 -> middleware.py:apply_async:112) from logger `RFC.middleware_content_saver`
[INFO] applying on HitomiAuthor(rubi-sama).HitomiGallery(839731).HitomiImage(1474), received

2024-02-08 21:29:33,371 <requestor-worker-3:1485668, MainThread:139827601966912> (requestor.py:_fetch_single_async:204 -> middleware.py:apply_async:112) from logger `RFC.middleware_content_saver`
[INFO] applying on HitomiAuthor(rubi-sama).HitomiGallery(839731).HitomiImage(1474), received

2024-02-08 21:29:33,371 <requestor-worker-3:1485668, MainThread:139827601966912> (requestor.py:_fetch_single_async:204 -> middleware.py:apply_async:112) from logger `RFC.middleware_content_saver`
[INFO] applying on HitomiAuthor(rubi-sama).HitomiGallery(839731).HitomiImage(1474), received

2024-02-08 21:29:33,375 <requestor-worker-3:1485668, MainThread:139827601966912> (requestor.py:_fetch_single_async:204 -> middleware.py:apply_async:115) from logger `RFC.middleware_content_saver`
[INFO] applied on HitomiAuthor(rubi-sama).HitomiGallery(839731).HitomiImage(1474), sent

2024-02-08 21:29:33,375 <requestor-worker-3:1485668, MainThread:139827601966912> (requestor.py:_fetch_single_async:204 -> middleware.py:apply_async:115) from logger `RFC.middleware_content_saver`
[INFO] applied on HitomiAuthor(rubi-sama).HitomiGallery(839731).HitomiImage(1474), sent

2024-02-08 21:29:33,375 <requestor-worker-3:1485668, MainThread:139827601966912> (requestor.py:_fetch_single_async:204 -> middleware.py:apply_async:115) from logger `RFC.middleware_content_saver`
[INFO] applied on HitomiAuthor(rubi-sama).HitomiGallery(839731).HitomiImage(1474), sent

2024-02-08 21:29:33,509 <requestor-worker-9:1485690, MainThread:139827601966912> (requestor.py:_fetch_single_async:204 -> middleware.py:apply_async:115) from logger `RFC.middleware_content_saver`
[INFO] applied on HitomiAuthor(rubi-sama).HitomiGallery(839731).HitomiImage(1422), sent

2024-02-08 21:29:33,509 <requestor-worker-9:1485690, MainThread:139827601966912> (requestor.py:_fetch_single_async:204 -> middleware.py:apply_async:115) from logger `RFC.middleware_content_saver`
[INFO] applied on HitomiAuthor(rubi-sama).HitomiGallery(839731).HitomiImage(1422), sent

2024-02-08 21:29:33,509 <requestor-worker-9:1485690, MainThread:139827601966912> (requestor.py:_fetch_single_async:204 -> middleware.py:apply_async:115) from logger `RFC.middleware_content_saver`
[INFO] applied on HitomiAuthor(rubi-sama).HitomiGallery(839731).HitomiImage(1422), sent

2024-02-08 21:29:33,518 <requestor-worker-5:1485677, MainThread:139827601966912> (requestor.py:_fetch_single_async:204 -> middleware.py:apply_async:112) from logger `RFC.middleware_content_saver`
[INFO] applying on HitomiAuthor(rubi-sama).HitomiGallery(839731).HitomiImage(1358), received

2024-02-08 21:29:33,518 <requestor-worker-5:1485677, MainThread:139827601966912> (requestor.py:_fetch_single_async:204 -> middleware.py:apply_async:112) from logger `RFC.middleware_content_saver`
[INFO] applying on HitomiAuthor(rubi-sama).HitomiGallery(839731).HitomiImage(1358), received

2024-02-08 21:29:33,518 <requestor-worker-5:1485677, MainThread:139827601966912> (requestor.py:_fetch_single_async:204 -> middleware.py:apply_async:112) from logger `RFC.middleware_content_saver`
[INFO] applying on HitomiAuthor(rubi-sama).HitomiGallery(839731).HitomiImage(1358), received

2024-02-08 21:29:33,528 <requestor-worker-5:1485677, MainThread:139827601966912> (requestor.py:_fetch_single_async:204 -> middleware.py:apply_async:112) from logger `RFC.middleware_content_saver`
[INFO] applying on HitomiAuthor(rubi-sama).HitomiGallery(839731).HitomiImage(1410), received

2024-02-08 21:29:33,528 <requestor-worker-5:1485677, MainThread:139827601966912> (requestor.py:_fetch_single_async:204 -> middleware.py:apply_async:112) from logger `RFC.middleware_content_saver`
[INFO] applying on HitomiAuthor(rubi-sama).HitomiGallery(839731).HitomiImage(1410), received

2024-02-08 21:29:33,528 <requestor-worker-5:1485677, MainThread:139827601966912> (requestor.py:_fetch_single_async:204 -> middleware.py:apply_async:112) from logger `RFC.middleware_content_saver`
[INFO] applying on HitomiAuthor(rubi-sama).HitomiGallery(839731).HitomiImage(1410), received

2024-02-08 21:29:33,532 <requestor-worker-5:1485677, MainThread:139827601966912> (requestor.py:_fetch_single_async:204 -> middleware.py:apply_async:115) from logger `RFC.middleware_content_saver`
[INFO] applied on HitomiAuthor(rubi-sama).HitomiGallery(839731).HitomiImage(1358), sent

2024-02-08 21:29:33,532 <requestor-worker-5:1485677, MainThread:139827601966912> (requestor.py:_fetch_single_async:204 -> middleware.py:apply_async:115) from logger `RFC.middleware_content_saver`
[INFO] applied on HitomiAuthor(rubi-sama).HitomiGallery(839731).HitomiImage(1358), sent

2024-02-08 21:29:33,532 <requestor-worker-5:1485677, MainThread:139827601966912> (requestor.py:_fetch_single_async:204 -> middleware.py:apply_async:115) from logger `RFC.middleware_content_saver`
[INFO] applied on HitomiAuthor(rubi-sama).HitomiGallery(839731).HitomiImage(1358), sent

2024-02-08 21:29:33,538 <requestor-worker-1:1485661, MainThread:139827601966912> (requestor.py:_fetch_single_async:204 -> middleware.py:apply_async:112) from logger `RFC.middleware_content_saver`
[INFO] applying on HitomiAuthor(rubi-sama).HitomiGallery(839731).HitomiImage(1348), received

2024-02-08 21:29:33,538 <requestor-worker-1:1485661, MainThread:139827601966912> (requestor.py:_fetch_single_async:204 -> middleware.py:apply_async:112) from logger `RFC.middleware_content_saver`
[INFO] applying on HitomiAuthor(rubi-sama).HitomiGallery(839731).HitomiImage(1348), received

2024-02-08 21:29:33,538 <requestor-worker-1:1485661, MainThread:139827601966912> (requestor.py:_fetch_single_async:204 -> middleware.py:apply_async:112) from logger `RFC.middleware_content_saver`
[INFO] applying on HitomiAuthor(rubi-sama).HitomiGallery(839731).HitomiImage(1348), received

2024-02-08 21:29:33,539 <requestor-worker-7:1485685, MainThread:139827601966912> (requestor.py:_fetch_single_async:204 -> middleware.py:apply_async:112) from logger `RFC.middleware_content_saver`
[INFO] applying on HitomiAuthor(rubi-sama).HitomiGallery(839731).HitomiImage(1413), received

2024-02-08 21:29:33,539 <requestor-worker-7:1485685, MainThread:139827601966912> (requestor.py:_fetch_single_async:204 -> middleware.py:apply_async:112) from logger `RFC.middleware_content_saver`
[INFO] applying on HitomiAuthor(rubi-sama).HitomiGallery(839731).HitomiImage(1413), received

2024-02-08 21:29:33,539 <requestor-worker-7:1485685, MainThread:139827601966912> (requestor.py:_fetch_single_async:204 -> middleware.py:apply_async:112) from logger `RFC.middleware_content_saver`
[INFO] applying on HitomiAuthor(rubi-sama).HitomiGallery(839731).HitomiImage(1413), received

2024-02-08 21:29:33,542 <requestor-worker-1:1485661, MainThread:139827601966912> (requestor.py:_fetch_single_async:204 -> middleware.py:apply_async:115) from logger `RFC.middleware_content_saver`
[INFO] applied on HitomiAuthor(rubi-sama).HitomiGallery(839731).HitomiImage(1348), sent

2024-02-08 21:29:33,542 <requestor-worker-1:1485661, MainThread:139827601966912> (requestor.py:_fetch_single_async:204 -> middleware.py:apply_async:115) from logger `RFC.middleware_content_saver`
[INFO] applied on HitomiAuthor(rubi-sama).HitomiGallery(839731).HitomiImage(1348), sent

2024-02-08 21:29:33,542 <requestor-worker-1:1485661, MainThread:139827601966912> (requestor.py:_fetch_single_async:204 -> middleware.py:apply_async:115) from logger `RFC.middleware_content_saver`
[INFO] applied on HitomiAuthor(rubi-sama).HitomiGallery(839731).HitomiImage(1348), sent

2024-02-08 21:29:33,584 <requestor-worker-5:1485677, MainThread:139827601966912> (requestor.py:_fetch_single_async:204 -> middleware.py:apply_async:115) from logger `RFC.middleware_content_saver`
[INFO] applied on HitomiAuthor(rubi-sama).HitomiGallery(839731).HitomiImage(1410), sent

2024-02-08 21:29:33,584 <requestor-worker-5:1485677, MainThread:139827601966912> (requestor.py:_fetch_single_async:204 -> middleware.py:apply_async:115) from logger `RFC.middleware_content_saver`
[INFO] applied on HitomiAuthor(rubi-sama).HitomiGallery(839731).HitomiImage(1410), sent

2024-02-08 21:29:33,584 <requestor-worker-5:1485677, MainThread:139827601966912> (requestor.py:_fetch_single_async:204 -> middleware.py:apply_async:115) from logger `RFC.middleware_content_saver`
[INFO] applied on HitomiAuthor(rubi-sama).HitomiGallery(839731).HitomiImage(1410), sent

2024-02-08 21:29:33,587 <requestor-worker-7:1485685, MainThread:139827601966912> (requestor.py:_fetch_single_async:204 -> middleware.py:apply_async:115) from logger `RFC.middleware_content_saver`
[INFO] applied on HitomiAuthor(rubi-sama).HitomiGallery(839731).HitomiImage(1413), sent

2024-02-08 21:29:33,587 <requestor-worker-7:1485685, MainThread:139827601966912> (requestor.py:_fetch_single_async:204 -> middleware.py:apply_async:115) from logger `RFC.middleware_content_saver`
[INFO] applied on HitomiAuthor(rubi-sama).HitomiGallery(839731).HitomiImage(1413), sent

2024-02-08 21:29:33,587 <requestor-worker-7:1485685, MainThread:139827601966912> (requestor.py:_fetch_single_async:204 -> middleware.py:apply_async:115) from logger `RFC.middleware_content_saver`
[INFO] applied on HitomiAuthor(rubi-sama).HitomiGallery(839731).HitomiImage(1413), sent

2024-02-08 21:29:33,686 <requestor-worker-11:1485696, MainThread:139827601966912> (requestor.py:_fetch_single_async:204 -> middleware.py:apply_async:115) from logger `RFC.middleware_content_saver`
[INFO] applied on HitomiAuthor(rubi-sama).HitomiGallery(839731).HitomiImage(1353), sent

2024-02-08 21:29:33,686 <requestor-worker-11:1485696, MainThread:139827601966912> (requestor.py:_fetch_single_async:204 -> middleware.py:apply_async:115) from logger `RFC.middleware_content_saver`
[INFO] applied on HitomiAuthor(rubi-sama).HitomiGallery(839731).HitomiImage(1353), sent

2024-02-08 21:29:33,686 <requestor-worker-11:1485696, MainThread:139827601966912> (requestor.py:_fetch_single_async:204 -> middleware.py:apply_async:115) from logger `RFC.middleware_content_saver`
[INFO] applied on HitomiAuthor(rubi-sama).HitomiGallery(839731).HitomiImage(1353), sent

2024-02-08 21:29:33,749 <requestor-worker-8:1485689, MainThread:139827601966912> (requestor.py:_fetch_single_async:204 -> middleware.py:apply_async:115) from logger `RFC.middleware_content_saver`
[INFO] applied on HitomiAuthor(rubi-sama).HitomiGallery(839731).HitomiImage(1394), sent

2024-02-08 21:29:33,749 <requestor-worker-8:1485689, MainThread:139827601966912> (requestor.py:_fetch_single_async:204 -> middleware.py:apply_async:115) from logger `RFC.middleware_content_saver`
[INFO] applied on HitomiAuthor(rubi-sama).HitomiGallery(839731).HitomiImage(1394), sent

2024-02-08 21:29:33,749 <requestor-worker-8:1485689, MainThread:139827601966912> (requestor.py:_fetch_single_async:204 -> middleware.py:apply_async:115) from logger `RFC.middleware_content_saver`
[INFO] applied on HitomiAuthor(rubi-sama).HitomiGallery(839731).HitomiImage(1394), sent

2024-02-08 21:29:36,867 <requestor-worker-8:1485689, MainThread:139827601966912> (requestor.py:_fetch_single_async:204 -> middleware.py:apply_async:112) from logger `RFC.middleware_content_saver`
[INFO] applying on HitomiAuthor(rubi-sama).HitomiGallery(839731).HitomiImage(1600), received

2024-02-08 21:29:36,867 <requestor-worker-8:1485689, MainThread:139827601966912> (requestor.py:_fetch_single_async:204 -> middleware.py:apply_async:112) from logger `RFC.middleware_content_saver`
[INFO] applying on HitomiAuthor(rubi-sama).HitomiGallery(839731).HitomiImage(1600), received

2024-02-08 21:29:36,867 <requestor-worker-8:1485689, MainThread:139827601966912> (requestor.py:_fetch_single_async:204 -> middleware.py:apply_async:112) from logger `RFC.middleware_content_saver`
[INFO] applying on HitomiAuthor(rubi-sama).HitomiGallery(839731).HitomiImage(1600), received

2024-02-08 21:29:37,199 <requestor-worker-8:1485689, MainThread:139827601966912> (requestor.py:_fetch_single_async:204 -> middleware.py:apply_async:115) from logger `RFC.middleware_content_saver`
[INFO] applied on HitomiAuthor(rubi-sama).HitomiGallery(839731).HitomiImage(1600), sent

2024-02-08 21:29:37,199 <requestor-worker-8:1485689, MainThread:139827601966912> (requestor.py:_fetch_single_async:204 -> middleware.py:apply_async:115) from logger `RFC.middleware_content_saver`
[INFO] applied on HitomiAuthor(rubi-sama).HitomiGallery(839731).HitomiImage(1600), sent

2024-02-08 21:29:37,199 <requestor-worker-8:1485689, MainThread:139827601966912> (requestor.py:_fetch_single_async:204 -> middleware.py:apply_async:115) from logger `RFC.middleware_content_saver`
[INFO] applied on HitomiAuthor(rubi-sama).HitomiGallery(839731).HitomiImage(1600), sent

2024-02-08 21:29:39,129 <requestor-worker-7:1485685, MainThread:139827601966912> (requestor.py:_fetch_single_async:204 -> middleware.py:apply_async:112) from logger `RFC.middleware_content_saver`
[INFO] applying on HitomiAuthor(rubi-sama).HitomiGallery(839731).HitomiImage(1604), received

2024-02-08 21:29:39,129 <requestor-worker-7:1485685, MainThread:139827601966912> (requestor.py:_fetch_single_async:204 -> middleware.py:apply_async:112) from logger `RFC.middleware_content_saver`
[INFO] applying on HitomiAuthor(rubi-sama).HitomiGallery(839731).HitomiImage(1604), received

2024-02-08 21:29:39,129 <requestor-worker-7:1485685, MainThread:139827601966912> (requestor.py:_fetch_single_async:204 -> middleware.py:apply_async:112) from logger `RFC.middleware_content_saver`
[INFO] applying on HitomiAuthor(rubi-sama).HitomiGallery(839731).HitomiImage(1604), received

2024-02-08 21:29:39,581 <requestor-worker-7:1485685, MainThread:139827601966912> (requestor.py:_fetch_single_async:204 -> middleware.py:apply_async:115) from logger `RFC.middleware_content_saver`
[INFO] applied on HitomiAuthor(rubi-sama).HitomiGallery(839731).HitomiImage(1604), sent

2024-02-08 21:29:39,581 <requestor-worker-7:1485685, MainThread:139827601966912> (requestor.py:_fetch_single_async:204 -> middleware.py:apply_async:115) from logger `RFC.middleware_content_saver`
[INFO] applied on HitomiAuthor(rubi-sama).HitomiGallery(839731).HitomiImage(1604), sent

2024-02-08 21:29:39,581 <requestor-worker-7:1485685, MainThread:139827601966912> (requestor.py:_fetch_single_async:204 -> middleware.py:apply_async:115) from logger `RFC.middleware_content_saver`
[INFO] applied on HitomiAuthor(rubi-sama).HitomiGallery(839731).HitomiImage(1604), sent

