2024-02-08 21:22:24,827 <MainProcess:1485619, MainThread:139827601966912> (middleware.py:get_middleware:394 -> middleware.py:__init__:55) from logger `RFC.middleware_status_code`
[INFO] initialized

2024-02-08 21:22:24,831 <MainProcess:1485619, MainThread:139827601966912> (middleware.py:get_middleware:394 -> middleware.py:__init__:55) from logger `RFC.middleware_status_code`
[INFO] initialized

2024-02-08 21:22:24,831 <MainProcess:1485619, MainThread:139827601966912> (middleware.py:get_middleware:394 -> middleware.py:__init__:55) from logger `RFC.middleware_status_code`
[INFO] initialized

2024-02-08 21:22:24,833 <MainProcess:1485619, MainThread:139827601966912> (middleware.py:get_middleware:394 -> middleware.py:__init__:55) from logger `RFC.middleware_status_code`
[INFO] initialized

2024-02-08 21:22:24,833 <MainProcess:1485619, MainThread:139827601966912> (middleware.py:get_middleware:394 -> middleware.py:__init__:55) from logger `RFC.middleware_status_code`
[INFO] initialized

2024-02-08 21:22:24,833 <MainProcess:1485619, MainThread:139827601966912> (middleware.py:get_middleware:394 -> middleware.py:__init__:55) from logger `RFC.middleware_status_code`
[INFO] initialized

2024-02-08 21:24:03,057 <requestor-worker-7:1485685, MainThread:139827601966912> (requestor.py:_fetch_single_async:204 -> middleware.py:apply_async:112) from logger `RFC.middleware_status_code`
[INFO] applying on HitomiAuthor(rubi-sama).HitomiGallery(887743).HitomiImage(0364), received

2024-02-08 21:24:03,057 <requestor-worker-7:1485685, MainThread:139827601966912> (requestor.py:_fetch_single_async:204 -> middleware.py:apply_async:112) from logger `RFC.middleware_status_code`
[INFO] applying on HitomiAuthor(rubi-sama).HitomiGallery(887743).HitomiImage(0364), received

2024-02-08 21:24:03,057 <requestor-worker-7:1485685, MainThread:139827601966912> (requestor.py:_fetch_single_async:204 -> middleware.py:apply_async:112) from logger `RFC.middleware_status_code`
[INFO] applying on HitomiAuthor(rubi-sama).HitomiGallery(887743).HitomiImage(0364), received

2024-02-08 21:24:03,059 <requestor-worker-7:1485685, MainThread:139827601966912> (requestor.py:_fetch_single_async:204 -> middleware.py:apply_async:115) from logger `RFC.middleware_status_code`
[INFO] applied on HitomiAuthor(rubi-sama).HitomiGallery(887743).HitomiImage(0364), sent

2024-02-08 21:24:03,059 <requestor-worker-7:1485685, MainThread:139827601966912> (requestor.py:_fetch_single_async:204 -> middleware.py:apply_async:115) from logger `RFC.middleware_status_code`
[INFO] applied on HitomiAuthor(rubi-sama).HitomiGallery(887743).HitomiImage(0364), sent

2024-02-08 21:24:03,059 <requestor-worker-7:1485685, MainThread:139827601966912> (requestor.py:_fetch_single_async:204 -> middleware.py:apply_async:115) from logger `RFC.middleware_status_code`
[INFO] applied on HitomiAuthor(rubi-sama).HitomiGallery(887743).HitomiImage(0364), sent

2024-02-08 21:24:06,886 <requestor-worker-6:1485682, MainThread:139827601966912> (requestor.py:_fetch_single_async:204 -> middleware.py:apply_async:112) from logger `RFC.middleware_status_code`
[INFO] applying on HitomiAuthor(rubi-sama).HitomiGallery(887743).HitomiImage(0421), received

2024-02-08 21:24:06,886 <requestor-worker-6:1485682, MainThread:139827601966912> (requestor.py:_fetch_single_async:204 -> middleware.py:apply_async:112) from logger `RFC.middleware_status_code`
[INFO] applying on HitomiAuthor(rubi-sama).HitomiGallery(887743).HitomiImage(0421), received

2024-02-08 21:24:06,886 <requestor-worker-6:1485682, MainThread:139827601966912> (requestor.py:_fetch_single_async:204 -> middleware.py:apply_async:112) from logger `RFC.middleware_status_code`
[INFO] applying on HitomiAuthor(rubi-sama).HitomiGallery(887743).HitomiImage(0421), received

2024-02-08 21:24:06,887 <requestor-worker-6:1485682, MainThread:139827601966912> (requestor.py:_fetch_single_async:204 -> middleware.py:apply_async:115) from logger `RFC.middleware_status_code`
[INFO] applied on HitomiAuthor(rubi-sama).HitomiGallery(887743).HitomiImage(0421), sent

2024-02-08 21:24:06,887 <requestor-worker-6:1485682, MainThread:139827601966912> (requestor.py:_fetch_single_async:204 -> middleware.py:apply_async:115) from logger `RFC.middleware_status_code`
[INFO] applied on HitomiAuthor(rubi-sama).HitomiGallery(887743).HitomiImage(0421), sent

2024-02-08 21:24:06,887 <requestor-worker-6:1485682, MainThread:139827601966912> (requestor.py:_fetch_single_async:204 -> middleware.py:apply_async:115) from logger `RFC.middleware_status_code`
[INFO] applied on HitomiAuthor(rubi-sama).HitomiGallery(887743).HitomiImage(0421), sent

2024-02-08 21:24:14,893 <requestor-worker-7:1485685, MainThread:139827601966912> (requestor.py:_fetch_single_async:204 -> middleware.py:apply_async:112) from logger `RFC.middleware_status_code`
[INFO] applying on HitomiAuthor(rubi-sama).HitomiGallery(887743).HitomiImage(0186), received

2024-02-08 21:24:14,893 <requestor-worker-7:1485685, MainThread:139827601966912> (requestor.py:_fetch_single_async:204 -> middleware.py:apply_async:112) from logger `RFC.middleware_status_code`
[INFO] applying on HitomiAuthor(rubi-sama).HitomiGallery(887743).HitomiImage(0186), received

2024-02-08 21:24:14,893 <requestor-worker-7:1485685, MainThread:139827601966912> (requestor.py:_fetch_single_async:204 -> middleware.py:apply_async:112) from logger `RFC.middleware_status_code`
[INFO] applying on HitomiAuthor(rubi-sama).HitomiGallery(887743).HitomiImage(0186), received

2024-02-08 21:24:14,896 <requestor-worker-7:1485685, MainThread:139827601966912> (requestor.py:_fetch_single_async:204 -> middleware.py:apply_async:115) from logger `RFC.middleware_status_code`
[INFO] applied on HitomiAuthor(rubi-sama).HitomiGallery(887743).HitomiImage(0186), sent

2024-02-08 21:24:14,896 <requestor-worker-7:1485685, MainThread:139827601966912> (requestor.py:_fetch_single_async:204 -> middleware.py:apply_async:115) from logger `RFC.middleware_status_code`
[INFO] applied on HitomiAuthor(rubi-sama).HitomiGallery(887743).HitomiImage(0186), sent

2024-02-08 21:24:14,896 <requestor-worker-7:1485685, MainThread:139827601966912> (requestor.py:_fetch_single_async:204 -> middleware.py:apply_async:115) from logger `RFC.middleware_status_code`
[INFO] applied on HitomiAuthor(rubi-sama).HitomiGallery(887743).HitomiImage(0186), sent

2024-02-08 21:24:16,162 <requestor-worker-6:1485682, MainThread:139827601966912> (requestor.py:_fetch_single_async:204 -> middleware.py:apply_async:112) from logger `RFC.middleware_status_code`
[INFO] applying on HitomiAuthor(rubi-sama).HitomiGallery(887743).HitomiImage(0187), received

2024-02-08 21:24:16,162 <requestor-worker-6:1485682, MainThread:139827601966912> (requestor.py:_fetch_single_async:204 -> middleware.py:apply_async:112) from logger `RFC.middleware_status_code`
[INFO] applying on HitomiAuthor(rubi-sama).HitomiGallery(887743).HitomiImage(0187), received

2024-02-08 21:24:16,162 <requestor-worker-6:1485682, MainThread:139827601966912> (requestor.py:_fetch_single_async:204 -> middleware.py:apply_async:112) from logger `RFC.middleware_status_code`
[INFO] applying on HitomiAuthor(rubi-sama).HitomiGallery(887743).HitomiImage(0187), received

2024-02-08 21:24:16,164 <requestor-worker-6:1485682, MainThread:139827601966912> (requestor.py:_fetch_single_async:204 -> middleware.py:apply_async:115) from logger `RFC.middleware_status_code`
[INFO] applied on HitomiAuthor(rubi-sama).HitomiGallery(887743).HitomiImage(0187), sent

2024-02-08 21:24:16,164 <requestor-worker-6:1485682, MainThread:139827601966912> (requestor.py:_fetch_single_async:204 -> middleware.py:apply_async:115) from logger `RFC.middleware_status_code`
[INFO] applied on HitomiAuthor(rubi-sama).HitomiGallery(887743).HitomiImage(0187), sent

2024-02-08 21:24:16,164 <requestor-worker-6:1485682, MainThread:139827601966912> (requestor.py:_fetch_single_async:204 -> middleware.py:apply_async:115) from logger `RFC.middleware_status_code`
[INFO] applied on HitomiAuthor(rubi-sama).HitomiGallery(887743).HitomiImage(0187), sent

2024-02-08 21:24:19,051 <requestor-worker-8:1485689, MainThread:139827601966912> (requestor.py:_fetch_single_async:204 -> middleware.py:apply_async:112) from logger `RFC.middleware_status_code`
[INFO] applying on HitomiAuthor(rubi-sama).HitomiGallery(887743).HitomiImage(0235), received

2024-02-08 21:24:19,051 <requestor-worker-8:1485689, MainThread:139827601966912> (requestor.py:_fetch_single_async:204 -> middleware.py:apply_async:112) from logger `RFC.middleware_status_code`
[INFO] applying on HitomiAuthor(rubi-sama).HitomiGallery(887743).HitomiImage(0235), received

2024-02-08 21:24:19,051 <requestor-worker-8:1485689, MainThread:139827601966912> (requestor.py:_fetch_single_async:204 -> middleware.py:apply_async:112) from logger `RFC.middleware_status_code`
[INFO] applying on HitomiAuthor(rubi-sama).HitomiGallery(887743).HitomiImage(0235), received

2024-02-08 21:24:19,055 <requestor-worker-8:1485689, MainThread:139827601966912> (requestor.py:_fetch_single_async:204 -> middleware.py:apply_async:115) from logger `RFC.middleware_status_code`
[INFO] applied on HitomiAuthor(rubi-sama).HitomiGallery(887743).HitomiImage(0235), sent

2024-02-08 21:24:19,055 <requestor-worker-8:1485689, MainThread:139827601966912> (requestor.py:_fetch_single_async:204 -> middleware.py:apply_async:115) from logger `RFC.middleware_status_code`
[INFO] applied on HitomiAuthor(rubi-sama).HitomiGallery(887743).HitomiImage(0235), sent

2024-02-08 21:24:19,055 <requestor-worker-8:1485689, MainThread:139827601966912> (requestor.py:_fetch_single_async:204 -> middleware.py:apply_async:115) from logger `RFC.middleware_status_code`
[INFO] applied on HitomiAuthor(rubi-sama).HitomiGallery(887743).HitomiImage(0235), sent

2024-02-08 21:24:20,699 <requestor-worker-8:1485689, MainThread:139827601966912> (requestor.py:_fetch_single_async:204 -> middleware.py:apply_async:112) from logger `RFC.middleware_status_code`
[INFO] applying on HitomiAuthor(rubi-sama).HitomiGallery(887743).HitomiImage(0260), received

2024-02-08 21:24:20,699 <requestor-worker-8:1485689, MainThread:139827601966912> (requestor.py:_fetch_single_async:204 -> middleware.py:apply_async:112) from logger `RFC.middleware_status_code`
[INFO] applying on HitomiAuthor(rubi-sama).HitomiGallery(887743).HitomiImage(0260), received

2024-02-08 21:24:20,699 <requestor-worker-8:1485689, MainThread:139827601966912> (requestor.py:_fetch_single_async:204 -> middleware.py:apply_async:112) from logger `RFC.middleware_status_code`
[INFO] applying on HitomiAuthor(rubi-sama).HitomiGallery(887743).HitomiImage(0260), received

2024-02-08 21:24:20,702 <requestor-worker-8:1485689, MainThread:139827601966912> (requestor.py:_fetch_single_async:204 -> middleware.py:apply_async:115) from logger `RFC.middleware_status_code`
[INFO] applied on HitomiAuthor(rubi-sama).HitomiGallery(887743).HitomiImage(0260), sent

2024-02-08 21:24:20,702 <requestor-worker-8:1485689, MainThread:139827601966912> (requestor.py:_fetch_single_async:204 -> middleware.py:apply_async:115) from logger `RFC.middleware_status_code`
[INFO] applied on HitomiAuthor(rubi-sama).HitomiGallery(887743).HitomiImage(0260), sent

2024-02-08 21:24:20,702 <requestor-worker-8:1485689, MainThread:139827601966912> (requestor.py:_fetch_single_async:204 -> middleware.py:apply_async:115) from logger `RFC.middleware_status_code`
[INFO] applied on HitomiAuthor(rubi-sama).HitomiGallery(887743).HitomiImage(0260), sent

2024-02-08 21:24:22,188 <requestor-worker-6:1485682, MainThread:139827601966912> (requestor.py:_fetch_single_async:204 -> middleware.py:apply_async:112) from logger `RFC.middleware_status_code`
[INFO] applying on HitomiAuthor(rubi-sama).HitomiGallery(887743).HitomiImage(0328), received

2024-02-08 21:24:22,188 <requestor-worker-6:1485682, MainThread:139827601966912> (requestor.py:_fetch_single_async:204 -> middleware.py:apply_async:112) from logger `RFC.middleware_status_code`
[INFO] applying on HitomiAuthor(rubi-sama).HitomiGallery(887743).HitomiImage(0328), received

2024-02-08 21:24:22,188 <requestor-worker-6:1485682, MainThread:139827601966912> (requestor.py:_fetch_single_async:204 -> middleware.py:apply_async:112) from logger `RFC.middleware_status_code`
[INFO] applying on HitomiAuthor(rubi-sama).HitomiGallery(887743).HitomiImage(0328), received

2024-02-08 21:24:22,190 <requestor-worker-6:1485682, MainThread:139827601966912> (requestor.py:_fetch_single_async:204 -> middleware.py:apply_async:115) from logger `RFC.middleware_status_code`
[INFO] applied on HitomiAuthor(rubi-sama).HitomiGallery(887743).HitomiImage(0328), sent

2024-02-08 21:24:22,190 <requestor-worker-6:1485682, MainThread:139827601966912> (requestor.py:_fetch_single_async:204 -> middleware.py:apply_async:115) from logger `RFC.middleware_status_code`
[INFO] applied on HitomiAuthor(rubi-sama).HitomiGallery(887743).HitomiImage(0328), sent

2024-02-08 21:24:22,190 <requestor-worker-6:1485682, MainThread:139827601966912> (requestor.py:_fetch_single_async:204 -> middleware.py:apply_async:115) from logger `RFC.middleware_status_code`
[INFO] applied on HitomiAuthor(rubi-sama).HitomiGallery(887743).HitomiImage(0328), sent

2024-02-08 21:24:23,606 <requestor-worker-10:1485694, MainThread:139827601966912> (requestor.py:_fetch_single_async:204 -> middleware.py:apply_async:112) from logger `RFC.middleware_status_code`
[INFO] applying on HitomiAuthor(rubi-sama).HitomiGallery(887743).HitomiImage(0320), received

2024-02-08 21:24:23,606 <requestor-worker-10:1485694, MainThread:139827601966912> (requestor.py:_fetch_single_async:204 -> middleware.py:apply_async:112) from logger `RFC.middleware_status_code`
[INFO] applying on HitomiAuthor(rubi-sama).HitomiGallery(887743).HitomiImage(0320), received

2024-02-08 21:24:23,606 <requestor-worker-10:1485694, MainThread:139827601966912> (requestor.py:_fetch_single_async:204 -> middleware.py:apply_async:112) from logger `RFC.middleware_status_code`
[INFO] applying on HitomiAuthor(rubi-sama).HitomiGallery(887743).HitomiImage(0320), received

2024-02-08 21:24:23,609 <requestor-worker-10:1485694, MainThread:139827601966912> (requestor.py:_fetch_single_async:204 -> middleware.py:apply_async:115) from logger `RFC.middleware_status_code`
[INFO] applied on HitomiAuthor(rubi-sama).HitomiGallery(887743).HitomiImage(0320), sent

2024-02-08 21:24:23,609 <requestor-worker-10:1485694, MainThread:139827601966912> (requestor.py:_fetch_single_async:204 -> middleware.py:apply_async:115) from logger `RFC.middleware_status_code`
[INFO] applied on HitomiAuthor(rubi-sama).HitomiGallery(887743).HitomiImage(0320), sent

2024-02-08 21:24:23,609 <requestor-worker-10:1485694, MainThread:139827601966912> (requestor.py:_fetch_single_async:204 -> middleware.py:apply_async:115) from logger `RFC.middleware_status_code`
[INFO] applied on HitomiAuthor(rubi-sama).HitomiGallery(887743).HitomiImage(0320), sent

2024-02-08 21:24:23,800 <requestor-worker-6:1485682, MainThread:139827601966912> (requestor.py:_fetch_single_async:204 -> middleware.py:apply_async:112) from logger `RFC.middleware_status_code`
[INFO] applying on HitomiAuthor(rubi-sama).HitomiGallery(887743).HitomiImage(0354), received

2024-02-08 21:24:23,800 <requestor-worker-6:1485682, MainThread:139827601966912> (requestor.py:_fetch_single_async:204 -> middleware.py:apply_async:112) from logger `RFC.middleware_status_code`
[INFO] applying on HitomiAuthor(rubi-sama).HitomiGallery(887743).HitomiImage(0354), received

2024-02-08 21:24:23,800 <requestor-worker-6:1485682, MainThread:139827601966912> (requestor.py:_fetch_single_async:204 -> middleware.py:apply_async:112) from logger `RFC.middleware_status_code`
[INFO] applying on HitomiAuthor(rubi-sama).HitomiGallery(887743).HitomiImage(0354), received

2024-02-08 21:24:23,801 <requestor-worker-6:1485682, MainThread:139827601966912> (requestor.py:_fetch_single_async:204 -> middleware.py:apply_async:115) from logger `RFC.middleware_status_code`
[INFO] applied on HitomiAuthor(rubi-sama).HitomiGallery(887743).HitomiImage(0354), sent

2024-02-08 21:24:23,801 <requestor-worker-6:1485682, MainThread:139827601966912> (requestor.py:_fetch_single_async:204 -> middleware.py:apply_async:115) from logger `RFC.middleware_status_code`
[INFO] applied on HitomiAuthor(rubi-sama).HitomiGallery(887743).HitomiImage(0354), sent

2024-02-08 21:24:23,801 <requestor-worker-6:1485682, MainThread:139827601966912> (requestor.py:_fetch_single_async:204 -> middleware.py:apply_async:115) from logger `RFC.middleware_status_code`
[INFO] applied on HitomiAuthor(rubi-sama).HitomiGallery(887743).HitomiImage(0354), sent

2024-02-08 21:24:28,101 <requestor-worker-10:1485694, MainThread:139827601966912> (requestor.py:_fetch_single_async:204 -> middleware.py:apply_async:112) from logger `RFC.middleware_status_code`
[INFO] applying on HitomiAuthor(rubi-sama).HitomiGallery(887743).HitomiImage(0394), received

2024-02-08 21:24:28,101 <requestor-worker-10:1485694, MainThread:139827601966912> (requestor.py:_fetch_single_async:204 -> middleware.py:apply_async:112) from logger `RFC.middleware_status_code`
[INFO] applying on HitomiAuthor(rubi-sama).HitomiGallery(887743).HitomiImage(0394), received

2024-02-08 21:24:28,101 <requestor-worker-10:1485694, MainThread:139827601966912> (requestor.py:_fetch_single_async:204 -> middleware.py:apply_async:112) from logger `RFC.middleware_status_code`
[INFO] applying on HitomiAuthor(rubi-sama).HitomiGallery(887743).HitomiImage(0394), received

2024-02-08 21:24:28,102 <requestor-worker-10:1485694, MainThread:139827601966912> (requestor.py:_fetch_single_async:204 -> middleware.py:apply_async:115) from logger `RFC.middleware_status_code`
[INFO] applied on HitomiAuthor(rubi-sama).HitomiGallery(887743).HitomiImage(0394), sent

2024-02-08 21:24:28,102 <requestor-worker-10:1485694, MainThread:139827601966912> (requestor.py:_fetch_single_async:204 -> middleware.py:apply_async:115) from logger `RFC.middleware_status_code`
[INFO] applied on HitomiAuthor(rubi-sama).HitomiGallery(887743).HitomiImage(0394), sent

2024-02-08 21:24:28,102 <requestor-worker-10:1485694, MainThread:139827601966912> (requestor.py:_fetch_single_async:204 -> middleware.py:apply_async:115) from logger `RFC.middleware_status_code`
[INFO] applied on HitomiAuthor(rubi-sama).HitomiGallery(887743).HitomiImage(0394), sent

2024-02-08 21:24:28,200 <requestor-worker-10:1485694, MainThread:139827601966912> (requestor.py:_fetch_single_async:204 -> middleware.py:apply_async:112) from logger `RFC.middleware_status_code`
[INFO] applying on HitomiAuthor(rubi-sama).HitomiGallery(887743).HitomiImage(0609), received

2024-02-08 21:24:28,200 <requestor-worker-10:1485694, MainThread:139827601966912> (requestor.py:_fetch_single_async:204 -> middleware.py:apply_async:112) from logger `RFC.middleware_status_code`
[INFO] applying on HitomiAuthor(rubi-sama).HitomiGallery(887743).HitomiImage(0609), received

2024-02-08 21:24:28,200 <requestor-worker-10:1485694, MainThread:139827601966912> (requestor.py:_fetch_single_async:204 -> middleware.py:apply_async:112) from logger `RFC.middleware_status_code`
[INFO] applying on HitomiAuthor(rubi-sama).HitomiGallery(887743).HitomiImage(0609), received

2024-02-08 21:24:28,203 <requestor-worker-10:1485694, MainThread:139827601966912> (requestor.py:_fetch_single_async:204 -> middleware.py:apply_async:115) from logger `RFC.middleware_status_code`
[INFO] applied on HitomiAuthor(rubi-sama).HitomiGallery(887743).HitomiImage(0609), sent

2024-02-08 21:24:28,203 <requestor-worker-10:1485694, MainThread:139827601966912> (requestor.py:_fetch_single_async:204 -> middleware.py:apply_async:115) from logger `RFC.middleware_status_code`
[INFO] applied on HitomiAuthor(rubi-sama).HitomiGallery(887743).HitomiImage(0609), sent

2024-02-08 21:24:28,203 <requestor-worker-10:1485694, MainThread:139827601966912> (requestor.py:_fetch_single_async:204 -> middleware.py:apply_async:115) from logger `RFC.middleware_status_code`
[INFO] applied on HitomiAuthor(rubi-sama).HitomiGallery(887743).HitomiImage(0609), sent

2024-02-08 21:24:28,436 <requestor-worker-10:1485694, MainThread:139827601966912> (requestor.py:_fetch_single_async:204 -> middleware.py:apply_async:112) from logger `RFC.middleware_status_code`
[INFO] applying on HitomiAuthor(rubi-sama).HitomiGallery(887743).HitomiImage(0427), received

2024-02-08 21:24:28,436 <requestor-worker-10:1485694, MainThread:139827601966912> (requestor.py:_fetch_single_async:204 -> middleware.py:apply_async:112) from logger `RFC.middleware_status_code`
[INFO] applying on HitomiAuthor(rubi-sama).HitomiGallery(887743).HitomiImage(0427), received

2024-02-08 21:24:28,436 <requestor-worker-10:1485694, MainThread:139827601966912> (requestor.py:_fetch_single_async:204 -> middleware.py:apply_async:112) from logger `RFC.middleware_status_code`
[INFO] applying on HitomiAuthor(rubi-sama).HitomiGallery(887743).HitomiImage(0427), received

2024-02-08 21:24:28,437 <requestor-worker-10:1485694, MainThread:139827601966912> (requestor.py:_fetch_single_async:204 -> middleware.py:apply_async:115) from logger `RFC.middleware_status_code`
[INFO] applied on HitomiAuthor(rubi-sama).HitomiGallery(887743).HitomiImage(0427), sent

2024-02-08 21:24:28,437 <requestor-worker-10:1485694, MainThread:139827601966912> (requestor.py:_fetch_single_async:204 -> middleware.py:apply_async:115) from logger `RFC.middleware_status_code`
[INFO] applied on HitomiAuthor(rubi-sama).HitomiGallery(887743).HitomiImage(0427), sent

2024-02-08 21:24:28,437 <requestor-worker-10:1485694, MainThread:139827601966912> (requestor.py:_fetch_single_async:204 -> middleware.py:apply_async:115) from logger `RFC.middleware_status_code`
[INFO] applied on HitomiAuthor(rubi-sama).HitomiGallery(887743).HitomiImage(0427), sent

2024-02-08 21:24:28,745 <requestor-worker-7:1485685, MainThread:139827601966912> (requestor.py:_fetch_single_async:204 -> middleware.py:apply_async:112) from logger `RFC.middleware_status_code`
[INFO] applying on HitomiAuthor(rubi-sama).HitomiGallery(887743).HitomiImage(0428), received

2024-02-08 21:24:28,745 <requestor-worker-7:1485685, MainThread:139827601966912> (requestor.py:_fetch_single_async:204 -> middleware.py:apply_async:112) from logger `RFC.middleware_status_code`
[INFO] applying on HitomiAuthor(rubi-sama).HitomiGallery(887743).HitomiImage(0428), received

2024-02-08 21:24:28,745 <requestor-worker-7:1485685, MainThread:139827601966912> (requestor.py:_fetch_single_async:204 -> middleware.py:apply_async:112) from logger `RFC.middleware_status_code`
[INFO] applying on HitomiAuthor(rubi-sama).HitomiGallery(887743).HitomiImage(0428), received

2024-02-08 21:24:28,748 <requestor-worker-7:1485685, MainThread:139827601966912> (requestor.py:_fetch_single_async:204 -> middleware.py:apply_async:115) from logger `RFC.middleware_status_code`
[INFO] applied on HitomiAuthor(rubi-sama).HitomiGallery(887743).HitomiImage(0428), sent

2024-02-08 21:24:28,748 <requestor-worker-7:1485685, MainThread:139827601966912> (requestor.py:_fetch_single_async:204 -> middleware.py:apply_async:115) from logger `RFC.middleware_status_code`
[INFO] applied on HitomiAuthor(rubi-sama).HitomiGallery(887743).HitomiImage(0428), sent

2024-02-08 21:24:28,748 <requestor-worker-7:1485685, MainThread:139827601966912> (requestor.py:_fetch_single_async:204 -> middleware.py:apply_async:115) from logger `RFC.middleware_status_code`
[INFO] applied on HitomiAuthor(rubi-sama).HitomiGallery(887743).HitomiImage(0428), sent

2024-02-08 21:24:35,617 <requestor-worker-8:1485689, MainThread:139827601966912> (requestor.py:_fetch_single_async:204 -> middleware.py:apply_async:112) from logger `RFC.middleware_status_code`
[INFO] applying on HitomiAuthor(rubi-sama).HitomiGallery(887743).HitomiImage(0497), received

2024-02-08 21:24:35,617 <requestor-worker-8:1485689, MainThread:139827601966912> (requestor.py:_fetch_single_async:204 -> middleware.py:apply_async:112) from logger `RFC.middleware_status_code`
[INFO] applying on HitomiAuthor(rubi-sama).HitomiGallery(887743).HitomiImage(0497), received

2024-02-08 21:24:35,617 <requestor-worker-8:1485689, MainThread:139827601966912> (requestor.py:_fetch_single_async:204 -> middleware.py:apply_async:112) from logger `RFC.middleware_status_code`
[INFO] applying on HitomiAuthor(rubi-sama).HitomiGallery(887743).HitomiImage(0497), received

2024-02-08 21:24:35,626 <requestor-worker-8:1485689, MainThread:139827601966912> (requestor.py:_fetch_single_async:204 -> middleware.py:apply_async:115) from logger `RFC.middleware_status_code`
[INFO] applied on HitomiAuthor(rubi-sama).HitomiGallery(887743).HitomiImage(0497), sent

2024-02-08 21:24:35,626 <requestor-worker-8:1485689, MainThread:139827601966912> (requestor.py:_fetch_single_async:204 -> middleware.py:apply_async:115) from logger `RFC.middleware_status_code`
[INFO] applied on HitomiAuthor(rubi-sama).HitomiGallery(887743).HitomiImage(0497), sent

2024-02-08 21:24:35,626 <requestor-worker-8:1485689, MainThread:139827601966912> (requestor.py:_fetch_single_async:204 -> middleware.py:apply_async:115) from logger `RFC.middleware_status_code`
[INFO] applied on HitomiAuthor(rubi-sama).HitomiGallery(887743).HitomiImage(0497), sent

2024-02-08 21:24:38,416 <requestor-worker-7:1485685, MainThread:139827601966912> (requestor.py:_fetch_single_async:204 -> middleware.py:apply_async:112) from logger `RFC.middleware_status_code`
[INFO] applying on HitomiAuthor(rubi-sama).HitomiGallery(887743).HitomiImage(0512), received

2024-02-08 21:24:38,416 <requestor-worker-7:1485685, MainThread:139827601966912> (requestor.py:_fetch_single_async:204 -> middleware.py:apply_async:112) from logger `RFC.middleware_status_code`
[INFO] applying on HitomiAuthor(rubi-sama).HitomiGallery(887743).HitomiImage(0512), received

2024-02-08 21:24:38,416 <requestor-worker-7:1485685, MainThread:139827601966912> (requestor.py:_fetch_single_async:204 -> middleware.py:apply_async:112) from logger `RFC.middleware_status_code`
[INFO] applying on HitomiAuthor(rubi-sama).HitomiGallery(887743).HitomiImage(0512), received

2024-02-08 21:24:38,419 <requestor-worker-7:1485685, MainThread:139827601966912> (requestor.py:_fetch_single_async:204 -> middleware.py:apply_async:115) from logger `RFC.middleware_status_code`
[INFO] applied on HitomiAuthor(rubi-sama).HitomiGallery(887743).HitomiImage(0512), sent

2024-02-08 21:24:38,419 <requestor-worker-7:1485685, MainThread:139827601966912> (requestor.py:_fetch_single_async:204 -> middleware.py:apply_async:115) from logger `RFC.middleware_status_code`
[INFO] applied on HitomiAuthor(rubi-sama).HitomiGallery(887743).HitomiImage(0512), sent

2024-02-08 21:24:38,419 <requestor-worker-7:1485685, MainThread:139827601966912> (requestor.py:_fetch_single_async:204 -> middleware.py:apply_async:115) from logger `RFC.middleware_status_code`
[INFO] applied on HitomiAuthor(rubi-sama).HitomiGallery(887743).HitomiImage(0512), sent

2024-02-08 21:24:45,638 <requestor-worker-10:1485694, MainThread:139827601966912> (requestor.py:_fetch_single_async:204 -> middleware.py:apply_async:112) from logger `RFC.middleware_status_code`
[INFO] applying on HitomiAuthor(rubi-sama).HitomiGallery(887743).HitomiImage(0568), received

2024-02-08 21:24:45,638 <requestor-worker-10:1485694, MainThread:139827601966912> (requestor.py:_fetch_single_async:204 -> middleware.py:apply_async:112) from logger `RFC.middleware_status_code`
[INFO] applying on HitomiAuthor(rubi-sama).HitomiGallery(887743).HitomiImage(0568), received

2024-02-08 21:24:45,638 <requestor-worker-10:1485694, MainThread:139827601966912> (requestor.py:_fetch_single_async:204 -> middleware.py:apply_async:112) from logger `RFC.middleware_status_code`
[INFO] applying on HitomiAuthor(rubi-sama).HitomiGallery(887743).HitomiImage(0568), received

2024-02-08 21:24:45,642 <requestor-worker-10:1485694, MainThread:139827601966912> (requestor.py:_fetch_single_async:204 -> middleware.py:apply_async:115) from logger `RFC.middleware_status_code`
[INFO] applied on HitomiAuthor(rubi-sama).HitomiGallery(887743).HitomiImage(0568), sent

2024-02-08 21:24:45,642 <requestor-worker-10:1485694, MainThread:139827601966912> (requestor.py:_fetch_single_async:204 -> middleware.py:apply_async:115) from logger `RFC.middleware_status_code`
[INFO] applied on HitomiAuthor(rubi-sama).HitomiGallery(887743).HitomiImage(0568), sent

2024-02-08 21:24:45,642 <requestor-worker-10:1485694, MainThread:139827601966912> (requestor.py:_fetch_single_async:204 -> middleware.py:apply_async:115) from logger `RFC.middleware_status_code`
[INFO] applied on HitomiAuthor(rubi-sama).HitomiGallery(887743).HitomiImage(0568), sent

2024-02-08 21:24:48,731 <requestor-worker-8:1485689, MainThread:139827601966912> (requestor.py:_fetch_single_async:204 -> middleware.py:apply_async:112) from logger `RFC.middleware_status_code`
[INFO] applying on HitomiAuthor(rubi-sama).HitomiGallery(887743).HitomiImage(0601), received

2024-02-08 21:24:48,731 <requestor-worker-8:1485689, MainThread:139827601966912> (requestor.py:_fetch_single_async:204 -> middleware.py:apply_async:112) from logger `RFC.middleware_status_code`
[INFO] applying on HitomiAuthor(rubi-sama).HitomiGallery(887743).HitomiImage(0601), received

2024-02-08 21:24:48,731 <requestor-worker-8:1485689, MainThread:139827601966912> (requestor.py:_fetch_single_async:204 -> middleware.py:apply_async:112) from logger `RFC.middleware_status_code`
[INFO] applying on HitomiAuthor(rubi-sama).HitomiGallery(887743).HitomiImage(0601), received

2024-02-08 21:24:48,732 <requestor-worker-8:1485689, MainThread:139827601966912> (requestor.py:_fetch_single_async:204 -> middleware.py:apply_async:115) from logger `RFC.middleware_status_code`
[INFO] applied on HitomiAuthor(rubi-sama).HitomiGallery(887743).HitomiImage(0601), sent

2024-02-08 21:24:48,732 <requestor-worker-8:1485689, MainThread:139827601966912> (requestor.py:_fetch_single_async:204 -> middleware.py:apply_async:115) from logger `RFC.middleware_status_code`
[INFO] applied on HitomiAuthor(rubi-sama).HitomiGallery(887743).HitomiImage(0601), sent

2024-02-08 21:24:48,732 <requestor-worker-8:1485689, MainThread:139827601966912> (requestor.py:_fetch_single_async:204 -> middleware.py:apply_async:115) from logger `RFC.middleware_status_code`
[INFO] applied on HitomiAuthor(rubi-sama).HitomiGallery(887743).HitomiImage(0601), sent

2024-02-08 21:24:59,136 <requestor-worker-6:1485682, MainThread:139827601966912> (requestor.py:_fetch_single_async:204 -> middleware.py:apply_async:112) from logger `RFC.middleware_status_code`
[INFO] applying on HitomiAuthor(rubi-sama).HitomiGallery(887743).HitomiImage(0679), received

2024-02-08 21:24:59,136 <requestor-worker-6:1485682, MainThread:139827601966912> (requestor.py:_fetch_single_async:204 -> middleware.py:apply_async:112) from logger `RFC.middleware_status_code`
[INFO] applying on HitomiAuthor(rubi-sama).HitomiGallery(887743).HitomiImage(0679), received

2024-02-08 21:24:59,136 <requestor-worker-6:1485682, MainThread:139827601966912> (requestor.py:_fetch_single_async:204 -> middleware.py:apply_async:112) from logger `RFC.middleware_status_code`
[INFO] applying on HitomiAuthor(rubi-sama).HitomiGallery(887743).HitomiImage(0679), received

2024-02-08 21:24:59,137 <requestor-worker-6:1485682, MainThread:139827601966912> (requestor.py:_fetch_single_async:204 -> middleware.py:apply_async:115) from logger `RFC.middleware_status_code`
[INFO] applied on HitomiAuthor(rubi-sama).HitomiGallery(887743).HitomiImage(0679), sent

2024-02-08 21:24:59,137 <requestor-worker-6:1485682, MainThread:139827601966912> (requestor.py:_fetch_single_async:204 -> middleware.py:apply_async:115) from logger `RFC.middleware_status_code`
[INFO] applied on HitomiAuthor(rubi-sama).HitomiGallery(887743).HitomiImage(0679), sent

2024-02-08 21:24:59,137 <requestor-worker-6:1485682, MainThread:139827601966912> (requestor.py:_fetch_single_async:204 -> middleware.py:apply_async:115) from logger `RFC.middleware_status_code`
[INFO] applied on HitomiAuthor(rubi-sama).HitomiGallery(887743).HitomiImage(0679), sent

2024-02-08 21:25:10,902 <requestor-worker-8:1485689, MainThread:139827601966912> (requestor.py:_fetch_single_async:204 -> middleware.py:apply_async:112) from logger `RFC.middleware_status_code`
[INFO] applying on HitomiAuthor(rubi-sama).HitomiGallery(887743).HitomiImage(0753), received

2024-02-08 21:25:10,902 <requestor-worker-8:1485689, MainThread:139827601966912> (requestor.py:_fetch_single_async:204 -> middleware.py:apply_async:112) from logger `RFC.middleware_status_code`
[INFO] applying on HitomiAuthor(rubi-sama).HitomiGallery(887743).HitomiImage(0753), received

2024-02-08 21:25:10,902 <requestor-worker-8:1485689, MainThread:139827601966912> (requestor.py:_fetch_single_async:204 -> middleware.py:apply_async:112) from logger `RFC.middleware_status_code`
[INFO] applying on HitomiAuthor(rubi-sama).HitomiGallery(887743).HitomiImage(0753), received

2024-02-08 21:25:10,903 <requestor-worker-8:1485689, MainThread:139827601966912> (requestor.py:_fetch_single_async:204 -> middleware.py:apply_async:115) from logger `RFC.middleware_status_code`
[INFO] applied on HitomiAuthor(rubi-sama).HitomiGallery(887743).HitomiImage(0753), sent

2024-02-08 21:25:10,903 <requestor-worker-8:1485689, MainThread:139827601966912> (requestor.py:_fetch_single_async:204 -> middleware.py:apply_async:115) from logger `RFC.middleware_status_code`
[INFO] applied on HitomiAuthor(rubi-sama).HitomiGallery(887743).HitomiImage(0753), sent

2024-02-08 21:25:10,903 <requestor-worker-8:1485689, MainThread:139827601966912> (requestor.py:_fetch_single_async:204 -> middleware.py:apply_async:115) from logger `RFC.middleware_status_code`
[INFO] applied on HitomiAuthor(rubi-sama).HitomiGallery(887743).HitomiImage(0753), sent

2024-02-08 21:25:14,009 <requestor-worker-10:1485694, MainThread:139827601966912> (requestor.py:_fetch_single_async:204 -> middleware.py:apply_async:112) from logger `RFC.middleware_status_code`
[INFO] applying on HitomiAuthor(rubi-sama).HitomiGallery(887743).HitomiImage(0596), received

2024-02-08 21:25:14,009 <requestor-worker-10:1485694, MainThread:139827601966912> (requestor.py:_fetch_single_async:204 -> middleware.py:apply_async:112) from logger `RFC.middleware_status_code`
[INFO] applying on HitomiAuthor(rubi-sama).HitomiGallery(887743).HitomiImage(0596), received

2024-02-08 21:25:14,009 <requestor-worker-10:1485694, MainThread:139827601966912> (requestor.py:_fetch_single_async:204 -> middleware.py:apply_async:112) from logger `RFC.middleware_status_code`
[INFO] applying on HitomiAuthor(rubi-sama).HitomiGallery(887743).HitomiImage(0596), received

2024-02-08 21:25:14,011 <requestor-worker-10:1485694, MainThread:139827601966912> (requestor.py:_fetch_single_async:204 -> middleware.py:apply_async:115) from logger `RFC.middleware_status_code`
[INFO] applied on HitomiAuthor(rubi-sama).HitomiGallery(887743).HitomiImage(0596), sent

2024-02-08 21:25:14,011 <requestor-worker-10:1485694, MainThread:139827601966912> (requestor.py:_fetch_single_async:204 -> middleware.py:apply_async:115) from logger `RFC.middleware_status_code`
[INFO] applied on HitomiAuthor(rubi-sama).HitomiGallery(887743).HitomiImage(0596), sent

2024-02-08 21:25:14,011 <requestor-worker-10:1485694, MainThread:139827601966912> (requestor.py:_fetch_single_async:204 -> middleware.py:apply_async:115) from logger `RFC.middleware_status_code`
[INFO] applied on HitomiAuthor(rubi-sama).HitomiGallery(887743).HitomiImage(0596), sent

2024-02-08 21:25:15,504 <requestor-worker-10:1485694, MainThread:139827601966912> (requestor.py:_fetch_single_async:204 -> middleware.py:apply_async:112) from logger `RFC.middleware_status_code`
[INFO] applying on HitomiAuthor(rubi-sama).HitomiGallery(887743).HitomiImage(0409), received

2024-02-08 21:25:15,504 <requestor-worker-10:1485694, MainThread:139827601966912> (requestor.py:_fetch_single_async:204 -> middleware.py:apply_async:112) from logger `RFC.middleware_status_code`
[INFO] applying on HitomiAuthor(rubi-sama).HitomiGallery(887743).HitomiImage(0409), received

2024-02-08 21:25:15,504 <requestor-worker-10:1485694, MainThread:139827601966912> (requestor.py:_fetch_single_async:204 -> middleware.py:apply_async:112) from logger `RFC.middleware_status_code`
[INFO] applying on HitomiAuthor(rubi-sama).HitomiGallery(887743).HitomiImage(0409), received

2024-02-08 21:25:15,506 <requestor-worker-10:1485694, MainThread:139827601966912> (requestor.py:_fetch_single_async:204 -> middleware.py:apply_async:115) from logger `RFC.middleware_status_code`
[INFO] applied on HitomiAuthor(rubi-sama).HitomiGallery(887743).HitomiImage(0409), sent

2024-02-08 21:25:15,506 <requestor-worker-10:1485694, MainThread:139827601966912> (requestor.py:_fetch_single_async:204 -> middleware.py:apply_async:115) from logger `RFC.middleware_status_code`
[INFO] applied on HitomiAuthor(rubi-sama).HitomiGallery(887743).HitomiImage(0409), sent

2024-02-08 21:25:15,506 <requestor-worker-10:1485694, MainThread:139827601966912> (requestor.py:_fetch_single_async:204 -> middleware.py:apply_async:115) from logger `RFC.middleware_status_code`
[INFO] applied on HitomiAuthor(rubi-sama).HitomiGallery(887743).HitomiImage(0409), sent

2024-02-08 21:25:17,421 <requestor-worker-5:1485677, MainThread:139827601966912> (requestor.py:_fetch_single_async:204 -> middleware.py:apply_async:112) from logger `RFC.middleware_status_code`
[INFO] applying on HitomiAuthor(rubi-sama).HitomiGallery(887743).HitomiImage(0611), received

2024-02-08 21:25:17,421 <requestor-worker-5:1485677, MainThread:139827601966912> (requestor.py:_fetch_single_async:204 -> middleware.py:apply_async:112) from logger `RFC.middleware_status_code`
[INFO] applying on HitomiAuthor(rubi-sama).HitomiGallery(887743).HitomiImage(0611), received

2024-02-08 21:25:17,421 <requestor-worker-5:1485677, MainThread:139827601966912> (requestor.py:_fetch_single_async:204 -> middleware.py:apply_async:112) from logger `RFC.middleware_status_code`
[INFO] applying on HitomiAuthor(rubi-sama).HitomiGallery(887743).HitomiImage(0611), received

2024-02-08 21:25:17,424 <requestor-worker-5:1485677, MainThread:139827601966912> (requestor.py:_fetch_single_async:204 -> middleware.py:apply_async:115) from logger `RFC.middleware_status_code`
[INFO] applied on HitomiAuthor(rubi-sama).HitomiGallery(887743).HitomiImage(0611), sent

2024-02-08 21:25:17,424 <requestor-worker-5:1485677, MainThread:139827601966912> (requestor.py:_fetch_single_async:204 -> middleware.py:apply_async:115) from logger `RFC.middleware_status_code`
[INFO] applied on HitomiAuthor(rubi-sama).HitomiGallery(887743).HitomiImage(0611), sent

2024-02-08 21:25:17,424 <requestor-worker-5:1485677, MainThread:139827601966912> (requestor.py:_fetch_single_async:204 -> middleware.py:apply_async:115) from logger `RFC.middleware_status_code`
[INFO] applied on HitomiAuthor(rubi-sama).HitomiGallery(887743).HitomiImage(0611), sent

2024-02-08 21:25:30,730 <requestor-worker-10:1485694, MainThread:139827601966912> (requestor.py:_fetch_single_async:204 -> middleware.py:apply_async:112) from logger `RFC.middleware_status_code`
[INFO] applying on HitomiAuthor(rubi-sama).HitomiGallery(1131217).HitomiImage(0605), received

2024-02-08 21:25:30,730 <requestor-worker-10:1485694, MainThread:139827601966912> (requestor.py:_fetch_single_async:204 -> middleware.py:apply_async:112) from logger `RFC.middleware_status_code`
[INFO] applying on HitomiAuthor(rubi-sama).HitomiGallery(1131217).HitomiImage(0605), received

2024-02-08 21:25:30,730 <requestor-worker-10:1485694, MainThread:139827601966912> (requestor.py:_fetch_single_async:204 -> middleware.py:apply_async:112) from logger `RFC.middleware_status_code`
[INFO] applying on HitomiAuthor(rubi-sama).HitomiGallery(1131217).HitomiImage(0605), received

2024-02-08 21:25:30,732 <requestor-worker-10:1485694, MainThread:139827601966912> (requestor.py:_fetch_single_async:204 -> middleware.py:apply_async:115) from logger `RFC.middleware_status_code`
[INFO] applied on HitomiAuthor(rubi-sama).HitomiGallery(1131217).HitomiImage(0605), sent

2024-02-08 21:25:30,732 <requestor-worker-10:1485694, MainThread:139827601966912> (requestor.py:_fetch_single_async:204 -> middleware.py:apply_async:115) from logger `RFC.middleware_status_code`
[INFO] applied on HitomiAuthor(rubi-sama).HitomiGallery(1131217).HitomiImage(0605), sent

2024-02-08 21:25:30,732 <requestor-worker-10:1485694, MainThread:139827601966912> (requestor.py:_fetch_single_async:204 -> middleware.py:apply_async:115) from logger `RFC.middleware_status_code`
[INFO] applied on HitomiAuthor(rubi-sama).HitomiGallery(1131217).HitomiImage(0605), sent

2024-02-08 21:26:09,739 <requestor-worker-10:1485694, MainThread:139827601966912> (requestor.py:_fetch_single_async:204 -> middleware.py:apply_async:112) from logger `RFC.middleware_status_code`
[INFO] applying on HitomiAuthor(rubi-sama).HitomiGallery(839732).HitomiImage(1090), received

2024-02-08 21:26:09,739 <requestor-worker-10:1485694, MainThread:139827601966912> (requestor.py:_fetch_single_async:204 -> middleware.py:apply_async:112) from logger `RFC.middleware_status_code`
[INFO] applying on HitomiAuthor(rubi-sama).HitomiGallery(839732).HitomiImage(1090), received

2024-02-08 21:26:09,739 <requestor-worker-10:1485694, MainThread:139827601966912> (requestor.py:_fetch_single_async:204 -> middleware.py:apply_async:112) from logger `RFC.middleware_status_code`
[INFO] applying on HitomiAuthor(rubi-sama).HitomiGallery(839732).HitomiImage(1090), received

2024-02-08 21:26:09,746 <requestor-worker-7:1485685, MainThread:139827601966912> (requestor.py:_fetch_single_async:204 -> middleware.py:apply_async:112) from logger `RFC.middleware_status_code`
[INFO] applying on HitomiAuthor(rubi-sama).HitomiGallery(839732).HitomiImage(1081), received

2024-02-08 21:26:09,746 <requestor-worker-7:1485685, MainThread:139827601966912> (requestor.py:_fetch_single_async:204 -> middleware.py:apply_async:112) from logger `RFC.middleware_status_code`
[INFO] applying on HitomiAuthor(rubi-sama).HitomiGallery(839732).HitomiImage(1081), received

2024-02-08 21:26:09,746 <requestor-worker-7:1485685, MainThread:139827601966912> (requestor.py:_fetch_single_async:204 -> middleware.py:apply_async:112) from logger `RFC.middleware_status_code`
[INFO] applying on HitomiAuthor(rubi-sama).HitomiGallery(839732).HitomiImage(1081), received

2024-02-08 21:26:09,748 <requestor-worker-10:1485694, MainThread:139827601966912> (requestor.py:_fetch_single_async:204 -> middleware.py:apply_async:115) from logger `RFC.middleware_status_code`
[INFO] applied on HitomiAuthor(rubi-sama).HitomiGallery(839732).HitomiImage(1090), sent

2024-02-08 21:26:09,748 <requestor-worker-10:1485694, MainThread:139827601966912> (requestor.py:_fetch_single_async:204 -> middleware.py:apply_async:115) from logger `RFC.middleware_status_code`
[INFO] applied on HitomiAuthor(rubi-sama).HitomiGallery(839732).HitomiImage(1090), sent

2024-02-08 21:26:09,748 <requestor-worker-10:1485694, MainThread:139827601966912> (requestor.py:_fetch_single_async:204 -> middleware.py:apply_async:115) from logger `RFC.middleware_status_code`
[INFO] applied on HitomiAuthor(rubi-sama).HitomiGallery(839732).HitomiImage(1090), sent

2024-02-08 21:26:09,748 <requestor-worker-7:1485685, MainThread:139827601966912> (requestor.py:_fetch_single_async:204 -> middleware.py:apply_async:115) from logger `RFC.middleware_status_code`
[INFO] applied on HitomiAuthor(rubi-sama).HitomiGallery(839732).HitomiImage(1081), sent

2024-02-08 21:26:09,748 <requestor-worker-7:1485685, MainThread:139827601966912> (requestor.py:_fetch_single_async:204 -> middleware.py:apply_async:115) from logger `RFC.middleware_status_code`
[INFO] applied on HitomiAuthor(rubi-sama).HitomiGallery(839732).HitomiImage(1081), sent

2024-02-08 21:26:09,748 <requestor-worker-7:1485685, MainThread:139827601966912> (requestor.py:_fetch_single_async:204 -> middleware.py:apply_async:115) from logger `RFC.middleware_status_code`
[INFO] applied on HitomiAuthor(rubi-sama).HitomiGallery(839732).HitomiImage(1081), sent

2024-02-08 21:26:10,227 <requestor-worker-8:1485689, MainThread:139827601966912> (requestor.py:_fetch_single_async:204 -> middleware.py:apply_async:112) from logger `RFC.middleware_status_code`
[INFO] applying on HitomiAuthor(rubi-sama).HitomiGallery(839732).HitomiImage(1089), received

2024-02-08 21:26:10,227 <requestor-worker-8:1485689, MainThread:139827601966912> (requestor.py:_fetch_single_async:204 -> middleware.py:apply_async:112) from logger `RFC.middleware_status_code`
[INFO] applying on HitomiAuthor(rubi-sama).HitomiGallery(839732).HitomiImage(1089), received

2024-02-08 21:26:10,227 <requestor-worker-8:1485689, MainThread:139827601966912> (requestor.py:_fetch_single_async:204 -> middleware.py:apply_async:112) from logger `RFC.middleware_status_code`
[INFO] applying on HitomiAuthor(rubi-sama).HitomiGallery(839732).HitomiImage(1089), received

2024-02-08 21:26:10,229 <requestor-worker-8:1485689, MainThread:139827601966912> (requestor.py:_fetch_single_async:204 -> middleware.py:apply_async:115) from logger `RFC.middleware_status_code`
[INFO] applied on HitomiAuthor(rubi-sama).HitomiGallery(839732).HitomiImage(1089), sent

2024-02-08 21:26:10,229 <requestor-worker-8:1485689, MainThread:139827601966912> (requestor.py:_fetch_single_async:204 -> middleware.py:apply_async:115) from logger `RFC.middleware_status_code`
[INFO] applied on HitomiAuthor(rubi-sama).HitomiGallery(839732).HitomiImage(1089), sent

2024-02-08 21:26:10,229 <requestor-worker-8:1485689, MainThread:139827601966912> (requestor.py:_fetch_single_async:204 -> middleware.py:apply_async:115) from logger `RFC.middleware_status_code`
[INFO] applied on HitomiAuthor(rubi-sama).HitomiGallery(839732).HitomiImage(1089), sent

2024-02-08 21:26:12,912 <requestor-worker-6:1485682, MainThread:139827601966912> (requestor.py:_fetch_single_async:204 -> middleware.py:apply_async:112) from logger `RFC.middleware_status_code`
[INFO] applying on HitomiAuthor(rubi-sama).HitomiGallery(839732).HitomiImage(1142), received

2024-02-08 21:26:12,912 <requestor-worker-6:1485682, MainThread:139827601966912> (requestor.py:_fetch_single_async:204 -> middleware.py:apply_async:112) from logger `RFC.middleware_status_code`
[INFO] applying on HitomiAuthor(rubi-sama).HitomiGallery(839732).HitomiImage(1142), received

2024-02-08 21:26:12,912 <requestor-worker-6:1485682, MainThread:139827601966912> (requestor.py:_fetch_single_async:204 -> middleware.py:apply_async:112) from logger `RFC.middleware_status_code`
[INFO] applying on HitomiAuthor(rubi-sama).HitomiGallery(839732).HitomiImage(1142), received

2024-02-08 21:26:12,915 <requestor-worker-6:1485682, MainThread:139827601966912> (requestor.py:_fetch_single_async:204 -> middleware.py:apply_async:115) from logger `RFC.middleware_status_code`
[INFO] applied on HitomiAuthor(rubi-sama).HitomiGallery(839732).HitomiImage(1142), sent

2024-02-08 21:26:12,915 <requestor-worker-6:1485682, MainThread:139827601966912> (requestor.py:_fetch_single_async:204 -> middleware.py:apply_async:115) from logger `RFC.middleware_status_code`
[INFO] applied on HitomiAuthor(rubi-sama).HitomiGallery(839732).HitomiImage(1142), sent

2024-02-08 21:26:12,915 <requestor-worker-6:1485682, MainThread:139827601966912> (requestor.py:_fetch_single_async:204 -> middleware.py:apply_async:115) from logger `RFC.middleware_status_code`
[INFO] applied on HitomiAuthor(rubi-sama).HitomiGallery(839732).HitomiImage(1142), sent

2024-02-08 21:26:12,923 <requestor-worker-6:1485682, MainThread:139827601966912> (requestor.py:_fetch_single_async:204 -> middleware.py:apply_async:112) from logger `RFC.middleware_status_code`
[INFO] applying on HitomiAuthor(rubi-sama).HitomiGallery(839732).HitomiImage(1141), received

2024-02-08 21:26:12,923 <requestor-worker-6:1485682, MainThread:139827601966912> (requestor.py:_fetch_single_async:204 -> middleware.py:apply_async:112) from logger `RFC.middleware_status_code`
[INFO] applying on HitomiAuthor(rubi-sama).HitomiGallery(839732).HitomiImage(1141), received

2024-02-08 21:26:12,923 <requestor-worker-6:1485682, MainThread:139827601966912> (requestor.py:_fetch_single_async:204 -> middleware.py:apply_async:112) from logger `RFC.middleware_status_code`
[INFO] applying on HitomiAuthor(rubi-sama).HitomiGallery(839732).HitomiImage(1141), received

2024-02-08 21:26:12,925 <requestor-worker-6:1485682, MainThread:139827601966912> (requestor.py:_fetch_single_async:204 -> middleware.py:apply_async:115) from logger `RFC.middleware_status_code`
[INFO] applied on HitomiAuthor(rubi-sama).HitomiGallery(839732).HitomiImage(1141), sent

2024-02-08 21:26:12,925 <requestor-worker-6:1485682, MainThread:139827601966912> (requestor.py:_fetch_single_async:204 -> middleware.py:apply_async:115) from logger `RFC.middleware_status_code`
[INFO] applied on HitomiAuthor(rubi-sama).HitomiGallery(839732).HitomiImage(1141), sent

2024-02-08 21:26:12,925 <requestor-worker-6:1485682, MainThread:139827601966912> (requestor.py:_fetch_single_async:204 -> middleware.py:apply_async:115) from logger `RFC.middleware_status_code`
[INFO] applied on HitomiAuthor(rubi-sama).HitomiGallery(839732).HitomiImage(1141), sent

2024-02-08 21:26:34,292 <requestor-worker-10:1485694, MainThread:139827601966912> (requestor.py:_fetch_single_async:204 -> middleware.py:apply_async:112) from logger `RFC.middleware_status_code`
[INFO] applying on HitomiAuthor(rubi-sama).HitomiGallery(839732).HitomiImage(1331), received

2024-02-08 21:26:34,292 <requestor-worker-10:1485694, MainThread:139827601966912> (requestor.py:_fetch_single_async:204 -> middleware.py:apply_async:112) from logger `RFC.middleware_status_code`
[INFO] applying on HitomiAuthor(rubi-sama).HitomiGallery(839732).HitomiImage(1331), received

2024-02-08 21:26:34,292 <requestor-worker-10:1485694, MainThread:139827601966912> (requestor.py:_fetch_single_async:204 -> middleware.py:apply_async:112) from logger `RFC.middleware_status_code`
[INFO] applying on HitomiAuthor(rubi-sama).HitomiGallery(839732).HitomiImage(1331), received

2024-02-08 21:26:34,295 <requestor-worker-10:1485694, MainThread:139827601966912> (requestor.py:_fetch_single_async:204 -> middleware.py:apply_async:115) from logger `RFC.middleware_status_code`
[INFO] applied on HitomiAuthor(rubi-sama).HitomiGallery(839732).HitomiImage(1331), sent

2024-02-08 21:26:34,295 <requestor-worker-10:1485694, MainThread:139827601966912> (requestor.py:_fetch_single_async:204 -> middleware.py:apply_async:115) from logger `RFC.middleware_status_code`
[INFO] applied on HitomiAuthor(rubi-sama).HitomiGallery(839732).HitomiImage(1331), sent

2024-02-08 21:26:34,295 <requestor-worker-10:1485694, MainThread:139827601966912> (requestor.py:_fetch_single_async:204 -> middleware.py:apply_async:115) from logger `RFC.middleware_status_code`
[INFO] applied on HitomiAuthor(rubi-sama).HitomiGallery(839732).HitomiImage(1331), sent

2024-02-08 21:26:34,318 <requestor-worker-6:1485682, MainThread:139827601966912> (requestor.py:_fetch_single_async:204 -> middleware.py:apply_async:112) from logger `RFC.middleware_status_code`
[INFO] applying on HitomiAuthor(rubi-sama).HitomiGallery(839732).HitomiImage(1326), received

2024-02-08 21:26:34,318 <requestor-worker-6:1485682, MainThread:139827601966912> (requestor.py:_fetch_single_async:204 -> middleware.py:apply_async:112) from logger `RFC.middleware_status_code`
[INFO] applying on HitomiAuthor(rubi-sama).HitomiGallery(839732).HitomiImage(1326), received

2024-02-08 21:26:34,318 <requestor-worker-6:1485682, MainThread:139827601966912> (requestor.py:_fetch_single_async:204 -> middleware.py:apply_async:112) from logger `RFC.middleware_status_code`
[INFO] applying on HitomiAuthor(rubi-sama).HitomiGallery(839732).HitomiImage(1326), received

2024-02-08 21:26:34,320 <requestor-worker-6:1485682, MainThread:139827601966912> (requestor.py:_fetch_single_async:204 -> middleware.py:apply_async:115) from logger `RFC.middleware_status_code`
[INFO] applied on HitomiAuthor(rubi-sama).HitomiGallery(839732).HitomiImage(1326), sent

2024-02-08 21:26:34,320 <requestor-worker-6:1485682, MainThread:139827601966912> (requestor.py:_fetch_single_async:204 -> middleware.py:apply_async:115) from logger `RFC.middleware_status_code`
[INFO] applied on HitomiAuthor(rubi-sama).HitomiGallery(839732).HitomiImage(1326), sent

2024-02-08 21:26:34,320 <requestor-worker-6:1485682, MainThread:139827601966912> (requestor.py:_fetch_single_async:204 -> middleware.py:apply_async:115) from logger `RFC.middleware_status_code`
[INFO] applied on HitomiAuthor(rubi-sama).HitomiGallery(839732).HitomiImage(1326), sent

2024-02-08 21:29:22,601 <requestor-worker-4:1485673, MainThread:139827601966912> (requestor.py:_fetch_single_async:204 -> middleware.py:apply_async:112) from logger `RFC.middleware_status_code`
[INFO] applying on HitomiAuthor(rubi-sama).HitomiGallery(839731).HitomiImage(0387), received

2024-02-08 21:29:22,601 <requestor-worker-4:1485673, MainThread:139827601966912> (requestor.py:_fetch_single_async:204 -> middleware.py:apply_async:112) from logger `RFC.middleware_status_code`
[INFO] applying on HitomiAuthor(rubi-sama).HitomiGallery(839731).HitomiImage(0387), received

2024-02-08 21:29:22,601 <requestor-worker-4:1485673, MainThread:139827601966912> (requestor.py:_fetch_single_async:204 -> middleware.py:apply_async:112) from logger `RFC.middleware_status_code`
[INFO] applying on HitomiAuthor(rubi-sama).HitomiGallery(839731).HitomiImage(0387), received

2024-02-08 21:29:22,604 <requestor-worker-4:1485673, MainThread:139827601966912> (requestor.py:_fetch_single_async:204 -> middleware.py:apply_async:115) from logger `RFC.middleware_status_code`
[INFO] applied on HitomiAuthor(rubi-sama).HitomiGallery(839731).HitomiImage(0387), sent

2024-02-08 21:29:22,604 <requestor-worker-4:1485673, MainThread:139827601966912> (requestor.py:_fetch_single_async:204 -> middleware.py:apply_async:115) from logger `RFC.middleware_status_code`
[INFO] applied on HitomiAuthor(rubi-sama).HitomiGallery(839731).HitomiImage(0387), sent

2024-02-08 21:29:22,604 <requestor-worker-4:1485673, MainThread:139827601966912> (requestor.py:_fetch_single_async:204 -> middleware.py:apply_async:115) from logger `RFC.middleware_status_code`
[INFO] applied on HitomiAuthor(rubi-sama).HitomiGallery(839731).HitomiImage(0387), sent

2024-02-08 21:29:25,912 <requestor-worker-4:1485673, MainThread:139827601966912> (requestor.py:_fetch_single_async:204 -> middleware.py:apply_async:112) from logger `RFC.middleware_status_code`
[INFO] applying on HitomiAuthor(rubi-sama).HitomiGallery(839731).HitomiImage(0940), received

2024-02-08 21:29:25,912 <requestor-worker-4:1485673, MainThread:139827601966912> (requestor.py:_fetch_single_async:204 -> middleware.py:apply_async:112) from logger `RFC.middleware_status_code`
[INFO] applying on HitomiAuthor(rubi-sama).HitomiGallery(839731).HitomiImage(0940), received

2024-02-08 21:29:25,912 <requestor-worker-4:1485673, MainThread:139827601966912> (requestor.py:_fetch_single_async:204 -> middleware.py:apply_async:112) from logger `RFC.middleware_status_code`
[INFO] applying on HitomiAuthor(rubi-sama).HitomiGallery(839731).HitomiImage(0940), received

2024-02-08 21:29:25,914 <requestor-worker-4:1485673, MainThread:139827601966912> (requestor.py:_fetch_single_async:204 -> middleware.py:apply_async:115) from logger `RFC.middleware_status_code`
[INFO] applied on HitomiAuthor(rubi-sama).HitomiGallery(839731).HitomiImage(0940), sent

2024-02-08 21:29:25,914 <requestor-worker-4:1485673, MainThread:139827601966912> (requestor.py:_fetch_single_async:204 -> middleware.py:apply_async:115) from logger `RFC.middleware_status_code`
[INFO] applied on HitomiAuthor(rubi-sama).HitomiGallery(839731).HitomiImage(0940), sent

2024-02-08 21:29:25,914 <requestor-worker-4:1485673, MainThread:139827601966912> (requestor.py:_fetch_single_async:204 -> middleware.py:apply_async:115) from logger `RFC.middleware_status_code`
[INFO] applied on HitomiAuthor(rubi-sama).HitomiGallery(839731).HitomiImage(0940), sent

2024-02-08 21:29:27,103 <requestor-worker-11:1485696, MainThread:139827601966912> (requestor.py:_fetch_single_async:204 -> middleware.py:apply_async:112) from logger `RFC.middleware_status_code`
[INFO] applying on HitomiAuthor(rubi-sama).HitomiGallery(839731).HitomiImage(0931), received

2024-02-08 21:29:27,103 <requestor-worker-11:1485696, MainThread:139827601966912> (requestor.py:_fetch_single_async:204 -> middleware.py:apply_async:112) from logger `RFC.middleware_status_code`
[INFO] applying on HitomiAuthor(rubi-sama).HitomiGallery(839731).HitomiImage(0931), received

2024-02-08 21:29:27,103 <requestor-worker-11:1485696, MainThread:139827601966912> (requestor.py:_fetch_single_async:204 -> middleware.py:apply_async:112) from logger `RFC.middleware_status_code`
[INFO] applying on HitomiAuthor(rubi-sama).HitomiGallery(839731).HitomiImage(0931), received

2024-02-08 21:29:27,104 <requestor-worker-11:1485696, MainThread:139827601966912> (requestor.py:_fetch_single_async:204 -> middleware.py:apply_async:115) from logger `RFC.middleware_status_code`
[INFO] applied on HitomiAuthor(rubi-sama).HitomiGallery(839731).HitomiImage(0931), sent

2024-02-08 21:29:27,104 <requestor-worker-11:1485696, MainThread:139827601966912> (requestor.py:_fetch_single_async:204 -> middleware.py:apply_async:115) from logger `RFC.middleware_status_code`
[INFO] applied on HitomiAuthor(rubi-sama).HitomiGallery(839731).HitomiImage(0931), sent

2024-02-08 21:29:27,104 <requestor-worker-11:1485696, MainThread:139827601966912> (requestor.py:_fetch_single_async:204 -> middleware.py:apply_async:115) from logger `RFC.middleware_status_code`
[INFO] applied on HitomiAuthor(rubi-sama).HitomiGallery(839731).HitomiImage(0931), sent

2024-02-08 21:29:27,129 <requestor-worker-6:1485682, MainThread:139827601966912> (requestor.py:_fetch_single_async:204 -> middleware.py:apply_async:112) from logger `RFC.middleware_status_code`
[INFO] applying on HitomiAuthor(rubi-sama).HitomiGallery(839731).HitomiImage(0819), received

2024-02-08 21:29:27,129 <requestor-worker-6:1485682, MainThread:139827601966912> (requestor.py:_fetch_single_async:204 -> middleware.py:apply_async:112) from logger `RFC.middleware_status_code`
[INFO] applying on HitomiAuthor(rubi-sama).HitomiGallery(839731).HitomiImage(0819), received

2024-02-08 21:29:27,129 <requestor-worker-6:1485682, MainThread:139827601966912> (requestor.py:_fetch_single_async:204 -> middleware.py:apply_async:112) from logger `RFC.middleware_status_code`
[INFO] applying on HitomiAuthor(rubi-sama).HitomiGallery(839731).HitomiImage(0819), received

2024-02-08 21:29:27,132 <requestor-worker-6:1485682, MainThread:139827601966912> (requestor.py:_fetch_single_async:204 -> middleware.py:apply_async:115) from logger `RFC.middleware_status_code`
[INFO] applied on HitomiAuthor(rubi-sama).HitomiGallery(839731).HitomiImage(0819), sent

2024-02-08 21:29:27,132 <requestor-worker-6:1485682, MainThread:139827601966912> (requestor.py:_fetch_single_async:204 -> middleware.py:apply_async:115) from logger `RFC.middleware_status_code`
[INFO] applied on HitomiAuthor(rubi-sama).HitomiGallery(839731).HitomiImage(0819), sent

2024-02-08 21:29:27,132 <requestor-worker-6:1485682, MainThread:139827601966912> (requestor.py:_fetch_single_async:204 -> middleware.py:apply_async:115) from logger `RFC.middleware_status_code`
[INFO] applied on HitomiAuthor(rubi-sama).HitomiGallery(839731).HitomiImage(0819), sent

2024-02-08 21:29:27,150 <requestor-worker-4:1485673, MainThread:139827601966912> (requestor.py:_fetch_single_async:204 -> middleware.py:apply_async:112) from logger `RFC.middleware_status_code`
[INFO] applying on HitomiAuthor(rubi-sama).HitomiGallery(839731).HitomiImage(0887), received

2024-02-08 21:29:27,150 <requestor-worker-4:1485673, MainThread:139827601966912> (requestor.py:_fetch_single_async:204 -> middleware.py:apply_async:112) from logger `RFC.middleware_status_code`
[INFO] applying on HitomiAuthor(rubi-sama).HitomiGallery(839731).HitomiImage(0887), received

2024-02-08 21:29:27,150 <requestor-worker-4:1485673, MainThread:139827601966912> (requestor.py:_fetch_single_async:204 -> middleware.py:apply_async:112) from logger `RFC.middleware_status_code`
[INFO] applying on HitomiAuthor(rubi-sama).HitomiGallery(839731).HitomiImage(0887), received

2024-02-08 21:29:27,153 <requestor-worker-4:1485673, MainThread:139827601966912> (requestor.py:_fetch_single_async:204 -> middleware.py:apply_async:115) from logger `RFC.middleware_status_code`
[INFO] applied on HitomiAuthor(rubi-sama).HitomiGallery(839731).HitomiImage(0887), sent

2024-02-08 21:29:27,153 <requestor-worker-4:1485673, MainThread:139827601966912> (requestor.py:_fetch_single_async:204 -> middleware.py:apply_async:115) from logger `RFC.middleware_status_code`
[INFO] applied on HitomiAuthor(rubi-sama).HitomiGallery(839731).HitomiImage(0887), sent

2024-02-08 21:29:27,153 <requestor-worker-4:1485673, MainThread:139827601966912> (requestor.py:_fetch_single_async:204 -> middleware.py:apply_async:115) from logger `RFC.middleware_status_code`
[INFO] applied on HitomiAuthor(rubi-sama).HitomiGallery(839731).HitomiImage(0887), sent

2024-02-08 21:29:27,178 <requestor-worker-9:1485690, MainThread:139827601966912> (requestor.py:_fetch_single_async:204 -> middleware.py:apply_async:112) from logger `RFC.middleware_status_code`
[INFO] applying on HitomiAuthor(rubi-sama).HitomiGallery(839731).HitomiImage(0866), received

2024-02-08 21:29:27,178 <requestor-worker-9:1485690, MainThread:139827601966912> (requestor.py:_fetch_single_async:204 -> middleware.py:apply_async:112) from logger `RFC.middleware_status_code`
[INFO] applying on HitomiAuthor(rubi-sama).HitomiGallery(839731).HitomiImage(0866), received

2024-02-08 21:29:27,178 <requestor-worker-9:1485690, MainThread:139827601966912> (requestor.py:_fetch_single_async:204 -> middleware.py:apply_async:112) from logger `RFC.middleware_status_code`
[INFO] applying on HitomiAuthor(rubi-sama).HitomiGallery(839731).HitomiImage(0866), received

2024-02-08 21:29:27,181 <requestor-worker-9:1485690, MainThread:139827601966912> (requestor.py:_fetch_single_async:204 -> middleware.py:apply_async:115) from logger `RFC.middleware_status_code`
[INFO] applied on HitomiAuthor(rubi-sama).HitomiGallery(839731).HitomiImage(0866), sent

2024-02-08 21:29:27,181 <requestor-worker-9:1485690, MainThread:139827601966912> (requestor.py:_fetch_single_async:204 -> middleware.py:apply_async:115) from logger `RFC.middleware_status_code`
[INFO] applied on HitomiAuthor(rubi-sama).HitomiGallery(839731).HitomiImage(0866), sent

2024-02-08 21:29:27,181 <requestor-worker-9:1485690, MainThread:139827601966912> (requestor.py:_fetch_single_async:204 -> middleware.py:apply_async:115) from logger `RFC.middleware_status_code`
[INFO] applied on HitomiAuthor(rubi-sama).HitomiGallery(839731).HitomiImage(0866), sent

2024-02-08 21:29:27,187 <requestor-worker-1:1485661, MainThread:139827601966912> (requestor.py:_fetch_single_async:204 -> middleware.py:apply_async:112) from logger `RFC.middleware_status_code`
[INFO] applying on HitomiAuthor(rubi-sama).HitomiGallery(839731).HitomiImage(0883), received

2024-02-08 21:29:27,187 <requestor-worker-1:1485661, MainThread:139827601966912> (requestor.py:_fetch_single_async:204 -> middleware.py:apply_async:112) from logger `RFC.middleware_status_code`
[INFO] applying on HitomiAuthor(rubi-sama).HitomiGallery(839731).HitomiImage(0883), received

2024-02-08 21:29:27,187 <requestor-worker-1:1485661, MainThread:139827601966912> (requestor.py:_fetch_single_async:204 -> middleware.py:apply_async:112) from logger `RFC.middleware_status_code`
[INFO] applying on HitomiAuthor(rubi-sama).HitomiGallery(839731).HitomiImage(0883), received

2024-02-08 21:29:27,188 <requestor-worker-8:1485689, MainThread:139827601966912> (requestor.py:_fetch_single_async:204 -> middleware.py:apply_async:112) from logger `RFC.middleware_status_code`
[INFO] applying on HitomiAuthor(rubi-sama).HitomiGallery(839731).HitomiImage(0896), received

2024-02-08 21:29:27,188 <requestor-worker-8:1485689, MainThread:139827601966912> (requestor.py:_fetch_single_async:204 -> middleware.py:apply_async:112) from logger `RFC.middleware_status_code`
[INFO] applying on HitomiAuthor(rubi-sama).HitomiGallery(839731).HitomiImage(0896), received

2024-02-08 21:29:27,188 <requestor-worker-8:1485689, MainThread:139827601966912> (requestor.py:_fetch_single_async:204 -> middleware.py:apply_async:112) from logger `RFC.middleware_status_code`
[INFO] applying on HitomiAuthor(rubi-sama).HitomiGallery(839731).HitomiImage(0896), received

2024-02-08 21:29:27,189 <requestor-worker-1:1485661, MainThread:139827601966912> (requestor.py:_fetch_single_async:204 -> middleware.py:apply_async:115) from logger `RFC.middleware_status_code`
[INFO] applied on HitomiAuthor(rubi-sama).HitomiGallery(839731).HitomiImage(0883), sent

2024-02-08 21:29:27,189 <requestor-worker-1:1485661, MainThread:139827601966912> (requestor.py:_fetch_single_async:204 -> middleware.py:apply_async:115) from logger `RFC.middleware_status_code`
[INFO] applied on HitomiAuthor(rubi-sama).HitomiGallery(839731).HitomiImage(0883), sent

2024-02-08 21:29:27,189 <requestor-worker-1:1485661, MainThread:139827601966912> (requestor.py:_fetch_single_async:204 -> middleware.py:apply_async:115) from logger `RFC.middleware_status_code`
[INFO] applied on HitomiAuthor(rubi-sama).HitomiGallery(839731).HitomiImage(0883), sent

2024-02-08 21:29:27,191 <requestor-worker-8:1485689, MainThread:139827601966912> (requestor.py:_fetch_single_async:204 -> middleware.py:apply_async:115) from logger `RFC.middleware_status_code`
[INFO] applied on HitomiAuthor(rubi-sama).HitomiGallery(839731).HitomiImage(0896), sent

2024-02-08 21:29:27,191 <requestor-worker-8:1485689, MainThread:139827601966912> (requestor.py:_fetch_single_async:204 -> middleware.py:apply_async:115) from logger `RFC.middleware_status_code`
[INFO] applied on HitomiAuthor(rubi-sama).HitomiGallery(839731).HitomiImage(0896), sent

2024-02-08 21:29:27,191 <requestor-worker-8:1485689, MainThread:139827601966912> (requestor.py:_fetch_single_async:204 -> middleware.py:apply_async:115) from logger `RFC.middleware_status_code`
[INFO] applied on HitomiAuthor(rubi-sama).HitomiGallery(839731).HitomiImage(0896), sent

2024-02-08 21:29:27,542 <requestor-worker-10:1485694, MainThread:139827601966912> (requestor.py:_fetch_single_async:204 -> middleware.py:apply_async:112) from logger `RFC.middleware_status_code`
[INFO] applying on HitomiAuthor(rubi-sama).HitomiGallery(839731).HitomiImage(0519), received

2024-02-08 21:29:27,542 <requestor-worker-10:1485694, MainThread:139827601966912> (requestor.py:_fetch_single_async:204 -> middleware.py:apply_async:112) from logger `RFC.middleware_status_code`
[INFO] applying on HitomiAuthor(rubi-sama).HitomiGallery(839731).HitomiImage(0519), received

2024-02-08 21:29:27,542 <requestor-worker-10:1485694, MainThread:139827601966912> (requestor.py:_fetch_single_async:204 -> middleware.py:apply_async:112) from logger `RFC.middleware_status_code`
[INFO] applying on HitomiAuthor(rubi-sama).HitomiGallery(839731).HitomiImage(0519), received

2024-02-08 21:29:27,545 <requestor-worker-10:1485694, MainThread:139827601966912> (requestor.py:_fetch_single_async:204 -> middleware.py:apply_async:115) from logger `RFC.middleware_status_code`
[INFO] applied on HitomiAuthor(rubi-sama).HitomiGallery(839731).HitomiImage(0519), sent

2024-02-08 21:29:27,545 <requestor-worker-10:1485694, MainThread:139827601966912> (requestor.py:_fetch_single_async:204 -> middleware.py:apply_async:115) from logger `RFC.middleware_status_code`
[INFO] applied on HitomiAuthor(rubi-sama).HitomiGallery(839731).HitomiImage(0519), sent

2024-02-08 21:29:27,545 <requestor-worker-10:1485694, MainThread:139827601966912> (requestor.py:_fetch_single_async:204 -> middleware.py:apply_async:115) from logger `RFC.middleware_status_code`
[INFO] applied on HitomiAuthor(rubi-sama).HitomiGallery(839731).HitomiImage(0519), sent

2024-02-08 21:29:29,407 <requestor-worker-11:1485696, MainThread:139827601966912> (requestor.py:_fetch_single_async:204 -> middleware.py:apply_async:112) from logger `RFC.middleware_status_code`
[INFO] applying on HitomiAuthor(rubi-sama).HitomiGallery(839731).HitomiImage(1262), received

2024-02-08 21:29:29,407 <requestor-worker-11:1485696, MainThread:139827601966912> (requestor.py:_fetch_single_async:204 -> middleware.py:apply_async:112) from logger `RFC.middleware_status_code`
[INFO] applying on HitomiAuthor(rubi-sama).HitomiGallery(839731).HitomiImage(1262), received

2024-02-08 21:29:29,407 <requestor-worker-11:1485696, MainThread:139827601966912> (requestor.py:_fetch_single_async:204 -> middleware.py:apply_async:112) from logger `RFC.middleware_status_code`
[INFO] applying on HitomiAuthor(rubi-sama).HitomiGallery(839731).HitomiImage(1262), received

2024-02-08 21:29:29,408 <requestor-worker-11:1485696, MainThread:139827601966912> (requestor.py:_fetch_single_async:204 -> middleware.py:apply_async:115) from logger `RFC.middleware_status_code`
[INFO] applied on HitomiAuthor(rubi-sama).HitomiGallery(839731).HitomiImage(1262), sent

2024-02-08 21:29:29,408 <requestor-worker-11:1485696, MainThread:139827601966912> (requestor.py:_fetch_single_async:204 -> middleware.py:apply_async:115) from logger `RFC.middleware_status_code`
[INFO] applied on HitomiAuthor(rubi-sama).HitomiGallery(839731).HitomiImage(1262), sent

2024-02-08 21:29:29,408 <requestor-worker-11:1485696, MainThread:139827601966912> (requestor.py:_fetch_single_async:204 -> middleware.py:apply_async:115) from logger `RFC.middleware_status_code`
[INFO] applied on HitomiAuthor(rubi-sama).HitomiGallery(839731).HitomiImage(1262), sent

2024-02-08 21:29:29,409 <requestor-worker-8:1485689, MainThread:139827601966912> (requestor.py:_fetch_single_async:204 -> middleware.py:apply_async:112) from logger `RFC.middleware_status_code`
[INFO] applying on HitomiAuthor(rubi-sama).HitomiGallery(839731).HitomiImage(1263), received

2024-02-08 21:29:29,409 <requestor-worker-8:1485689, MainThread:139827601966912> (requestor.py:_fetch_single_async:204 -> middleware.py:apply_async:112) from logger `RFC.middleware_status_code`
[INFO] applying on HitomiAuthor(rubi-sama).HitomiGallery(839731).HitomiImage(1263), received

2024-02-08 21:29:29,409 <requestor-worker-8:1485689, MainThread:139827601966912> (requestor.py:_fetch_single_async:204 -> middleware.py:apply_async:112) from logger `RFC.middleware_status_code`
[INFO] applying on HitomiAuthor(rubi-sama).HitomiGallery(839731).HitomiImage(1263), received

2024-02-08 21:29:29,411 <requestor-worker-8:1485689, MainThread:139827601966912> (requestor.py:_fetch_single_async:204 -> middleware.py:apply_async:115) from logger `RFC.middleware_status_code`
[INFO] applied on HitomiAuthor(rubi-sama).HitomiGallery(839731).HitomiImage(1263), sent

2024-02-08 21:29:29,411 <requestor-worker-8:1485689, MainThread:139827601966912> (requestor.py:_fetch_single_async:204 -> middleware.py:apply_async:115) from logger `RFC.middleware_status_code`
[INFO] applied on HitomiAuthor(rubi-sama).HitomiGallery(839731).HitomiImage(1263), sent

2024-02-08 21:29:29,411 <requestor-worker-8:1485689, MainThread:139827601966912> (requestor.py:_fetch_single_async:204 -> middleware.py:apply_async:115) from logger `RFC.middleware_status_code`
[INFO] applied on HitomiAuthor(rubi-sama).HitomiGallery(839731).HitomiImage(1263), sent

2024-02-08 21:29:29,418 <requestor-worker-3:1485668, MainThread:139827601966912> (requestor.py:_fetch_single_async:204 -> middleware.py:apply_async:112) from logger `RFC.middleware_status_code`
[INFO] applying on HitomiAuthor(rubi-sama).HitomiGallery(839731).HitomiImage(1021), received

2024-02-08 21:29:29,418 <requestor-worker-3:1485668, MainThread:139827601966912> (requestor.py:_fetch_single_async:204 -> middleware.py:apply_async:112) from logger `RFC.middleware_status_code`
[INFO] applying on HitomiAuthor(rubi-sama).HitomiGallery(839731).HitomiImage(1021), received

2024-02-08 21:29:29,418 <requestor-worker-3:1485668, MainThread:139827601966912> (requestor.py:_fetch_single_async:204 -> middleware.py:apply_async:112) from logger `RFC.middleware_status_code`
[INFO] applying on HitomiAuthor(rubi-sama).HitomiGallery(839731).HitomiImage(1021), received

2024-02-08 21:29:29,420 <requestor-worker-3:1485668, MainThread:139827601966912> (requestor.py:_fetch_single_async:204 -> middleware.py:apply_async:115) from logger `RFC.middleware_status_code`
[INFO] applied on HitomiAuthor(rubi-sama).HitomiGallery(839731).HitomiImage(1021), sent

2024-02-08 21:29:29,420 <requestor-worker-3:1485668, MainThread:139827601966912> (requestor.py:_fetch_single_async:204 -> middleware.py:apply_async:115) from logger `RFC.middleware_status_code`
[INFO] applied on HitomiAuthor(rubi-sama).HitomiGallery(839731).HitomiImage(1021), sent

2024-02-08 21:29:29,420 <requestor-worker-3:1485668, MainThread:139827601966912> (requestor.py:_fetch_single_async:204 -> middleware.py:apply_async:115) from logger `RFC.middleware_status_code`
[INFO] applied on HitomiAuthor(rubi-sama).HitomiGallery(839731).HitomiImage(1021), sent

2024-02-08 21:29:29,420 <requestor-worker-10:1485694, MainThread:139827601966912> (requestor.py:_fetch_single_async:204 -> middleware.py:apply_async:112) from logger `RFC.middleware_status_code`
[INFO] applying on HitomiAuthor(rubi-sama).HitomiGallery(839731).HitomiImage(1088), received

2024-02-08 21:29:29,420 <requestor-worker-10:1485694, MainThread:139827601966912> (requestor.py:_fetch_single_async:204 -> middleware.py:apply_async:112) from logger `RFC.middleware_status_code`
[INFO] applying on HitomiAuthor(rubi-sama).HitomiGallery(839731).HitomiImage(1088), received

2024-02-08 21:29:29,420 <requestor-worker-10:1485694, MainThread:139827601966912> (requestor.py:_fetch_single_async:204 -> middleware.py:apply_async:112) from logger `RFC.middleware_status_code`
[INFO] applying on HitomiAuthor(rubi-sama).HitomiGallery(839731).HitomiImage(1088), received

2024-02-08 21:29:29,421 <requestor-worker-10:1485694, MainThread:139827601966912> (requestor.py:_fetch_single_async:204 -> middleware.py:apply_async:115) from logger `RFC.middleware_status_code`
[INFO] applied on HitomiAuthor(rubi-sama).HitomiGallery(839731).HitomiImage(1088), sent

2024-02-08 21:29:29,421 <requestor-worker-10:1485694, MainThread:139827601966912> (requestor.py:_fetch_single_async:204 -> middleware.py:apply_async:115) from logger `RFC.middleware_status_code`
[INFO] applied on HitomiAuthor(rubi-sama).HitomiGallery(839731).HitomiImage(1088), sent

2024-02-08 21:29:29,421 <requestor-worker-10:1485694, MainThread:139827601966912> (requestor.py:_fetch_single_async:204 -> middleware.py:apply_async:115) from logger `RFC.middleware_status_code`
[INFO] applied on HitomiAuthor(rubi-sama).HitomiGallery(839731).HitomiImage(1088), sent

2024-02-08 21:29:30,825 <requestor-worker-9:1485690, MainThread:139827601966912> (requestor.py:_fetch_single_async:204 -> middleware.py:apply_async:112) from logger `RFC.middleware_status_code`
[INFO] applying on HitomiAuthor(rubi-sama).HitomiGallery(839731).HitomiImage(1264), received

2024-02-08 21:29:30,825 <requestor-worker-9:1485690, MainThread:139827601966912> (requestor.py:_fetch_single_async:204 -> middleware.py:apply_async:112) from logger `RFC.middleware_status_code`
[INFO] applying on HitomiAuthor(rubi-sama).HitomiGallery(839731).HitomiImage(1264), received

2024-02-08 21:29:30,825 <requestor-worker-9:1485690, MainThread:139827601966912> (requestor.py:_fetch_single_async:204 -> middleware.py:apply_async:112) from logger `RFC.middleware_status_code`
[INFO] applying on HitomiAuthor(rubi-sama).HitomiGallery(839731).HitomiImage(1264), received

2024-02-08 21:29:30,826 <requestor-worker-9:1485690, MainThread:139827601966912> (requestor.py:_fetch_single_async:204 -> middleware.py:apply_async:115) from logger `RFC.middleware_status_code`
[INFO] applied on HitomiAuthor(rubi-sama).HitomiGallery(839731).HitomiImage(1264), sent

2024-02-08 21:29:30,826 <requestor-worker-9:1485690, MainThread:139827601966912> (requestor.py:_fetch_single_async:204 -> middleware.py:apply_async:115) from logger `RFC.middleware_status_code`
[INFO] applied on HitomiAuthor(rubi-sama).HitomiGallery(839731).HitomiImage(1264), sent

2024-02-08 21:29:30,826 <requestor-worker-9:1485690, MainThread:139827601966912> (requestor.py:_fetch_single_async:204 -> middleware.py:apply_async:115) from logger `RFC.middleware_status_code`
[INFO] applied on HitomiAuthor(rubi-sama).HitomiGallery(839731).HitomiImage(1264), sent

2024-02-08 21:29:31,986 <requestor-worker-6:1485682, MainThread:139827601966912> (requestor.py:_fetch_single_async:204 -> middleware.py:apply_async:112) from logger `RFC.middleware_status_code`
[INFO] applying on HitomiAuthor(rubi-sama).HitomiGallery(839731).HitomiImage(1367), received

2024-02-08 21:29:31,986 <requestor-worker-6:1485682, MainThread:139827601966912> (requestor.py:_fetch_single_async:204 -> middleware.py:apply_async:112) from logger `RFC.middleware_status_code`
[INFO] applying on HitomiAuthor(rubi-sama).HitomiGallery(839731).HitomiImage(1367), received

2024-02-08 21:29:31,986 <requestor-worker-6:1485682, MainThread:139827601966912> (requestor.py:_fetch_single_async:204 -> middleware.py:apply_async:112) from logger `RFC.middleware_status_code`
[INFO] applying on HitomiAuthor(rubi-sama).HitomiGallery(839731).HitomiImage(1367), received

2024-02-08 21:29:31,987 <requestor-worker-6:1485682, MainThread:139827601966912> (requestor.py:_fetch_single_async:204 -> middleware.py:apply_async:115) from logger `RFC.middleware_status_code`
[INFO] applied on HitomiAuthor(rubi-sama).HitomiGallery(839731).HitomiImage(1367), sent

2024-02-08 21:29:31,987 <requestor-worker-6:1485682, MainThread:139827601966912> (requestor.py:_fetch_single_async:204 -> middleware.py:apply_async:115) from logger `RFC.middleware_status_code`
[INFO] applied on HitomiAuthor(rubi-sama).HitomiGallery(839731).HitomiImage(1367), sent

2024-02-08 21:29:31,987 <requestor-worker-6:1485682, MainThread:139827601966912> (requestor.py:_fetch_single_async:204 -> middleware.py:apply_async:115) from logger `RFC.middleware_status_code`
[INFO] applied on HitomiAuthor(rubi-sama).HitomiGallery(839731).HitomiImage(1367), sent

2024-02-08 21:29:32,146 <requestor-worker-11:1485696, MainThread:139827601966912> (requestor.py:_fetch_single_async:204 -> middleware.py:apply_async:112) from logger `RFC.middleware_status_code`
[INFO] applying on HitomiAuthor(rubi-sama).HitomiGallery(839731).HitomiImage(1152), received

2024-02-08 21:29:32,146 <requestor-worker-11:1485696, MainThread:139827601966912> (requestor.py:_fetch_single_async:204 -> middleware.py:apply_async:112) from logger `RFC.middleware_status_code`
[INFO] applying on HitomiAuthor(rubi-sama).HitomiGallery(839731).HitomiImage(1152), received

2024-02-08 21:29:32,146 <requestor-worker-11:1485696, MainThread:139827601966912> (requestor.py:_fetch_single_async:204 -> middleware.py:apply_async:112) from logger `RFC.middleware_status_code`
[INFO] applying on HitomiAuthor(rubi-sama).HitomiGallery(839731).HitomiImage(1152), received

2024-02-08 21:29:32,149 <requestor-worker-11:1485696, MainThread:139827601966912> (requestor.py:_fetch_single_async:204 -> middleware.py:apply_async:115) from logger `RFC.middleware_status_code`
[INFO] applied on HitomiAuthor(rubi-sama).HitomiGallery(839731).HitomiImage(1152), sent

2024-02-08 21:29:32,149 <requestor-worker-11:1485696, MainThread:139827601966912> (requestor.py:_fetch_single_async:204 -> middleware.py:apply_async:115) from logger `RFC.middleware_status_code`
[INFO] applied on HitomiAuthor(rubi-sama).HitomiGallery(839731).HitomiImage(1152), sent

2024-02-08 21:29:32,149 <requestor-worker-11:1485696, MainThread:139827601966912> (requestor.py:_fetch_single_async:204 -> middleware.py:apply_async:115) from logger `RFC.middleware_status_code`
[INFO] applied on HitomiAuthor(rubi-sama).HitomiGallery(839731).HitomiImage(1152), sent

2024-02-08 21:29:33,001 <requestor-worker-9:1485690, MainThread:139827601966912> (requestor.py:_fetch_single_async:204 -> middleware.py:apply_async:112) from logger `RFC.middleware_status_code`
[INFO] applying on HitomiAuthor(rubi-sama).HitomiGallery(839731).HitomiImage(1422), received

2024-02-08 21:29:33,001 <requestor-worker-9:1485690, MainThread:139827601966912> (requestor.py:_fetch_single_async:204 -> middleware.py:apply_async:112) from logger `RFC.middleware_status_code`
[INFO] applying on HitomiAuthor(rubi-sama).HitomiGallery(839731).HitomiImage(1422), received

2024-02-08 21:29:33,001 <requestor-worker-9:1485690, MainThread:139827601966912> (requestor.py:_fetch_single_async:204 -> middleware.py:apply_async:112) from logger `RFC.middleware_status_code`
[INFO] applying on HitomiAuthor(rubi-sama).HitomiGallery(839731).HitomiImage(1422), received

2024-02-08 21:29:33,002 <requestor-worker-9:1485690, MainThread:139827601966912> (requestor.py:_fetch_single_async:204 -> middleware.py:apply_async:115) from logger `RFC.middleware_status_code`
[INFO] applied on HitomiAuthor(rubi-sama).HitomiGallery(839731).HitomiImage(1422), sent

2024-02-08 21:29:33,002 <requestor-worker-9:1485690, MainThread:139827601966912> (requestor.py:_fetch_single_async:204 -> middleware.py:apply_async:115) from logger `RFC.middleware_status_code`
[INFO] applied on HitomiAuthor(rubi-sama).HitomiGallery(839731).HitomiImage(1422), sent

2024-02-08 21:29:33,002 <requestor-worker-9:1485690, MainThread:139827601966912> (requestor.py:_fetch_single_async:204 -> middleware.py:apply_async:115) from logger `RFC.middleware_status_code`
[INFO] applied on HitomiAuthor(rubi-sama).HitomiGallery(839731).HitomiImage(1422), sent

2024-02-08 21:29:33,102 <requestor-worker-11:1485696, MainThread:139827601966912> (requestor.py:_fetch_single_async:204 -> middleware.py:apply_async:112) from logger `RFC.middleware_status_code`
[INFO] applying on HitomiAuthor(rubi-sama).HitomiGallery(839731).HitomiImage(1353), received

2024-02-08 21:29:33,102 <requestor-worker-11:1485696, MainThread:139827601966912> (requestor.py:_fetch_single_async:204 -> middleware.py:apply_async:112) from logger `RFC.middleware_status_code`
[INFO] applying on HitomiAuthor(rubi-sama).HitomiGallery(839731).HitomiImage(1353), received

2024-02-08 21:29:33,102 <requestor-worker-11:1485696, MainThread:139827601966912> (requestor.py:_fetch_single_async:204 -> middleware.py:apply_async:112) from logger `RFC.middleware_status_code`
[INFO] applying on HitomiAuthor(rubi-sama).HitomiGallery(839731).HitomiImage(1353), received

2024-02-08 21:29:33,103 <requestor-worker-11:1485696, MainThread:139827601966912> (requestor.py:_fetch_single_async:204 -> middleware.py:apply_async:115) from logger `RFC.middleware_status_code`
[INFO] applied on HitomiAuthor(rubi-sama).HitomiGallery(839731).HitomiImage(1353), sent

2024-02-08 21:29:33,103 <requestor-worker-11:1485696, MainThread:139827601966912> (requestor.py:_fetch_single_async:204 -> middleware.py:apply_async:115) from logger `RFC.middleware_status_code`
[INFO] applied on HitomiAuthor(rubi-sama).HitomiGallery(839731).HitomiImage(1353), sent

2024-02-08 21:29:33,103 <requestor-worker-11:1485696, MainThread:139827601966912> (requestor.py:_fetch_single_async:204 -> middleware.py:apply_async:115) from logger `RFC.middleware_status_code`
[INFO] applied on HitomiAuthor(rubi-sama).HitomiGallery(839731).HitomiImage(1353), sent

2024-02-08 21:29:33,118 <requestor-worker-8:1485689, MainThread:139827601966912> (requestor.py:_fetch_single_async:204 -> middleware.py:apply_async:112) from logger `RFC.middleware_status_code`
[INFO] applying on HitomiAuthor(rubi-sama).HitomiGallery(839731).HitomiImage(1394), received

2024-02-08 21:29:33,118 <requestor-worker-8:1485689, MainThread:139827601966912> (requestor.py:_fetch_single_async:204 -> middleware.py:apply_async:112) from logger `RFC.middleware_status_code`
[INFO] applying on HitomiAuthor(rubi-sama).HitomiGallery(839731).HitomiImage(1394), received

2024-02-08 21:29:33,118 <requestor-worker-8:1485689, MainThread:139827601966912> (requestor.py:_fetch_single_async:204 -> middleware.py:apply_async:112) from logger `RFC.middleware_status_code`
[INFO] applying on HitomiAuthor(rubi-sama).HitomiGallery(839731).HitomiImage(1394), received

2024-02-08 21:29:33,120 <requestor-worker-8:1485689, MainThread:139827601966912> (requestor.py:_fetch_single_async:204 -> middleware.py:apply_async:115) from logger `RFC.middleware_status_code`
[INFO] applied on HitomiAuthor(rubi-sama).HitomiGallery(839731).HitomiImage(1394), sent

2024-02-08 21:29:33,120 <requestor-worker-8:1485689, MainThread:139827601966912> (requestor.py:_fetch_single_async:204 -> middleware.py:apply_async:115) from logger `RFC.middleware_status_code`
[INFO] applied on HitomiAuthor(rubi-sama).HitomiGallery(839731).HitomiImage(1394), sent

2024-02-08 21:29:33,120 <requestor-worker-8:1485689, MainThread:139827601966912> (requestor.py:_fetch_single_async:204 -> middleware.py:apply_async:115) from logger `RFC.middleware_status_code`
[INFO] applied on HitomiAuthor(rubi-sama).HitomiGallery(839731).HitomiImage(1394), sent

2024-02-08 21:29:33,360 <requestor-worker-3:1485668, MainThread:139827601966912> (requestor.py:_fetch_single_async:204 -> middleware.py:apply_async:112) from logger `RFC.middleware_status_code`
[INFO] applying on HitomiAuthor(rubi-sama).HitomiGallery(839731).HitomiImage(1474), received

2024-02-08 21:29:33,360 <requestor-worker-3:1485668, MainThread:139827601966912> (requestor.py:_fetch_single_async:204 -> middleware.py:apply_async:112) from logger `RFC.middleware_status_code`
[INFO] applying on HitomiAuthor(rubi-sama).HitomiGallery(839731).HitomiImage(1474), received

2024-02-08 21:29:33,360 <requestor-worker-3:1485668, MainThread:139827601966912> (requestor.py:_fetch_single_async:204 -> middleware.py:apply_async:112) from logger `RFC.middleware_status_code`
[INFO] applying on HitomiAuthor(rubi-sama).HitomiGallery(839731).HitomiImage(1474), received

2024-02-08 21:29:33,363 <requestor-worker-3:1485668, MainThread:139827601966912> (requestor.py:_fetch_single_async:204 -> middleware.py:apply_async:115) from logger `RFC.middleware_status_code`
[INFO] applied on HitomiAuthor(rubi-sama).HitomiGallery(839731).HitomiImage(1474), sent

2024-02-08 21:29:33,363 <requestor-worker-3:1485668, MainThread:139827601966912> (requestor.py:_fetch_single_async:204 -> middleware.py:apply_async:115) from logger `RFC.middleware_status_code`
[INFO] applied on HitomiAuthor(rubi-sama).HitomiGallery(839731).HitomiImage(1474), sent

2024-02-08 21:29:33,363 <requestor-worker-3:1485668, MainThread:139827601966912> (requestor.py:_fetch_single_async:204 -> middleware.py:apply_async:115) from logger `RFC.middleware_status_code`
[INFO] applied on HitomiAuthor(rubi-sama).HitomiGallery(839731).HitomiImage(1474), sent

2024-02-08 21:29:33,505 <requestor-worker-5:1485677, MainThread:139827601966912> (requestor.py:_fetch_single_async:204 -> middleware.py:apply_async:112) from logger `RFC.middleware_status_code`
[INFO] applying on HitomiAuthor(rubi-sama).HitomiGallery(839731).HitomiImage(1358), received

2024-02-08 21:29:33,505 <requestor-worker-5:1485677, MainThread:139827601966912> (requestor.py:_fetch_single_async:204 -> middleware.py:apply_async:112) from logger `RFC.middleware_status_code`
[INFO] applying on HitomiAuthor(rubi-sama).HitomiGallery(839731).HitomiImage(1358), received

2024-02-08 21:29:33,505 <requestor-worker-5:1485677, MainThread:139827601966912> (requestor.py:_fetch_single_async:204 -> middleware.py:apply_async:112) from logger `RFC.middleware_status_code`
[INFO] applying on HitomiAuthor(rubi-sama).HitomiGallery(839731).HitomiImage(1358), received

2024-02-08 21:29:33,511 <requestor-worker-5:1485677, MainThread:139827601966912> (requestor.py:_fetch_single_async:204 -> middleware.py:apply_async:115) from logger `RFC.middleware_status_code`
[INFO] applied on HitomiAuthor(rubi-sama).HitomiGallery(839731).HitomiImage(1358), sent

2024-02-08 21:29:33,511 <requestor-worker-5:1485677, MainThread:139827601966912> (requestor.py:_fetch_single_async:204 -> middleware.py:apply_async:115) from logger `RFC.middleware_status_code`
[INFO] applied on HitomiAuthor(rubi-sama).HitomiGallery(839731).HitomiImage(1358), sent

2024-02-08 21:29:33,511 <requestor-worker-5:1485677, MainThread:139827601966912> (requestor.py:_fetch_single_async:204 -> middleware.py:apply_async:115) from logger `RFC.middleware_status_code`
[INFO] applied on HitomiAuthor(rubi-sama).HitomiGallery(839731).HitomiImage(1358), sent

2024-02-08 21:29:33,521 <requestor-worker-5:1485677, MainThread:139827601966912> (requestor.py:_fetch_single_async:204 -> middleware.py:apply_async:112) from logger `RFC.middleware_status_code`
[INFO] applying on HitomiAuthor(rubi-sama).HitomiGallery(839731).HitomiImage(1410), received

2024-02-08 21:29:33,521 <requestor-worker-5:1485677, MainThread:139827601966912> (requestor.py:_fetch_single_async:204 -> middleware.py:apply_async:112) from logger `RFC.middleware_status_code`
[INFO] applying on HitomiAuthor(rubi-sama).HitomiGallery(839731).HitomiImage(1410), received

2024-02-08 21:29:33,521 <requestor-worker-5:1485677, MainThread:139827601966912> (requestor.py:_fetch_single_async:204 -> middleware.py:apply_async:112) from logger `RFC.middleware_status_code`
[INFO] applying on HitomiAuthor(rubi-sama).HitomiGallery(839731).HitomiImage(1410), received

2024-02-08 21:29:33,523 <requestor-worker-5:1485677, MainThread:139827601966912> (requestor.py:_fetch_single_async:204 -> middleware.py:apply_async:115) from logger `RFC.middleware_status_code`
[INFO] applied on HitomiAuthor(rubi-sama).HitomiGallery(839731).HitomiImage(1410), sent

2024-02-08 21:29:33,523 <requestor-worker-5:1485677, MainThread:139827601966912> (requestor.py:_fetch_single_async:204 -> middleware.py:apply_async:115) from logger `RFC.middleware_status_code`
[INFO] applied on HitomiAuthor(rubi-sama).HitomiGallery(839731).HitomiImage(1410), sent

2024-02-08 21:29:33,523 <requestor-worker-5:1485677, MainThread:139827601966912> (requestor.py:_fetch_single_async:204 -> middleware.py:apply_async:115) from logger `RFC.middleware_status_code`
[INFO] applied on HitomiAuthor(rubi-sama).HitomiGallery(839731).HitomiImage(1410), sent

2024-02-08 21:29:33,529 <requestor-worker-1:1485661, MainThread:139827601966912> (requestor.py:_fetch_single_async:204 -> middleware.py:apply_async:112) from logger `RFC.middleware_status_code`
[INFO] applying on HitomiAuthor(rubi-sama).HitomiGallery(839731).HitomiImage(1348), received

2024-02-08 21:29:33,529 <requestor-worker-1:1485661, MainThread:139827601966912> (requestor.py:_fetch_single_async:204 -> middleware.py:apply_async:112) from logger `RFC.middleware_status_code`
[INFO] applying on HitomiAuthor(rubi-sama).HitomiGallery(839731).HitomiImage(1348), received

2024-02-08 21:29:33,529 <requestor-worker-1:1485661, MainThread:139827601966912> (requestor.py:_fetch_single_async:204 -> middleware.py:apply_async:112) from logger `RFC.middleware_status_code`
[INFO] applying on HitomiAuthor(rubi-sama).HitomiGallery(839731).HitomiImage(1348), received

2024-02-08 21:29:33,529 <requestor-worker-7:1485685, MainThread:139827601966912> (requestor.py:_fetch_single_async:204 -> middleware.py:apply_async:112) from logger `RFC.middleware_status_code`
[INFO] applying on HitomiAuthor(rubi-sama).HitomiGallery(839731).HitomiImage(1413), received

2024-02-08 21:29:33,529 <requestor-worker-7:1485685, MainThread:139827601966912> (requestor.py:_fetch_single_async:204 -> middleware.py:apply_async:112) from logger `RFC.middleware_status_code`
[INFO] applying on HitomiAuthor(rubi-sama).HitomiGallery(839731).HitomiImage(1413), received

2024-02-08 21:29:33,529 <requestor-worker-7:1485685, MainThread:139827601966912> (requestor.py:_fetch_single_async:204 -> middleware.py:apply_async:112) from logger `RFC.middleware_status_code`
[INFO] applying on HitomiAuthor(rubi-sama).HitomiGallery(839731).HitomiImage(1413), received

2024-02-08 21:29:33,532 <requestor-worker-1:1485661, MainThread:139827601966912> (requestor.py:_fetch_single_async:204 -> middleware.py:apply_async:115) from logger `RFC.middleware_status_code`
[INFO] applied on HitomiAuthor(rubi-sama).HitomiGallery(839731).HitomiImage(1348), sent

2024-02-08 21:29:33,532 <requestor-worker-1:1485661, MainThread:139827601966912> (requestor.py:_fetch_single_async:204 -> middleware.py:apply_async:115) from logger `RFC.middleware_status_code`
[INFO] applied on HitomiAuthor(rubi-sama).HitomiGallery(839731).HitomiImage(1348), sent

2024-02-08 21:29:33,532 <requestor-worker-1:1485661, MainThread:139827601966912> (requestor.py:_fetch_single_async:204 -> middleware.py:apply_async:115) from logger `RFC.middleware_status_code`
[INFO] applied on HitomiAuthor(rubi-sama).HitomiGallery(839731).HitomiImage(1348), sent

2024-02-08 21:29:33,532 <requestor-worker-7:1485685, MainThread:139827601966912> (requestor.py:_fetch_single_async:204 -> middleware.py:apply_async:115) from logger `RFC.middleware_status_code`
[INFO] applied on HitomiAuthor(rubi-sama).HitomiGallery(839731).HitomiImage(1413), sent

2024-02-08 21:29:33,532 <requestor-worker-7:1485685, MainThread:139827601966912> (requestor.py:_fetch_single_async:204 -> middleware.py:apply_async:115) from logger `RFC.middleware_status_code`
[INFO] applied on HitomiAuthor(rubi-sama).HitomiGallery(839731).HitomiImage(1413), sent

2024-02-08 21:29:33,532 <requestor-worker-7:1485685, MainThread:139827601966912> (requestor.py:_fetch_single_async:204 -> middleware.py:apply_async:115) from logger `RFC.middleware_status_code`
[INFO] applied on HitomiAuthor(rubi-sama).HitomiGallery(839731).HitomiImage(1413), sent

2024-02-08 21:29:36,858 <requestor-worker-8:1485689, MainThread:139827601966912> (requestor.py:_fetch_single_async:204 -> middleware.py:apply_async:112) from logger `RFC.middleware_status_code`
[INFO] applying on HitomiAuthor(rubi-sama).HitomiGallery(839731).HitomiImage(1600), received

2024-02-08 21:29:36,858 <requestor-worker-8:1485689, MainThread:139827601966912> (requestor.py:_fetch_single_async:204 -> middleware.py:apply_async:112) from logger `RFC.middleware_status_code`
[INFO] applying on HitomiAuthor(rubi-sama).HitomiGallery(839731).HitomiImage(1600), received

2024-02-08 21:29:36,858 <requestor-worker-8:1485689, MainThread:139827601966912> (requestor.py:_fetch_single_async:204 -> middleware.py:apply_async:112) from logger `RFC.middleware_status_code`
[INFO] applying on HitomiAuthor(rubi-sama).HitomiGallery(839731).HitomiImage(1600), received

2024-02-08 21:29:36,860 <requestor-worker-8:1485689, MainThread:139827601966912> (requestor.py:_fetch_single_async:204 -> middleware.py:apply_async:115) from logger `RFC.middleware_status_code`
[INFO] applied on HitomiAuthor(rubi-sama).HitomiGallery(839731).HitomiImage(1600), sent

2024-02-08 21:29:36,860 <requestor-worker-8:1485689, MainThread:139827601966912> (requestor.py:_fetch_single_async:204 -> middleware.py:apply_async:115) from logger `RFC.middleware_status_code`
[INFO] applied on HitomiAuthor(rubi-sama).HitomiGallery(839731).HitomiImage(1600), sent

2024-02-08 21:29:36,860 <requestor-worker-8:1485689, MainThread:139827601966912> (requestor.py:_fetch_single_async:204 -> middleware.py:apply_async:115) from logger `RFC.middleware_status_code`
[INFO] applied on HitomiAuthor(rubi-sama).HitomiGallery(839731).HitomiImage(1600), sent

2024-02-08 21:29:39,118 <requestor-worker-7:1485685, MainThread:139827601966912> (requestor.py:_fetch_single_async:204 -> middleware.py:apply_async:112) from logger `RFC.middleware_status_code`
[INFO] applying on HitomiAuthor(rubi-sama).HitomiGallery(839731).HitomiImage(1604), received

2024-02-08 21:29:39,118 <requestor-worker-7:1485685, MainThread:139827601966912> (requestor.py:_fetch_single_async:204 -> middleware.py:apply_async:112) from logger `RFC.middleware_status_code`
[INFO] applying on HitomiAuthor(rubi-sama).HitomiGallery(839731).HitomiImage(1604), received

2024-02-08 21:29:39,118 <requestor-worker-7:1485685, MainThread:139827601966912> (requestor.py:_fetch_single_async:204 -> middleware.py:apply_async:112) from logger `RFC.middleware_status_code`
[INFO] applying on HitomiAuthor(rubi-sama).HitomiGallery(839731).HitomiImage(1604), received

2024-02-08 21:29:39,121 <requestor-worker-7:1485685, MainThread:139827601966912> (requestor.py:_fetch_single_async:204 -> middleware.py:apply_async:115) from logger `RFC.middleware_status_code`
[INFO] applied on HitomiAuthor(rubi-sama).HitomiGallery(839731).HitomiImage(1604), sent

2024-02-08 21:29:39,121 <requestor-worker-7:1485685, MainThread:139827601966912> (requestor.py:_fetch_single_async:204 -> middleware.py:apply_async:115) from logger `RFC.middleware_status_code`
[INFO] applied on HitomiAuthor(rubi-sama).HitomiGallery(839731).HitomiImage(1604), sent

2024-02-08 21:29:39,121 <requestor-worker-7:1485685, MainThread:139827601966912> (requestor.py:_fetch_single_async:204 -> middleware.py:apply_async:115) from logger `RFC.middleware_status_code`
[INFO] applied on HitomiAuthor(rubi-sama).HitomiGallery(839731).HitomiImage(1604), sent

