2024-02-08 21:22:24,828 <MainProcess:1485619, MainThread:139827601966912> (middleware.py:get_middleware:394 -> middleware.py:__init__:55) from logger `RFC.middleware_basic`
[INFO] initialized

2024-02-08 21:22:24,831 <MainProcess:1485619, MainThread:139827601966912> (middleware.py:get_middleware:394 -> middleware.py:__init__:55) from logger `RFC.middleware_basic`
[INFO] initialized

2024-02-08 21:22:24,831 <MainProcess:1485619, MainThread:139827601966912> (middleware.py:get_middleware:394 -> middleware.py:__init__:55) from logger `RFC.middleware_basic`
[INFO] initialized

2024-02-08 21:22:24,833 <MainProcess:1485619, MainThread:139827601966912> (middleware.py:get_middleware:394 -> middleware.py:__init__:55) from logger `RFC.middleware_basic`
[INFO] initialized

2024-02-08 21:22:24,833 <MainProcess:1485619, MainThread:139827601966912> (middleware.py:get_middleware:394 -> middleware.py:__init__:55) from logger `RFC.middleware_basic`
[INFO] initialized

2024-02-08 21:22:24,833 <MainProcess:1485619, MainThread:139827601966912> (middleware.py:get_middleware:394 -> middleware.py:__init__:55) from logger `RFC.middleware_basic`
[INFO] initialized

2024-02-08 21:24:03,060 <requestor-worker-7:1485685, MainThread:139827601966912> (requestor.py:_fetch_single_async:204 -> middleware.py:apply_async:112) from logger `RFC.middleware_basic`
[INFO] applying on HitomiAuthor(rubi-sama).HitomiGallery(887743).HitomiImage(0364), received

2024-02-08 21:24:03,060 <requestor-worker-7:1485685, MainThread:139827601966912> (requestor.py:_fetch_single_async:204 -> middleware.py:apply_async:112) from logger `RFC.middleware_basic`
[INFO] applying on HitomiAuthor(rubi-sama).HitomiGallery(887743).HitomiImage(0364), received

2024-02-08 21:24:03,060 <requestor-worker-7:1485685, MainThread:139827601966912> (requestor.py:_fetch_single_async:204 -> middleware.py:apply_async:112) from logger `RFC.middleware_basic`
[INFO] applying on HitomiAuthor(rubi-sama).HitomiGallery(887743).HitomiImage(0364), received

2024-02-08 21:24:03,069 <requestor-worker-7:1485685, MainThread:139827601966912> (requestor.py:_fetch_single_async:204 -> middleware.py:apply_async:115) from logger `RFC.middleware_basic`
[INFO] applied on HitomiAuthor(rubi-sama).HitomiGallery(887743).HitomiImage(0364), sent

2024-02-08 21:24:03,069 <requestor-worker-7:1485685, MainThread:139827601966912> (requestor.py:_fetch_single_async:204 -> middleware.py:apply_async:115) from logger `RFC.middleware_basic`
[INFO] applied on HitomiAuthor(rubi-sama).HitomiGallery(887743).HitomiImage(0364), sent

2024-02-08 21:24:03,069 <requestor-worker-7:1485685, MainThread:139827601966912> (requestor.py:_fetch_single_async:204 -> middleware.py:apply_async:115) from logger `RFC.middleware_basic`
[INFO] applied on HitomiAuthor(rubi-sama).HitomiGallery(887743).HitomiImage(0364), sent

2024-02-08 21:24:06,890 <requestor-worker-6:1485682, MainThread:139827601966912> (requestor.py:_fetch_single_async:204 -> middleware.py:apply_async:112) from logger `RFC.middleware_basic`
[INFO] applying on HitomiAuthor(rubi-sama).HitomiGallery(887743).HitomiImage(0421), received

2024-02-08 21:24:06,890 <requestor-worker-6:1485682, MainThread:139827601966912> (requestor.py:_fetch_single_async:204 -> middleware.py:apply_async:112) from logger `RFC.middleware_basic`
[INFO] applying on HitomiAuthor(rubi-sama).HitomiGallery(887743).HitomiImage(0421), received

2024-02-08 21:24:06,890 <requestor-worker-6:1485682, MainThread:139827601966912> (requestor.py:_fetch_single_async:204 -> middleware.py:apply_async:112) from logger `RFC.middleware_basic`
[INFO] applying on HitomiAuthor(rubi-sama).HitomiGallery(887743).HitomiImage(0421), received

2024-02-08 21:24:06,892 <requestor-worker-6:1485682, MainThread:139827601966912> (requestor.py:_fetch_single_async:204 -> middleware.py:apply_async:115) from logger `RFC.middleware_basic`
[INFO] applied on HitomiAuthor(rubi-sama).HitomiGallery(887743).HitomiImage(0421), sent

2024-02-08 21:24:06,892 <requestor-worker-6:1485682, MainThread:139827601966912> (requestor.py:_fetch_single_async:204 -> middleware.py:apply_async:115) from logger `RFC.middleware_basic`
[INFO] applied on HitomiAuthor(rubi-sama).HitomiGallery(887743).HitomiImage(0421), sent

2024-02-08 21:24:06,892 <requestor-worker-6:1485682, MainThread:139827601966912> (requestor.py:_fetch_single_async:204 -> middleware.py:apply_async:115) from logger `RFC.middleware_basic`
[INFO] applied on HitomiAuthor(rubi-sama).HitomiGallery(887743).HitomiImage(0421), sent

2024-02-08 21:24:14,899 <requestor-worker-7:1485685, MainThread:139827601966912> (requestor.py:_fetch_single_async:204 -> middleware.py:apply_async:112) from logger `RFC.middleware_basic`
[INFO] applying on HitomiAuthor(rubi-sama).HitomiGallery(887743).HitomiImage(0186), received

2024-02-08 21:24:14,899 <requestor-worker-7:1485685, MainThread:139827601966912> (requestor.py:_fetch_single_async:204 -> middleware.py:apply_async:112) from logger `RFC.middleware_basic`
[INFO] applying on HitomiAuthor(rubi-sama).HitomiGallery(887743).HitomiImage(0186), received

2024-02-08 21:24:14,899 <requestor-worker-7:1485685, MainThread:139827601966912> (requestor.py:_fetch_single_async:204 -> middleware.py:apply_async:112) from logger `RFC.middleware_basic`
[INFO] applying on HitomiAuthor(rubi-sama).HitomiGallery(887743).HitomiImage(0186), received

2024-02-08 21:24:14,902 <requestor-worker-7:1485685, MainThread:139827601966912> (requestor.py:_fetch_single_async:204 -> middleware.py:apply_async:115) from logger `RFC.middleware_basic`
[INFO] applied on HitomiAuthor(rubi-sama).HitomiGallery(887743).HitomiImage(0186), sent

2024-02-08 21:24:14,902 <requestor-worker-7:1485685, MainThread:139827601966912> (requestor.py:_fetch_single_async:204 -> middleware.py:apply_async:115) from logger `RFC.middleware_basic`
[INFO] applied on HitomiAuthor(rubi-sama).HitomiGallery(887743).HitomiImage(0186), sent

2024-02-08 21:24:14,902 <requestor-worker-7:1485685, MainThread:139827601966912> (requestor.py:_fetch_single_async:204 -> middleware.py:apply_async:115) from logger `RFC.middleware_basic`
[INFO] applied on HitomiAuthor(rubi-sama).HitomiGallery(887743).HitomiImage(0186), sent

2024-02-08 21:24:16,166 <requestor-worker-6:1485682, MainThread:139827601966912> (requestor.py:_fetch_single_async:204 -> middleware.py:apply_async:112) from logger `RFC.middleware_basic`
[INFO] applying on HitomiAuthor(rubi-sama).HitomiGallery(887743).HitomiImage(0187), received

2024-02-08 21:24:16,166 <requestor-worker-6:1485682, MainThread:139827601966912> (requestor.py:_fetch_single_async:204 -> middleware.py:apply_async:112) from logger `RFC.middleware_basic`
[INFO] applying on HitomiAuthor(rubi-sama).HitomiGallery(887743).HitomiImage(0187), received

2024-02-08 21:24:16,166 <requestor-worker-6:1485682, MainThread:139827601966912> (requestor.py:_fetch_single_async:204 -> middleware.py:apply_async:112) from logger `RFC.middleware_basic`
[INFO] applying on HitomiAuthor(rubi-sama).HitomiGallery(887743).HitomiImage(0187), received

2024-02-08 21:24:16,168 <requestor-worker-6:1485682, MainThread:139827601966912> (requestor.py:_fetch_single_async:204 -> middleware.py:apply_async:115) from logger `RFC.middleware_basic`
[INFO] applied on HitomiAuthor(rubi-sama).HitomiGallery(887743).HitomiImage(0187), sent

2024-02-08 21:24:16,168 <requestor-worker-6:1485682, MainThread:139827601966912> (requestor.py:_fetch_single_async:204 -> middleware.py:apply_async:115) from logger `RFC.middleware_basic`
[INFO] applied on HitomiAuthor(rubi-sama).HitomiGallery(887743).HitomiImage(0187), sent

2024-02-08 21:24:16,168 <requestor-worker-6:1485682, MainThread:139827601966912> (requestor.py:_fetch_single_async:204 -> middleware.py:apply_async:115) from logger `RFC.middleware_basic`
[INFO] applied on HitomiAuthor(rubi-sama).HitomiGallery(887743).HitomiImage(0187), sent

2024-02-08 21:24:19,058 <requestor-worker-8:1485689, MainThread:139827601966912> (requestor.py:_fetch_single_async:204 -> middleware.py:apply_async:112) from logger `RFC.middleware_basic`
[INFO] applying on HitomiAuthor(rubi-sama).HitomiGallery(887743).HitomiImage(0235), received

2024-02-08 21:24:19,058 <requestor-worker-8:1485689, MainThread:139827601966912> (requestor.py:_fetch_single_async:204 -> middleware.py:apply_async:112) from logger `RFC.middleware_basic`
[INFO] applying on HitomiAuthor(rubi-sama).HitomiGallery(887743).HitomiImage(0235), received

2024-02-08 21:24:19,058 <requestor-worker-8:1485689, MainThread:139827601966912> (requestor.py:_fetch_single_async:204 -> middleware.py:apply_async:112) from logger `RFC.middleware_basic`
[INFO] applying on HitomiAuthor(rubi-sama).HitomiGallery(887743).HitomiImage(0235), received

2024-02-08 21:24:19,064 <requestor-worker-8:1485689, MainThread:139827601966912> (requestor.py:_fetch_single_async:204 -> middleware.py:apply_async:115) from logger `RFC.middleware_basic`
[INFO] applied on HitomiAuthor(rubi-sama).HitomiGallery(887743).HitomiImage(0235), sent

2024-02-08 21:24:19,064 <requestor-worker-8:1485689, MainThread:139827601966912> (requestor.py:_fetch_single_async:204 -> middleware.py:apply_async:115) from logger `RFC.middleware_basic`
[INFO] applied on HitomiAuthor(rubi-sama).HitomiGallery(887743).HitomiImage(0235), sent

2024-02-08 21:24:19,064 <requestor-worker-8:1485689, MainThread:139827601966912> (requestor.py:_fetch_single_async:204 -> middleware.py:apply_async:115) from logger `RFC.middleware_basic`
[INFO] applied on HitomiAuthor(rubi-sama).HitomiGallery(887743).HitomiImage(0235), sent

2024-02-08 21:24:20,705 <requestor-worker-8:1485689, MainThread:139827601966912> (requestor.py:_fetch_single_async:204 -> middleware.py:apply_async:112) from logger `RFC.middleware_basic`
[INFO] applying on HitomiAuthor(rubi-sama).HitomiGallery(887743).HitomiImage(0260), received

2024-02-08 21:24:20,705 <requestor-worker-8:1485689, MainThread:139827601966912> (requestor.py:_fetch_single_async:204 -> middleware.py:apply_async:112) from logger `RFC.middleware_basic`
[INFO] applying on HitomiAuthor(rubi-sama).HitomiGallery(887743).HitomiImage(0260), received

2024-02-08 21:24:20,705 <requestor-worker-8:1485689, MainThread:139827601966912> (requestor.py:_fetch_single_async:204 -> middleware.py:apply_async:112) from logger `RFC.middleware_basic`
[INFO] applying on HitomiAuthor(rubi-sama).HitomiGallery(887743).HitomiImage(0260), received

2024-02-08 21:24:20,707 <requestor-worker-8:1485689, MainThread:139827601966912> (requestor.py:_fetch_single_async:204 -> middleware.py:apply_async:115) from logger `RFC.middleware_basic`
[INFO] applied on HitomiAuthor(rubi-sama).HitomiGallery(887743).HitomiImage(0260), sent

2024-02-08 21:24:20,707 <requestor-worker-8:1485689, MainThread:139827601966912> (requestor.py:_fetch_single_async:204 -> middleware.py:apply_async:115) from logger `RFC.middleware_basic`
[INFO] applied on HitomiAuthor(rubi-sama).HitomiGallery(887743).HitomiImage(0260), sent

2024-02-08 21:24:20,707 <requestor-worker-8:1485689, MainThread:139827601966912> (requestor.py:_fetch_single_async:204 -> middleware.py:apply_async:115) from logger `RFC.middleware_basic`
[INFO] applied on HitomiAuthor(rubi-sama).HitomiGallery(887743).HitomiImage(0260), sent

2024-02-08 21:24:22,193 <requestor-worker-6:1485682, MainThread:139827601966912> (requestor.py:_fetch_single_async:204 -> middleware.py:apply_async:112) from logger `RFC.middleware_basic`
[INFO] applying on HitomiAuthor(rubi-sama).HitomiGallery(887743).HitomiImage(0328), received

2024-02-08 21:24:22,193 <requestor-worker-6:1485682, MainThread:139827601966912> (requestor.py:_fetch_single_async:204 -> middleware.py:apply_async:112) from logger `RFC.middleware_basic`
[INFO] applying on HitomiAuthor(rubi-sama).HitomiGallery(887743).HitomiImage(0328), received

2024-02-08 21:24:22,193 <requestor-worker-6:1485682, MainThread:139827601966912> (requestor.py:_fetch_single_async:204 -> middleware.py:apply_async:112) from logger `RFC.middleware_basic`
[INFO] applying on HitomiAuthor(rubi-sama).HitomiGallery(887743).HitomiImage(0328), received

2024-02-08 21:24:22,194 <requestor-worker-6:1485682, MainThread:139827601966912> (requestor.py:_fetch_single_async:204 -> middleware.py:apply_async:115) from logger `RFC.middleware_basic`
[INFO] applied on HitomiAuthor(rubi-sama).HitomiGallery(887743).HitomiImage(0328), sent

2024-02-08 21:24:22,194 <requestor-worker-6:1485682, MainThread:139827601966912> (requestor.py:_fetch_single_async:204 -> middleware.py:apply_async:115) from logger `RFC.middleware_basic`
[INFO] applied on HitomiAuthor(rubi-sama).HitomiGallery(887743).HitomiImage(0328), sent

2024-02-08 21:24:22,194 <requestor-worker-6:1485682, MainThread:139827601966912> (requestor.py:_fetch_single_async:204 -> middleware.py:apply_async:115) from logger `RFC.middleware_basic`
[INFO] applied on HitomiAuthor(rubi-sama).HitomiGallery(887743).HitomiImage(0328), sent

2024-02-08 21:24:23,610 <requestor-worker-10:1485694, MainThread:139827601966912> (requestor.py:_fetch_single_async:204 -> middleware.py:apply_async:112) from logger `RFC.middleware_basic`
[INFO] applying on HitomiAuthor(rubi-sama).HitomiGallery(887743).HitomiImage(0320), received

2024-02-08 21:24:23,610 <requestor-worker-10:1485694, MainThread:139827601966912> (requestor.py:_fetch_single_async:204 -> middleware.py:apply_async:112) from logger `RFC.middleware_basic`
[INFO] applying on HitomiAuthor(rubi-sama).HitomiGallery(887743).HitomiImage(0320), received

2024-02-08 21:24:23,610 <requestor-worker-10:1485694, MainThread:139827601966912> (requestor.py:_fetch_single_async:204 -> middleware.py:apply_async:112) from logger `RFC.middleware_basic`
[INFO] applying on HitomiAuthor(rubi-sama).HitomiGallery(887743).HitomiImage(0320), received

2024-02-08 21:24:23,615 <requestor-worker-10:1485694, MainThread:139827601966912> (requestor.py:_fetch_single_async:204 -> middleware.py:apply_async:115) from logger `RFC.middleware_basic`
[INFO] applied on HitomiAuthor(rubi-sama).HitomiGallery(887743).HitomiImage(0320), sent

2024-02-08 21:24:23,615 <requestor-worker-10:1485694, MainThread:139827601966912> (requestor.py:_fetch_single_async:204 -> middleware.py:apply_async:115) from logger `RFC.middleware_basic`
[INFO] applied on HitomiAuthor(rubi-sama).HitomiGallery(887743).HitomiImage(0320), sent

2024-02-08 21:24:23,615 <requestor-worker-10:1485694, MainThread:139827601966912> (requestor.py:_fetch_single_async:204 -> middleware.py:apply_async:115) from logger `RFC.middleware_basic`
[INFO] applied on HitomiAuthor(rubi-sama).HitomiGallery(887743).HitomiImage(0320), sent

2024-02-08 21:24:23,803 <requestor-worker-6:1485682, MainThread:139827601966912> (requestor.py:_fetch_single_async:204 -> middleware.py:apply_async:112) from logger `RFC.middleware_basic`
[INFO] applying on HitomiAuthor(rubi-sama).HitomiGallery(887743).HitomiImage(0354), received

2024-02-08 21:24:23,803 <requestor-worker-6:1485682, MainThread:139827601966912> (requestor.py:_fetch_single_async:204 -> middleware.py:apply_async:112) from logger `RFC.middleware_basic`
[INFO] applying on HitomiAuthor(rubi-sama).HitomiGallery(887743).HitomiImage(0354), received

2024-02-08 21:24:23,803 <requestor-worker-6:1485682, MainThread:139827601966912> (requestor.py:_fetch_single_async:204 -> middleware.py:apply_async:112) from logger `RFC.middleware_basic`
[INFO] applying on HitomiAuthor(rubi-sama).HitomiGallery(887743).HitomiImage(0354), received

2024-02-08 21:24:23,804 <requestor-worker-6:1485682, MainThread:139827601966912> (requestor.py:_fetch_single_async:204 -> middleware.py:apply_async:115) from logger `RFC.middleware_basic`
[INFO] applied on HitomiAuthor(rubi-sama).HitomiGallery(887743).HitomiImage(0354), sent

2024-02-08 21:24:23,804 <requestor-worker-6:1485682, MainThread:139827601966912> (requestor.py:_fetch_single_async:204 -> middleware.py:apply_async:115) from logger `RFC.middleware_basic`
[INFO] applied on HitomiAuthor(rubi-sama).HitomiGallery(887743).HitomiImage(0354), sent

2024-02-08 21:24:23,804 <requestor-worker-6:1485682, MainThread:139827601966912> (requestor.py:_fetch_single_async:204 -> middleware.py:apply_async:115) from logger `RFC.middleware_basic`
[INFO] applied on HitomiAuthor(rubi-sama).HitomiGallery(887743).HitomiImage(0354), sent

2024-02-08 21:24:28,104 <requestor-worker-10:1485694, MainThread:139827601966912> (requestor.py:_fetch_single_async:204 -> middleware.py:apply_async:112) from logger `RFC.middleware_basic`
[INFO] applying on HitomiAuthor(rubi-sama).HitomiGallery(887743).HitomiImage(0394), received

2024-02-08 21:24:28,104 <requestor-worker-10:1485694, MainThread:139827601966912> (requestor.py:_fetch_single_async:204 -> middleware.py:apply_async:112) from logger `RFC.middleware_basic`
[INFO] applying on HitomiAuthor(rubi-sama).HitomiGallery(887743).HitomiImage(0394), received

2024-02-08 21:24:28,104 <requestor-worker-10:1485694, MainThread:139827601966912> (requestor.py:_fetch_single_async:204 -> middleware.py:apply_async:112) from logger `RFC.middleware_basic`
[INFO] applying on HitomiAuthor(rubi-sama).HitomiGallery(887743).HitomiImage(0394), received

2024-02-08 21:24:28,105 <requestor-worker-10:1485694, MainThread:139827601966912> (requestor.py:_fetch_single_async:204 -> middleware.py:apply_async:115) from logger `RFC.middleware_basic`
[INFO] applied on HitomiAuthor(rubi-sama).HitomiGallery(887743).HitomiImage(0394), sent

2024-02-08 21:24:28,105 <requestor-worker-10:1485694, MainThread:139827601966912> (requestor.py:_fetch_single_async:204 -> middleware.py:apply_async:115) from logger `RFC.middleware_basic`
[INFO] applied on HitomiAuthor(rubi-sama).HitomiGallery(887743).HitomiImage(0394), sent

2024-02-08 21:24:28,105 <requestor-worker-10:1485694, MainThread:139827601966912> (requestor.py:_fetch_single_async:204 -> middleware.py:apply_async:115) from logger `RFC.middleware_basic`
[INFO] applied on HitomiAuthor(rubi-sama).HitomiGallery(887743).HitomiImage(0394), sent

2024-02-08 21:24:28,205 <requestor-worker-10:1485694, MainThread:139827601966912> (requestor.py:_fetch_single_async:204 -> middleware.py:apply_async:112) from logger `RFC.middleware_basic`
[INFO] applying on HitomiAuthor(rubi-sama).HitomiGallery(887743).HitomiImage(0609), received

2024-02-08 21:24:28,205 <requestor-worker-10:1485694, MainThread:139827601966912> (requestor.py:_fetch_single_async:204 -> middleware.py:apply_async:112) from logger `RFC.middleware_basic`
[INFO] applying on HitomiAuthor(rubi-sama).HitomiGallery(887743).HitomiImage(0609), received

2024-02-08 21:24:28,205 <requestor-worker-10:1485694, MainThread:139827601966912> (requestor.py:_fetch_single_async:204 -> middleware.py:apply_async:112) from logger `RFC.middleware_basic`
[INFO] applying on HitomiAuthor(rubi-sama).HitomiGallery(887743).HitomiImage(0609), received

2024-02-08 21:24:28,208 <requestor-worker-10:1485694, MainThread:139827601966912> (requestor.py:_fetch_single_async:204 -> middleware.py:apply_async:115) from logger `RFC.middleware_basic`
[INFO] applied on HitomiAuthor(rubi-sama).HitomiGallery(887743).HitomiImage(0609), sent

2024-02-08 21:24:28,208 <requestor-worker-10:1485694, MainThread:139827601966912> (requestor.py:_fetch_single_async:204 -> middleware.py:apply_async:115) from logger `RFC.middleware_basic`
[INFO] applied on HitomiAuthor(rubi-sama).HitomiGallery(887743).HitomiImage(0609), sent

2024-02-08 21:24:28,208 <requestor-worker-10:1485694, MainThread:139827601966912> (requestor.py:_fetch_single_async:204 -> middleware.py:apply_async:115) from logger `RFC.middleware_basic`
[INFO] applied on HitomiAuthor(rubi-sama).HitomiGallery(887743).HitomiImage(0609), sent

2024-02-08 21:24:28,438 <requestor-worker-10:1485694, MainThread:139827601966912> (requestor.py:_fetch_single_async:204 -> middleware.py:apply_async:112) from logger `RFC.middleware_basic`
[INFO] applying on HitomiAuthor(rubi-sama).HitomiGallery(887743).HitomiImage(0427), received

2024-02-08 21:24:28,438 <requestor-worker-10:1485694, MainThread:139827601966912> (requestor.py:_fetch_single_async:204 -> middleware.py:apply_async:112) from logger `RFC.middleware_basic`
[INFO] applying on HitomiAuthor(rubi-sama).HitomiGallery(887743).HitomiImage(0427), received

2024-02-08 21:24:28,438 <requestor-worker-10:1485694, MainThread:139827601966912> (requestor.py:_fetch_single_async:204 -> middleware.py:apply_async:112) from logger `RFC.middleware_basic`
[INFO] applying on HitomiAuthor(rubi-sama).HitomiGallery(887743).HitomiImage(0427), received

2024-02-08 21:24:28,439 <requestor-worker-10:1485694, MainThread:139827601966912> (requestor.py:_fetch_single_async:204 -> middleware.py:apply_async:115) from logger `RFC.middleware_basic`
[INFO] applied on HitomiAuthor(rubi-sama).HitomiGallery(887743).HitomiImage(0427), sent

2024-02-08 21:24:28,439 <requestor-worker-10:1485694, MainThread:139827601966912> (requestor.py:_fetch_single_async:204 -> middleware.py:apply_async:115) from logger `RFC.middleware_basic`
[INFO] applied on HitomiAuthor(rubi-sama).HitomiGallery(887743).HitomiImage(0427), sent

2024-02-08 21:24:28,439 <requestor-worker-10:1485694, MainThread:139827601966912> (requestor.py:_fetch_single_async:204 -> middleware.py:apply_async:115) from logger `RFC.middleware_basic`
[INFO] applied on HitomiAuthor(rubi-sama).HitomiGallery(887743).HitomiImage(0427), sent

2024-02-08 21:24:28,750 <requestor-worker-7:1485685, MainThread:139827601966912> (requestor.py:_fetch_single_async:204 -> middleware.py:apply_async:112) from logger `RFC.middleware_basic`
[INFO] applying on HitomiAuthor(rubi-sama).HitomiGallery(887743).HitomiImage(0428), received

2024-02-08 21:24:28,750 <requestor-worker-7:1485685, MainThread:139827601966912> (requestor.py:_fetch_single_async:204 -> middleware.py:apply_async:112) from logger `RFC.middleware_basic`
[INFO] applying on HitomiAuthor(rubi-sama).HitomiGallery(887743).HitomiImage(0428), received

2024-02-08 21:24:28,750 <requestor-worker-7:1485685, MainThread:139827601966912> (requestor.py:_fetch_single_async:204 -> middleware.py:apply_async:112) from logger `RFC.middleware_basic`
[INFO] applying on HitomiAuthor(rubi-sama).HitomiGallery(887743).HitomiImage(0428), received

2024-02-08 21:24:28,753 <requestor-worker-7:1485685, MainThread:139827601966912> (requestor.py:_fetch_single_async:204 -> middleware.py:apply_async:115) from logger `RFC.middleware_basic`
[INFO] applied on HitomiAuthor(rubi-sama).HitomiGallery(887743).HitomiImage(0428), sent

2024-02-08 21:24:28,753 <requestor-worker-7:1485685, MainThread:139827601966912> (requestor.py:_fetch_single_async:204 -> middleware.py:apply_async:115) from logger `RFC.middleware_basic`
[INFO] applied on HitomiAuthor(rubi-sama).HitomiGallery(887743).HitomiImage(0428), sent

2024-02-08 21:24:28,753 <requestor-worker-7:1485685, MainThread:139827601966912> (requestor.py:_fetch_single_async:204 -> middleware.py:apply_async:115) from logger `RFC.middleware_basic`
[INFO] applied on HitomiAuthor(rubi-sama).HitomiGallery(887743).HitomiImage(0428), sent

2024-02-08 21:24:35,628 <requestor-worker-8:1485689, MainThread:139827601966912> (requestor.py:_fetch_single_async:204 -> middleware.py:apply_async:112) from logger `RFC.middleware_basic`
[INFO] applying on HitomiAuthor(rubi-sama).HitomiGallery(887743).HitomiImage(0497), received

2024-02-08 21:24:35,628 <requestor-worker-8:1485689, MainThread:139827601966912> (requestor.py:_fetch_single_async:204 -> middleware.py:apply_async:112) from logger `RFC.middleware_basic`
[INFO] applying on HitomiAuthor(rubi-sama).HitomiGallery(887743).HitomiImage(0497), received

2024-02-08 21:24:35,628 <requestor-worker-8:1485689, MainThread:139827601966912> (requestor.py:_fetch_single_async:204 -> middleware.py:apply_async:112) from logger `RFC.middleware_basic`
[INFO] applying on HitomiAuthor(rubi-sama).HitomiGallery(887743).HitomiImage(0497), received

2024-02-08 21:24:35,635 <requestor-worker-8:1485689, MainThread:139827601966912> (requestor.py:_fetch_single_async:204 -> middleware.py:apply_async:115) from logger `RFC.middleware_basic`
[INFO] applied on HitomiAuthor(rubi-sama).HitomiGallery(887743).HitomiImage(0497), sent

2024-02-08 21:24:35,635 <requestor-worker-8:1485689, MainThread:139827601966912> (requestor.py:_fetch_single_async:204 -> middleware.py:apply_async:115) from logger `RFC.middleware_basic`
[INFO] applied on HitomiAuthor(rubi-sama).HitomiGallery(887743).HitomiImage(0497), sent

2024-02-08 21:24:35,635 <requestor-worker-8:1485689, MainThread:139827601966912> (requestor.py:_fetch_single_async:204 -> middleware.py:apply_async:115) from logger `RFC.middleware_basic`
[INFO] applied on HitomiAuthor(rubi-sama).HitomiGallery(887743).HitomiImage(0497), sent

2024-02-08 21:24:38,421 <requestor-worker-7:1485685, MainThread:139827601966912> (requestor.py:_fetch_single_async:204 -> middleware.py:apply_async:112) from logger `RFC.middleware_basic`
[INFO] applying on HitomiAuthor(rubi-sama).HitomiGallery(887743).HitomiImage(0512), received

2024-02-08 21:24:38,421 <requestor-worker-7:1485685, MainThread:139827601966912> (requestor.py:_fetch_single_async:204 -> middleware.py:apply_async:112) from logger `RFC.middleware_basic`
[INFO] applying on HitomiAuthor(rubi-sama).HitomiGallery(887743).HitomiImage(0512), received

2024-02-08 21:24:38,421 <requestor-worker-7:1485685, MainThread:139827601966912> (requestor.py:_fetch_single_async:204 -> middleware.py:apply_async:112) from logger `RFC.middleware_basic`
[INFO] applying on HitomiAuthor(rubi-sama).HitomiGallery(887743).HitomiImage(0512), received

2024-02-08 21:24:38,423 <requestor-worker-7:1485685, MainThread:139827601966912> (requestor.py:_fetch_single_async:204 -> middleware.py:apply_async:115) from logger `RFC.middleware_basic`
[INFO] applied on HitomiAuthor(rubi-sama).HitomiGallery(887743).HitomiImage(0512), sent

2024-02-08 21:24:38,423 <requestor-worker-7:1485685, MainThread:139827601966912> (requestor.py:_fetch_single_async:204 -> middleware.py:apply_async:115) from logger `RFC.middleware_basic`
[INFO] applied on HitomiAuthor(rubi-sama).HitomiGallery(887743).HitomiImage(0512), sent

2024-02-08 21:24:38,423 <requestor-worker-7:1485685, MainThread:139827601966912> (requestor.py:_fetch_single_async:204 -> middleware.py:apply_async:115) from logger `RFC.middleware_basic`
[INFO] applied on HitomiAuthor(rubi-sama).HitomiGallery(887743).HitomiImage(0512), sent

2024-02-08 21:24:45,644 <requestor-worker-10:1485694, MainThread:139827601966912> (requestor.py:_fetch_single_async:204 -> middleware.py:apply_async:112) from logger `RFC.middleware_basic`
[INFO] applying on HitomiAuthor(rubi-sama).HitomiGallery(887743).HitomiImage(0568), received

2024-02-08 21:24:45,644 <requestor-worker-10:1485694, MainThread:139827601966912> (requestor.py:_fetch_single_async:204 -> middleware.py:apply_async:112) from logger `RFC.middleware_basic`
[INFO] applying on HitomiAuthor(rubi-sama).HitomiGallery(887743).HitomiImage(0568), received

2024-02-08 21:24:45,644 <requestor-worker-10:1485694, MainThread:139827601966912> (requestor.py:_fetch_single_async:204 -> middleware.py:apply_async:112) from logger `RFC.middleware_basic`
[INFO] applying on HitomiAuthor(rubi-sama).HitomiGallery(887743).HitomiImage(0568), received

2024-02-08 21:24:45,647 <requestor-worker-10:1485694, MainThread:139827601966912> (requestor.py:_fetch_single_async:204 -> middleware.py:apply_async:115) from logger `RFC.middleware_basic`
[INFO] applied on HitomiAuthor(rubi-sama).HitomiGallery(887743).HitomiImage(0568), sent

2024-02-08 21:24:45,647 <requestor-worker-10:1485694, MainThread:139827601966912> (requestor.py:_fetch_single_async:204 -> middleware.py:apply_async:115) from logger `RFC.middleware_basic`
[INFO] applied on HitomiAuthor(rubi-sama).HitomiGallery(887743).HitomiImage(0568), sent

2024-02-08 21:24:45,647 <requestor-worker-10:1485694, MainThread:139827601966912> (requestor.py:_fetch_single_async:204 -> middleware.py:apply_async:115) from logger `RFC.middleware_basic`
[INFO] applied on HitomiAuthor(rubi-sama).HitomiGallery(887743).HitomiImage(0568), sent

2024-02-08 21:24:48,733 <requestor-worker-8:1485689, MainThread:139827601966912> (requestor.py:_fetch_single_async:204 -> middleware.py:apply_async:112) from logger `RFC.middleware_basic`
[INFO] applying on HitomiAuthor(rubi-sama).HitomiGallery(887743).HitomiImage(0601), received

2024-02-08 21:24:48,733 <requestor-worker-8:1485689, MainThread:139827601966912> (requestor.py:_fetch_single_async:204 -> middleware.py:apply_async:112) from logger `RFC.middleware_basic`
[INFO] applying on HitomiAuthor(rubi-sama).HitomiGallery(887743).HitomiImage(0601), received

2024-02-08 21:24:48,733 <requestor-worker-8:1485689, MainThread:139827601966912> (requestor.py:_fetch_single_async:204 -> middleware.py:apply_async:112) from logger `RFC.middleware_basic`
[INFO] applying on HitomiAuthor(rubi-sama).HitomiGallery(887743).HitomiImage(0601), received

2024-02-08 21:24:48,734 <requestor-worker-8:1485689, MainThread:139827601966912> (requestor.py:_fetch_single_async:204 -> middleware.py:apply_async:115) from logger `RFC.middleware_basic`
[INFO] applied on HitomiAuthor(rubi-sama).HitomiGallery(887743).HitomiImage(0601), sent

2024-02-08 21:24:48,734 <requestor-worker-8:1485689, MainThread:139827601966912> (requestor.py:_fetch_single_async:204 -> middleware.py:apply_async:115) from logger `RFC.middleware_basic`
[INFO] applied on HitomiAuthor(rubi-sama).HitomiGallery(887743).HitomiImage(0601), sent

2024-02-08 21:24:48,734 <requestor-worker-8:1485689, MainThread:139827601966912> (requestor.py:_fetch_single_async:204 -> middleware.py:apply_async:115) from logger `RFC.middleware_basic`
[INFO] applied on HitomiAuthor(rubi-sama).HitomiGallery(887743).HitomiImage(0601), sent

2024-02-08 21:24:59,138 <requestor-worker-6:1485682, MainThread:139827601966912> (requestor.py:_fetch_single_async:204 -> middleware.py:apply_async:112) from logger `RFC.middleware_basic`
[INFO] applying on HitomiAuthor(rubi-sama).HitomiGallery(887743).HitomiImage(0679), received

2024-02-08 21:24:59,138 <requestor-worker-6:1485682, MainThread:139827601966912> (requestor.py:_fetch_single_async:204 -> middleware.py:apply_async:112) from logger `RFC.middleware_basic`
[INFO] applying on HitomiAuthor(rubi-sama).HitomiGallery(887743).HitomiImage(0679), received

2024-02-08 21:24:59,138 <requestor-worker-6:1485682, MainThread:139827601966912> (requestor.py:_fetch_single_async:204 -> middleware.py:apply_async:112) from logger `RFC.middleware_basic`
[INFO] applying on HitomiAuthor(rubi-sama).HitomiGallery(887743).HitomiImage(0679), received

2024-02-08 21:24:59,139 <requestor-worker-6:1485682, MainThread:139827601966912> (requestor.py:_fetch_single_async:204 -> middleware.py:apply_async:115) from logger `RFC.middleware_basic`
[INFO] applied on HitomiAuthor(rubi-sama).HitomiGallery(887743).HitomiImage(0679), sent

2024-02-08 21:24:59,139 <requestor-worker-6:1485682, MainThread:139827601966912> (requestor.py:_fetch_single_async:204 -> middleware.py:apply_async:115) from logger `RFC.middleware_basic`
[INFO] applied on HitomiAuthor(rubi-sama).HitomiGallery(887743).HitomiImage(0679), sent

2024-02-08 21:24:59,139 <requestor-worker-6:1485682, MainThread:139827601966912> (requestor.py:_fetch_single_async:204 -> middleware.py:apply_async:115) from logger `RFC.middleware_basic`
[INFO] applied on HitomiAuthor(rubi-sama).HitomiGallery(887743).HitomiImage(0679), sent

2024-02-08 21:25:10,904 <requestor-worker-8:1485689, MainThread:139827601966912> (requestor.py:_fetch_single_async:204 -> middleware.py:apply_async:112) from logger `RFC.middleware_basic`
[INFO] applying on HitomiAuthor(rubi-sama).HitomiGallery(887743).HitomiImage(0753), received

2024-02-08 21:25:10,904 <requestor-worker-8:1485689, MainThread:139827601966912> (requestor.py:_fetch_single_async:204 -> middleware.py:apply_async:112) from logger `RFC.middleware_basic`
[INFO] applying on HitomiAuthor(rubi-sama).HitomiGallery(887743).HitomiImage(0753), received

2024-02-08 21:25:10,904 <requestor-worker-8:1485689, MainThread:139827601966912> (requestor.py:_fetch_single_async:204 -> middleware.py:apply_async:112) from logger `RFC.middleware_basic`
[INFO] applying on HitomiAuthor(rubi-sama).HitomiGallery(887743).HitomiImage(0753), received

2024-02-08 21:25:10,906 <requestor-worker-8:1485689, MainThread:139827601966912> (requestor.py:_fetch_single_async:204 -> middleware.py:apply_async:115) from logger `RFC.middleware_basic`
[INFO] applied on HitomiAuthor(rubi-sama).HitomiGallery(887743).HitomiImage(0753), sent

2024-02-08 21:25:10,906 <requestor-worker-8:1485689, MainThread:139827601966912> (requestor.py:_fetch_single_async:204 -> middleware.py:apply_async:115) from logger `RFC.middleware_basic`
[INFO] applied on HitomiAuthor(rubi-sama).HitomiGallery(887743).HitomiImage(0753), sent

2024-02-08 21:25:10,906 <requestor-worker-8:1485689, MainThread:139827601966912> (requestor.py:_fetch_single_async:204 -> middleware.py:apply_async:115) from logger `RFC.middleware_basic`
[INFO] applied on HitomiAuthor(rubi-sama).HitomiGallery(887743).HitomiImage(0753), sent

2024-02-08 21:25:14,012 <requestor-worker-10:1485694, MainThread:139827601966912> (requestor.py:_fetch_single_async:204 -> middleware.py:apply_async:112) from logger `RFC.middleware_basic`
[INFO] applying on HitomiAuthor(rubi-sama).HitomiGallery(887743).HitomiImage(0596), received

2024-02-08 21:25:14,012 <requestor-worker-10:1485694, MainThread:139827601966912> (requestor.py:_fetch_single_async:204 -> middleware.py:apply_async:112) from logger `RFC.middleware_basic`
[INFO] applying on HitomiAuthor(rubi-sama).HitomiGallery(887743).HitomiImage(0596), received

2024-02-08 21:25:14,012 <requestor-worker-10:1485694, MainThread:139827601966912> (requestor.py:_fetch_single_async:204 -> middleware.py:apply_async:112) from logger `RFC.middleware_basic`
[INFO] applying on HitomiAuthor(rubi-sama).HitomiGallery(887743).HitomiImage(0596), received

2024-02-08 21:25:14,014 <requestor-worker-10:1485694, MainThread:139827601966912> (requestor.py:_fetch_single_async:204 -> middleware.py:apply_async:115) from logger `RFC.middleware_basic`
[INFO] applied on HitomiAuthor(rubi-sama).HitomiGallery(887743).HitomiImage(0596), sent

2024-02-08 21:25:14,014 <requestor-worker-10:1485694, MainThread:139827601966912> (requestor.py:_fetch_single_async:204 -> middleware.py:apply_async:115) from logger `RFC.middleware_basic`
[INFO] applied on HitomiAuthor(rubi-sama).HitomiGallery(887743).HitomiImage(0596), sent

2024-02-08 21:25:14,014 <requestor-worker-10:1485694, MainThread:139827601966912> (requestor.py:_fetch_single_async:204 -> middleware.py:apply_async:115) from logger `RFC.middleware_basic`
[INFO] applied on HitomiAuthor(rubi-sama).HitomiGallery(887743).HitomiImage(0596), sent

2024-02-08 21:25:15,507 <requestor-worker-10:1485694, MainThread:139827601966912> (requestor.py:_fetch_single_async:204 -> middleware.py:apply_async:112) from logger `RFC.middleware_basic`
[INFO] applying on HitomiAuthor(rubi-sama).HitomiGallery(887743).HitomiImage(0409), received

2024-02-08 21:25:15,507 <requestor-worker-10:1485694, MainThread:139827601966912> (requestor.py:_fetch_single_async:204 -> middleware.py:apply_async:112) from logger `RFC.middleware_basic`
[INFO] applying on HitomiAuthor(rubi-sama).HitomiGallery(887743).HitomiImage(0409), received

2024-02-08 21:25:15,507 <requestor-worker-10:1485694, MainThread:139827601966912> (requestor.py:_fetch_single_async:204 -> middleware.py:apply_async:112) from logger `RFC.middleware_basic`
[INFO] applying on HitomiAuthor(rubi-sama).HitomiGallery(887743).HitomiImage(0409), received

2024-02-08 21:25:15,508 <requestor-worker-10:1485694, MainThread:139827601966912> (requestor.py:_fetch_single_async:204 -> middleware.py:apply_async:115) from logger `RFC.middleware_basic`
[INFO] applied on HitomiAuthor(rubi-sama).HitomiGallery(887743).HitomiImage(0409), sent

2024-02-08 21:25:15,508 <requestor-worker-10:1485694, MainThread:139827601966912> (requestor.py:_fetch_single_async:204 -> middleware.py:apply_async:115) from logger `RFC.middleware_basic`
[INFO] applied on HitomiAuthor(rubi-sama).HitomiGallery(887743).HitomiImage(0409), sent

2024-02-08 21:25:15,508 <requestor-worker-10:1485694, MainThread:139827601966912> (requestor.py:_fetch_single_async:204 -> middleware.py:apply_async:115) from logger `RFC.middleware_basic`
[INFO] applied on HitomiAuthor(rubi-sama).HitomiGallery(887743).HitomiImage(0409), sent

2024-02-08 21:25:17,427 <requestor-worker-5:1485677, MainThread:139827601966912> (requestor.py:_fetch_single_async:204 -> middleware.py:apply_async:112) from logger `RFC.middleware_basic`
[INFO] applying on HitomiAuthor(rubi-sama).HitomiGallery(887743).HitomiImage(0611), received

2024-02-08 21:25:17,427 <requestor-worker-5:1485677, MainThread:139827601966912> (requestor.py:_fetch_single_async:204 -> middleware.py:apply_async:112) from logger `RFC.middleware_basic`
[INFO] applying on HitomiAuthor(rubi-sama).HitomiGallery(887743).HitomiImage(0611), received

2024-02-08 21:25:17,427 <requestor-worker-5:1485677, MainThread:139827601966912> (requestor.py:_fetch_single_async:204 -> middleware.py:apply_async:112) from logger `RFC.middleware_basic`
[INFO] applying on HitomiAuthor(rubi-sama).HitomiGallery(887743).HitomiImage(0611), received

2024-02-08 21:25:17,440 <requestor-worker-5:1485677, MainThread:139827601966912> (requestor.py:_fetch_single_async:204 -> middleware.py:apply_async:115) from logger `RFC.middleware_basic`
[INFO] applied on HitomiAuthor(rubi-sama).HitomiGallery(887743).HitomiImage(0611), sent

2024-02-08 21:25:17,440 <requestor-worker-5:1485677, MainThread:139827601966912> (requestor.py:_fetch_single_async:204 -> middleware.py:apply_async:115) from logger `RFC.middleware_basic`
[INFO] applied on HitomiAuthor(rubi-sama).HitomiGallery(887743).HitomiImage(0611), sent

2024-02-08 21:25:17,440 <requestor-worker-5:1485677, MainThread:139827601966912> (requestor.py:_fetch_single_async:204 -> middleware.py:apply_async:115) from logger `RFC.middleware_basic`
[INFO] applied on HitomiAuthor(rubi-sama).HitomiGallery(887743).HitomiImage(0611), sent

2024-02-08 21:25:30,733 <requestor-worker-10:1485694, MainThread:139827601966912> (requestor.py:_fetch_single_async:204 -> middleware.py:apply_async:112) from logger `RFC.middleware_basic`
[INFO] applying on HitomiAuthor(rubi-sama).HitomiGallery(1131217).HitomiImage(0605), received

2024-02-08 21:25:30,733 <requestor-worker-10:1485694, MainThread:139827601966912> (requestor.py:_fetch_single_async:204 -> middleware.py:apply_async:112) from logger `RFC.middleware_basic`
[INFO] applying on HitomiAuthor(rubi-sama).HitomiGallery(1131217).HitomiImage(0605), received

2024-02-08 21:25:30,733 <requestor-worker-10:1485694, MainThread:139827601966912> (requestor.py:_fetch_single_async:204 -> middleware.py:apply_async:112) from logger `RFC.middleware_basic`
[INFO] applying on HitomiAuthor(rubi-sama).HitomiGallery(1131217).HitomiImage(0605), received

2024-02-08 21:25:30,736 <requestor-worker-10:1485694, MainThread:139827601966912> (requestor.py:_fetch_single_async:204 -> middleware.py:apply_async:115) from logger `RFC.middleware_basic`
[INFO] applied on HitomiAuthor(rubi-sama).HitomiGallery(1131217).HitomiImage(0605), sent

2024-02-08 21:25:30,736 <requestor-worker-10:1485694, MainThread:139827601966912> (requestor.py:_fetch_single_async:204 -> middleware.py:apply_async:115) from logger `RFC.middleware_basic`
[INFO] applied on HitomiAuthor(rubi-sama).HitomiGallery(1131217).HitomiImage(0605), sent

2024-02-08 21:25:30,736 <requestor-worker-10:1485694, MainThread:139827601966912> (requestor.py:_fetch_single_async:204 -> middleware.py:apply_async:115) from logger `RFC.middleware_basic`
[INFO] applied on HitomiAuthor(rubi-sama).HitomiGallery(1131217).HitomiImage(0605), sent

2024-02-08 21:26:09,750 <requestor-worker-10:1485694, MainThread:139827601966912> (requestor.py:_fetch_single_async:204 -> middleware.py:apply_async:112) from logger `RFC.middleware_basic`
[INFO] applying on HitomiAuthor(rubi-sama).HitomiGallery(839732).HitomiImage(1090), received

2024-02-08 21:26:09,750 <requestor-worker-10:1485694, MainThread:139827601966912> (requestor.py:_fetch_single_async:204 -> middleware.py:apply_async:112) from logger `RFC.middleware_basic`
[INFO] applying on HitomiAuthor(rubi-sama).HitomiGallery(839732).HitomiImage(1090), received

2024-02-08 21:26:09,751 <requestor-worker-7:1485685, MainThread:139827601966912> (requestor.py:_fetch_single_async:204 -> middleware.py:apply_async:112) from logger `RFC.middleware_basic`
[INFO] applying on HitomiAuthor(rubi-sama).HitomiGallery(839732).HitomiImage(1081), received

2024-02-08 21:26:09,751 <requestor-worker-7:1485685, MainThread:139827601966912> (requestor.py:_fetch_single_async:204 -> middleware.py:apply_async:112) from logger `RFC.middleware_basic`
[INFO] applying on HitomiAuthor(rubi-sama).HitomiGallery(839732).HitomiImage(1081), received

2024-02-08 21:26:09,751 <requestor-worker-7:1485685, MainThread:139827601966912> (requestor.py:_fetch_single_async:204 -> middleware.py:apply_async:112) from logger `RFC.middleware_basic`
[INFO] applying on HitomiAuthor(rubi-sama).HitomiGallery(839732).HitomiImage(1081), received

2024-02-08 21:26:09,750 <requestor-worker-10:1485694, MainThread:139827601966912> (requestor.py:_fetch_single_async:204 -> middleware.py:apply_async:112) from logger `RFC.middleware_basic`
[INFO] applying on HitomiAuthor(rubi-sama).HitomiGallery(839732).HitomiImage(1090), received

2024-02-08 21:26:09,754 <requestor-worker-7:1485685, MainThread:139827601966912> (requestor.py:_fetch_single_async:204 -> middleware.py:apply_async:115) from logger `RFC.middleware_basic`
[INFO] applied on HitomiAuthor(rubi-sama).HitomiGallery(839732).HitomiImage(1081), sent

2024-02-08 21:26:09,754 <requestor-worker-7:1485685, MainThread:139827601966912> (requestor.py:_fetch_single_async:204 -> middleware.py:apply_async:115) from logger `RFC.middleware_basic`
[INFO] applied on HitomiAuthor(rubi-sama).HitomiGallery(839732).HitomiImage(1081), sent

2024-02-08 21:26:09,754 <requestor-worker-7:1485685, MainThread:139827601966912> (requestor.py:_fetch_single_async:204 -> middleware.py:apply_async:115) from logger `RFC.middleware_basic`
[INFO] applied on HitomiAuthor(rubi-sama).HitomiGallery(839732).HitomiImage(1081), sent

2024-02-08 21:26:09,755 <requestor-worker-10:1485694, MainThread:139827601966912> (requestor.py:_fetch_single_async:204 -> middleware.py:apply_async:115) from logger `RFC.middleware_basic`
[INFO] applied on HitomiAuthor(rubi-sama).HitomiGallery(839732).HitomiImage(1090), sent

2024-02-08 21:26:09,755 <requestor-worker-10:1485694, MainThread:139827601966912> (requestor.py:_fetch_single_async:204 -> middleware.py:apply_async:115) from logger `RFC.middleware_basic`
[INFO] applied on HitomiAuthor(rubi-sama).HitomiGallery(839732).HitomiImage(1090), sent

2024-02-08 21:26:09,755 <requestor-worker-10:1485694, MainThread:139827601966912> (requestor.py:_fetch_single_async:204 -> middleware.py:apply_async:115) from logger `RFC.middleware_basic`
[INFO] applied on HitomiAuthor(rubi-sama).HitomiGallery(839732).HitomiImage(1090), sent

2024-02-08 21:26:10,231 <requestor-worker-8:1485689, MainThread:139827601966912> (requestor.py:_fetch_single_async:204 -> middleware.py:apply_async:112) from logger `RFC.middleware_basic`
[INFO] applying on HitomiAuthor(rubi-sama).HitomiGallery(839732).HitomiImage(1089), received

2024-02-08 21:26:10,231 <requestor-worker-8:1485689, MainThread:139827601966912> (requestor.py:_fetch_single_async:204 -> middleware.py:apply_async:112) from logger `RFC.middleware_basic`
[INFO] applying on HitomiAuthor(rubi-sama).HitomiGallery(839732).HitomiImage(1089), received

2024-02-08 21:26:10,231 <requestor-worker-8:1485689, MainThread:139827601966912> (requestor.py:_fetch_single_async:204 -> middleware.py:apply_async:112) from logger `RFC.middleware_basic`
[INFO] applying on HitomiAuthor(rubi-sama).HitomiGallery(839732).HitomiImage(1089), received

2024-02-08 21:26:10,233 <requestor-worker-8:1485689, MainThread:139827601966912> (requestor.py:_fetch_single_async:204 -> middleware.py:apply_async:115) from logger `RFC.middleware_basic`
[INFO] applied on HitomiAuthor(rubi-sama).HitomiGallery(839732).HitomiImage(1089), sent

2024-02-08 21:26:10,233 <requestor-worker-8:1485689, MainThread:139827601966912> (requestor.py:_fetch_single_async:204 -> middleware.py:apply_async:115) from logger `RFC.middleware_basic`
[INFO] applied on HitomiAuthor(rubi-sama).HitomiGallery(839732).HitomiImage(1089), sent

2024-02-08 21:26:10,233 <requestor-worker-8:1485689, MainThread:139827601966912> (requestor.py:_fetch_single_async:204 -> middleware.py:apply_async:115) from logger `RFC.middleware_basic`
[INFO] applied on HitomiAuthor(rubi-sama).HitomiGallery(839732).HitomiImage(1089), sent

2024-02-08 21:26:12,917 <requestor-worker-6:1485682, MainThread:139827601966912> (requestor.py:_fetch_single_async:204 -> middleware.py:apply_async:112) from logger `RFC.middleware_basic`
[INFO] applying on HitomiAuthor(rubi-sama).HitomiGallery(839732).HitomiImage(1142), received

2024-02-08 21:26:12,917 <requestor-worker-6:1485682, MainThread:139827601966912> (requestor.py:_fetch_single_async:204 -> middleware.py:apply_async:112) from logger `RFC.middleware_basic`
[INFO] applying on HitomiAuthor(rubi-sama).HitomiGallery(839732).HitomiImage(1142), received

2024-02-08 21:26:12,917 <requestor-worker-6:1485682, MainThread:139827601966912> (requestor.py:_fetch_single_async:204 -> middleware.py:apply_async:112) from logger `RFC.middleware_basic`
[INFO] applying on HitomiAuthor(rubi-sama).HitomiGallery(839732).HitomiImage(1142), received

2024-02-08 21:26:12,919 <requestor-worker-6:1485682, MainThread:139827601966912> (requestor.py:_fetch_single_async:204 -> middleware.py:apply_async:115) from logger `RFC.middleware_basic`
[INFO] applied on HitomiAuthor(rubi-sama).HitomiGallery(839732).HitomiImage(1142), sent

2024-02-08 21:26:12,919 <requestor-worker-6:1485682, MainThread:139827601966912> (requestor.py:_fetch_single_async:204 -> middleware.py:apply_async:115) from logger `RFC.middleware_basic`
[INFO] applied on HitomiAuthor(rubi-sama).HitomiGallery(839732).HitomiImage(1142), sent

2024-02-08 21:26:12,919 <requestor-worker-6:1485682, MainThread:139827601966912> (requestor.py:_fetch_single_async:204 -> middleware.py:apply_async:115) from logger `RFC.middleware_basic`
[INFO] applied on HitomiAuthor(rubi-sama).HitomiGallery(839732).HitomiImage(1142), sent

2024-02-08 21:26:12,927 <requestor-worker-6:1485682, MainThread:139827601966912> (requestor.py:_fetch_single_async:204 -> middleware.py:apply_async:112) from logger `RFC.middleware_basic`
[INFO] applying on HitomiAuthor(rubi-sama).HitomiGallery(839732).HitomiImage(1141), received

2024-02-08 21:26:12,927 <requestor-worker-6:1485682, MainThread:139827601966912> (requestor.py:_fetch_single_async:204 -> middleware.py:apply_async:112) from logger `RFC.middleware_basic`
[INFO] applying on HitomiAuthor(rubi-sama).HitomiGallery(839732).HitomiImage(1141), received

2024-02-08 21:26:12,927 <requestor-worker-6:1485682, MainThread:139827601966912> (requestor.py:_fetch_single_async:204 -> middleware.py:apply_async:112) from logger `RFC.middleware_basic`
[INFO] applying on HitomiAuthor(rubi-sama).HitomiGallery(839732).HitomiImage(1141), received

2024-02-08 21:26:12,928 <requestor-worker-6:1485682, MainThread:139827601966912> (requestor.py:_fetch_single_async:204 -> middleware.py:apply_async:115) from logger `RFC.middleware_basic`
[INFO] applied on HitomiAuthor(rubi-sama).HitomiGallery(839732).HitomiImage(1141), sent

2024-02-08 21:26:12,928 <requestor-worker-6:1485682, MainThread:139827601966912> (requestor.py:_fetch_single_async:204 -> middleware.py:apply_async:115) from logger `RFC.middleware_basic`
[INFO] applied on HitomiAuthor(rubi-sama).HitomiGallery(839732).HitomiImage(1141), sent

2024-02-08 21:26:12,928 <requestor-worker-6:1485682, MainThread:139827601966912> (requestor.py:_fetch_single_async:204 -> middleware.py:apply_async:115) from logger `RFC.middleware_basic`
[INFO] applied on HitomiAuthor(rubi-sama).HitomiGallery(839732).HitomiImage(1141), sent

2024-02-08 21:26:34,298 <requestor-worker-10:1485694, MainThread:139827601966912> (requestor.py:_fetch_single_async:204 -> middleware.py:apply_async:112) from logger `RFC.middleware_basic`
[INFO] applying on HitomiAuthor(rubi-sama).HitomiGallery(839732).HitomiImage(1331), received

2024-02-08 21:26:34,298 <requestor-worker-10:1485694, MainThread:139827601966912> (requestor.py:_fetch_single_async:204 -> middleware.py:apply_async:112) from logger `RFC.middleware_basic`
[INFO] applying on HitomiAuthor(rubi-sama).HitomiGallery(839732).HitomiImage(1331), received

2024-02-08 21:26:34,298 <requestor-worker-10:1485694, MainThread:139827601966912> (requestor.py:_fetch_single_async:204 -> middleware.py:apply_async:112) from logger `RFC.middleware_basic`
[INFO] applying on HitomiAuthor(rubi-sama).HitomiGallery(839732).HitomiImage(1331), received

2024-02-08 21:26:34,300 <requestor-worker-10:1485694, MainThread:139827601966912> (requestor.py:_fetch_single_async:204 -> middleware.py:apply_async:115) from logger `RFC.middleware_basic`
[INFO] applied on HitomiAuthor(rubi-sama).HitomiGallery(839732).HitomiImage(1331), sent

2024-02-08 21:26:34,300 <requestor-worker-10:1485694, MainThread:139827601966912> (requestor.py:_fetch_single_async:204 -> middleware.py:apply_async:115) from logger `RFC.middleware_basic`
[INFO] applied on HitomiAuthor(rubi-sama).HitomiGallery(839732).HitomiImage(1331), sent

2024-02-08 21:26:34,300 <requestor-worker-10:1485694, MainThread:139827601966912> (requestor.py:_fetch_single_async:204 -> middleware.py:apply_async:115) from logger `RFC.middleware_basic`
[INFO] applied on HitomiAuthor(rubi-sama).HitomiGallery(839732).HitomiImage(1331), sent

2024-02-08 21:26:34,321 <requestor-worker-6:1485682, MainThread:139827601966912> (requestor.py:_fetch_single_async:204 -> middleware.py:apply_async:112) from logger `RFC.middleware_basic`
[INFO] applying on HitomiAuthor(rubi-sama).HitomiGallery(839732).HitomiImage(1326), received

2024-02-08 21:26:34,321 <requestor-worker-6:1485682, MainThread:139827601966912> (requestor.py:_fetch_single_async:204 -> middleware.py:apply_async:112) from logger `RFC.middleware_basic`
[INFO] applying on HitomiAuthor(rubi-sama).HitomiGallery(839732).HitomiImage(1326), received

2024-02-08 21:26:34,321 <requestor-worker-6:1485682, MainThread:139827601966912> (requestor.py:_fetch_single_async:204 -> middleware.py:apply_async:112) from logger `RFC.middleware_basic`
[INFO] applying on HitomiAuthor(rubi-sama).HitomiGallery(839732).HitomiImage(1326), received

2024-02-08 21:26:34,322 <requestor-worker-6:1485682, MainThread:139827601966912> (requestor.py:_fetch_single_async:204 -> middleware.py:apply_async:115) from logger `RFC.middleware_basic`
[INFO] applied on HitomiAuthor(rubi-sama).HitomiGallery(839732).HitomiImage(1326), sent

2024-02-08 21:26:34,322 <requestor-worker-6:1485682, MainThread:139827601966912> (requestor.py:_fetch_single_async:204 -> middleware.py:apply_async:115) from logger `RFC.middleware_basic`
[INFO] applied on HitomiAuthor(rubi-sama).HitomiGallery(839732).HitomiImage(1326), sent

2024-02-08 21:26:34,322 <requestor-worker-6:1485682, MainThread:139827601966912> (requestor.py:_fetch_single_async:204 -> middleware.py:apply_async:115) from logger `RFC.middleware_basic`
[INFO] applied on HitomiAuthor(rubi-sama).HitomiGallery(839732).HitomiImage(1326), sent

2024-02-08 21:29:22,607 <requestor-worker-4:1485673, MainThread:139827601966912> (requestor.py:_fetch_single_async:204 -> middleware.py:apply_async:112) from logger `RFC.middleware_basic`
[INFO] applying on HitomiAuthor(rubi-sama).HitomiGallery(839731).HitomiImage(0387), received

2024-02-08 21:29:22,607 <requestor-worker-4:1485673, MainThread:139827601966912> (requestor.py:_fetch_single_async:204 -> middleware.py:apply_async:112) from logger `RFC.middleware_basic`
[INFO] applying on HitomiAuthor(rubi-sama).HitomiGallery(839731).HitomiImage(0387), received

2024-02-08 21:29:22,607 <requestor-worker-4:1485673, MainThread:139827601966912> (requestor.py:_fetch_single_async:204 -> middleware.py:apply_async:112) from logger `RFC.middleware_basic`
[INFO] applying on HitomiAuthor(rubi-sama).HitomiGallery(839731).HitomiImage(0387), received

2024-02-08 21:29:22,613 <requestor-worker-4:1485673, MainThread:139827601966912> (requestor.py:_fetch_single_async:204 -> middleware.py:apply_async:115) from logger `RFC.middleware_basic`
[INFO] applied on HitomiAuthor(rubi-sama).HitomiGallery(839731).HitomiImage(0387), sent

2024-02-08 21:29:22,613 <requestor-worker-4:1485673, MainThread:139827601966912> (requestor.py:_fetch_single_async:204 -> middleware.py:apply_async:115) from logger `RFC.middleware_basic`
[INFO] applied on HitomiAuthor(rubi-sama).HitomiGallery(839731).HitomiImage(0387), sent

2024-02-08 21:29:22,613 <requestor-worker-4:1485673, MainThread:139827601966912> (requestor.py:_fetch_single_async:204 -> middleware.py:apply_async:115) from logger `RFC.middleware_basic`
[INFO] applied on HitomiAuthor(rubi-sama).HitomiGallery(839731).HitomiImage(0387), sent

2024-02-08 21:29:25,917 <requestor-worker-4:1485673, MainThread:139827601966912> (requestor.py:_fetch_single_async:204 -> middleware.py:apply_async:112) from logger `RFC.middleware_basic`
[INFO] applying on HitomiAuthor(rubi-sama).HitomiGallery(839731).HitomiImage(0940), received

2024-02-08 21:29:25,917 <requestor-worker-4:1485673, MainThread:139827601966912> (requestor.py:_fetch_single_async:204 -> middleware.py:apply_async:112) from logger `RFC.middleware_basic`
[INFO] applying on HitomiAuthor(rubi-sama).HitomiGallery(839731).HitomiImage(0940), received

2024-02-08 21:29:25,917 <requestor-worker-4:1485673, MainThread:139827601966912> (requestor.py:_fetch_single_async:204 -> middleware.py:apply_async:112) from logger `RFC.middleware_basic`
[INFO] applying on HitomiAuthor(rubi-sama).HitomiGallery(839731).HitomiImage(0940), received

2024-02-08 21:29:25,919 <requestor-worker-4:1485673, MainThread:139827601966912> (requestor.py:_fetch_single_async:204 -> middleware.py:apply_async:115) from logger `RFC.middleware_basic`
[INFO] applied on HitomiAuthor(rubi-sama).HitomiGallery(839731).HitomiImage(0940), sent

2024-02-08 21:29:25,919 <requestor-worker-4:1485673, MainThread:139827601966912> (requestor.py:_fetch_single_async:204 -> middleware.py:apply_async:115) from logger `RFC.middleware_basic`
[INFO] applied on HitomiAuthor(rubi-sama).HitomiGallery(839731).HitomiImage(0940), sent

2024-02-08 21:29:25,919 <requestor-worker-4:1485673, MainThread:139827601966912> (requestor.py:_fetch_single_async:204 -> middleware.py:apply_async:115) from logger `RFC.middleware_basic`
[INFO] applied on HitomiAuthor(rubi-sama).HitomiGallery(839731).HitomiImage(0940), sent

2024-02-08 21:29:27,106 <requestor-worker-11:1485696, MainThread:139827601966912> (requestor.py:_fetch_single_async:204 -> middleware.py:apply_async:112) from logger `RFC.middleware_basic`
[INFO] applying on HitomiAuthor(rubi-sama).HitomiGallery(839731).HitomiImage(0931), received

2024-02-08 21:29:27,106 <requestor-worker-11:1485696, MainThread:139827601966912> (requestor.py:_fetch_single_async:204 -> middleware.py:apply_async:112) from logger `RFC.middleware_basic`
[INFO] applying on HitomiAuthor(rubi-sama).HitomiGallery(839731).HitomiImage(0931), received

2024-02-08 21:29:27,106 <requestor-worker-11:1485696, MainThread:139827601966912> (requestor.py:_fetch_single_async:204 -> middleware.py:apply_async:112) from logger `RFC.middleware_basic`
[INFO] applying on HitomiAuthor(rubi-sama).HitomiGallery(839731).HitomiImage(0931), received

2024-02-08 21:29:27,110 <requestor-worker-11:1485696, MainThread:139827601966912> (requestor.py:_fetch_single_async:204 -> middleware.py:apply_async:115) from logger `RFC.middleware_basic`
[INFO] applied on HitomiAuthor(rubi-sama).HitomiGallery(839731).HitomiImage(0931), sent

2024-02-08 21:29:27,110 <requestor-worker-11:1485696, MainThread:139827601966912> (requestor.py:_fetch_single_async:204 -> middleware.py:apply_async:115) from logger `RFC.middleware_basic`
[INFO] applied on HitomiAuthor(rubi-sama).HitomiGallery(839731).HitomiImage(0931), sent

2024-02-08 21:29:27,110 <requestor-worker-11:1485696, MainThread:139827601966912> (requestor.py:_fetch_single_async:204 -> middleware.py:apply_async:115) from logger `RFC.middleware_basic`
[INFO] applied on HitomiAuthor(rubi-sama).HitomiGallery(839731).HitomiImage(0931), sent

2024-02-08 21:29:27,134 <requestor-worker-6:1485682, MainThread:139827601966912> (requestor.py:_fetch_single_async:204 -> middleware.py:apply_async:112) from logger `RFC.middleware_basic`
[INFO] applying on HitomiAuthor(rubi-sama).HitomiGallery(839731).HitomiImage(0819), received

2024-02-08 21:29:27,134 <requestor-worker-6:1485682, MainThread:139827601966912> (requestor.py:_fetch_single_async:204 -> middleware.py:apply_async:112) from logger `RFC.middleware_basic`
[INFO] applying on HitomiAuthor(rubi-sama).HitomiGallery(839731).HitomiImage(0819), received

2024-02-08 21:29:27,134 <requestor-worker-6:1485682, MainThread:139827601966912> (requestor.py:_fetch_single_async:204 -> middleware.py:apply_async:112) from logger `RFC.middleware_basic`
[INFO] applying on HitomiAuthor(rubi-sama).HitomiGallery(839731).HitomiImage(0819), received

2024-02-08 21:29:27,137 <requestor-worker-6:1485682, MainThread:139827601966912> (requestor.py:_fetch_single_async:204 -> middleware.py:apply_async:115) from logger `RFC.middleware_basic`
[INFO] applied on HitomiAuthor(rubi-sama).HitomiGallery(839731).HitomiImage(0819), sent

2024-02-08 21:29:27,137 <requestor-worker-6:1485682, MainThread:139827601966912> (requestor.py:_fetch_single_async:204 -> middleware.py:apply_async:115) from logger `RFC.middleware_basic`
[INFO] applied on HitomiAuthor(rubi-sama).HitomiGallery(839731).HitomiImage(0819), sent

2024-02-08 21:29:27,137 <requestor-worker-6:1485682, MainThread:139827601966912> (requestor.py:_fetch_single_async:204 -> middleware.py:apply_async:115) from logger `RFC.middleware_basic`
[INFO] applied on HitomiAuthor(rubi-sama).HitomiGallery(839731).HitomiImage(0819), sent

2024-02-08 21:29:27,155 <requestor-worker-4:1485673, MainThread:139827601966912> (requestor.py:_fetch_single_async:204 -> middleware.py:apply_async:112) from logger `RFC.middleware_basic`
[INFO] applying on HitomiAuthor(rubi-sama).HitomiGallery(839731).HitomiImage(0887), received

2024-02-08 21:29:27,155 <requestor-worker-4:1485673, MainThread:139827601966912> (requestor.py:_fetch_single_async:204 -> middleware.py:apply_async:112) from logger `RFC.middleware_basic`
[INFO] applying on HitomiAuthor(rubi-sama).HitomiGallery(839731).HitomiImage(0887), received

2024-02-08 21:29:27,155 <requestor-worker-4:1485673, MainThread:139827601966912> (requestor.py:_fetch_single_async:204 -> middleware.py:apply_async:112) from logger `RFC.middleware_basic`
[INFO] applying on HitomiAuthor(rubi-sama).HitomiGallery(839731).HitomiImage(0887), received

2024-02-08 21:29:27,158 <requestor-worker-4:1485673, MainThread:139827601966912> (requestor.py:_fetch_single_async:204 -> middleware.py:apply_async:115) from logger `RFC.middleware_basic`
[INFO] applied on HitomiAuthor(rubi-sama).HitomiGallery(839731).HitomiImage(0887), sent

2024-02-08 21:29:27,158 <requestor-worker-4:1485673, MainThread:139827601966912> (requestor.py:_fetch_single_async:204 -> middleware.py:apply_async:115) from logger `RFC.middleware_basic`
[INFO] applied on HitomiAuthor(rubi-sama).HitomiGallery(839731).HitomiImage(0887), sent

2024-02-08 21:29:27,158 <requestor-worker-4:1485673, MainThread:139827601966912> (requestor.py:_fetch_single_async:204 -> middleware.py:apply_async:115) from logger `RFC.middleware_basic`
[INFO] applied on HitomiAuthor(rubi-sama).HitomiGallery(839731).HitomiImage(0887), sent

2024-02-08 21:29:27,184 <requestor-worker-9:1485690, MainThread:139827601966912> (requestor.py:_fetch_single_async:204 -> middleware.py:apply_async:112) from logger `RFC.middleware_basic`
[INFO] applying on HitomiAuthor(rubi-sama).HitomiGallery(839731).HitomiImage(0866), received

2024-02-08 21:29:27,184 <requestor-worker-9:1485690, MainThread:139827601966912> (requestor.py:_fetch_single_async:204 -> middleware.py:apply_async:112) from logger `RFC.middleware_basic`
[INFO] applying on HitomiAuthor(rubi-sama).HitomiGallery(839731).HitomiImage(0866), received

2024-02-08 21:29:27,184 <requestor-worker-9:1485690, MainThread:139827601966912> (requestor.py:_fetch_single_async:204 -> middleware.py:apply_async:112) from logger `RFC.middleware_basic`
[INFO] applying on HitomiAuthor(rubi-sama).HitomiGallery(839731).HitomiImage(0866), received

2024-02-08 21:29:27,190 <requestor-worker-9:1485690, MainThread:139827601966912> (requestor.py:_fetch_single_async:204 -> middleware.py:apply_async:115) from logger `RFC.middleware_basic`
[INFO] applied on HitomiAuthor(rubi-sama).HitomiGallery(839731).HitomiImage(0866), sent

2024-02-08 21:29:27,190 <requestor-worker-9:1485690, MainThread:139827601966912> (requestor.py:_fetch_single_async:204 -> middleware.py:apply_async:115) from logger `RFC.middleware_basic`
[INFO] applied on HitomiAuthor(rubi-sama).HitomiGallery(839731).HitomiImage(0866), sent

2024-02-08 21:29:27,190 <requestor-worker-9:1485690, MainThread:139827601966912> (requestor.py:_fetch_single_async:204 -> middleware.py:apply_async:115) from logger `RFC.middleware_basic`
[INFO] applied on HitomiAuthor(rubi-sama).HitomiGallery(839731).HitomiImage(0866), sent

2024-02-08 21:29:27,192 <requestor-worker-1:1485661, MainThread:139827601966912> (requestor.py:_fetch_single_async:204 -> middleware.py:apply_async:112) from logger `RFC.middleware_basic`
[INFO] applying on HitomiAuthor(rubi-sama).HitomiGallery(839731).HitomiImage(0883), received

2024-02-08 21:29:27,192 <requestor-worker-1:1485661, MainThread:139827601966912> (requestor.py:_fetch_single_async:204 -> middleware.py:apply_async:112) from logger `RFC.middleware_basic`
[INFO] applying on HitomiAuthor(rubi-sama).HitomiGallery(839731).HitomiImage(0883), received

2024-02-08 21:29:27,192 <requestor-worker-1:1485661, MainThread:139827601966912> (requestor.py:_fetch_single_async:204 -> middleware.py:apply_async:112) from logger `RFC.middleware_basic`
[INFO] applying on HitomiAuthor(rubi-sama).HitomiGallery(839731).HitomiImage(0883), received

2024-02-08 21:29:27,193 <requestor-worker-8:1485689, MainThread:139827601966912> (requestor.py:_fetch_single_async:204 -> middleware.py:apply_async:112) from logger `RFC.middleware_basic`
[INFO] applying on HitomiAuthor(rubi-sama).HitomiGallery(839731).HitomiImage(0896), received

2024-02-08 21:29:27,193 <requestor-worker-8:1485689, MainThread:139827601966912> (requestor.py:_fetch_single_async:204 -> middleware.py:apply_async:112) from logger `RFC.middleware_basic`
[INFO] applying on HitomiAuthor(rubi-sama).HitomiGallery(839731).HitomiImage(0896), received

2024-02-08 21:29:27,193 <requestor-worker-8:1485689, MainThread:139827601966912> (requestor.py:_fetch_single_async:204 -> middleware.py:apply_async:112) from logger `RFC.middleware_basic`
[INFO] applying on HitomiAuthor(rubi-sama).HitomiGallery(839731).HitomiImage(0896), received

2024-02-08 21:29:27,196 <requestor-worker-8:1485689, MainThread:139827601966912> (requestor.py:_fetch_single_async:204 -> middleware.py:apply_async:115) from logger `RFC.middleware_basic`
[INFO] applied on HitomiAuthor(rubi-sama).HitomiGallery(839731).HitomiImage(0896), sent

2024-02-08 21:29:27,196 <requestor-worker-8:1485689, MainThread:139827601966912> (requestor.py:_fetch_single_async:204 -> middleware.py:apply_async:115) from logger `RFC.middleware_basic`
[INFO] applied on HitomiAuthor(rubi-sama).HitomiGallery(839731).HitomiImage(0896), sent

2024-02-08 21:29:27,196 <requestor-worker-8:1485689, MainThread:139827601966912> (requestor.py:_fetch_single_async:204 -> middleware.py:apply_async:115) from logger `RFC.middleware_basic`
[INFO] applied on HitomiAuthor(rubi-sama).HitomiGallery(839731).HitomiImage(0896), sent

2024-02-08 21:29:27,197 <requestor-worker-1:1485661, MainThread:139827601966912> (requestor.py:_fetch_single_async:204 -> middleware.py:apply_async:115) from logger `RFC.middleware_basic`
[INFO] applied on HitomiAuthor(rubi-sama).HitomiGallery(839731).HitomiImage(0883), sent

2024-02-08 21:29:27,197 <requestor-worker-1:1485661, MainThread:139827601966912> (requestor.py:_fetch_single_async:204 -> middleware.py:apply_async:115) from logger `RFC.middleware_basic`
[INFO] applied on HitomiAuthor(rubi-sama).HitomiGallery(839731).HitomiImage(0883), sent

2024-02-08 21:29:27,197 <requestor-worker-1:1485661, MainThread:139827601966912> (requestor.py:_fetch_single_async:204 -> middleware.py:apply_async:115) from logger `RFC.middleware_basic`
[INFO] applied on HitomiAuthor(rubi-sama).HitomiGallery(839731).HitomiImage(0883), sent

2024-02-08 21:29:27,547 <requestor-worker-10:1485694, MainThread:139827601966912> (requestor.py:_fetch_single_async:204 -> middleware.py:apply_async:112) from logger `RFC.middleware_basic`
[INFO] applying on HitomiAuthor(rubi-sama).HitomiGallery(839731).HitomiImage(0519), received

2024-02-08 21:29:27,547 <requestor-worker-10:1485694, MainThread:139827601966912> (requestor.py:_fetch_single_async:204 -> middleware.py:apply_async:112) from logger `RFC.middleware_basic`
[INFO] applying on HitomiAuthor(rubi-sama).HitomiGallery(839731).HitomiImage(0519), received

2024-02-08 21:29:27,547 <requestor-worker-10:1485694, MainThread:139827601966912> (requestor.py:_fetch_single_async:204 -> middleware.py:apply_async:112) from logger `RFC.middleware_basic`
[INFO] applying on HitomiAuthor(rubi-sama).HitomiGallery(839731).HitomiImage(0519), received

2024-02-08 21:29:27,549 <requestor-worker-10:1485694, MainThread:139827601966912> (requestor.py:_fetch_single_async:204 -> middleware.py:apply_async:115) from logger `RFC.middleware_basic`
[INFO] applied on HitomiAuthor(rubi-sama).HitomiGallery(839731).HitomiImage(0519), sent

2024-02-08 21:29:27,549 <requestor-worker-10:1485694, MainThread:139827601966912> (requestor.py:_fetch_single_async:204 -> middleware.py:apply_async:115) from logger `RFC.middleware_basic`
[INFO] applied on HitomiAuthor(rubi-sama).HitomiGallery(839731).HitomiImage(0519), sent

2024-02-08 21:29:27,549 <requestor-worker-10:1485694, MainThread:139827601966912> (requestor.py:_fetch_single_async:204 -> middleware.py:apply_async:115) from logger `RFC.middleware_basic`
[INFO] applied on HitomiAuthor(rubi-sama).HitomiGallery(839731).HitomiImage(0519), sent

2024-02-08 21:29:29,409 <requestor-worker-11:1485696, MainThread:139827601966912> (requestor.py:_fetch_single_async:204 -> middleware.py:apply_async:112) from logger `RFC.middleware_basic`
[INFO] applying on HitomiAuthor(rubi-sama).HitomiGallery(839731).HitomiImage(1262), received

2024-02-08 21:29:29,409 <requestor-worker-11:1485696, MainThread:139827601966912> (requestor.py:_fetch_single_async:204 -> middleware.py:apply_async:112) from logger `RFC.middleware_basic`
[INFO] applying on HitomiAuthor(rubi-sama).HitomiGallery(839731).HitomiImage(1262), received

2024-02-08 21:29:29,409 <requestor-worker-11:1485696, MainThread:139827601966912> (requestor.py:_fetch_single_async:204 -> middleware.py:apply_async:112) from logger `RFC.middleware_basic`
[INFO] applying on HitomiAuthor(rubi-sama).HitomiGallery(839731).HitomiImage(1262), received

2024-02-08 21:29:29,411 <requestor-worker-11:1485696, MainThread:139827601966912> (requestor.py:_fetch_single_async:204 -> middleware.py:apply_async:115) from logger `RFC.middleware_basic`
[INFO] applied on HitomiAuthor(rubi-sama).HitomiGallery(839731).HitomiImage(1262), sent

2024-02-08 21:29:29,411 <requestor-worker-11:1485696, MainThread:139827601966912> (requestor.py:_fetch_single_async:204 -> middleware.py:apply_async:115) from logger `RFC.middleware_basic`
[INFO] applied on HitomiAuthor(rubi-sama).HitomiGallery(839731).HitomiImage(1262), sent

2024-02-08 21:29:29,411 <requestor-worker-11:1485696, MainThread:139827601966912> (requestor.py:_fetch_single_async:204 -> middleware.py:apply_async:115) from logger `RFC.middleware_basic`
[INFO] applied on HitomiAuthor(rubi-sama).HitomiGallery(839731).HitomiImage(1262), sent

2024-02-08 21:29:29,412 <requestor-worker-8:1485689, MainThread:139827601966912> (requestor.py:_fetch_single_async:204 -> middleware.py:apply_async:112) from logger `RFC.middleware_basic`
[INFO] applying on HitomiAuthor(rubi-sama).HitomiGallery(839731).HitomiImage(1263), received

2024-02-08 21:29:29,412 <requestor-worker-8:1485689, MainThread:139827601966912> (requestor.py:_fetch_single_async:204 -> middleware.py:apply_async:112) from logger `RFC.middleware_basic`
[INFO] applying on HitomiAuthor(rubi-sama).HitomiGallery(839731).HitomiImage(1263), received

2024-02-08 21:29:29,412 <requestor-worker-8:1485689, MainThread:139827601966912> (requestor.py:_fetch_single_async:204 -> middleware.py:apply_async:112) from logger `RFC.middleware_basic`
[INFO] applying on HitomiAuthor(rubi-sama).HitomiGallery(839731).HitomiImage(1263), received

2024-02-08 21:29:29,413 <requestor-worker-8:1485689, MainThread:139827601966912> (requestor.py:_fetch_single_async:204 -> middleware.py:apply_async:115) from logger `RFC.middleware_basic`
[INFO] applied on HitomiAuthor(rubi-sama).HitomiGallery(839731).HitomiImage(1263), sent

2024-02-08 21:29:29,413 <requestor-worker-8:1485689, MainThread:139827601966912> (requestor.py:_fetch_single_async:204 -> middleware.py:apply_async:115) from logger `RFC.middleware_basic`
[INFO] applied on HitomiAuthor(rubi-sama).HitomiGallery(839731).HitomiImage(1263), sent

2024-02-08 21:29:29,413 <requestor-worker-8:1485689, MainThread:139827601966912> (requestor.py:_fetch_single_async:204 -> middleware.py:apply_async:115) from logger `RFC.middleware_basic`
[INFO] applied on HitomiAuthor(rubi-sama).HitomiGallery(839731).HitomiImage(1263), sent

2024-02-08 21:29:29,421 <requestor-worker-3:1485668, MainThread:139827601966912> (requestor.py:_fetch_single_async:204 -> middleware.py:apply_async:112) from logger `RFC.middleware_basic`
[INFO] applying on HitomiAuthor(rubi-sama).HitomiGallery(839731).HitomiImage(1021), received

2024-02-08 21:29:29,421 <requestor-worker-3:1485668, MainThread:139827601966912> (requestor.py:_fetch_single_async:204 -> middleware.py:apply_async:112) from logger `RFC.middleware_basic`
[INFO] applying on HitomiAuthor(rubi-sama).HitomiGallery(839731).HitomiImage(1021), received

2024-02-08 21:29:29,421 <requestor-worker-3:1485668, MainThread:139827601966912> (requestor.py:_fetch_single_async:204 -> middleware.py:apply_async:112) from logger `RFC.middleware_basic`
[INFO] applying on HitomiAuthor(rubi-sama).HitomiGallery(839731).HitomiImage(1021), received

2024-02-08 21:29:29,423 <requestor-worker-10:1485694, MainThread:139827601966912> (requestor.py:_fetch_single_async:204 -> middleware.py:apply_async:112) from logger `RFC.middleware_basic`
[INFO] applying on HitomiAuthor(rubi-sama).HitomiGallery(839731).HitomiImage(1088), received

2024-02-08 21:29:29,423 <requestor-worker-10:1485694, MainThread:139827601966912> (requestor.py:_fetch_single_async:204 -> middleware.py:apply_async:112) from logger `RFC.middleware_basic`
[INFO] applying on HitomiAuthor(rubi-sama).HitomiGallery(839731).HitomiImage(1088), received

2024-02-08 21:29:29,423 <requestor-worker-10:1485694, MainThread:139827601966912> (requestor.py:_fetch_single_async:204 -> middleware.py:apply_async:112) from logger `RFC.middleware_basic`
[INFO] applying on HitomiAuthor(rubi-sama).HitomiGallery(839731).HitomiImage(1088), received

2024-02-08 21:29:29,424 <requestor-worker-10:1485694, MainThread:139827601966912> (requestor.py:_fetch_single_async:204 -> middleware.py:apply_async:115) from logger `RFC.middleware_basic`
[INFO] applied on HitomiAuthor(rubi-sama).HitomiGallery(839731).HitomiImage(1088), sent

2024-02-08 21:29:29,424 <requestor-worker-10:1485694, MainThread:139827601966912> (requestor.py:_fetch_single_async:204 -> middleware.py:apply_async:115) from logger `RFC.middleware_basic`
[INFO] applied on HitomiAuthor(rubi-sama).HitomiGallery(839731).HitomiImage(1088), sent

2024-02-08 21:29:29,424 <requestor-worker-10:1485694, MainThread:139827601966912> (requestor.py:_fetch_single_async:204 -> middleware.py:apply_async:115) from logger `RFC.middleware_basic`
[INFO] applied on HitomiAuthor(rubi-sama).HitomiGallery(839731).HitomiImage(1088), sent

2024-02-08 21:29:29,425 <requestor-worker-3:1485668, MainThread:139827601966912> (requestor.py:_fetch_single_async:204 -> middleware.py:apply_async:115) from logger `RFC.middleware_basic`
[INFO] applied on HitomiAuthor(rubi-sama).HitomiGallery(839731).HitomiImage(1021), sent

2024-02-08 21:29:29,425 <requestor-worker-3:1485668, MainThread:139827601966912> (requestor.py:_fetch_single_async:204 -> middleware.py:apply_async:115) from logger `RFC.middleware_basic`
[INFO] applied on HitomiAuthor(rubi-sama).HitomiGallery(839731).HitomiImage(1021), sent

2024-02-08 21:29:29,425 <requestor-worker-3:1485668, MainThread:139827601966912> (requestor.py:_fetch_single_async:204 -> middleware.py:apply_async:115) from logger `RFC.middleware_basic`
[INFO] applied on HitomiAuthor(rubi-sama).HitomiGallery(839731).HitomiImage(1021), sent

2024-02-08 21:29:30,827 <requestor-worker-9:1485690, MainThread:139827601966912> (requestor.py:_fetch_single_async:204 -> middleware.py:apply_async:112) from logger `RFC.middleware_basic`
[INFO] applying on HitomiAuthor(rubi-sama).HitomiGallery(839731).HitomiImage(1264), received

2024-02-08 21:29:30,827 <requestor-worker-9:1485690, MainThread:139827601966912> (requestor.py:_fetch_single_async:204 -> middleware.py:apply_async:112) from logger `RFC.middleware_basic`
[INFO] applying on HitomiAuthor(rubi-sama).HitomiGallery(839731).HitomiImage(1264), received

2024-02-08 21:29:30,827 <requestor-worker-9:1485690, MainThread:139827601966912> (requestor.py:_fetch_single_async:204 -> middleware.py:apply_async:112) from logger `RFC.middleware_basic`
[INFO] applying on HitomiAuthor(rubi-sama).HitomiGallery(839731).HitomiImage(1264), received

2024-02-08 21:29:30,828 <requestor-worker-9:1485690, MainThread:139827601966912> (requestor.py:_fetch_single_async:204 -> middleware.py:apply_async:115) from logger `RFC.middleware_basic`
[INFO] applied on HitomiAuthor(rubi-sama).HitomiGallery(839731).HitomiImage(1264), sent

2024-02-08 21:29:30,828 <requestor-worker-9:1485690, MainThread:139827601966912> (requestor.py:_fetch_single_async:204 -> middleware.py:apply_async:115) from logger `RFC.middleware_basic`
[INFO] applied on HitomiAuthor(rubi-sama).HitomiGallery(839731).HitomiImage(1264), sent

2024-02-08 21:29:30,828 <requestor-worker-9:1485690, MainThread:139827601966912> (requestor.py:_fetch_single_async:204 -> middleware.py:apply_async:115) from logger `RFC.middleware_basic`
[INFO] applied on HitomiAuthor(rubi-sama).HitomiGallery(839731).HitomiImage(1264), sent

2024-02-08 21:29:31,988 <requestor-worker-6:1485682, MainThread:139827601966912> (requestor.py:_fetch_single_async:204 -> middleware.py:apply_async:112) from logger `RFC.middleware_basic`
[INFO] applying on HitomiAuthor(rubi-sama).HitomiGallery(839731).HitomiImage(1367), received

2024-02-08 21:29:31,988 <requestor-worker-6:1485682, MainThread:139827601966912> (requestor.py:_fetch_single_async:204 -> middleware.py:apply_async:112) from logger `RFC.middleware_basic`
[INFO] applying on HitomiAuthor(rubi-sama).HitomiGallery(839731).HitomiImage(1367), received

2024-02-08 21:29:31,988 <requestor-worker-6:1485682, MainThread:139827601966912> (requestor.py:_fetch_single_async:204 -> middleware.py:apply_async:112) from logger `RFC.middleware_basic`
[INFO] applying on HitomiAuthor(rubi-sama).HitomiGallery(839731).HitomiImage(1367), received

2024-02-08 21:29:31,989 <requestor-worker-6:1485682, MainThread:139827601966912> (requestor.py:_fetch_single_async:204 -> middleware.py:apply_async:115) from logger `RFC.middleware_basic`
[INFO] applied on HitomiAuthor(rubi-sama).HitomiGallery(839731).HitomiImage(1367), sent

2024-02-08 21:29:31,989 <requestor-worker-6:1485682, MainThread:139827601966912> (requestor.py:_fetch_single_async:204 -> middleware.py:apply_async:115) from logger `RFC.middleware_basic`
[INFO] applied on HitomiAuthor(rubi-sama).HitomiGallery(839731).HitomiImage(1367), sent

2024-02-08 21:29:31,989 <requestor-worker-6:1485682, MainThread:139827601966912> (requestor.py:_fetch_single_async:204 -> middleware.py:apply_async:115) from logger `RFC.middleware_basic`
[INFO] applied on HitomiAuthor(rubi-sama).HitomiGallery(839731).HitomiImage(1367), sent

2024-02-08 21:29:32,151 <requestor-worker-11:1485696, MainThread:139827601966912> (requestor.py:_fetch_single_async:204 -> middleware.py:apply_async:112) from logger `RFC.middleware_basic`
[INFO] applying on HitomiAuthor(rubi-sama).HitomiGallery(839731).HitomiImage(1152), received

2024-02-08 21:29:32,151 <requestor-worker-11:1485696, MainThread:139827601966912> (requestor.py:_fetch_single_async:204 -> middleware.py:apply_async:112) from logger `RFC.middleware_basic`
[INFO] applying on HitomiAuthor(rubi-sama).HitomiGallery(839731).HitomiImage(1152), received

2024-02-08 21:29:32,151 <requestor-worker-11:1485696, MainThread:139827601966912> (requestor.py:_fetch_single_async:204 -> middleware.py:apply_async:112) from logger `RFC.middleware_basic`
[INFO] applying on HitomiAuthor(rubi-sama).HitomiGallery(839731).HitomiImage(1152), received

2024-02-08 21:29:32,154 <requestor-worker-11:1485696, MainThread:139827601966912> (requestor.py:_fetch_single_async:204 -> middleware.py:apply_async:115) from logger `RFC.middleware_basic`
[INFO] applied on HitomiAuthor(rubi-sama).HitomiGallery(839731).HitomiImage(1152), sent

2024-02-08 21:29:32,154 <requestor-worker-11:1485696, MainThread:139827601966912> (requestor.py:_fetch_single_async:204 -> middleware.py:apply_async:115) from logger `RFC.middleware_basic`
[INFO] applied on HitomiAuthor(rubi-sama).HitomiGallery(839731).HitomiImage(1152), sent

2024-02-08 21:29:32,154 <requestor-worker-11:1485696, MainThread:139827601966912> (requestor.py:_fetch_single_async:204 -> middleware.py:apply_async:115) from logger `RFC.middleware_basic`
[INFO] applied on HitomiAuthor(rubi-sama).HitomiGallery(839731).HitomiImage(1152), sent

2024-02-08 21:29:33,003 <requestor-worker-9:1485690, MainThread:139827601966912> (requestor.py:_fetch_single_async:204 -> middleware.py:apply_async:112) from logger `RFC.middleware_basic`
[INFO] applying on HitomiAuthor(rubi-sama).HitomiGallery(839731).HitomiImage(1422), received

2024-02-08 21:29:33,003 <requestor-worker-9:1485690, MainThread:139827601966912> (requestor.py:_fetch_single_async:204 -> middleware.py:apply_async:112) from logger `RFC.middleware_basic`
[INFO] applying on HitomiAuthor(rubi-sama).HitomiGallery(839731).HitomiImage(1422), received

2024-02-08 21:29:33,003 <requestor-worker-9:1485690, MainThread:139827601966912> (requestor.py:_fetch_single_async:204 -> middleware.py:apply_async:112) from logger `RFC.middleware_basic`
[INFO] applying on HitomiAuthor(rubi-sama).HitomiGallery(839731).HitomiImage(1422), received

2024-02-08 21:29:33,005 <requestor-worker-9:1485690, MainThread:139827601966912> (requestor.py:_fetch_single_async:204 -> middleware.py:apply_async:115) from logger `RFC.middleware_basic`
[INFO] applied on HitomiAuthor(rubi-sama).HitomiGallery(839731).HitomiImage(1422), sent

2024-02-08 21:29:33,005 <requestor-worker-9:1485690, MainThread:139827601966912> (requestor.py:_fetch_single_async:204 -> middleware.py:apply_async:115) from logger `RFC.middleware_basic`
[INFO] applied on HitomiAuthor(rubi-sama).HitomiGallery(839731).HitomiImage(1422), sent

2024-02-08 21:29:33,005 <requestor-worker-9:1485690, MainThread:139827601966912> (requestor.py:_fetch_single_async:204 -> middleware.py:apply_async:115) from logger `RFC.middleware_basic`
[INFO] applied on HitomiAuthor(rubi-sama).HitomiGallery(839731).HitomiImage(1422), sent

2024-02-08 21:29:33,104 <requestor-worker-11:1485696, MainThread:139827601966912> (requestor.py:_fetch_single_async:204 -> middleware.py:apply_async:112) from logger `RFC.middleware_basic`
[INFO] applying on HitomiAuthor(rubi-sama).HitomiGallery(839731).HitomiImage(1353), received

2024-02-08 21:29:33,104 <requestor-worker-11:1485696, MainThread:139827601966912> (requestor.py:_fetch_single_async:204 -> middleware.py:apply_async:112) from logger `RFC.middleware_basic`
[INFO] applying on HitomiAuthor(rubi-sama).HitomiGallery(839731).HitomiImage(1353), received

2024-02-08 21:29:33,104 <requestor-worker-11:1485696, MainThread:139827601966912> (requestor.py:_fetch_single_async:204 -> middleware.py:apply_async:112) from logger `RFC.middleware_basic`
[INFO] applying on HitomiAuthor(rubi-sama).HitomiGallery(839731).HitomiImage(1353), received

2024-02-08 21:29:33,106 <requestor-worker-11:1485696, MainThread:139827601966912> (requestor.py:_fetch_single_async:204 -> middleware.py:apply_async:115) from logger `RFC.middleware_basic`
[INFO] applied on HitomiAuthor(rubi-sama).HitomiGallery(839731).HitomiImage(1353), sent

2024-02-08 21:29:33,106 <requestor-worker-11:1485696, MainThread:139827601966912> (requestor.py:_fetch_single_async:204 -> middleware.py:apply_async:115) from logger `RFC.middleware_basic`
[INFO] applied on HitomiAuthor(rubi-sama).HitomiGallery(839731).HitomiImage(1353), sent

2024-02-08 21:29:33,106 <requestor-worker-11:1485696, MainThread:139827601966912> (requestor.py:_fetch_single_async:204 -> middleware.py:apply_async:115) from logger `RFC.middleware_basic`
[INFO] applied on HitomiAuthor(rubi-sama).HitomiGallery(839731).HitomiImage(1353), sent

2024-02-08 21:29:33,121 <requestor-worker-8:1485689, MainThread:139827601966912> (requestor.py:_fetch_single_async:204 -> middleware.py:apply_async:112) from logger `RFC.middleware_basic`
[INFO] applying on HitomiAuthor(rubi-sama).HitomiGallery(839731).HitomiImage(1394), received

2024-02-08 21:29:33,121 <requestor-worker-8:1485689, MainThread:139827601966912> (requestor.py:_fetch_single_async:204 -> middleware.py:apply_async:112) from logger `RFC.middleware_basic`
[INFO] applying on HitomiAuthor(rubi-sama).HitomiGallery(839731).HitomiImage(1394), received

2024-02-08 21:29:33,121 <requestor-worker-8:1485689, MainThread:139827601966912> (requestor.py:_fetch_single_async:204 -> middleware.py:apply_async:112) from logger `RFC.middleware_basic`
[INFO] applying on HitomiAuthor(rubi-sama).HitomiGallery(839731).HitomiImage(1394), received

2024-02-08 21:29:33,122 <requestor-worker-8:1485689, MainThread:139827601966912> (requestor.py:_fetch_single_async:204 -> middleware.py:apply_async:115) from logger `RFC.middleware_basic`
[INFO] applied on HitomiAuthor(rubi-sama).HitomiGallery(839731).HitomiImage(1394), sent

2024-02-08 21:29:33,122 <requestor-worker-8:1485689, MainThread:139827601966912> (requestor.py:_fetch_single_async:204 -> middleware.py:apply_async:115) from logger `RFC.middleware_basic`
[INFO] applied on HitomiAuthor(rubi-sama).HitomiGallery(839731).HitomiImage(1394), sent

2024-02-08 21:29:33,122 <requestor-worker-8:1485689, MainThread:139827601966912> (requestor.py:_fetch_single_async:204 -> middleware.py:apply_async:115) from logger `RFC.middleware_basic`
[INFO] applied on HitomiAuthor(rubi-sama).HitomiGallery(839731).HitomiImage(1394), sent

2024-02-08 21:29:33,366 <requestor-worker-3:1485668, MainThread:139827601966912> (requestor.py:_fetch_single_async:204 -> middleware.py:apply_async:112) from logger `RFC.middleware_basic`
[INFO] applying on HitomiAuthor(rubi-sama).HitomiGallery(839731).HitomiImage(1474), received

2024-02-08 21:29:33,366 <requestor-worker-3:1485668, MainThread:139827601966912> (requestor.py:_fetch_single_async:204 -> middleware.py:apply_async:112) from logger `RFC.middleware_basic`
[INFO] applying on HitomiAuthor(rubi-sama).HitomiGallery(839731).HitomiImage(1474), received

2024-02-08 21:29:33,366 <requestor-worker-3:1485668, MainThread:139827601966912> (requestor.py:_fetch_single_async:204 -> middleware.py:apply_async:112) from logger `RFC.middleware_basic`
[INFO] applying on HitomiAuthor(rubi-sama).HitomiGallery(839731).HitomiImage(1474), received

2024-02-08 21:29:33,368 <requestor-worker-3:1485668, MainThread:139827601966912> (requestor.py:_fetch_single_async:204 -> middleware.py:apply_async:115) from logger `RFC.middleware_basic`
[INFO] applied on HitomiAuthor(rubi-sama).HitomiGallery(839731).HitomiImage(1474), sent

2024-02-08 21:29:33,368 <requestor-worker-3:1485668, MainThread:139827601966912> (requestor.py:_fetch_single_async:204 -> middleware.py:apply_async:115) from logger `RFC.middleware_basic`
[INFO] applied on HitomiAuthor(rubi-sama).HitomiGallery(839731).HitomiImage(1474), sent

2024-02-08 21:29:33,368 <requestor-worker-3:1485668, MainThread:139827601966912> (requestor.py:_fetch_single_async:204 -> middleware.py:apply_async:115) from logger `RFC.middleware_basic`
[INFO] applied on HitomiAuthor(rubi-sama).HitomiGallery(839731).HitomiImage(1474), sent

2024-02-08 21:29:33,514 <requestor-worker-5:1485677, MainThread:139827601966912> (requestor.py:_fetch_single_async:204 -> middleware.py:apply_async:112) from logger `RFC.middleware_basic`
[INFO] applying on HitomiAuthor(rubi-sama).HitomiGallery(839731).HitomiImage(1358), received

2024-02-08 21:29:33,514 <requestor-worker-5:1485677, MainThread:139827601966912> (requestor.py:_fetch_single_async:204 -> middleware.py:apply_async:112) from logger `RFC.middleware_basic`
[INFO] applying on HitomiAuthor(rubi-sama).HitomiGallery(839731).HitomiImage(1358), received

2024-02-08 21:29:33,514 <requestor-worker-5:1485677, MainThread:139827601966912> (requestor.py:_fetch_single_async:204 -> middleware.py:apply_async:112) from logger `RFC.middleware_basic`
[INFO] applying on HitomiAuthor(rubi-sama).HitomiGallery(839731).HitomiImage(1358), received

2024-02-08 21:29:33,516 <requestor-worker-5:1485677, MainThread:139827601966912> (requestor.py:_fetch_single_async:204 -> middleware.py:apply_async:115) from logger `RFC.middleware_basic`
[INFO] applied on HitomiAuthor(rubi-sama).HitomiGallery(839731).HitomiImage(1358), sent

2024-02-08 21:29:33,516 <requestor-worker-5:1485677, MainThread:139827601966912> (requestor.py:_fetch_single_async:204 -> middleware.py:apply_async:115) from logger `RFC.middleware_basic`
[INFO] applied on HitomiAuthor(rubi-sama).HitomiGallery(839731).HitomiImage(1358), sent

2024-02-08 21:29:33,516 <requestor-worker-5:1485677, MainThread:139827601966912> (requestor.py:_fetch_single_async:204 -> middleware.py:apply_async:115) from logger `RFC.middleware_basic`
[INFO] applied on HitomiAuthor(rubi-sama).HitomiGallery(839731).HitomiImage(1358), sent

2024-02-08 21:29:33,525 <requestor-worker-5:1485677, MainThread:139827601966912> (requestor.py:_fetch_single_async:204 -> middleware.py:apply_async:112) from logger `RFC.middleware_basic`
[INFO] applying on HitomiAuthor(rubi-sama).HitomiGallery(839731).HitomiImage(1410), received

2024-02-08 21:29:33,525 <requestor-worker-5:1485677, MainThread:139827601966912> (requestor.py:_fetch_single_async:204 -> middleware.py:apply_async:112) from logger `RFC.middleware_basic`
[INFO] applying on HitomiAuthor(rubi-sama).HitomiGallery(839731).HitomiImage(1410), received

2024-02-08 21:29:33,525 <requestor-worker-5:1485677, MainThread:139827601966912> (requestor.py:_fetch_single_async:204 -> middleware.py:apply_async:112) from logger `RFC.middleware_basic`
[INFO] applying on HitomiAuthor(rubi-sama).HitomiGallery(839731).HitomiImage(1410), received

2024-02-08 21:29:33,526 <requestor-worker-5:1485677, MainThread:139827601966912> (requestor.py:_fetch_single_async:204 -> middleware.py:apply_async:115) from logger `RFC.middleware_basic`
[INFO] applied on HitomiAuthor(rubi-sama).HitomiGallery(839731).HitomiImage(1410), sent

2024-02-08 21:29:33,526 <requestor-worker-5:1485677, MainThread:139827601966912> (requestor.py:_fetch_single_async:204 -> middleware.py:apply_async:115) from logger `RFC.middleware_basic`
[INFO] applied on HitomiAuthor(rubi-sama).HitomiGallery(839731).HitomiImage(1410), sent

2024-02-08 21:29:33,526 <requestor-worker-5:1485677, MainThread:139827601966912> (requestor.py:_fetch_single_async:204 -> middleware.py:apply_async:115) from logger `RFC.middleware_basic`
[INFO] applied on HitomiAuthor(rubi-sama).HitomiGallery(839731).HitomiImage(1410), sent

2024-02-08 21:29:33,534 <requestor-worker-1:1485661, MainThread:139827601966912> (requestor.py:_fetch_single_async:204 -> middleware.py:apply_async:112) from logger `RFC.middleware_basic`
[INFO] applying on HitomiAuthor(rubi-sama).HitomiGallery(839731).HitomiImage(1348), received

2024-02-08 21:29:33,534 <requestor-worker-1:1485661, MainThread:139827601966912> (requestor.py:_fetch_single_async:204 -> middleware.py:apply_async:112) from logger `RFC.middleware_basic`
[INFO] applying on HitomiAuthor(rubi-sama).HitomiGallery(839731).HitomiImage(1348), received

2024-02-08 21:29:33,534 <requestor-worker-1:1485661, MainThread:139827601966912> (requestor.py:_fetch_single_async:204 -> middleware.py:apply_async:112) from logger `RFC.middleware_basic`
[INFO] applying on HitomiAuthor(rubi-sama).HitomiGallery(839731).HitomiImage(1348), received

2024-02-08 21:29:33,535 <requestor-worker-7:1485685, MainThread:139827601966912> (requestor.py:_fetch_single_async:204 -> middleware.py:apply_async:112) from logger `RFC.middleware_basic`
[INFO] applying on HitomiAuthor(rubi-sama).HitomiGallery(839731).HitomiImage(1413), received

2024-02-08 21:29:33,535 <requestor-worker-7:1485685, MainThread:139827601966912> (requestor.py:_fetch_single_async:204 -> middleware.py:apply_async:112) from logger `RFC.middleware_basic`
[INFO] applying on HitomiAuthor(rubi-sama).HitomiGallery(839731).HitomiImage(1413), received

2024-02-08 21:29:33,535 <requestor-worker-7:1485685, MainThread:139827601966912> (requestor.py:_fetch_single_async:204 -> middleware.py:apply_async:112) from logger `RFC.middleware_basic`
[INFO] applying on HitomiAuthor(rubi-sama).HitomiGallery(839731).HitomiImage(1413), received

2024-02-08 21:29:33,536 <requestor-worker-1:1485661, MainThread:139827601966912> (requestor.py:_fetch_single_async:204 -> middleware.py:apply_async:115) from logger `RFC.middleware_basic`
[INFO] applied on HitomiAuthor(rubi-sama).HitomiGallery(839731).HitomiImage(1348), sent

2024-02-08 21:29:33,536 <requestor-worker-1:1485661, MainThread:139827601966912> (requestor.py:_fetch_single_async:204 -> middleware.py:apply_async:115) from logger `RFC.middleware_basic`
[INFO] applied on HitomiAuthor(rubi-sama).HitomiGallery(839731).HitomiImage(1348), sent

2024-02-08 21:29:33,536 <requestor-worker-1:1485661, MainThread:139827601966912> (requestor.py:_fetch_single_async:204 -> middleware.py:apply_async:115) from logger `RFC.middleware_basic`
[INFO] applied on HitomiAuthor(rubi-sama).HitomiGallery(839731).HitomiImage(1348), sent

2024-02-08 21:29:33,537 <requestor-worker-7:1485685, MainThread:139827601966912> (requestor.py:_fetch_single_async:204 -> middleware.py:apply_async:115) from logger `RFC.middleware_basic`
[INFO] applied on HitomiAuthor(rubi-sama).HitomiGallery(839731).HitomiImage(1413), sent

2024-02-08 21:29:33,537 <requestor-worker-7:1485685, MainThread:139827601966912> (requestor.py:_fetch_single_async:204 -> middleware.py:apply_async:115) from logger `RFC.middleware_basic`
[INFO] applied on HitomiAuthor(rubi-sama).HitomiGallery(839731).HitomiImage(1413), sent

2024-02-08 21:29:33,537 <requestor-worker-7:1485685, MainThread:139827601966912> (requestor.py:_fetch_single_async:204 -> middleware.py:apply_async:115) from logger `RFC.middleware_basic`
[INFO] applied on HitomiAuthor(rubi-sama).HitomiGallery(839731).HitomiImage(1413), sent

2024-02-08 21:29:36,863 <requestor-worker-8:1485689, MainThread:139827601966912> (requestor.py:_fetch_single_async:204 -> middleware.py:apply_async:112) from logger `RFC.middleware_basic`
[INFO] applying on HitomiAuthor(rubi-sama).HitomiGallery(839731).HitomiImage(1600), received

2024-02-08 21:29:36,863 <requestor-worker-8:1485689, MainThread:139827601966912> (requestor.py:_fetch_single_async:204 -> middleware.py:apply_async:112) from logger `RFC.middleware_basic`
[INFO] applying on HitomiAuthor(rubi-sama).HitomiGallery(839731).HitomiImage(1600), received

2024-02-08 21:29:36,863 <requestor-worker-8:1485689, MainThread:139827601966912> (requestor.py:_fetch_single_async:204 -> middleware.py:apply_async:112) from logger `RFC.middleware_basic`
[INFO] applying on HitomiAuthor(rubi-sama).HitomiGallery(839731).HitomiImage(1600), received

2024-02-08 21:29:36,865 <requestor-worker-8:1485689, MainThread:139827601966912> (requestor.py:_fetch_single_async:204 -> middleware.py:apply_async:115) from logger `RFC.middleware_basic`
[INFO] applied on HitomiAuthor(rubi-sama).HitomiGallery(839731).HitomiImage(1600), sent

2024-02-08 21:29:36,865 <requestor-worker-8:1485689, MainThread:139827601966912> (requestor.py:_fetch_single_async:204 -> middleware.py:apply_async:115) from logger `RFC.middleware_basic`
[INFO] applied on HitomiAuthor(rubi-sama).HitomiGallery(839731).HitomiImage(1600), sent

2024-02-08 21:29:36,865 <requestor-worker-8:1485689, MainThread:139827601966912> (requestor.py:_fetch_single_async:204 -> middleware.py:apply_async:115) from logger `RFC.middleware_basic`
[INFO] applied on HitomiAuthor(rubi-sama).HitomiGallery(839731).HitomiImage(1600), sent

2024-02-08 21:29:39,124 <requestor-worker-7:1485685, MainThread:139827601966912> (requestor.py:_fetch_single_async:204 -> middleware.py:apply_async:112) from logger `RFC.middleware_basic`
[INFO] applying on HitomiAuthor(rubi-sama).HitomiGallery(839731).HitomiImage(1604), received

2024-02-08 21:29:39,124 <requestor-worker-7:1485685, MainThread:139827601966912> (requestor.py:_fetch_single_async:204 -> middleware.py:apply_async:112) from logger `RFC.middleware_basic`
[INFO] applying on HitomiAuthor(rubi-sama).HitomiGallery(839731).HitomiImage(1604), received

2024-02-08 21:29:39,124 <requestor-worker-7:1485685, MainThread:139827601966912> (requestor.py:_fetch_single_async:204 -> middleware.py:apply_async:112) from logger `RFC.middleware_basic`
[INFO] applying on HitomiAuthor(rubi-sama).HitomiGallery(839731).HitomiImage(1604), received

2024-02-08 21:29:39,126 <requestor-worker-7:1485685, MainThread:139827601966912> (requestor.py:_fetch_single_async:204 -> middleware.py:apply_async:115) from logger `RFC.middleware_basic`
[INFO] applied on HitomiAuthor(rubi-sama).HitomiGallery(839731).HitomiImage(1604), sent

2024-02-08 21:29:39,126 <requestor-worker-7:1485685, MainThread:139827601966912> (requestor.py:_fetch_single_async:204 -> middleware.py:apply_async:115) from logger `RFC.middleware_basic`
[INFO] applied on HitomiAuthor(rubi-sama).HitomiGallery(839731).HitomiImage(1604), sent

2024-02-08 21:29:39,126 <requestor-worker-7:1485685, MainThread:139827601966912> (requestor.py:_fetch_single_async:204 -> middleware.py:apply_async:115) from logger `RFC.middleware_basic`
[INFO] applied on HitomiAuthor(rubi-sama).HitomiGallery(839731).HitomiImage(1604), sent

