2024-02-08 21:27:28,766 <requestor-worker-0:1485659, MainThread:139827601966912> (events.py:_run:80 -> requestor.py:_fetch_single_async:191) from logger `RFC.requestor`
[INFO] process requestor-worker-0 task async-0 fetched HitomiAuthor(rubi-sama).HitomiGallery(1861525) from saved result

2024-02-08 21:27:28,775 <requestor-worker-0:1485659, MainThread:139827601966912> (requestor.py:_fetch_single_async:187 -> requestor.py:_check_saved_result:114) from logger `RFC.requestor`
[INFO] process requestor-worker-0 saved result found for HitomiAuthor(rubi-sama).HitomiGallery(1861527)

2024-02-08 21:29:11,871 <requestor-worker-0:1485659, MainThread:139827601966912> (events.py:_run:80 -> requestor.py:_fetch_single_async:191) from logger `RFC.requestor`
[INFO] process requestor-worker-0 task async-1 fetched HitomiAuthor(rubi-sama).HitomiGallery(1861527) from saved result

2024-02-08 21:29:11,877 <requestor-worker-0:1485659, MainThread:139827601966912> (requestor.py:_fetch_single_async:187 -> requestor.py:_check_saved_result:114) from logger `RFC.requestor`
[INFO] process requestor-worker-0 saved result found for HitomiAuthor(rubi-sama).HitomiGallery(1812689)

2024-02-08 21:29:13,079 <requestor-worker-0:1485659, MainThread:139827601966912> (events.py:_run:80 -> requestor.py:_fetch_single_async:191) from logger `RFC.requestor`
[INFO] process requestor-worker-0 task async-2 fetched HitomiAuthor(rubi-sama).HitomiGallery(1812689) from saved result

2024-02-08 21:29:13,089 <requestor-worker-0:1485659, MainThread:139827601966912> (requestor.py:_fetch_single_async:187 -> requestor.py:_check_saved_result:114) from logger `RFC.requestor`
[INFO] process requestor-worker-0 saved result found for HitomiAuthor(rubi-sama).HitomiGallery(1777778)

2024-02-08 21:29:15,127 <requestor-worker-0:1485659, MainThread:139827601966912> (events.py:_run:80 -> requestor.py:_fetch_single_async:191) from logger `RFC.requestor`
[INFO] process requestor-worker-0 task async-3 fetched HitomiAuthor(rubi-sama).HitomiGallery(1777778) from saved result

2024-02-08 21:29:15,131 <requestor-worker-0:1485659, MainThread:139827601966912> (requestor.py:_fetch_single_async:187 -> requestor.py:_check_saved_result:114) from logger `RFC.requestor`
[INFO] process requestor-worker-0 saved result found for HitomiAuthor(rubi-sama).HitomiGallery(1706112)

2024-02-08 21:29:23,349 <requestor-worker-0:1485659, MainThread:139827601966912> (events.py:_run:80 -> requestor.py:_fetch_single_async:191) from logger `RFC.requestor`
[INFO] process requestor-worker-0 task async-4 fetched HitomiAuthor(rubi-sama).HitomiGallery(1706112) from saved result

2024-02-08 21:29:23,355 <requestor-worker-0:1485659, MainThread:139827601966912> (requestor.py:_fetch_single_async:187 -> requestor.py:_check_saved_result:114) from logger `RFC.requestor`
[INFO] process requestor-worker-0 saved result found for HitomiAuthor(rubi-sama).HitomiGallery(1540236)

2024-02-08 21:29:27,654 <requestor-worker-0:1485659, MainThread:139827601966912> (events.py:_run:80 -> requestor.py:_fetch_single_async:191) from logger `RFC.requestor`
[INFO] process requestor-worker-0 task async-5 fetched HitomiAuthor(rubi-sama).HitomiGallery(1540236) from saved result

2024-02-08 21:29:27,658 <requestor-worker-0:1485659, MainThread:139827601966912> (requestor.py:_fetch_single_async:187 -> requestor.py:_check_saved_result:114) from logger `RFC.requestor`
[INFO] process requestor-worker-0 saved result found for HitomiAuthor(rubi-sama).HitomiGallery(1456388)

2024-02-08 21:29:38,002 <requestor-worker-0:1485659, MainThread:139827601966912> (events.py:_run:80 -> requestor.py:_fetch_single_async:191) from logger `RFC.requestor`
[INFO] process requestor-worker-0 task async-6 fetched HitomiAuthor(rubi-sama).HitomiGallery(1456388) from saved result

2024-02-08 21:29:38,009 <requestor-worker-0:1485659, MainThread:139827601966912> (requestor.py:_fetch_single_async:187 -> requestor.py:_check_saved_result:114) from logger `RFC.requestor`
[INFO] process requestor-worker-0 saved result found for HitomiAuthor(rubi-sama).HitomiGallery(1221110)

2024-02-08 21:29:38,961 <requestor-worker-0:1485659, MainThread:139827601966912> (events.py:_run:80 -> requestor.py:_fetch_single_async:191) from logger `RFC.requestor`
[INFO] process requestor-worker-0 task async-7 fetched HitomiAuthor(rubi-sama).HitomiGallery(1221110) from saved result

2024-02-08 21:29:38,968 <requestor-worker-0:1485659, MainThread:139827601966912> (requestor.py:_fetch_single_async:187 -> requestor.py:_check_saved_result:114) from logger `RFC.requestor`
[INFO] process requestor-worker-0 saved result found for HitomiAuthor(rubi-sama).HitomiGallery(1184030)

2024-02-08 21:29:39,966 <requestor-worker-0:1485659, MainThread:139827601966912> (events.py:_run:80 -> requestor.py:_fetch_single_async:191) from logger `RFC.requestor`
[INFO] process requestor-worker-0 task async-8 fetched HitomiAuthor(rubi-sama).HitomiGallery(1184030) from saved result

2024-02-08 21:29:40,018 <requestor-worker-0:1485659, MainThread:139827601966912> (requestor.py:_fetch_single_async:187 -> requestor.py:_check_saved_result:114) from logger `RFC.requestor`
[INFO] process requestor-worker-0 saved result found for HitomiAuthor(rubi-sama).HitomiGallery(1106239)

2024-02-08 21:29:47,745 <requestor-worker-0:1485659, MainThread:139827601966912> (events.py:_run:80 -> requestor.py:_fetch_single_async:191) from logger `RFC.requestor`
[INFO] process requestor-worker-0 task async-9 fetched HitomiAuthor(rubi-sama).HitomiGallery(1106239) from saved result

2024-02-08 21:29:47,751 <requestor-worker-0:1485659, MainThread:139827601966912> (requestor.py:_fetch_single_async:187 -> requestor.py:_check_saved_result:114) from logger `RFC.requestor`
[INFO] process requestor-worker-0 saved result found for HitomiAuthor(rubi-sama).HitomiGallery(909376)

2024-02-08 21:29:49,901 <requestor-worker-0:1485659, MainThread:139827601966912> (events.py:_run:80 -> requestor.py:_fetch_single_async:191) from logger `RFC.requestor`
[INFO] process requestor-worker-0 task async-10 fetched HitomiAuthor(rubi-sama).HitomiGallery(909376) from saved result

2024-02-08 21:29:49,906 <requestor-worker-0:1485659, MainThread:139827601966912> (requestor.py:_fetch_single_async:187 -> requestor.py:_check_saved_result:114) from logger `RFC.requestor`
[INFO] process requestor-worker-0 saved result found for HitomiAuthor(rubi-sama).HitomiGallery(1886653)

2024-02-08 21:30:02,806 <requestor-worker-0:1485659, MainThread:139827601966912> (events.py:_run:80 -> requestor.py:_fetch_single_async:191) from logger `RFC.requestor`
[INFO] process requestor-worker-0 task async-11 fetched HitomiAuthor(rubi-sama).HitomiGallery(1886653) from saved result

2024-02-08 21:30:02,821 <requestor-worker-0:1485659, MainThread:139827601966912> (events.py:_run:80 -> requestor.py:_fetch_all_asyncio:250) from logger `RFC.requestor`
[INFO] process requestor-worker-0 got HitomiAuthor(rubi-sama).HitomiGallery(1886653).HitomiImage(0727) from root queue

2024-02-08 21:30:02,835 <requestor-worker-0:1485659, MainThread:139827601966912> (events.py:_run:80 -> requestor.py:_fetch_all_asyncio:250) from logger `RFC.requestor`
[INFO] process requestor-worker-0 got HitomiAuthor(rubi-sama).HitomiGallery(1886653).HitomiImage(0760) from root queue

2024-02-08 21:30:02,846 <requestor-worker-0:1485659, MainThread:139827601966912> (events.py:_run:80 -> requestor.py:_fetch_all_asyncio:250) from logger `RFC.requestor`
[INFO] process requestor-worker-0 got HitomiAuthor(rubi-sama).HitomiGallery(1886653).HitomiImage(0716) from root queue

2024-02-08 21:30:02,855 <requestor-worker-0:1485659, MainThread:139827601966912> (events.py:_run:80 -> requestor.py:_fetch_all_asyncio:250) from logger `RFC.requestor`
[INFO] process requestor-worker-0 got HitomiAuthor(rubi-sama).HitomiGallery(1886653).HitomiImage(0710) from root queue

2024-02-08 21:30:02,865 <requestor-worker-0:1485659, MainThread:139827601966912> (events.py:_run:80 -> requestor.py:_fetch_all_asyncio:250) from logger `RFC.requestor`
[INFO] process requestor-worker-0 got HitomiAuthor(rubi-sama).HitomiGallery(1886653).HitomiImage(0704) from root queue

2024-02-08 21:30:02,874 <requestor-worker-0:1485659, MainThread:139827601966912> (events.py:_run:80 -> requestor.py:_fetch_all_asyncio:250) from logger `RFC.requestor`
[INFO] process requestor-worker-0 got HitomiAuthor(rubi-sama).HitomiGallery(1886653).HitomiImage(0698) from root queue

2024-02-08 21:30:02,883 <requestor-worker-0:1485659, MainThread:139827601966912> (events.py:_run:80 -> requestor.py:_fetch_all_asyncio:250) from logger `RFC.requestor`
[INFO] process requestor-worker-0 got HitomiAuthor(rubi-sama).HitomiGallery(1886653).HitomiImage(0692) from root queue

2024-02-08 21:30:02,892 <requestor-worker-0:1485659, MainThread:139827601966912> (events.py:_run:80 -> requestor.py:_fetch_all_asyncio:250) from logger `RFC.requestor`
[INFO] process requestor-worker-0 got HitomiAuthor(rubi-sama).HitomiGallery(1886653).HitomiImage(0685) from root queue

2024-02-08 21:30:02,901 <requestor-worker-0:1485659, MainThread:139827601966912> (events.py:_run:80 -> requestor.py:_fetch_all_asyncio:250) from logger `RFC.requestor`
[INFO] process requestor-worker-0 got HitomiAuthor(rubi-sama).HitomiGallery(1886653).HitomiImage(0681) from root queue

2024-02-08 21:30:02,908 <requestor-worker-0:1485659, MainThread:139827601966912> (events.py:_run:80 -> requestor.py:_fetch_all_asyncio:247) from logger `RFC.requestor`
[INFO] process requestor-worker-0 got 'WAIT' from root queue, WAIT

2024-02-08 21:30:02,912 <requestor-worker-0:1485659, MainThread:139827601966912> (requestor.py:_fetch_single_async:187 -> requestor.py:_check_saved_result:114) from logger `RFC.requestor`
[INFO] process requestor-worker-0 saved result found for HitomiAuthor(rubi-sama).HitomiGallery(1886653).HitomiImage(0727)

2024-02-08 21:30:02,915 <requestor-worker-0:1485659, MainThread:139827601966912> (events.py:_run:80 -> requestor.py:_fetch_single_async:191) from logger `RFC.requestor`
[INFO] process requestor-worker-0 task async-12 fetched HitomiAuthor(rubi-sama).HitomiGallery(1886653).HitomiImage(0727) from saved result

2024-02-08 21:30:02,919 <requestor-worker-0:1485659, MainThread:139827601966912> (requestor.py:_fetch_single_async:187 -> requestor.py:_check_saved_result:114) from logger `RFC.requestor`
[INFO] process requestor-worker-0 saved result found for HitomiAuthor(rubi-sama).HitomiGallery(1886653).HitomiImage(0760)

2024-02-08 21:30:02,924 <requestor-worker-0:1485659, MainThread:139827601966912> (events.py:_run:80 -> requestor.py:_fetch_single_async:191) from logger `RFC.requestor`
[INFO] process requestor-worker-0 task async-13 fetched HitomiAuthor(rubi-sama).HitomiGallery(1886653).HitomiImage(0760) from saved result

2024-02-08 21:30:02,928 <requestor-worker-0:1485659, MainThread:139827601966912> (requestor.py:_fetch_single_async:187 -> requestor.py:_check_saved_result:114) from logger `RFC.requestor`
[INFO] process requestor-worker-0 saved result found for HitomiAuthor(rubi-sama).HitomiGallery(1886653).HitomiImage(0716)

2024-02-08 21:30:02,933 <requestor-worker-0:1485659, MainThread:139827601966912> (events.py:_run:80 -> requestor.py:_fetch_single_async:191) from logger `RFC.requestor`
[INFO] process requestor-worker-0 task async-14 fetched HitomiAuthor(rubi-sama).HitomiGallery(1886653).HitomiImage(0716) from saved result

2024-02-08 21:30:02,937 <requestor-worker-0:1485659, MainThread:139827601966912> (requestor.py:_fetch_single_async:187 -> requestor.py:_check_saved_result:114) from logger `RFC.requestor`
[INFO] process requestor-worker-0 saved result found for HitomiAuthor(rubi-sama).HitomiGallery(1886653).HitomiImage(0710)

2024-02-08 21:30:02,939 <requestor-worker-0:1485659, MainThread:139827601966912> (events.py:_run:80 -> requestor.py:_fetch_single_async:191) from logger `RFC.requestor`
[INFO] process requestor-worker-0 task async-15 fetched HitomiAuthor(rubi-sama).HitomiGallery(1886653).HitomiImage(0710) from saved result

2024-02-08 21:30:02,942 <requestor-worker-0:1485659, MainThread:139827601966912> (requestor.py:_fetch_single_async:187 -> requestor.py:_check_saved_result:114) from logger `RFC.requestor`
[INFO] process requestor-worker-0 saved result found for HitomiAuthor(rubi-sama).HitomiGallery(1886653).HitomiImage(0704)

2024-02-08 21:30:02,944 <requestor-worker-0:1485659, MainThread:139827601966912> (events.py:_run:80 -> requestor.py:_fetch_single_async:191) from logger `RFC.requestor`
[INFO] process requestor-worker-0 task async-16 fetched HitomiAuthor(rubi-sama).HitomiGallery(1886653).HitomiImage(0704) from saved result

2024-02-08 21:30:02,948 <requestor-worker-0:1485659, MainThread:139827601966912> (requestor.py:_fetch_single_async:187 -> requestor.py:_check_saved_result:114) from logger `RFC.requestor`
[INFO] process requestor-worker-0 saved result found for HitomiAuthor(rubi-sama).HitomiGallery(1886653).HitomiImage(0698)

2024-02-08 21:30:02,951 <requestor-worker-0:1485659, MainThread:139827601966912> (events.py:_run:80 -> requestor.py:_fetch_single_async:191) from logger `RFC.requestor`
[INFO] process requestor-worker-0 task async-17 fetched HitomiAuthor(rubi-sama).HitomiGallery(1886653).HitomiImage(0698) from saved result

2024-02-08 21:30:02,954 <requestor-worker-0:1485659, MainThread:139827601966912> (requestor.py:_fetch_single_async:187 -> requestor.py:_check_saved_result:114) from logger `RFC.requestor`
[INFO] process requestor-worker-0 saved result found for HitomiAuthor(rubi-sama).HitomiGallery(1886653).HitomiImage(0692)

2024-02-08 21:30:02,956 <requestor-worker-0:1485659, MainThread:139827601966912> (events.py:_run:80 -> requestor.py:_fetch_single_async:191) from logger `RFC.requestor`
[INFO] process requestor-worker-0 task async-18 fetched HitomiAuthor(rubi-sama).HitomiGallery(1886653).HitomiImage(0692) from saved result

2024-02-08 21:30:02,960 <requestor-worker-0:1485659, MainThread:139827601966912> (requestor.py:_fetch_single_async:187 -> requestor.py:_check_saved_result:114) from logger `RFC.requestor`
[INFO] process requestor-worker-0 saved result found for HitomiAuthor(rubi-sama).HitomiGallery(1886653).HitomiImage(0685)

2024-02-08 21:30:02,962 <requestor-worker-0:1485659, MainThread:139827601966912> (events.py:_run:80 -> requestor.py:_fetch_single_async:191) from logger `RFC.requestor`
[INFO] process requestor-worker-0 task async-19 fetched HitomiAuthor(rubi-sama).HitomiGallery(1886653).HitomiImage(0685) from saved result

2024-02-08 21:30:02,966 <requestor-worker-0:1485659, MainThread:139827601966912> (requestor.py:_fetch_single_async:187 -> requestor.py:_check_saved_result:114) from logger `RFC.requestor`
[INFO] process requestor-worker-0 saved result found for HitomiAuthor(rubi-sama).HitomiGallery(1886653).HitomiImage(0681)

2024-02-08 21:30:02,969 <requestor-worker-0:1485659, MainThread:139827601966912> (events.py:_run:80 -> requestor.py:_fetch_single_async:191) from logger `RFC.requestor`
[INFO] process requestor-worker-0 task async-20 fetched HitomiAuthor(rubi-sama).HitomiGallery(1886653).HitomiImage(0681) from saved result

2024-02-08 21:30:03,913 <requestor-worker-0:1485659, MainThread:139827601966912> (events.py:_run:80 -> requestor.py:_fetch_all_asyncio:244) from logger `RFC.requestor`
[INFO] process requestor-worker-0 got 'QUIT' from root queue, QUIT

