2024-02-08 21:22:41,066 <Process-3:1485652, MainThread:139827601966912> (process.py:run:108 -> queue.py:report:62) from logger `RFC.rootqueue`
[INFO] 457 items added, qic = 34, aic = 67, aac = 8147

2024-02-08 21:22:51,087 <Process-3:1485652, MainThread:139827601966912> (process.py:run:108 -> queue.py:report:62) from logger `RFC.rootqueue`
[INFO] 593 items added, qic = 170, aic = 66, aac = 10167

2024-02-08 21:23:01,096 <Process-3:1485652, MainThread:139827601966912> (process.py:run:108 -> queue.py:report:62) from logger `RFC.rootqueue`
[INFO] 787 items added, qic = 364, aic = 62, aac = 11205

2024-02-08 21:23:11,109 <Process-3:1485652, MainThread:139827601966912> (process.py:run:108 -> queue.py:report:62) from logger `RFC.rootqueue`
[INFO] 913 items added, qic = 490, aic = 60, aac = 12095

2024-02-08 21:23:16,231 <Process-8:106:1487774, MainThread:139827601966912> (item.py:_add_items_sinle_process:207 -> queue.py:add:50) from logger `RFC.rootqueue`
[INFO] HitomiAuthor(rubi-sama).HitomiGallery(1525945).HitomiImage(0104) added

2024-02-08 21:23:21,120 <Process-3:1485652, MainThread:139827601966912> (process.py:run:108 -> queue.py:report:62) from logger `RFC.rootqueue`
[INFO] 1165 items added, qic = 742, aic = 57, aac = 12751

2024-02-08 21:23:31,132 <Process-3:1485652, MainThread:139827601966912> (process.py:run:108 -> queue.py:report:62) from logger `RFC.rootqueue`
[INFO] 1447 items added, qic = 111, aic = 63, aac = 13211

2024-02-08 21:23:41,145 <Process-3:1485652, MainThread:139827601966912> (process.py:run:108 -> queue.py:report:62) from logger `RFC.rootqueue`
[INFO] 1805 items added, qic = 30, aic = 52, aac = 13532

2024-02-08 21:23:45,868 <Process-5:264:1489809, MainThread:139827601966912> (item.py:_add_items_sinle_process:207 -> queue.py:add:50) from logger `RFC.rootqueue`
[INFO] HitomiAuthor(rubi-sama).HitomiGallery(1861305).HitomiImage(0131) added

2024-02-08 21:23:51,158 <Process-3:1485652, MainThread:139827601966912> (process.py:run:108 -> queue.py:report:62) from logger `RFC.rootqueue`
[INFO] 2334 items added, qic = 43, aic = 51, aac = 13634

2024-02-08 21:24:01,172 <Process-3:1485652, MainThread:139827601966912> (process.py:run:108 -> queue.py:report:62) from logger `RFC.rootqueue`
[INFO] 2906 items added, qic = 18, aic = 93, aac = 13634

2024-02-08 21:24:03,454 <Process-9:148:1491700, MainThread:139827601966912> (item.py:_add_items_sinle_process:207 -> queue.py:add:50) from logger `RFC.rootqueue`
[INFO] HitomiAuthor(rubi-sama).HitomiGallery(1246678).HitomiImage(0069) added

2024-02-08 21:24:11,191 <Process-3:1485652, MainThread:139827601966912> (process.py:run:108 -> queue.py:report:62) from logger `RFC.rootqueue`
[INFO] 3766 items added, qic = 7, aic = 82, aac = 13205

2024-02-08 21:24:14,378 <Process-12:204:1494194, MainThread:139827601966912> (item.py:_add_items_sinle_process:207 -> queue.py:add:50) from logger `RFC.rootqueue`
[INFO] HitomiAuthor(rubi-sama).HitomiGallery(960709).HitomiImage(0044) added

2024-02-08 21:24:21,225 <Process-3:1485652, MainThread:139827601966912> (process.py:run:108 -> queue.py:report:62) from logger `RFC.rootqueue`
[INFO] 4869 items added, qic = 78, aic = 46, aac = 12477

2024-02-08 21:24:23,507 <Process-4:592:1496486, MainThread:139827601966912> (item.py:_add_items_sinle_process:207 -> queue.py:add:50) from logger `RFC.rootqueue`
[INFO] HitomiAuthor(rubi-sama).HitomiGallery(1861525).HitomiImage(0295) added

2024-02-08 21:24:31,242 <Process-3:1485652, MainThread:139827601966912> (process.py:run:108 -> queue.py:report:62) from logger `RFC.rootqueue`
[INFO] 5789 items added, qic = 38, aic = 46, aac = 11909

2024-02-08 21:24:36,334 <Process-4:673:1500019, MainThread:139827601966912> (item.py:_add_items_sinle_process:207 -> queue.py:add:50) from logger `RFC.rootqueue`
[INFO] HitomiAuthor(rubi-sama).HitomiGallery(1861525).HitomiImage(0336) added

2024-02-08 21:24:41,259 <Process-3:1485652, MainThread:139827601966912> (process.py:run:108 -> queue.py:report:62) from logger `RFC.rootqueue`
[INFO] 6522 items added, qic = 51, aic = 58, aac = 11522

2024-02-08 21:24:48,620 <Process-12:439:1497168, MainThread:139827601966912> (item.py:_add_items_sinle_process:207 -> queue.py:add:50) from logger `RFC.rootqueue`
[INFO] HitomiAuthor(rubi-sama).HitomiGallery(960709).HitomiImage(0279) added

2024-02-08 21:24:51,271 <Process-3:1485652, MainThread:139827601966912> (process.py:run:108 -> queue.py:report:62) from logger `RFC.rootqueue`
[INFO] 7515 items added, qic = 64, aic = 46, aac = 10862

2024-02-08 21:24:57,643 <Process-11:762:1507423, MainThread:139827601966912> (item.py:_add_items_sinle_process:207 -> queue.py:add:50) from logger `RFC.rootqueue`
[INFO] HitomiAuthor(rubi-sama).HitomiGallery(1131217).HitomiImage(0325) added

2024-02-08 21:25:01,284 <Process-3:1485652, MainThread:139827601966912> (process.py:run:108 -> queue.py:report:62) from logger `RFC.rootqueue`
[INFO] 8504 items added, qic = 68, aic = 115, aac = 10195

2024-02-08 21:25:06,644 <Process-10:589:1511057, MainThread:139827601966912> (item.py:_add_items_sinle_process:207 -> queue.py:add:50) from logger `RFC.rootqueue`
[INFO] HitomiAuthor(rubi-sama).HitomiGallery(688579).HitomiImage(0166) added

2024-02-08 21:25:11,298 <Process-3:1485652, MainThread:139827601966912> (process.py:run:108 -> queue.py:report:62) from logger `RFC.rootqueue`
[INFO] 9798 items added, qic = 34, aic = 45, aac = 9192

2024-02-08 21:25:14,416 <Process-5:1126:1527879, MainThread:139827601966912> (item.py:_add_items_sinle_process:207 -> queue.py:add:50) from logger `RFC.rootqueue`
[INFO] HitomiAuthor(rubi-sama).HitomiGallery(1861305).HitomiImage(0562) added

2024-02-08 21:25:21,308 <Process-3:1485652, MainThread:139827601966912> (process.py:run:108 -> queue.py:report:62) from logger `RFC.rootqueue`
[INFO] 11241 items added, qic = 116, aic = 86, aac = 7992

2024-02-08 21:25:21,557 <Process-9:596:1507965, MainThread:139827601966912> (item.py:_add_items_sinle_process:207 -> queue.py:add:50) from logger `RFC.rootqueue`
[INFO] HitomiAuthor(rubi-sama).HitomiGallery(839732).HitomiImage(0326) added

2024-02-08 21:25:29,957 <Process-13:982:1524557, MainThread:139827601966912> (item.py:_add_items_sinle_process:207 -> queue.py:add:50) from logger `RFC.rootqueue`
[INFO] HitomiAuthor(rubi-sama).HitomiGallery(2749789).HitomiImage(0029) added

2024-02-08 21:25:31,324 <Process-3:1485652, MainThread:139827601966912> (process.py:run:108 -> queue.py:report:62) from logger `RFC.rootqueue`
[INFO] 12453 items added, qic = 86, aic = 43, aac = 6982

2024-02-08 21:25:38,196 <Process-10:1065:1530448, MainThread:139827601966912> (item.py:_add_items_sinle_process:207 -> queue.py:add:50) from logger `RFC.rootqueue`
[INFO] HitomiAuthor(rubi-sama).HitomiGallery(688579).HitomiImage(0642) added

2024-02-08 21:25:41,388 <Process-3:1485652, MainThread:139827601966912> (process.py:run:108 -> queue.py:report:62) from logger `RFC.rootqueue`
[INFO] 13733 items added, qic = 134, aic = 104, aac = 5922

2024-02-08 21:25:46,986 <Process-6:1230:1537282, MainThread:139827601966912> (item.py:_add_items_sinle_process:207 -> queue.py:add:50) from logger `RFC.rootqueue`
[INFO] HitomiAuthor(rubi-sama).HitomiGallery(1838940).HitomiImage(0614) added

2024-02-08 21:25:51,403 <Process-3:1485652, MainThread:139827601966912> (process.py:run:108 -> queue.py:report:62) from logger `RFC.rootqueue`
[INFO] 14812 items added, qic = 73, aic = 43, aac = 5071

2024-02-08 21:25:56,869 <Process-10:1250:1545828, MainThread:139827601966912> (item.py:_add_items_sinle_process:207 -> queue.py:add:50) from logger `RFC.rootqueue`
[INFO] HitomiAuthor(rubi-sama).HitomiGallery(688579).HitomiImage(0827) added

2024-02-08 21:26:01,428 <Process-3:1485652, MainThread:139827601966912> (process.py:run:108 -> queue.py:report:62) from logger `RFC.rootqueue`
[INFO] 15822 items added, qic = 20, aic = 82, aac = 4347

2024-02-08 21:26:06,368 <Process-15:1392:1556249, MainThread:139827601966912> (item.py:_add_items_sinle_process:207 -> queue.py:add:50) from logger `RFC.rootqueue`
[INFO] HitomiAuthor(rubi-sama).HitomiGallery(625211).HitomiImage(0417) added

2024-02-08 21:26:11,443 <Process-3:1485652, MainThread:139827601966912> (process.py:run:108 -> queue.py:report:62) from logger `RFC.rootqueue`
[INFO] 16787 items added, qic = 36, aic = 43, aac = 3659

2024-02-08 21:26:19,999 <Process-5:1516:1573530, MainThread:139827601966912> (item.py:_add_items_sinle_process:207 -> queue.py:add:50) from logger `RFC.rootqueue`
[INFO] HitomiAuthor(rubi-sama).HitomiGallery(1861305).HitomiImage(0757) added

2024-02-08 21:26:21,454 <Process-3:1485652, MainThread:139827601966912> (process.py:run:108 -> queue.py:report:62) from logger `RFC.rootqueue`
[INFO] 17503 items added, qic = 0, aic = 97, aac = 3254

2024-02-08 21:26:31,469 <Process-3:1485652, MainThread:139827601966912> (process.py:run:108 -> queue.py:report:62) from logger `RFC.rootqueue`
[INFO] 18168 items added, qic = 66, aic = 49, aac = 2940

2024-02-08 21:26:35,009 <Process-5:1624:1596537, MainThread:139827601966912> (item.py:_add_items_sinle_process:207 -> queue.py:add:50) from logger `RFC.rootqueue`
[INFO] HitomiAuthor(rubi-sama).HitomiGallery(1861305).HitomiImage(0811) added

2024-02-08 21:26:41,487 <Process-3:1485652, MainThread:139827601966912> (process.py:run:108 -> queue.py:report:62) from logger `RFC.rootqueue`
[INFO] 18923 items added, qic = 51, aic = 46, aac = 2616

2024-02-08 21:26:49,808 <Process-4:1758:1629877, MainThread:139827601966912> (item.py:_add_items_sinle_process:207 -> queue.py:add:50) from logger `RFC.rootqueue`
[INFO] HitomiAuthor(rubi-sama).HitomiGallery(1861525).HitomiImage(0878) added

2024-02-08 21:26:51,503 <Process-3:1485652, MainThread:139827601966912> (process.py:run:108 -> queue.py:report:62) from logger `RFC.rootqueue`
[INFO] 19586 items added, qic = 18, aic = 41, aac = 2557

2024-02-08 21:27:01,515 <Process-3:1485652, MainThread:139827601966912> (process.py:run:108 -> queue.py:report:62) from logger `RFC.rootqueue`
[INFO] 20466 items added, qic = 18, aic = 39, aac = 2497

2024-02-08 21:27:01,648 <Process-6:1975:1671202, MainThread:139827601966912> (item.py:_add_items_sinle_process:207 -> queue.py:add:50) from logger `RFC.rootqueue`
[INFO] HitomiAuthor(rubi-sama).HitomiGallery(1838940).HitomiImage(0987) added

2024-02-08 21:27:11,278 <Process-4:2190:1704297, MainThread:139827601966912> (item.py:_add_items_sinle_process:207 -> queue.py:add:50) from logger `RFC.rootqueue`
[INFO] HitomiAuthor(rubi-sama).HitomiGallery(1861525).HitomiImage(1094) added

2024-02-08 21:27:11,530 <Process-3:1485652, MainThread:139827601966912> (process.py:run:108 -> queue.py:report:62) from logger `RFC.rootqueue`
[INFO] 21532 items added, qic = 19, aic = 52, aac = 2372

2024-02-08 21:27:19,343 <Process-6:2391:1724752, MainThread:139827601966912> (item.py:_add_items_sinle_process:207 -> queue.py:add:50) from logger `RFC.rootqueue`
[INFO] HitomiAuthor(rubi-sama).HitomiGallery(1838940).HitomiImage(1195) added

2024-02-08 21:27:21,551 <Process-3:1485652, MainThread:139827601966912> (process.py:run:108 -> queue.py:report:62) from logger `RFC.rootqueue`
[INFO] 22805 items added, qic = 125, aic = 31, aac = 1888

2024-02-08 21:27:27,355 <Process-6:2573:1740535, MainThread:139827601966912> (item.py:_add_items_sinle_process:207 -> queue.py:add:50) from logger `RFC.rootqueue`
[INFO] HitomiAuthor(rubi-sama).HitomiGallery(1731737).HitomiImage(0056) added

2024-02-08 21:27:31,612 <Process-3:1485652, MainThread:139827601966912> (process.py:run:108 -> queue.py:report:62) from logger `RFC.rootqueue`
[INFO] 24127 items added, qic = 158, aic = 58, aac = 1457

2024-02-08 21:27:36,023 <Process-6:2821:1757080, MainThread:139827601966912> (item.py:_add_items_sinle_process:207 -> queue.py:add:50) from logger `RFC.rootqueue`
[INFO] HitomiAuthor(rubi-sama).HitomiGallery(1731737).HitomiImage(0180) added

2024-02-08 21:27:41,630 <Process-3:1485652, MainThread:139827601966912> (process.py:run:108 -> queue.py:report:62) from logger `RFC.rootqueue`
[INFO] 25219 items added, qic = 7, aic = 36, aac = 1569

2024-02-08 21:27:45,461 <Process-5:3043:1774379, MainThread:139827601966912> (item.py:_add_items_sinle_process:207 -> queue.py:add:50) from logger `RFC.rootqueue`
[INFO] HitomiAuthor(rubi-sama).HitomiGallery(1457586).HitomiImage(0211) added

2024-02-08 21:27:51,653 <Process-3:1485652, MainThread:139827601966912> (process.py:run:108 -> queue.py:report:62) from logger `RFC.rootqueue`
[INFO] 26431 items added, qic = 122, aic = 30, aac = 1667

2024-02-08 21:27:52,964 <Process-6:3332:1786279, MainThread:139827601966912> (item.py:_add_items_sinle_process:207 -> queue.py:add:50) from logger `RFC.rootqueue`
[INFO] HitomiAuthor(rubi-sama).HitomiGallery(1731737).HitomiImage(0435) added

2024-02-08 21:28:01,513 <Process-4:3579:1798718, MainThread:139827601966912> (item.py:_add_items_sinle_process:207 -> queue.py:add:50) from logger `RFC.rootqueue`
[INFO] HitomiAuthor(rubi-sama).HitomiGallery(1861527).HitomiImage(0276) added

2024-02-08 21:28:01,726 <Process-3:1485652, MainThread:139827601966912> (process.py:run:108 -> queue.py:report:62) from logger `RFC.rootqueue`
[INFO] 27680 items added, qic = 48, aic = 134, aac = 1479

2024-02-08 21:28:10,001 <Process-7:3861:1811996, MainThread:139827601966912> (item.py:_add_items_sinle_process:207 -> queue.py:add:50) from logger `RFC.rootqueue`
[INFO] HitomiAuthor(rubi-sama).HitomiGallery(1718804).HitomiImage(0511) added

2024-02-08 21:28:11,737 <Process-3:1485652, MainThread:139827601966912> (process.py:run:108 -> queue.py:report:62) from logger `RFC.rootqueue`
[INFO] 28864 items added, qic = 77, aic = 26, aac = 1594

2024-02-08 21:28:18,388 <Process-7:4072:1821518, MainThread:139827601966912> (item.py:_add_items_sinle_process:207 -> queue.py:add:50) from logger `RFC.rootqueue`
[INFO] HitomiAuthor(rubi-sama).HitomiGallery(1718804).HitomiImage(0616) added

2024-02-08 21:28:21,748 <Process-3:1485652, MainThread:139827601966912> (process.py:run:108 -> queue.py:report:62) from logger `RFC.rootqueue`
[INFO] 30105 items added, qic = 36, aic = 26, aac = 1552

2024-02-08 21:28:26,873 <Process-6:4367:1836732, MainThread:139827601966912> (item.py:_add_items_sinle_process:207 -> queue.py:add:50) from logger `RFC.rootqueue`
[INFO] HitomiAuthor(rubi-sama).HitomiGallery(1731737).HitomiImage(0953) added

2024-02-08 21:28:31,761 <Process-3:1485652, MainThread:139827601966912> (process.py:run:108 -> queue.py:report:62) from logger `RFC.rootqueue`
[INFO] 31373 items added, qic = 31, aic = 22, aac = 1416

2024-02-08 21:28:34,647 <Process-5:4542:1848560, MainThread:139827601966912> (item.py:_add_items_sinle_process:207 -> queue.py:add:50) from logger `RFC.rootqueue`
[INFO] HitomiAuthor(rubi-sama).HitomiGallery(839209).HitomiImage(0666) added

2024-02-08 21:28:41,778 <Process-3:1485652, MainThread:139827601966912> (process.py:run:108 -> queue.py:report:62) from logger `RFC.rootqueue`
[INFO] 32563 items added, qic = 35, aic = 19, aac = 1219

2024-02-08 21:28:43,200 <Process-5:4839:1864894, MainThread:139827601966912> (item.py:_add_items_sinle_process:207 -> queue.py:add:50) from logger `RFC.rootqueue`
[INFO] HitomiAuthor(rubi-sama).HitomiGallery(839209).HitomiImage(0963) added

2024-02-08 21:28:50,914 <Process-6:5220:1876540, MainThread:139827601966912> (item.py:_add_items_sinle_process:207 -> queue.py:add:50) from logger `RFC.rootqueue`
[INFO] HitomiAuthor(rubi-sama).HitomiGallery(1731737).HitomiImage(1379) added

2024-02-08 21:28:51,822 <Process-3:1485652, MainThread:139827601966912> (process.py:run:108 -> queue.py:report:62) from logger `RFC.rootqueue`
[INFO] 33892 items added, qic = 133, aic = 161, aac = 596

2024-02-08 21:28:59,683 <Process-4:5568:1897940, MainThread:139827601966912> (item.py:_add_items_sinle_process:207 -> queue.py:add:50) from logger `RFC.rootqueue`
[INFO] HitomiAuthor(rubi-sama).HitomiGallery(1861527).HitomiImage(1270) added

2024-02-08 21:29:01,876 <Process-3:1485652, MainThread:139827601966912> (process.py:run:108 -> queue.py:report:62) from logger `RFC.rootqueue`
[INFO] 35092 items added, qic = 55, aic = 17, aac = 345

2024-02-08 21:29:07,748 <Process-6:5937:1914589, MainThread:139827601966912> (item.py:_add_items_sinle_process:207 -> queue.py:add:50) from logger `RFC.rootqueue`
[INFO] HitomiAuthor(rubi-sama).HitomiGallery(1474457).HitomiImage(0056) added

2024-02-08 21:29:11,888 <Process-3:1485652, MainThread:139827601966912> (process.py:run:108 -> queue.py:report:62) from logger `RFC.rootqueue`
[INFO] 36326 items added, qic = 101, aic = 12, aac = 35

2024-02-08 21:29:17,009 <Process-6:6391:1926668, MainThread:139827601966912> (item.py:_add_items_sinle_process:207 -> queue.py:add:50) from logger `RFC.rootqueue`
[INFO] HitomiAuthor(rubi-sama).HitomiGallery(839731).HitomiImage(0319) added

2024-02-08 21:29:21,918 <Process-3:1485652, MainThread:139827601966912> (process.py:run:108 -> queue.py:report:62) from logger `RFC.rootqueue`
[INFO] 37484 items added, qic = 43, aic = 178, aac = 10

2024-02-08 21:29:25,150 <Process-6:6973:1939221, MainThread:139827601966912> (item.py:_add_items_sinle_process:207 -> queue.py:add:50) from logger `RFC.rootqueue`
[INFO] HitomiAuthor(rubi-sama).HitomiGallery(839731).HitomiImage(0901) added

2024-02-08 21:29:31,944 <Process-3:1485652, MainThread:139827601966912> (process.py:run:108 -> queue.py:report:62) from logger `RFC.rootqueue`
[INFO] 38710 items added, qic = 7, aic = 65, aac = 9

2024-02-08 21:29:33,707 <Process-6:7649:1950072, MainThread:139827601966912> (item.py:_add_items_sinle_process:207 -> queue.py:add:50) from logger `RFC.rootqueue`
[INFO] HitomiAuthor(rubi-sama).HitomiGallery(839731).HitomiImage(1577) added

2024-02-08 21:29:41,958 <Process-3:1485652, MainThread:139827601966912> (process.py:run:108 -> queue.py:report:62) from logger `RFC.rootqueue`
[INFO] 39658 items added, qic = 80, aic = 24, aac = 6

2024-02-08 21:29:44,119 <Process-4:8143:1963679, MainThread:139827601966912> (item.py:_add_items_sinle_process:207 -> queue.py:add:50) from logger `RFC.rootqueue`
[INFO] HitomiAuthor(rubi-sama).HitomiGallery(1106239).HitomiImage(0412) added

2024-02-08 21:29:51,973 <Process-3:1485652, MainThread:139827601966912> (process.py:run:108 -> queue.py:report:62) from logger `RFC.rootqueue`
[INFO] 40685 items added, qic = 6, aic = 68, aac = 5

2024-02-08 21:29:54,165 <Process-4:9167:1975626, MainThread:139827601966912> (item.py:_add_items_sinle_process:207 -> queue.py:add:50) from logger `RFC.rootqueue`
[INFO] HitomiAuthor(rubi-sama).HitomiGallery(1886653).HitomiImage(0205) added

2024-02-08 21:30:01,987 <Process-3:1485652, MainThread:139827601966912> (process.py:run:108 -> queue.py:report:62) from logger `RFC.rootqueue`
[INFO] 41941 items added, qic = 39, aic = 1, aac = 10

2024-02-08 21:30:02,242 <Process-4:10191:1988380, MainThread:139827601966912> (item.py:_add_items_sinle_process:207 -> queue.py:add:50) from logger `RFC.rootqueue`
[INFO] HitomiAuthor(rubi-sama).HitomiGallery(1886653).HitomiImage(0717) added

2024-02-08 21:30:11,996 <Process-3:1485652, MainThread:139827601966912> (process.py:run:108 -> queue.py:report:60) from logger `RFC.rootqueue`
[INFO] all items finished, RootQueue will be closed

