
checking integrity...

[2023-05-09 17:37:55] [INFO] custom __init__.py for path 'RFC'
[2023-05-09 17:37:55] [INFO] system predefined __init__.py for path 'RFC/itemset'
[2023-05-09 17:37:55] [INFO] custom __init__.py for path 'RFC/user'
[2023-05-09 17:37:55] [INFO] system predefined __init__.py for path 'RFC/requestor'
[2023-05-09 17:37:55] [INFO] system predefined __init__.py for path 'RFC/requestor/session'
[2023-05-09 17:37:55] [INFO] system predefined __init__.py for path 'RFC/requestor/session/arguments'
[2023-05-09 17:37:55] [INFO] system predefined __init__.py for path 'RFC/requestor/session/arguments/params'
[2023-05-09 17:37:55] [INFO] system predefined __init__.py for path 'RFC/requestor/session/arguments/payload'
[2023-05-09 17:37:55] [INFO] system predefined __init__.py for path 'RFC/requestor/session/arguments/proxies'
[2023-05-09 17:37:55] [INFO] system predefined __init__.py for path 'RFC/requestor/session/arguments/url'
[2023-05-09 17:37:55] [INFO] system predefined __init__.py for path 'RFC/requestor/session/arguments/headers'
[2023-05-09 17:37:55] [INFO] system predefined __init__.py for path 'RFC/requestor/session/arguments/headers/user-agent'
[2023-05-09 17:37:55] [INFO] system predefined __init__.py for path 'RFC/requestor/session/arguments/headers/base'
[2023-05-09 17:37:55] [INFO] system predefined __init__.py for path 'RFC/requestor/session/arguments/headers/referer'
[2023-05-09 17:37:55] [INFO] system predefined __init__.py for path 'RFC/requestor/session/arguments/cookies'
[2023-05-09 17:37:55] [INFO] system predefined __init__.py for path 'RFC/requestor/session/middleware'

Done.

compiling modules...


Done.