{'RFC.itemset.itemset': ModuleLeaves(name='RFC.itemset.itemset',
                                     is_system=True,
                                     has_init=True,
                                     leaves={'get_itemset': (<function get_itemset at 0x7fad3c37ae60>,
                                                             'system'),
                                             'init': (<function init at 0x7fad3c4525f0>,
                                                      'init')},
                                     is_finished=True),
 'RFC.requestor.requestor': ModuleLeaves(name='RFC.requestor.requestor',
                                         is_system=True,
                                         has_init=True,
                                         leaves={'get_requestor': (<function get_requestor at 0x7fad2cae4b80>,
                                                                   'system'),
                                                 'init': (<function init at 0x7fad3c3a5900>,
                                                          'init')},
                                         is_finished=True),
 'RFC.requestor.session.arguments.arguments': ModuleLeaves(name='RFC.requestor.session.arguments.arguments',
                                                           is_system=True,
                                                           has_init=True,
                                                           leaves={'get_arguments': (<function get_arguments at 0x7fad2cf19cf0>,
                                                                                     'system'),
                                                                   'init': (<function init at 0x7fad2cf18550>,
                                                                            'init')},
                                                           is_finished=True),
 'RFC.requestor.session.arguments.cookies.cookies': ModuleLeaves(name='RFC.requestor.session.arguments.cookies.cookies',
                                                                 is_system=False,
                                                                 has_init=True,
                                                                 leaves={'init': (<function init at 0x7fad2cae7520>,
                                                                                  'init'),
                                                                         'passin': (<function passin at 0x7fad2cb2c0d0>,
                                                                                    'normal'),
                                                                         'read_from_file_by_rank': (<function read_from_file_by_rank at 0x7fad2cb2c160>,
                                                                                                    'normal')},
                                                                 is_finished=True),
 'RFC.requestor.session.arguments.headers.base.base': ModuleLeaves(name='RFC.requestor.session.arguments.headers.base.base',
                                                                   is_system=False,
                                                                   has_init=True,
                                                                   leaves={'fixed': (<function fixed at 0x7fad2cb2c8b0>,
                                                                                     'normal'),
                                                                           'init': (<function init at 0x7fad2cb2c700>,
                                                                                    'init'),
                                                                           'passin': (<function passin at 0x7fad2cb2ca60>,
                                                                                      'normal'),
                                                                           'switch': (<function switch at 0x7fad2cb2cb80>,
                                                                                      'normal')},
                                                                   is_finished=True),
 'RFC.requestor.session.arguments.headers.headers': ModuleLeaves(name='RFC.requestor.session.arguments.headers.headers',
                                                                 is_system=False,
                                                                 has_init=True,
                                                                 leaves={'init': (<function init at 0x7fad2cb2cdc0>,
                                                                                  'init')},
                                                                 is_finished=True),
 'RFC.requestor.session.arguments.headers.referer.referer': ModuleLeaves(name='RFC.requestor.session.arguments.headers.referer.referer',
                                                                         is_system=False,
                                                                         has_init=True,
                                                                         leaves={'fixed': (<function fixed at 0x7fad2cb2d5a0>,
                                                                                           'normal'),
                                                                                 'from_url': (<function from_url at 0x7fad2cb2d480>,
                                                                                              'normal'),
                                                                                 'from_url_once': (<function from_url_once at 0x7fad2cb2d2d0>,
                                                                                                   'normal'),
                                                                                 'init': (<function init at 0x7fad2cb2d1b0>,
                                                                                          'init'),
                                                                                 'none': (<function none at 0x7fad2cb2d6c0>,
                                                                                          'normal')},
                                                                         is_finished=True),
 'RFC.requestor.session.arguments.headers.user-agent.user-agent': ModuleLeaves(name='RFC.requestor.session.arguments.headers.user-agent.user-agent',
                                                                               is_system=False,
                                                                               has_init=True,
                                                                               leaves={'fixed': (<function fixed at 0x7fad2ca124d0>,
                                                                                                 'normal'),
                                                                                       'init': (<function init at 0x7fad2ca12290>,
                                                                                                'init'),
                                                                                       'none': (<function none at 0x7fad2ca12710>,
                                                                                                'normal'),
                                                                                       'random_fake': (<function random_fake at 0x7fad2ca125f0>,
                                                                                                       'normal')},
                                                                               is_finished=True),
 'RFC.requestor.session.arguments.params.params': ModuleLeaves(name='RFC.requestor.session.arguments.params.params',
                                                               is_system=False,
                                                               has_init=True,
                                                               leaves={'fixed': (<function fixed at 0x7fad2ca12dd0>,
                                                                                 'normal'),
                                                                       'init': (<function init at 0x7fad2ca12b00>,
                                                                                'init'),
                                                                       'passin': (<function passin at 0x7fad2ca12e60>,
                                                                                  'normal')},
                                                               is_finished=True),
 'RFC.requestor.session.arguments.payload.payload': ModuleLeaves(name='RFC.requestor.session.arguments.payload.payload',
                                                                 is_system=False,
                                                                 has_init=True,
                                                                 leaves={'fixed': (<function fixed at 0x7fad2ca13520>,
                                                                                   'normal'),
                                                                         'init': (<function init at 0x7fad2ca13250>,
                                                                                  'init'),
                                                                         'passin': (<function passin at 0x7fad2ca135b0>,
                                                                                    'normal')},
                                                                 is_finished=True),
 'RFC.requestor.session.arguments.proxies.proxies': ModuleLeaves(name='RFC.requestor.session.arguments.proxies.proxies',
                                                                 is_system=False,
                                                                 has_init=True,
                                                                 leaves={'fixed': (<function fixed at 0x7fad2ca34e50>,
                                                                                   'normal'),
                                                                         'init': (<function init at 0x7fad2ca13a30>,
                                                                                  'init'),
                                                                         'login': (<function login at 0x7fad2ca35000>,
                                                                                   'normal'),
                                                                         'off': (<function off at 0x7fad2ca13b50>,
                                                                                 'normal')},
                                                                 is_finished=True),
 'RFC.requestor.session.arguments.url.url': ModuleLeaves(name='RFC.requestor.session.arguments.url.url',
                                                         is_system=False,
                                                         has_init=True,
                                                         leaves={'init': (<function init at 0x7fad2ca353f0>,
                                                                          'init'),
                                                                 'passin': (<function passin at 0x7fad2ca35510>,
                                                                            'normal')},
                                                         is_finished=True),
 'RFC.requestor.session.middleware.middleware': ModuleLeaves(name='RFC.requestor.session.middleware.middleware',
                                                             is_system=True,
                                                             has_init=True,
                                                             leaves={'get_middleware': (<function get_middleware at 0x7fad2ca36b90>,
                                                                                        'system'),
                                                                     'init': (<function init at 0x7fad2ca35a20>,
                                                                              'init')},
                                                             is_finished=True),
 'RFC.requestor.session.session': ModuleLeaves(name='RFC.requestor.session.session',
                                               is_system=True,
                                               has_init=True,
                                               leaves={'get_session': (<function get_session at 0x7fad2cae4280>,
                                                                       'system'),
                                                       'init': (<function init at 0x7fad2ceb25f0>,
                                                                'init')},
                                               is_finished=True)}
