[2023-05-09 23:25:37] (Project, from RFC.user.project.BaseProject) [INFO] Project MyFirstProject launched.

Project Configurations:
{
    "name": "MyProject",
    "project_config_path": "./configs",
    "project_debug_log_path": "./project_debug.log",
    "project_error_path": "./errors",
    "project_info_path": "./project_info.json",
    "project_log_path": "./logs",
    "project_name": "MyFirstProject",
    "project_raw_path": "./rawitems",
    "project_result_path": "./saves",
    "project_root": "/remote-home/qhgao/Workspace/Datasets/Crawlers/TMP/workdir/MyFirstProject",
    "project_run_log_path": "./project_run.log"
}

[2023-05-09 23:25:37] (Itemset, from RFC.itemset.BaseItemset) [WARN] Param 'params' is not set, use {} instead.
[2023-05-09 23:25:47] (Requestor.Error, from RFC.requestor.BaseRequestor) [ERROR] Error fetching fetching illust_200014: 

[2023-05-09 23:25:57] (Requestor.Error, from RFC.requestor.BaseRequestor) [ERROR] Error fetching fetching illust_200017: 

[2023-05-09 23:26:07] (Requestor.Error, from RFC.requestor.BaseRequestor) [ERROR] Error fetching fetching illust_200018: 

[2023-05-09 23:26:17] (Requestor.Error, from RFC.requestor.BaseRequestor) [ERROR] Error fetching fetching illust_200011: 

[2023-05-09 23:26:27] (Requestor.Error, from RFC.requestor.BaseRequestor) [ERROR] Error fetching fetching illust_200012: 

[2023-05-09 23:26:37] (Requestor.Error, from RFC.requestor.BaseRequestor) [ERROR] Error fetching fetching illust_200019: 

[2023-05-09 23:26:47] (Requestor.Error, from RFC.requestor.BaseRequestor) [ERROR] Error fetching fetching illust_200016: 

[2023-05-09 23:26:57] (Requestor.Error, from RFC.requestor.BaseRequestor) [ERROR] Error fetching fetching illust_200013: 

[2023-05-09 23:27:07] (Requestor.Error, from RFC.requestor.BaseRequestor) [ERROR] Error fetching fetching illust_200010: 

[2023-05-09 23:27:17] (Requestor.Error, from RFC.requestor.BaseRequestor) [ERROR] Error fetching fetching illust_200015: 

