  adding: csaves/ (stored 0%)
  adding: csaves/bin/ (stored 0%)
  adding: csaves/json/ (stored 0%)
  adding: csaves/json/path_text_mapping_87.json (deflated 91%)
  adding: csaves/json/path_text_mapping_53.json (deflated 91%)
  adding: csaves/json/path_text_mapping_96.json (deflated 91%)
  adding: csaves/json/path_text_mapping_105.json (deflated 91%)
  adding: csaves/json/path_text_mapping_239.json (deflated 91%)
  adding: csaves/json/path_text_mapping_164.json (deflated 91%)
  adding: csaves/json/path_text_mapping_197.json (deflated 91%)
  adding: csaves/json/path_text_mapping_140.json (deflated 91%)
  adding: csaves/json/path_text_mapping_144.json (deflated 91%)
  adding: csaves/json/path_text_mapping_204.json (deflated 91%)
  adding: csaves/json/path_text_mapping_99.json (deflated 91%)
  adding: csaves/json/path_text_mapping_43.json (deflated 91%)
  adding: csaves/json/path_text_mapping_162.json (deflated 91%)
  adding: csaves/json/path_text_mapping_151.json (deflated 91%)
  adding: csaves/json/path_text_mapping_83.json (deflated 91%)
  adding: csaves/json/path_text_mapping_122.json (deflated 91%)
  adding: csaves/json/path_text_mapping_32.json (deflated 91%)
  adding: csaves/json/path_text_mapping_98.json (deflated 91%)
  adding: csaves/json/path_text_mapping_97.json (deflated 91%)
  adding: csaves/json/path_text_mapping_159.json (deflated 91%)
  adding: csaves/json/path_text_mapping_17.json (deflated 91%)
  adding: csaves/json/path_text_mapping_200.json (deflated 91%)
  adding: csaves/json/path_text_mapping_104.json (deflated 91%)
  adding: csaves/json/path_text_mapping_137.json (deflated 91%)
  adding: csaves/json/path_text_mapping_40.json (deflated 91%)
  adding: csaves/json/path_text_mapping_224.json (deflated 91%)
  adding: csaves/json/path_text_mapping_232.json (deflated 91%)
  adding: csaves/json/path_text_mapping_191.json (deflated 91%)
  adding: csaves/json/path_text_mapping_201.json (deflated 91%)
  adding: csaves/json/path_text_mapping_54.json (deflated 91%)
  adding: csaves/json/path_text_mapping_13.json (deflated 91%)
  adding: csaves/json/path_text_mapping_126.json (deflated 91%)
  adding: csaves/json/path_text_mapping_147.json (deflated 91%)
  adding: csaves/json/path_text_mapping_179.json (deflated 91%)
  adding: csaves/json/path_text_mapping_203.json (deflated 91%)
  adding: csaves/json/path_text_mapping_23.json (deflated 91%)
  adding: csaves/json/path_text_mapping_202.json (deflated 91%)
  adding: csaves/json/path_text_mapping_195.json (deflated 91%)
  adding: csaves/json/path_text_mapping_123.json (deflated 91%)
  adding: csaves/json/path_text_mapping_95.json (deflated 91%)
  adding: csaves/json/path_text_mapping_237.json (deflated 91%)
  adding: csaves/json/path_text_mapping_211.json (deflated 91%)
  adding: csaves/json/path_text_mapping_132.json (deflated 91%)
  adding: csaves/json/path_text_mapping_9.json (deflated 91%)
  adding: csaves/json/path_text_mapping_21.json (deflated 91%)
  adding: csaves/json/path_text_mapping_74.json (deflated 91%)
  adding: csaves/json/path_text_mapping_35.json (deflated 91%)
  adding: csaves/json/path_text_mapping_84.json (deflated 91%)
  adding: csaves/json/path_text_mapping_166.json (deflated 91%)
  adding: csaves/json/path_text_mapping_45.json (deflated 91%)
  adding: csaves/json/path_text_mapping_160.json (deflated 91%)
  adding: csaves/json/path_text_mapping_198.json (deflated 91%)
  adding: csaves/json/path_text_mapping_60.json (deflated 91%)
  adding: csaves/json/path_text_mapping_190.json (deflated 91%)
  adding: csaves/json/path_text_mapping_236.json (deflated 91%)
  adding: csaves/json/path_text_mapping_42.json (deflated 91%)
  adding: csaves/json/path_text_mapping_177.json (deflated 91%)
  adding: csaves/json/path_text_mapping_146.json (deflated 91%)
  adding: csaves/json/path_text_mapping_217.json (deflated 91%)
  adding: csaves/json/path_text_mapping_82.json (deflated 91%)
  adding: csaves/json/path_text_mapping_101.json (deflated 91%)
  adding: csaves/json/path_text_mapping_37.json (deflated 91%)
  adding: csaves/json/path_text_mapping_194.json (deflated 91%)
  adding: csaves/json/path_text_mapping_192.json (deflated 91%)
  adding: csaves/json/path_text_mapping_5.json (deflated 91%)
  adding: csaves/json/path_text_mapping_33.json (deflated 91%)
  adding: csaves/json/path_text_mapping_238.json (deflated 91%)
  adding: csaves/json/path_text_mapping_171.json (deflated 91%)
  adding: csaves/json/path_text_mapping_10.json (deflated 91%)
  adding: csaves/json/path_text_mapping_143.json (deflated 91%)
  adding: csaves/json/path_text_mapping_172.json (deflated 91%)
  adding: csaves/json/path_text_mapping_185.json (deflated 91%)
  adding: csaves/json/path_text_mapping_189.json (deflated 91%)
  adding: csaves/json/path_text_mapping_22.json (deflated 91%)
  adding: csaves/json/path_text_mapping_50.json (deflated 91%)
  adding: csaves/json/path_text_mapping_109.json (deflated 91%)
  adding: csaves/json/path_text_mapping_63.json (deflated 91%)
  adding: csaves/json/path_text_mapping_61.json (deflated 91%)
  adding: csaves/json/path_text_mapping_154.json (deflated 91%)
  adding: csaves/json/path_text_mapping_156.json (deflated 91%)
  adding: csaves/json/path_text_mapping_4.json (deflated 91%)
  adding: csaves/json/path_text_mapping_149.json (deflated 91%)
  adding: csaves/json/path_text_mapping_168.json (deflated 91%)
  adding: csaves/json/path_text_mapping_100.json (deflated 91%)
  adding: csaves/json/path_text_mapping_52.json (deflated 91%)
  adding: csaves/json/path_text_mapping_70.json (deflated 91%)
  adding: csaves/json/path_text_mapping_116.json (deflated 91%)
  adding: csaves/json/path_text_mapping_89.json (deflated 91%)
  adding: csaves/json/path_text_mapping_240.json (deflated 91%)
  adding: csaves/json/path_text_mapping_233.json (deflated 91%)
  adding: csaves/json/path_text_mapping_26.json (deflated 91%)
  adding: csaves/json/path_text_mapping_205.json (deflated 91%)
  adding: csaves/json/path_text_mapping_152.json (deflated 91%)
  adding: csaves/json/path_text_mapping_108.json (deflated 91%)
  adding: csaves/json/path_text_mapping_150.json (deflated 91%)
  adding: csaves/json/path_text_mapping_34.json (deflated 91%)
  adding: csaves/json/path_text_mapping_169.json (deflated 91%)
  adding: csaves/json/path_text_mapping_92.json (deflated 91%)
  adding: csaves/json/path_text_mapping_81.json (deflated 91%)
  adding: csaves/json/path_text_mapping_80.json (deflated 91%)
  adding: csaves/json/path_text_mapping_145.json (deflated 91%)
  adding: csaves/json/path_text_mapping_130.json (deflated 91%)
  adding: csaves/json/path_text_mapping_214.json (deflated 91%)
  adding: csaves/json/path_text_mapping_59.json (deflated 91%)
  adding: csaves/json/path_text_mapping_90.json (deflated 91%)
  adding: csaves/json/path_text_mapping_62.json (deflated 91%)
  adding: csaves/json/path_text_mapping_111.json (deflated 91%)
  adding: csaves/json/path_text_mapping_6.json (deflated 91%)
  adding: csaves/json/path_text_mapping_102.json (deflated 91%)
  adding: csaves/json/path_text_mapping_44.json (deflated 91%)
  adding: csaves/json/path_text_mapping_15.json (deflated 91%)
  adding: csaves/json/path_text_mapping_226.json (deflated 91%)
  adding: csaves/json/path_text_mapping_47.json (deflated 91%)
  adding: csaves/json/path_text_mapping_207.json (deflated 91%)
  adding: csaves/json/path_text_mapping_3.json (deflated 91%)
  adding: csaves/json/path_text_mapping_19.json (deflated 91%)
  adding: csaves/json/path_text_mapping_114.json (deflated 91%)
  adding: csaves/json/path_text_mapping_175.json (deflated 91%)
  adding: csaves/json/path_text_mapping_199.json (deflated 91%)
  adding: csaves/json/path_text_mapping_85.json (deflated 91%)
  adding: csaves/json/path_text_mapping_1.json (deflated 91%)
  adding: csaves/json/path_text_mapping_213.json (deflated 91%)
  adding: csaves/json/path_text_mapping_36.json (deflated 91%)
  adding: csaves/json/path_text_mapping_215.json (deflated 91%)
  adding: csaves/json/path_text_mapping_170.json (deflated 91%)
  adding: csaves/json/path_text_mapping_218.json (deflated 91%)
  adding: csaves/json/path_text_mapping_183.json (deflated 91%)
  adding: csaves/json/path_text_mapping_73.json (deflated 91%)
  adding: csaves/json/path_text_mapping_138.json (deflated 91%)
  adding: csaves/json/path_text_mapping_58.json (deflated 91%)
  adding: csaves/json/path_text_mapping_209.json (deflated 91%)
  adding: csaves/json/path_text_mapping_206.json (deflated 91%)
  adding: csaves/json/path_text_mapping_184.json (deflated 91%)
  adding: csaves/json/path_text_mapping_134.json (deflated 91%)
  adding: csaves/json/path_text_mapping_229.json (deflated 91%)
  adding: csaves/json/path_text_mapping_67.json (deflated 91%)
  adding: csaves/json/path_text_mapping_65.json (deflated 91%)
  adding: csaves/json/path_text_mapping_11.json (deflated 91%)
  adding: csaves/json/path_text_mapping_141.json (deflated 91%)
  adding: csaves/json/path_text_mapping_72.json (deflated 91%)
  adding: csaves/json/path_text_mapping_78.json (deflated 91%)
  adding: csaves/json/path_text_mapping_2.json (deflated 91%)
  adding: csaves/json/path_text_mapping_212.json (deflated 91%)
  adding: csaves/json/path_text_mapping_30.json (deflated 91%)
  adding: csaves/json/path_text_mapping_220.json (deflated 91%)
  adding: csaves/json/path_text_mapping_225.json (deflated 91%)
  adding: csaves/json/path_text_mapping_25.json (deflated 91%)
  adding: csaves/json/path_text_mapping_93.json (deflated 91%)
  adding: csaves/json/path_text_mapping_210.json (deflated 91%)
  adding: csaves/json/path_text_mapping_234.json (deflated 91%)
  adding: csaves/json/path_text_mapping_88.json (deflated 91%)
  adding: csaves/json/path_text_mapping_107.json (deflated 91%)
  adding: csaves/json/path_text_mapping_142.json (deflated 91%)
  adding: csaves/json/path_text_mapping_76.json (deflated 91%)
  adding: csaves/json/path_text_mapping_118.json (deflated 91%)
  adding: csaves/json/path_text_mapping_223.json (deflated 91%)
  adding: csaves/json/path_text_mapping_14.json (deflated 91%)
  adding: csaves/json/path_text_mapping_153.json (deflated 91%)
  adding: csaves/json/path_text_mapping_165.json (deflated 91%)
  adding: csaves/json/path_text_mapping_91.json (deflated 91%)
  adding: csaves/json/path_text_mapping_27.json (deflated 91%)
  adding: csaves/json/path_text_mapping_112.json (deflated 91%)
  adding: csaves/json/path_text_mapping_129.json (deflated 91%)
  adding: csaves/json/path_text_mapping_16.json (deflated 91%)
  adding: csaves/json/path_text_mapping_41.json (deflated 91%)
  adding: csaves/json/path_text_mapping_66.json (deflated 91%)
  adding: csaves/json/path_text_mapping_187.json (deflated 91%)
  adding: csaves/json/path_text_mapping_155.json (deflated 91%)
  adding: csaves/json/path_text_mapping_31.json (deflated 91%)
  adding: csaves/json/path_text_mapping_39.json (deflated 91%)
  adding: csaves/json/path_text_mapping_222.json (deflated 91%)
  adding: csaves/json/path_text_mapping_79.json (deflated 91%)
  adding: csaves/json/path_text_mapping_49.json (deflated 91%)
  adding: csaves/json/path_text_mapping_227.json (deflated 91%)
  adding: csaves/json/path_text_mapping_208.json (deflated 91%)
  adding: csaves/json/path_text_mapping_46.json (deflated 91%)
  adding: csaves/json/path_text_mapping_128.json (deflated 91%)
  adding: csaves/json/path_text_mapping_18.json (deflated 91%)
  adding: csaves/json/path_text_mapping_131.json (deflated 91%)
  adding: csaves/json/path_text_mapping_193.json (deflated 91%)
  adding: csaves/json/path_text_mapping_38.json (deflated 91%)
  adding: csaves/json/path_text_mapping_188.json (deflated 91%)
  adding: csaves/json/path_text_mapping_56.json (deflated 91%)
  adding: csaves/json/path_text_mapping_68.json (deflated 91%)
  adding: csaves/json/path_text_mapping_7.json (deflated 91%)
  adding: csaves/json/path_text_mapping_230.json (deflated 91%)
  adding: csaves/json/path_text_mapping_55.json (deflated 91%)
  adding: csaves/json/path_text_mapping_75.json (deflated 91%)
  adding: csaves/json/path_text_mapping_12.json (deflated 91%)
  adding: csaves/json/path_text_mapping_158.json (deflated 91%)
  adding: csaves/json/path_text_mapping_167.json (deflated 91%)
  adding: csaves/json/path_text_mapping_231.json (deflated 91%)
  adding: csaves/json/path_text_mapping_121.json (deflated 91%)
  adding: csaves/json/path_text_mapping_186.json (deflated 91%)
  adding: csaves/json/path_text_mapping_181.json (deflated 91%)
  adding: csaves/json/path_text_mapping_64.json (deflated 91%)
  adding: csaves/json/path_text_mapping_163.json (deflated 91%)
  adding: csaves/json/path_text_mapping_113.json (deflated 91%)
  adding: csaves/json/path_text_mapping_196.json (deflated 91%)
  adding: csaves/json/path_text_mapping_77.json (deflated 91%)
  adding: csaves/json/path_text_mapping_157.json (deflated 91%)
  adding: csaves/json/path_text_mapping_148.json (deflated 91%)
  adding: csaves/json/path_text_mapping_94.json (deflated 91%)
  adding: csaves/json/path_text_mapping_125.json (deflated 91%)
  adding: csaves/json/path_text_mapping_176.json (deflated 91%)
  adding: csaves/json/path_text_mapping_228.json (deflated 91%)
  adding: csaves/json/path_text_mapping_86.json (deflated 91%)
  adding: csaves/json/path_text_mapping_139.json (deflated 91%)
  adding: csaves/json/path_text_mapping_133.json (deflated 91%)
  adding: csaves/json/path_text_mapping_115.json (deflated 91%)
  adding: csaves/json/path_text_mapping_161.json (deflated 91%)
  adding: csaves/json/path_text_mapping_180.json (deflated 91%)
  adding: csaves/json/path_text_mapping_120.json (deflated 91%)
  adding: csaves/json/path_text_mapping_178.json (deflated 91%)
  adding: csaves/json/path_text_mapping_117.json (deflated 91%)
  adding: csaves/json/path_text_mapping_71.json (deflated 91%)
  adding: csaves/json/path_text_mapping_173.json (deflated 91%)
  adding: csaves/json/path_text_mapping_182.json (deflated 91%)
  adding: csaves/json/path_text_mapping_221.json (deflated 91%)
  adding: csaves/json/path_text_mapping_110.json (deflated 91%)
  adding: csaves/json/path_text_mapping_135.json (deflated 91%)
  adding: csaves/json/path_text_mapping_69.json (deflated 91%)
  adding: csaves/json/path_text_mapping_124.json (deflated 91%)
  adding: csaves/json/path_text_mapping_57.json (deflated 91%)
  adding: csaves/json/path_text_mapping_51.json (deflated 91%)
  adding: csaves/json/path_text_mapping_235.json (deflated 91%)
  adding: csaves/json/path_text_mapping_8.json (deflated 91%)
  adding: csaves/json/path_text_mapping_127.json (deflated 91%)
  adding: csaves/json/path_text_mapping_174.json (deflated 91%)
  adding: csaves/json/path_text_mapping_20.json (deflated 91%)
  adding: csaves/json/path_text_mapping_48.json (deflated 91%)
  adding: csaves/json/path_text_mapping_28.json (deflated 91%)
  adding: csaves/json/path_text_mapping_106.json (deflated 91%)
  adding: csaves/json/path_text_mapping_119.json (deflated 91%)
  adding: csaves/json/path_text_mapping_136.json (deflated 91%)
  adding: csaves/json/path_text_mapping_219.json (deflated 91%)
  adding: csaves/json/path_text_mapping_29.json (deflated 91%)
  adding: csaves/json/path_text_mapping_24.json (deflated 91%)
  adding: csaves/json/path_text_mapping_103.json (deflated 91%)
  adding: csaves/json/path_text_mapping_216.json (deflated 91%)
  adding: csaves/pkl/ (stored 0%)
  adding: csaves/pkl/path_pkl_mapping_3.pkl (deflated 90%)
  adding: csaves/pkl/path_pkl_mapping_10.pkl (deflated 90%)
  adding: csaves/pkl/path_pkl_mapping_75.pkl (deflated 90%)
  adding: csaves/pkl/path_pkl_mapping_130.pkl (deflated 90%)
  adding: csaves/pkl/path_pkl_mapping_76.pkl (deflated 90%)
  adding: csaves/pkl/path_pkl_mapping_60.pkl (deflated 90%)
  adding: csaves/pkl/path_pkl_mapping_123.pkl (deflated 90%)
  adding: csaves/pkl/path_pkl_mapping_97.pkl (deflated 90%)
  adding: csaves/pkl/path_pkl_mapping_64.pkl (deflated 90%)
  adding: csaves/pkl/path_pkl_mapping_51.pkl (deflated 90%)
  adding: csaves/pkl/path_pkl_mapping_119.pkl (deflated 90%)
  adding: csaves/pkl/path_pkl_mapping_108.pkl (deflated 90%)
  adding: csaves/pkl/path_pkl_mapping_65.pkl (deflated 90%)
  adding: csaves/pkl/path_pkl_mapping_35.pkl (deflated 90%)
  adding: csaves/pkl/path_pkl_mapping_13.pkl (deflated 90%)
  adding: csaves/pkl/path_pkl_mapping_103.pkl (deflated 90%)
  adding: csaves/pkl/path_pkl_mapping_116.pkl (deflated 90%)
  adding: csaves/pkl/path_pkl_mapping_113.pkl (deflated 90%)
  adding: csaves/pkl/path_pkl_mapping_21.pkl (deflated 90%)
  adding: csaves/pkl/path_pkl_mapping_30.pkl (deflated 90%)
  adding: csaves/pkl/path_pkl_mapping_133.pkl (deflated 90%)
  adding: csaves/pkl/path_pkl_mapping_87.pkl (deflated 90%)
  adding: csaves/pkl/path_pkl_mapping_110.pkl (deflated 90%)
  adding: csaves/pkl/path_pkl_mapping_28.pkl (deflated 90%)
  adding: csaves/pkl/path_pkl_mapping_100.pkl (deflated 90%)
  adding: csaves/pkl/path_pkl_mapping_101.pkl (deflated 90%)
  adding: csaves/pkl/path_pkl_mapping_6.pkl (deflated 90%)
  adding: csaves/pkl/path_pkl_mapping_45.pkl (deflated 90%)
  adding: csaves/pkl/path_pkl_mapping_81.pkl (deflated 90%)
  adding: csaves/pkl/path_pkl_mapping_114.pkl (deflated 90%)
  adding: csaves/pkl/path_pkl_mapping_121.pkl (deflated 90%)
  adding: csaves/pkl/path_pkl_mapping_83.pkl (deflated 90%)
  adding: csaves/pkl/path_pkl_mapping_22.pkl (deflated 90%)
  adding: csaves/pkl/path_pkl_mapping_107.pkl (deflated 90%)
  adding: csaves/pkl/path_pkl_mapping_70.pkl (deflated 90%)
  adding: csaves/pkl/path_pkl_mapping_54.pkl (deflated 90%)
  adding: csaves/pkl/path_pkl_mapping_18.pkl (deflated 90%)
  adding: csaves/pkl/path_pkl_mapping_1.pkl (deflated 90%)
  adding: csaves/pkl/path_pkl_mapping_134.pkl (deflated 90%)
  adding: csaves/pkl/path_pkl_mapping_31.pkl (deflated 90%)
  adding: csaves/pkl/path_pkl_mapping_105.pkl (deflated 90%)
  adding: csaves/pkl/path_pkl_mapping_53.pkl (deflated 90%)
  adding: csaves/pkl/path_pkl_mapping_106.pkl (deflated 90%)
  adding: csaves/pkl/path_pkl_mapping_42.pkl (deflated 90%)
  adding: csaves/pkl/path_pkl_mapping_11.pkl (deflated 90%)
  adding: csaves/pkl/path_pkl_mapping_59.pkl (deflated 90%)
  adding: csaves/pkl/path_pkl_mapping_12.pkl (deflated 90%)
  adding: csaves/pkl/path_pkl_mapping_122.pkl (deflated 90%)
  adding: csaves/pkl/path_pkl_mapping_93.pkl (deflated 90%)
  adding: csaves/pkl/path_pkl_mapping_80.pkl (deflated 90%)
  adding: csaves/pkl/path_pkl_mapping_38.pkl (deflated 90%)
  adding: csaves/pkl/path_pkl_mapping_55.pkl (deflated 90%)
  adding: csaves/pkl/path_pkl_mapping_57.pkl (deflated 90%)
  adding: csaves/pkl/path_pkl_mapping_96.pkl (deflated 90%)
  adding: csaves/pkl/path_pkl_mapping_9.pkl (deflated 90%)
  adding: csaves/pkl/path_pkl_mapping_41.pkl (deflated 90%)
  adding: csaves/pkl/path_pkl_mapping_34.pkl (deflated 90%)
  adding: csaves/pkl/path_pkl_mapping_8.pkl (deflated 90%)
  adding: csaves/pkl/path_pkl_mapping_47.pkl (deflated 90%)
  adding: csaves/pkl/path_pkl_mapping_39.pkl (deflated 90%)
  adding: csaves/pkl/path_pkl_mapping_49.pkl (deflated 90%)
  adding: csaves/pkl/path_pkl_mapping_124.pkl (deflated 90%)
  adding: csaves/pkl/path_pkl_mapping_14.pkl (deflated 90%)
  adding: csaves/pkl/path_pkl_mapping_19.pkl (deflated 90%)
  adding: csaves/pkl/path_pkl_mapping_37.pkl (deflated 90%)
  adding: csaves/pkl/path_pkl_mapping_98.pkl (deflated 90%)
  adding: csaves/pkl/path_pkl_mapping_56.pkl (deflated 90%)
  adding: csaves/pkl/path_pkl_mapping_90.pkl (deflated 90%)
  adding: csaves/pkl/path_pkl_mapping_32.pkl (deflated 90%)
  adding: csaves/pkl/path_pkl_mapping_79.pkl (deflated 90%)
  adding: csaves/pkl/path_pkl_mapping_118.pkl (deflated 90%)
  adding: csaves/pkl/path_pkl_mapping_33.pkl (deflated 90%)
  adding: csaves/pkl/path_pkl_mapping_46.pkl (deflated 90%)
  adding: csaves/pkl/path_pkl_mapping_99.pkl (deflated 90%)
  adding: csaves/pkl/path_pkl_mapping_102.pkl (deflated 90%)
  adding: csaves/pkl/path_pkl_mapping_73.pkl (deflated 90%)
  adding: csaves/pkl/path_pkl_mapping_7.pkl (deflated 90%)
  adding: csaves/pkl/path_pkl_mapping_68.pkl (deflated 90%)
  adding: csaves/pkl/path_pkl_mapping_61.pkl (deflated 90%)
  adding: csaves/pkl/path_pkl_mapping_109.pkl (deflated 90%)
  adding: csaves/pkl/path_pkl_mapping_112.pkl (deflated 90%)
  adding: csaves/pkl/path_pkl_mapping_74.pkl (deflated 90%)
  adding: csaves/pkl/path_pkl_mapping_5.pkl (deflated 90%)
  adding: csaves/pkl/path_pkl_mapping_17.pkl (deflated 90%)
  adding: csaves/pkl/path_pkl_mapping_20.pkl (deflated 90%)
  adding: csaves/pkl/path_pkl_mapping_69.pkl (deflated 90%)
  adding: csaves/pkl/path_pkl_mapping_2.pkl (deflated 90%)
  adding: csaves/pkl/path_pkl_mapping_23.pkl (deflated 90%)
  adding: csaves/pkl/path_pkl_mapping_44.pkl (deflated 90%)
  adding: csaves/pkl/path_pkl_mapping_88.pkl (deflated 90%)
  adding: csaves/pkl/path_pkl_mapping_117.pkl (deflated 90%)
  adding: csaves/pkl/path_pkl_mapping_58.pkl (deflated 90%)
  adding: csaves/pkl/path_pkl_mapping_111.pkl (deflated 90%)
  adding: csaves/pkl/path_pkl_mapping_36.pkl (deflated 90%)
  adding: csaves/pkl/path_pkl_mapping_128.pkl (deflated 90%)
  adding: csaves/pkl/path_pkl_mapping_136.pkl (deflated 90%)
  adding: csaves/pkl/path_pkl_mapping_40.pkl (deflated 90%)
  adding: csaves/pkl/path_pkl_mapping_84.pkl (deflated 90%)
  adding: csaves/pkl/path_pkl_mapping_86.pkl (deflated 90%)
  adding: csaves/pkl/path_pkl_mapping_62.pkl (deflated 90%)
  adding: csaves/pkl/path_pkl_mapping_120.pkl (deflated 90%)
  adding: csaves/pkl/path_pkl_mapping_126.pkl (deflated 90%)
  adding: csaves/pkl/path_pkl_mapping_132.pkl (deflated 90%)
  adding: csaves/pkl/path_pkl_mapping_24.pkl (deflated 90%)
  adding: csaves/pkl/path_pkl_mapping_50.pkl (deflated 90%)
  adding: csaves/pkl/path_pkl_mapping_127.pkl (deflated 90%)
  adding: csaves/pkl/path_pkl_mapping_71.pkl (deflated 90%)
  adding: csaves/pkl/path_pkl_mapping_82.pkl (deflated 90%)
  adding: csaves/pkl/path_pkl_mapping_125.pkl (deflated 90%)
  adding: csaves/pkl/path_pkl_mapping_77.pkl (deflated 90%)
  adding: csaves/pkl/path_pkl_mapping_26.pkl (deflated 90%)
  adding: csaves/pkl/path_pkl_mapping_25.pkl (deflated 90%)
  adding: csaves/pkl/path_pkl_mapping_29.pkl (deflated 90%)
  adding: csaves/pkl/path_pkl_mapping_27.pkl (deflated 90%)
  adding: csaves/pkl/path_pkl_mapping_48.pkl (deflated 90%)
  adding: csaves/pkl/path_pkl_mapping_15.pkl (deflated 90%)
  adding: csaves/pkl/path_pkl_mapping_16.pkl (deflated 90%)
  adding: csaves/pkl/path_pkl_mapping_115.pkl (deflated 90%)
  adding: csaves/pkl/path_pkl_mapping_92.pkl (deflated 90%)
  adding: csaves/pkl/path_pkl_mapping_85.pkl (deflated 90%)
  adding: csaves/pkl/path_pkl_mapping_91.pkl (deflated 90%)
  adding: csaves/pkl/path_pkl_mapping_52.pkl (deflated 90%)
  adding: csaves/pkl/path_pkl_mapping_95.pkl (deflated 90%)
  adding: csaves/pkl/path_pkl_mapping_67.pkl (deflated 90%)
  adding: csaves/pkl/path_pkl_mapping_135.pkl (deflated 90%)
  adding: csaves/pkl/path_pkl_mapping_129.pkl (deflated 90%)
  adding: csaves/pkl/path_pkl_mapping_4.pkl (deflated 90%)
  adding: csaves/pkl/path_pkl_mapping_72.pkl (deflated 90%)
  adding: csaves/pkl/path_pkl_mapping_94.pkl (deflated 90%)
  adding: csaves/pkl/path_pkl_mapping_89.pkl (deflated 90%)
  adding: csaves/pkl/path_pkl_mapping_63.pkl (deflated 90%)
  adding: csaves/pkl/path_pkl_mapping_131.pkl (deflated 90%)
  adding: csaves/pkl/path_pkl_mapping_43.pkl (deflated 90%)
  adding: csaves/pkl/path_pkl_mapping_104.pkl (deflated 90%)
  adding: csaves/pkl/path_pkl_mapping_78.pkl (deflated 90%)
  adding: csaves/pkl/path_pkl_mapping_66.pkl (deflated 90%)
