2024-01-31 20:30:46,344 <MainProcess:1503034, MainThread:139699439028032> (middleware.py:get_middleware:394 -> middleware.py:__init__:55) from logger `RFC.middleware_content_saver`
[INFO] initialized

2024-01-31 20:31:34,413 <requestor-worker-0:1503131, MainThread:139699439028032> (requestor.py:_fetch_single_async:199 -> middleware.py:apply_async:112) from logger `RFC.middleware_content_saver`
[INFO] applying on HitomiAuthor(mutou mato).HitomiGallery(960092).HitomiImage(0013), received

2024-01-31 20:31:34,535 <requestor-worker-0:1503131, MainThread:139699439028032> (requestor.py:_fetch_single_async:199 -> middleware.py:apply_async:115) from logger `RFC.middleware_content_saver`
[INFO] applied on HitomiAuthor(mutou mato).HitomiGallery(960092).HitomiImage(0013), sent

2024-01-31 20:31:35,193 <requestor-worker-0:1503131, MainThread:139699439028032> (requestor.py:_fetch_single_async:199 -> middleware.py:apply_async:112) from logger `RFC.middleware_content_saver`
[INFO] applying on HitomiAuthor(mutou mato).HitomiGallery(929314).HitomiImage(0118), received

2024-01-31 20:31:35,575 <requestor-worker-0:1503131, MainThread:139699439028032> (requestor.py:_fetch_single_async:199 -> middleware.py:apply_async:115) from logger `RFC.middleware_content_saver`
[INFO] applied on HitomiAuthor(mutou mato).HitomiGallery(929314).HitomiImage(0118), sent

2024-01-31 20:31:36,188 <requestor-worker-0:1503131, MainThread:139699439028032> (requestor.py:_fetch_single_async:199 -> middleware.py:apply_async:112) from logger `RFC.middleware_content_saver`
[INFO] applying on HitomiAuthor(mutou mato).HitomiGallery(960092).HitomiImage(0009), received

2024-01-31 20:31:37,650 <requestor-worker-0:1503131, MainThread:139699439028032> (requestor.py:_fetch_single_async:199 -> middleware.py:apply_async:115) from logger `RFC.middleware_content_saver`
[INFO] applied on HitomiAuthor(mutou mato).HitomiGallery(960092).HitomiImage(0009), sent

2024-01-31 20:31:38,444 <requestor-worker-0:1503131, MainThread:139699439028032> (requestor.py:_fetch_single_async:199 -> middleware.py:apply_async:112) from logger `RFC.middleware_content_saver`
[INFO] applying on HitomiAuthor(mutou mato).HitomiGallery(929314).HitomiImage(0165), received

2024-01-31 20:31:39,432 <requestor-worker-0:1503131, MainThread:139699439028032> (requestor.py:_fetch_single_async:199 -> middleware.py:apply_async:115) from logger `RFC.middleware_content_saver`
[INFO] applied on HitomiAuthor(mutou mato).HitomiGallery(929314).HitomiImage(0165), sent

2024-01-31 20:39:31,750 <requestor-worker-0:1503131, MainThread:139699439028032> (requestor.py:_fetch_single_async:199 -> middleware.py:apply_async:112) from logger `RFC.middleware_content_saver`
[INFO] applying on HitomiAuthor(mutou mato).HitomiGallery(1359422).HitomiImage(0026), received

2024-01-31 20:39:32,071 <requestor-worker-0:1503131, MainThread:139699439028032> (requestor.py:_fetch_single_async:199 -> middleware.py:apply_async:115) from logger `RFC.middleware_content_saver`
[INFO] applied on HitomiAuthor(mutou mato).HitomiGallery(1359422).HitomiImage(0026), sent

2024-01-31 20:39:33,458 <requestor-worker-0:1503131, MainThread:139699439028032> (requestor.py:_fetch_single_async:199 -> middleware.py:apply_async:112) from logger `RFC.middleware_content_saver`
[INFO] applying on HitomiAuthor(mutou mato).HitomiGallery(1202617).HitomiImage(0019), received

2024-01-31 20:39:34,744 <requestor-worker-0:1503131, MainThread:139699439028032> (requestor.py:_fetch_single_async:199 -> middleware.py:apply_async:115) from logger `RFC.middleware_content_saver`
[INFO] applied on HitomiAuthor(mutou mato).HitomiGallery(1202617).HitomiImage(0019), sent

2024-01-31 20:39:43,089 <requestor-worker-0:1503131, MainThread:139699439028032> (requestor.py:_fetch_single_async:199 -> middleware.py:apply_async:112) from logger `RFC.middleware_content_saver`
[INFO] applying on HitomiAuthor(mutou mato).HitomiGallery(1340270).HitomiImage(0138), received

2024-01-31 20:40:08,956 <requestor-worker-0:1503131, MainThread:139699439028032> (requestor.py:_fetch_single_async:199 -> middleware.py:apply_async:115) from logger `RFC.middleware_content_saver`
[INFO] applied on HitomiAuthor(mutou mato).HitomiGallery(1340270).HitomiImage(0138), sent

2024-01-31 20:40:11,049 <requestor-worker-0:1503131, MainThread:139699439028032> (requestor.py:_fetch_single_async:199 -> middleware.py:apply_async:112) from logger `RFC.middleware_content_saver`
[INFO] applying on HitomiAuthor(mutou mato).HitomiGallery(1340270).HitomiImage(0111), received

2024-01-31 20:40:12,273 <requestor-worker-0:1503131, MainThread:139699439028032> (requestor.py:_fetch_single_async:199 -> middleware.py:apply_async:115) from logger `RFC.middleware_content_saver`
[INFO] applied on HitomiAuthor(mutou mato).HitomiGallery(1340270).HitomiImage(0111), sent

2024-01-31 20:40:14,664 <requestor-worker-0:1503131, MainThread:139699439028032> (requestor.py:_fetch_single_async:199 -> middleware.py:apply_async:112) from logger `RFC.middleware_content_saver`
[INFO] applying on HitomiAuthor(mutou mato).HitomiGallery(923628).HitomiImage(0098), received

2024-01-31 20:40:15,074 <requestor-worker-0:1503131, MainThread:139699439028032> (requestor.py:_fetch_single_async:199 -> middleware.py:apply_async:115) from logger `RFC.middleware_content_saver`
[INFO] applied on HitomiAuthor(mutou mato).HitomiGallery(923628).HitomiImage(0098), sent

2024-01-31 20:40:35,931 <requestor-worker-0:1503131, MainThread:139699439028032> (requestor.py:_fetch_single_async:199 -> middleware.py:apply_async:112) from logger `RFC.middleware_content_saver`
[INFO] applying on HitomiAuthor(mutou mato).HitomiGallery(1004701).HitomiImage(0025), received

2024-01-31 20:40:36,496 <requestor-worker-0:1503131, MainThread:139699439028032> (requestor.py:_fetch_single_async:199 -> middleware.py:apply_async:115) from logger `RFC.middleware_content_saver`
[INFO] applied on HitomiAuthor(mutou mato).HitomiGallery(1004701).HitomiImage(0025), sent

2024-01-31 20:41:28,370 <requestor-worker-0:1503131, MainThread:139699439028032> (requestor.py:_fetch_single_async:199 -> middleware.py:apply_async:112) from logger `RFC.middleware_content_saver`
[INFO] applying on HitomiAuthor(mutou mato).HitomiGallery(785863).HitomiImage(0233), received

2024-01-31 20:41:28,382 <requestor-worker-0:1503131, MainThread:139699439028032> (requestor.py:_fetch_single_async:199 -> middleware.py:apply_async:112) from logger `RFC.middleware_content_saver`
[INFO] applying on HitomiAuthor(mutou mato).HitomiGallery(785863).HitomiImage(0236), received

2024-01-31 20:41:29,527 <requestor-worker-0:1503131, MainThread:139699439028032> (requestor.py:_fetch_single_async:199 -> middleware.py:apply_async:115) from logger `RFC.middleware_content_saver`
[INFO] applied on HitomiAuthor(mutou mato).HitomiGallery(785863).HitomiImage(0236), sent

2024-01-31 20:41:29,745 <requestor-worker-0:1503131, MainThread:139699439028032> (requestor.py:_fetch_single_async:199 -> middleware.py:apply_async:115) from logger `RFC.middleware_content_saver`
[INFO] applied on HitomiAuthor(mutou mato).HitomiGallery(785863).HitomiImage(0233), sent

2024-01-31 20:41:31,216 <requestor-worker-0:1503131, MainThread:139699439028032> (requestor.py:_fetch_single_async:199 -> middleware.py:apply_async:112) from logger `RFC.middleware_content_saver`
[INFO] applying on HitomiAuthor(mutou mato).HitomiGallery(783466).HitomiImage(0151), received

2024-01-31 20:41:31,224 <requestor-worker-0:1503131, MainThread:139699439028032> (requestor.py:_fetch_single_async:199 -> middleware.py:apply_async:112) from logger `RFC.middleware_content_saver`
[INFO] applying on HitomiAuthor(mutou mato).HitomiGallery(783466).HitomiImage(0135), received

2024-01-31 20:41:31,231 <requestor-worker-0:1503131, MainThread:139699439028032> (requestor.py:_fetch_single_async:199 -> middleware.py:apply_async:112) from logger `RFC.middleware_content_saver`
[INFO] applying on HitomiAuthor(mutou mato).HitomiGallery(783466).HitomiImage(0137), received

2024-01-31 20:41:31,832 <requestor-worker-0:1503131, MainThread:139699439028032> (requestor.py:_fetch_single_async:199 -> middleware.py:apply_async:115) from logger `RFC.middleware_content_saver`
[INFO] applied on HitomiAuthor(mutou mato).HitomiGallery(783466).HitomiImage(0135), sent

2024-01-31 20:41:31,841 <requestor-worker-0:1503131, MainThread:139699439028032> (requestor.py:_fetch_single_async:199 -> middleware.py:apply_async:115) from logger `RFC.middleware_content_saver`
[INFO] applied on HitomiAuthor(mutou mato).HitomiGallery(783466).HitomiImage(0151), sent

2024-01-31 20:41:31,914 <requestor-worker-0:1503131, MainThread:139699439028032> (requestor.py:_fetch_single_async:199 -> middleware.py:apply_async:112) from logger `RFC.middleware_content_saver`
[INFO] applying on HitomiAuthor(mutou mato).HitomiGallery(785863).HitomiImage(0296), received

2024-01-31 20:41:32,067 <requestor-worker-0:1503131, MainThread:139699439028032> (requestor.py:_fetch_single_async:199 -> middleware.py:apply_async:112) from logger `RFC.middleware_content_saver`
[INFO] applying on HitomiAuthor(mutou mato).HitomiGallery(785863).HitomiImage(0291), received

2024-01-31 20:41:32,136 <requestor-worker-0:1503131, MainThread:139699439028032> (requestor.py:_fetch_single_async:199 -> middleware.py:apply_async:112) from logger `RFC.middleware_content_saver`
[INFO] applying on HitomiAuthor(mutou mato).HitomiGallery(785863).HitomiImage(0275), received

2024-01-31 20:41:32,140 <requestor-worker-0:1503131, MainThread:139699439028032> (requestor.py:_fetch_single_async:199 -> middleware.py:apply_async:115) from logger `RFC.middleware_content_saver`
[INFO] applied on HitomiAuthor(mutou mato).HitomiGallery(783466).HitomiImage(0137), sent

2024-01-31 20:41:33,095 <requestor-worker-0:1503131, MainThread:139699439028032> (requestor.py:_fetch_single_async:199 -> middleware.py:apply_async:115) from logger `RFC.middleware_content_saver`
[INFO] applied on HitomiAuthor(mutou mato).HitomiGallery(785863).HitomiImage(0296), sent

2024-01-31 20:41:33,187 <requestor-worker-0:1503131, MainThread:139699439028032> (requestor.py:_fetch_single_async:199 -> middleware.py:apply_async:115) from logger `RFC.middleware_content_saver`
[INFO] applied on HitomiAuthor(mutou mato).HitomiGallery(785863).HitomiImage(0291), sent

2024-01-31 20:41:33,495 <requestor-worker-0:1503131, MainThread:139699439028032> (requestor.py:_fetch_single_async:199 -> middleware.py:apply_async:112) from logger `RFC.middleware_content_saver`
[INFO] applying on HitomiAuthor(mutou mato).HitomiGallery(785863).HitomiImage(0154), received

2024-01-31 20:41:33,503 <requestor-worker-0:1503131, MainThread:139699439028032> (requestor.py:_fetch_single_async:199 -> middleware.py:apply_async:112) from logger `RFC.middleware_content_saver`
[INFO] applying on HitomiAuthor(mutou mato).HitomiGallery(785863).HitomiImage(0180), received

2024-01-31 20:41:33,508 <requestor-worker-0:1503131, MainThread:139699439028032> (requestor.py:_fetch_single_async:199 -> middleware.py:apply_async:115) from logger `RFC.middleware_content_saver`
[INFO] applied on HitomiAuthor(mutou mato).HitomiGallery(785863).HitomiImage(0275), sent

2024-01-31 20:41:33,826 <requestor-worker-0:1503131, MainThread:139699439028032> (requestor.py:_fetch_single_async:199 -> middleware.py:apply_async:115) from logger `RFC.middleware_content_saver`
[INFO] applied on HitomiAuthor(mutou mato).HitomiGallery(785863).HitomiImage(0180), sent

2024-01-31 20:41:33,908 <requestor-worker-0:1503131, MainThread:139699439028032> (requestor.py:_fetch_single_async:199 -> middleware.py:apply_async:112) from logger `RFC.middleware_content_saver`
[INFO] applying on HitomiAuthor(mutou mato).HitomiGallery(785863).HitomiImage(0147), received

2024-01-31 20:41:34,017 <requestor-worker-0:1503131, MainThread:139699439028032> (requestor.py:_fetch_single_async:199 -> middleware.py:apply_async:112) from logger `RFC.middleware_content_saver`
[INFO] applying on HitomiAuthor(mutou mato).HitomiGallery(785863).HitomiImage(0142), received

2024-01-31 20:41:34,180 <requestor-worker-0:1503131, MainThread:139699439028032> (requestor.py:_fetch_single_async:199 -> middleware.py:apply_async:112) from logger `RFC.middleware_content_saver`
[INFO] applying on HitomiAuthor(mutou mato).HitomiGallery(785863).HitomiImage(0120), received

2024-01-31 20:41:34,185 <requestor-worker-0:1503131, MainThread:139699439028032> (requestor.py:_fetch_single_async:199 -> middleware.py:apply_async:115) from logger `RFC.middleware_content_saver`
[INFO] applied on HitomiAuthor(mutou mato).HitomiGallery(785863).HitomiImage(0154), sent

2024-01-31 20:41:34,375 <requestor-worker-0:1503131, MainThread:139699439028032> (requestor.py:_fetch_single_async:199 -> middleware.py:apply_async:115) from logger `RFC.middleware_content_saver`
[INFO] applied on HitomiAuthor(mutou mato).HitomiGallery(785863).HitomiImage(0142), sent

2024-01-31 20:41:34,439 <requestor-worker-0:1503131, MainThread:139699439028032> (requestor.py:_fetch_single_async:199 -> middleware.py:apply_async:115) from logger `RFC.middleware_content_saver`
[INFO] applied on HitomiAuthor(mutou mato).HitomiGallery(785863).HitomiImage(0147), sent

2024-01-31 20:41:34,993 <requestor-worker-0:1503131, MainThread:139699439028032> (requestor.py:_fetch_single_async:199 -> middleware.py:apply_async:112) from logger `RFC.middleware_content_saver`
[INFO] applying on HitomiAuthor(mutou mato).HitomiGallery(785863).HitomiImage(0073), received

2024-01-31 20:41:35,053 <requestor-worker-0:1503131, MainThread:139699439028032> (requestor.py:_fetch_single_async:199 -> middleware.py:apply_async:115) from logger `RFC.middleware_content_saver`
[INFO] applied on HitomiAuthor(mutou mato).HitomiGallery(785863).HitomiImage(0120), sent

2024-01-31 20:41:35,328 <requestor-worker-0:1503131, MainThread:139699439028032> (requestor.py:_fetch_single_async:199 -> middleware.py:apply_async:112) from logger `RFC.middleware_content_saver`
[INFO] applying on HitomiAuthor(mutou mato).HitomiGallery(785863).HitomiImage(0028), received

2024-01-31 20:41:35,385 <requestor-worker-0:1503131, MainThread:139699439028032> (requestor.py:_fetch_single_async:199 -> middleware.py:apply_async:112) from logger `RFC.middleware_content_saver`
[INFO] applying on HitomiAuthor(mutou mato).HitomiGallery(785863).HitomiImage(0022), received

2024-01-31 20:41:35,388 <requestor-worker-0:1503131, MainThread:139699439028032> (requestor.py:_fetch_single_async:199 -> middleware.py:apply_async:115) from logger `RFC.middleware_content_saver`
[INFO] applied on HitomiAuthor(mutou mato).HitomiGallery(785863).HitomiImage(0073), sent

2024-01-31 20:41:35,759 <requestor-worker-0:1503131, MainThread:139699439028032> (requestor.py:_fetch_single_async:199 -> middleware.py:apply_async:112) from logger `RFC.middleware_content_saver`
[INFO] applying on HitomiAuthor(mutou mato).HitomiGallery(785863).HitomiImage(0259), received

2024-01-31 20:41:35,764 <requestor-worker-0:1503131, MainThread:139699439028032> (requestor.py:_fetch_single_async:199 -> middleware.py:apply_async:115) from logger `RFC.middleware_content_saver`
[INFO] applied on HitomiAuthor(mutou mato).HitomiGallery(785863).HitomiImage(0028), sent

2024-01-31 20:41:36,149 <requestor-worker-0:1503131, MainThread:139699439028032> (requestor.py:_fetch_single_async:199 -> middleware.py:apply_async:115) from logger `RFC.middleware_content_saver`
[INFO] applied on HitomiAuthor(mutou mato).HitomiGallery(785863).HitomiImage(0259), sent

2024-01-31 20:41:36,261 <requestor-worker-0:1503131, MainThread:139699439028032> (requestor.py:_fetch_single_async:199 -> middleware.py:apply_async:115) from logger `RFC.middleware_content_saver`
[INFO] applied on HitomiAuthor(mutou mato).HitomiGallery(785863).HitomiImage(0022), sent

2024-01-31 20:41:36,756 <requestor-worker-0:1503131, MainThread:139699439028032> (requestor.py:_fetch_single_async:199 -> middleware.py:apply_async:112) from logger `RFC.middleware_content_saver`
[INFO] applying on HitomiAuthor(mutou mato).HitomiGallery(785863).HitomiImage(0188), received

2024-01-31 20:41:36,943 <requestor-worker-0:1503131, MainThread:139699439028032> (requestor.py:_fetch_single_async:199 -> middleware.py:apply_async:112) from logger `RFC.middleware_content_saver`
[INFO] applying on HitomiAuthor(mutou mato).HitomiGallery(785863).HitomiImage(0173), received

2024-01-31 20:41:36,952 <requestor-worker-0:1503131, MainThread:139699439028032> (requestor.py:_fetch_single_async:199 -> middleware.py:apply_async:112) from logger `RFC.middleware_content_saver`
[INFO] applying on HitomiAuthor(mutou mato).HitomiGallery(785863).HitomiImage(0175), received

2024-01-31 20:41:36,956 <requestor-worker-0:1503131, MainThread:139699439028032> (requestor.py:_fetch_single_async:199 -> middleware.py:apply_async:115) from logger `RFC.middleware_content_saver`
[INFO] applied on HitomiAuthor(mutou mato).HitomiGallery(785863).HitomiImage(0188), sent

2024-01-31 20:41:37,664 <requestor-worker-0:1503131, MainThread:139699439028032> (requestor.py:_fetch_single_async:199 -> middleware.py:apply_async:112) from logger `RFC.middleware_content_saver`
[INFO] applying on HitomiAuthor(mutou mato).HitomiGallery(785863).HitomiImage(0101), received

2024-01-31 20:41:37,897 <requestor-worker-0:1503131, MainThread:139699439028032> (requestor.py:_fetch_single_async:199 -> middleware.py:apply_async:115) from logger `RFC.middleware_content_saver`
[INFO] applied on HitomiAuthor(mutou mato).HitomiGallery(785863).HitomiImage(0175), sent

2024-01-31 20:41:38,160 <requestor-worker-0:1503131, MainThread:139699439028032> (requestor.py:_fetch_single_async:199 -> middleware.py:apply_async:115) from logger `RFC.middleware_content_saver`
[INFO] applied on HitomiAuthor(mutou mato).HitomiGallery(785863).HitomiImage(0101), sent

2024-01-31 20:41:38,787 <requestor-worker-0:1503131, MainThread:139699439028032> (requestor.py:_fetch_single_async:199 -> middleware.py:apply_async:112) from logger `RFC.middleware_content_saver`
[INFO] applying on HitomiAuthor(mutou mato).HitomiGallery(805189).HitomiImage(0214), received

2024-01-31 20:41:38,792 <requestor-worker-0:1503131, MainThread:139699439028032> (requestor.py:_fetch_single_async:199 -> middleware.py:apply_async:115) from logger `RFC.middleware_content_saver`
[INFO] applied on HitomiAuthor(mutou mato).HitomiGallery(785863).HitomiImage(0173), sent

2024-01-31 20:41:39,754 <requestor-worker-0:1503131, MainThread:139699439028032> (requestor.py:_fetch_single_async:199 -> middleware.py:apply_async:115) from logger `RFC.middleware_content_saver`
[INFO] applied on HitomiAuthor(mutou mato).HitomiGallery(805189).HitomiImage(0214), sent

2024-01-31 20:41:47,853 <requestor-worker-0:1503131, MainThread:139699439028032> (requestor.py:_fetch_single_async:199 -> middleware.py:apply_async:112) from logger `RFC.middleware_content_saver`
[INFO] applying on HitomiAuthor(mutou mato).HitomiGallery(835866).HitomiImage(0353), received

2024-01-31 20:41:47,858 <requestor-worker-0:1503131, MainThread:139699439028032> (requestor.py:_fetch_single_async:199 -> middleware.py:apply_async:115) from logger `RFC.middleware_content_saver`
[INFO] applied on HitomiAuthor(mutou mato).HitomiGallery(835866).HitomiImage(0353), sent

2024-01-31 20:41:50,147 <requestor-worker-0:1503131, MainThread:139699439028032> (requestor.py:_fetch_single_async:199 -> middleware.py:apply_async:112) from logger `RFC.middleware_content_saver`
[INFO] applying on HitomiAuthor(mutou mato).HitomiGallery(835866).HitomiImage(0191), received

2024-01-31 20:41:50,506 <requestor-worker-0:1503131, MainThread:139699439028032> (requestor.py:_fetch_single_async:199 -> middleware.py:apply_async:115) from logger `RFC.middleware_content_saver`
[INFO] applied on HitomiAuthor(mutou mato).HitomiGallery(835866).HitomiImage(0191), sent

2024-01-31 20:41:51,199 <requestor-worker-0:1503131, MainThread:139699439028032> (requestor.py:_fetch_single_async:199 -> middleware.py:apply_async:112) from logger `RFC.middleware_content_saver`
[INFO] applying on HitomiAuthor(mutou mato).HitomiGallery(835866).HitomiImage(0115), received

2024-01-31 20:41:51,203 <requestor-worker-0:1503131, MainThread:139699439028032> (requestor.py:_fetch_single_async:199 -> middleware.py:apply_async:115) from logger `RFC.middleware_content_saver`
[INFO] applied on HitomiAuthor(mutou mato).HitomiGallery(835866).HitomiImage(0115), sent

2024-01-31 20:41:51,967 <requestor-worker-0:1503131, MainThread:139699439028032> (requestor.py:_fetch_single_async:199 -> middleware.py:apply_async:112) from logger `RFC.middleware_content_saver`
[INFO] applying on HitomiAuthor(mutou mato).HitomiGallery(835866).HitomiImage(0058), received

2024-01-31 20:41:52,305 <requestor-worker-0:1503131, MainThread:139699439028032> (requestor.py:_fetch_single_async:199 -> middleware.py:apply_async:115) from logger `RFC.middleware_content_saver`
[INFO] applied on HitomiAuthor(mutou mato).HitomiGallery(835866).HitomiImage(0058), sent

2024-01-31 20:41:56,845 <requestor-worker-0:1503131, MainThread:139699439028032> (requestor.py:_fetch_single_async:199 -> middleware.py:apply_async:112) from logger `RFC.middleware_content_saver`
[INFO] applying on HitomiAuthor(mutou mato).HitomiGallery(845929).HitomiImage(0240), received

2024-01-31 20:41:57,066 <requestor-worker-0:1503131, MainThread:139699439028032> (requestor.py:_fetch_single_async:199 -> middleware.py:apply_async:115) from logger `RFC.middleware_content_saver`
[INFO] applied on HitomiAuthor(mutou mato).HitomiGallery(845929).HitomiImage(0240), sent

2024-01-31 20:42:01,525 <requestor-worker-0:1503131, MainThread:139699439028032> (requestor.py:_fetch_single_async:199 -> middleware.py:apply_async:112) from logger `RFC.middleware_content_saver`
[INFO] applying on HitomiAuthor(mutou mato).HitomiGallery(844226).HitomiImage(0264), received

2024-01-31 20:42:02,461 <requestor-worker-0:1503131, MainThread:139699439028032> (requestor.py:_fetch_single_async:199 -> middleware.py:apply_async:115) from logger `RFC.middleware_content_saver`
[INFO] applied on HitomiAuthor(mutou mato).HitomiGallery(844226).HitomiImage(0264), sent

2024-01-31 20:42:02,816 <requestor-worker-0:1503131, MainThread:139699439028032> (requestor.py:_fetch_single_async:199 -> middleware.py:apply_async:112) from logger `RFC.middleware_content_saver`
[INFO] applying on HitomiAuthor(mutou mato).HitomiGallery(844226).HitomiImage(0112), received

2024-01-31 20:42:03,039 <requestor-worker-0:1503131, MainThread:139699439028032> (requestor.py:_fetch_single_async:199 -> middleware.py:apply_async:112) from logger `RFC.middleware_content_saver`
[INFO] applying on HitomiAuthor(mutou mato).HitomiGallery(844226).HitomiImage(0111), received

2024-01-31 20:42:04,213 <requestor-worker-0:1503131, MainThread:139699439028032> (requestor.py:_fetch_single_async:199 -> middleware.py:apply_async:115) from logger `RFC.middleware_content_saver`
[INFO] applied on HitomiAuthor(mutou mato).HitomiGallery(844226).HitomiImage(0111), sent

2024-01-31 20:42:04,233 <requestor-worker-0:1503131, MainThread:139699439028032> (requestor.py:_fetch_single_async:199 -> middleware.py:apply_async:115) from logger `RFC.middleware_content_saver`
[INFO] applied on HitomiAuthor(mutou mato).HitomiGallery(844226).HitomiImage(0112), sent

2024-01-31 20:42:05,527 <requestor-worker-0:1503131, MainThread:139699439028032> (requestor.py:_fetch_single_async:199 -> middleware.py:apply_async:112) from logger `RFC.middleware_content_saver`
[INFO] applying on HitomiAuthor(mutou mato).HitomiGallery(844226).HitomiImage(0113), received

2024-01-31 20:42:07,237 <requestor-worker-0:1503131, MainThread:139699439028032> (requestor.py:_fetch_single_async:199 -> middleware.py:apply_async:115) from logger `RFC.middleware_content_saver`
[INFO] applied on HitomiAuthor(mutou mato).HitomiGallery(844226).HitomiImage(0113), sent

2024-01-31 20:42:12,608 <requestor-worker-0:1503131, MainThread:139699439028032> (requestor.py:_fetch_single_async:199 -> middleware.py:apply_async:112) from logger `RFC.middleware_content_saver`
[INFO] applying on HitomiAuthor(mutou mato).HitomiGallery(853581).HitomiImage(0313), received

2024-01-31 20:42:12,739 <requestor-worker-0:1503131, MainThread:139699439028032> (requestor.py:_fetch_single_async:199 -> middleware.py:apply_async:112) from logger `RFC.middleware_content_saver`
[INFO] applying on HitomiAuthor(mutou mato).HitomiGallery(853581).HitomiImage(0312), received

2024-01-31 20:42:13,815 <requestor-worker-0:1503131, MainThread:139699439028032> (requestor.py:_fetch_single_async:199 -> middleware.py:apply_async:115) from logger `RFC.middleware_content_saver`
[INFO] applied on HitomiAuthor(mutou mato).HitomiGallery(853581).HitomiImage(0313), sent

2024-01-31 20:42:14,049 <requestor-worker-0:1503131, MainThread:139699439028032> (requestor.py:_fetch_single_async:199 -> middleware.py:apply_async:112) from logger `RFC.middleware_content_saver`
[INFO] applying on HitomiAuthor(mutou mato).HitomiGallery(853581).HitomiImage(0218), received

2024-01-31 20:42:14,055 <requestor-worker-0:1503131, MainThread:139699439028032> (requestor.py:_fetch_single_async:199 -> middleware.py:apply_async:115) from logger `RFC.middleware_content_saver`
[INFO] applied on HitomiAuthor(mutou mato).HitomiGallery(853581).HitomiImage(0312), sent

2024-01-31 20:42:15,129 <requestor-worker-0:1503131, MainThread:139699439028032> (requestor.py:_fetch_single_async:199 -> middleware.py:apply_async:115) from logger `RFC.middleware_content_saver`
[INFO] applied on HitomiAuthor(mutou mato).HitomiGallery(853581).HitomiImage(0218), sent

2024-01-31 20:42:15,864 <requestor-worker-0:1503131, MainThread:139699439028032> (requestor.py:_fetch_single_async:199 -> middleware.py:apply_async:112) from logger `RFC.middleware_content_saver`
[INFO] applying on HitomiAuthor(mutou mato).HitomiGallery(853581).HitomiImage(0052), received

2024-01-31 20:42:16,642 <requestor-worker-0:1503131, MainThread:139699439028032> (requestor.py:_fetch_single_async:199 -> middleware.py:apply_async:115) from logger `RFC.middleware_content_saver`
[INFO] applied on HitomiAuthor(mutou mato).HitomiGallery(853581).HitomiImage(0052), sent

2024-01-31 20:42:48,647 <requestor-worker-0:1503131, MainThread:139699439028032> (requestor.py:_fetch_single_async:199 -> middleware.py:apply_async:112) from logger `RFC.middleware_content_saver`
[INFO] applying on HitomiAuthor(mutou mato).HitomiGallery(722443).HitomiImage(0295), received

2024-01-31 20:42:48,656 <requestor-worker-0:1503131, MainThread:139699439028032> (requestor.py:_fetch_single_async:199 -> middleware.py:apply_async:112) from logger `RFC.middleware_content_saver`
[INFO] applying on HitomiAuthor(mutou mato).HitomiGallery(722443).HitomiImage(0201), received

2024-01-31 20:42:49,460 <requestor-worker-0:1503131, MainThread:139699439028032> (requestor.py:_fetch_single_async:199 -> middleware.py:apply_async:112) from logger `RFC.middleware_content_saver`
[INFO] applying on HitomiAuthor(mutou mato).HitomiGallery(722443).HitomiImage(0133), received

2024-01-31 20:42:49,468 <requestor-worker-0:1503131, MainThread:139699439028032> (requestor.py:_fetch_single_async:199 -> middleware.py:apply_async:112) from logger `RFC.middleware_content_saver`
[INFO] applying on HitomiAuthor(mutou mato).HitomiGallery(722443).HitomiImage(0121), received

2024-01-31 20:42:49,706 <requestor-worker-0:1503131, MainThread:139699439028032> (requestor.py:_fetch_single_async:199 -> middleware.py:apply_async:112) from logger `RFC.middleware_content_saver`
[INFO] applying on HitomiAuthor(mutou mato).HitomiGallery(722443).HitomiImage(0406), received

2024-01-31 20:42:49,806 <requestor-worker-0:1503131, MainThread:139699439028032> (requestor.py:_fetch_single_async:199 -> middleware.py:apply_async:112) from logger `RFC.middleware_content_saver`
[INFO] applying on HitomiAuthor(mutou mato).HitomiGallery(722443).HitomiImage(0403), received

2024-01-31 20:42:49,947 <requestor-worker-0:1503131, MainThread:139699439028032> (requestor.py:_fetch_single_async:199 -> middleware.py:apply_async:112) from logger `RFC.middleware_content_saver`
[INFO] applying on HitomiAuthor(mutou mato).HitomiGallery(722443).HitomiImage(0117), received

2024-01-31 20:42:49,987 <requestor-worker-0:1503131, MainThread:139699439028032> (requestor.py:_fetch_single_async:199 -> middleware.py:apply_async:115) from logger `RFC.middleware_content_saver`
[INFO] applied on HitomiAuthor(mutou mato).HitomiGallery(722443).HitomiImage(0201), sent

2024-01-31 20:42:50,295 <requestor-worker-0:1503131, MainThread:139699439028032> (requestor.py:_fetch_single_async:199 -> middleware.py:apply_async:115) from logger `RFC.middleware_content_saver`
[INFO] applied on HitomiAuthor(mutou mato).HitomiGallery(722443).HitomiImage(0295), sent

2024-01-31 20:42:50,446 <requestor-worker-0:1503131, MainThread:139699439028032> (requestor.py:_fetch_single_async:199 -> middleware.py:apply_async:112) from logger `RFC.middleware_content_saver`
[INFO] applying on HitomiAuthor(mutou mato).HitomiGallery(722443).HitomiImage(0344), received

2024-01-31 20:42:50,455 <requestor-worker-0:1503131, MainThread:139699439028032> (requestor.py:_fetch_single_async:199 -> middleware.py:apply_async:112) from logger `RFC.middleware_content_saver`
[INFO] applying on HitomiAuthor(mutou mato).HitomiGallery(722443).HitomiImage(0378), received

2024-01-31 20:42:50,463 <requestor-worker-0:1503131, MainThread:139699439028032> (requestor.py:_fetch_single_async:199 -> middleware.py:apply_async:112) from logger `RFC.middleware_content_saver`
[INFO] applying on HitomiAuthor(mutou mato).HitomiGallery(722443).HitomiImage(0098), received

2024-01-31 20:42:50,472 <requestor-worker-0:1503131, MainThread:139699439028032> (requestor.py:_fetch_single_async:199 -> middleware.py:apply_async:112) from logger `RFC.middleware_content_saver`
[INFO] applying on HitomiAuthor(mutou mato).HitomiGallery(722443).HitomiImage(0397), received

2024-01-31 20:42:50,917 <requestor-worker-0:1503131, MainThread:139699439028032> (requestor.py:_fetch_single_async:199 -> middleware.py:apply_async:115) from logger `RFC.middleware_content_saver`
[INFO] applied on HitomiAuthor(mutou mato).HitomiGallery(722443).HitomiImage(0406), sent

2024-01-31 20:42:50,938 <requestor-worker-0:1503131, MainThread:139699439028032> (requestor.py:_fetch_single_async:199 -> middleware.py:apply_async:115) from logger `RFC.middleware_content_saver`
[INFO] applied on HitomiAuthor(mutou mato).HitomiGallery(722443).HitomiImage(0403), sent

2024-01-31 20:42:51,091 <requestor-worker-0:1503131, MainThread:139699439028032> (requestor.py:_fetch_single_async:199 -> middleware.py:apply_async:112) from logger `RFC.middleware_content_saver`
[INFO] applying on HitomiAuthor(mutou mato).HitomiGallery(722443).HitomiImage(0030), received

2024-01-31 20:42:51,100 <requestor-worker-0:1503131, MainThread:139699439028032> (requestor.py:_fetch_single_async:199 -> middleware.py:apply_async:112) from logger `RFC.middleware_content_saver`
[INFO] applying on HitomiAuthor(mutou mato).HitomiGallery(722443).HitomiImage(0036), received

2024-01-31 20:42:51,109 <requestor-worker-0:1503131, MainThread:139699439028032> (requestor.py:_fetch_single_async:199 -> middleware.py:apply_async:112) from logger `RFC.middleware_content_saver`
[INFO] applying on HitomiAuthor(mutou mato).HitomiGallery(722443).HitomiImage(0038), received

2024-01-31 20:42:51,492 <requestor-worker-0:1503131, MainThread:139699439028032> (requestor.py:_fetch_single_async:199 -> middleware.py:apply_async:115) from logger `RFC.middleware_content_saver`
[INFO] applied on HitomiAuthor(mutou mato).HitomiGallery(722443).HitomiImage(0378), sent

2024-01-31 20:42:51,947 <requestor-worker-0:1503131, MainThread:139699439028032> (requestor.py:_fetch_single_async:199 -> middleware.py:apply_async:115) from logger `RFC.middleware_content_saver`
[INFO] applied on HitomiAuthor(mutou mato).HitomiGallery(722443).HitomiImage(0397), sent

2024-01-31 20:42:51,961 <requestor-worker-0:1503131, MainThread:139699439028032> (requestor.py:_fetch_single_async:199 -> middleware.py:apply_async:112) from logger `RFC.middleware_content_saver`
[INFO] applying on HitomiAuthor(mutou mato).HitomiGallery(735870).HitomiImage(0231), received

2024-01-31 20:42:52,029 <requestor-worker-0:1503131, MainThread:139699439028032> (requestor.py:_fetch_single_async:199 -> middleware.py:apply_async:115) from logger `RFC.middleware_content_saver`
[INFO] applied on HitomiAuthor(mutou mato).HitomiGallery(722443).HitomiImage(0117), sent

2024-01-31 20:42:52,292 <requestor-worker-0:1503131, MainThread:139699439028032> (requestor.py:_fetch_single_async:199 -> middleware.py:apply_async:115) from logger `RFC.middleware_content_saver`
[INFO] applied on HitomiAuthor(mutou mato).HitomiGallery(722443).HitomiImage(0133), sent

2024-01-31 20:42:52,301 <requestor-worker-0:1503131, MainThread:139699439028032> (requestor.py:_fetch_single_async:199 -> middleware.py:apply_async:115) from logger `RFC.middleware_content_saver`
[INFO] applied on HitomiAuthor(mutou mato).HitomiGallery(722443).HitomiImage(0344), sent

2024-01-31 20:42:52,311 <requestor-worker-0:1503131, MainThread:139699439028032> (requestor.py:_fetch_single_async:199 -> middleware.py:apply_async:115) from logger `RFC.middleware_content_saver`
[INFO] applied on HitomiAuthor(mutou mato).HitomiGallery(722443).HitomiImage(0121), sent

2024-01-31 20:42:52,393 <requestor-worker-0:1503131, MainThread:139699439028032> (requestor.py:_fetch_single_async:199 -> middleware.py:apply_async:115) from logger `RFC.middleware_content_saver`
[INFO] applied on HitomiAuthor(mutou mato).HitomiGallery(722443).HitomiImage(0098), sent

2024-01-31 20:42:52,806 <requestor-worker-0:1503131, MainThread:139699439028032> (requestor.py:_fetch_single_async:199 -> middleware.py:apply_async:112) from logger `RFC.middleware_content_saver`
[INFO] applying on HitomiAuthor(mutou mato).HitomiGallery(735870).HitomiImage(0183), received

2024-01-31 20:42:52,900 <requestor-worker-0:1503131, MainThread:139699439028032> (requestor.py:_fetch_single_async:199 -> middleware.py:apply_async:115) from logger `RFC.middleware_content_saver`
[INFO] applied on HitomiAuthor(mutou mato).HitomiGallery(722443).HitomiImage(0030), sent

2024-01-31 20:42:52,913 <requestor-worker-0:1503131, MainThread:139699439028032> (requestor.py:_fetch_single_async:199 -> middleware.py:apply_async:112) from logger `RFC.middleware_content_saver`
[INFO] applying on HitomiAuthor(mutou mato).HitomiGallery(735870).HitomiImage(0172), received

2024-01-31 20:42:53,073 <requestor-worker-0:1503131, MainThread:139699439028032> (requestor.py:_fetch_single_async:199 -> middleware.py:apply_async:112) from logger `RFC.middleware_content_saver`
[INFO] applying on HitomiAuthor(mutou mato).HitomiGallery(735870).HitomiImage(0165), received

2024-01-31 20:42:53,204 <requestor-worker-0:1503131, MainThread:139699439028032> (requestor.py:_fetch_single_async:199 -> middleware.py:apply_async:115) from logger `RFC.middleware_content_saver`
[INFO] applied on HitomiAuthor(mutou mato).HitomiGallery(722443).HitomiImage(0036), sent

2024-01-31 20:42:53,670 <requestor-worker-0:1503131, MainThread:139699439028032> (requestor.py:_fetch_single_async:199 -> middleware.py:apply_async:115) from logger `RFC.middleware_content_saver`
[INFO] applied on HitomiAuthor(mutou mato).HitomiGallery(722443).HitomiImage(0038), sent

2024-01-31 20:42:54,916 <requestor-worker-0:1503131, MainThread:139699439028032> (requestor.py:_fetch_single_async:199 -> middleware.py:apply_async:112) from logger `RFC.middleware_content_saver`
[INFO] applying on HitomiAuthor(mutou mato).HitomiGallery(735870).HitomiImage(0055), received

2024-01-31 20:42:54,994 <requestor-worker-0:1503131, MainThread:139699439028032> (requestor.py:_fetch_single_async:199 -> middleware.py:apply_async:112) from logger `RFC.middleware_content_saver`
[INFO] applying on HitomiAuthor(mutou mato).HitomiGallery(735870).HitomiImage(0041), received

2024-01-31 20:42:55,115 <requestor-worker-0:1503131, MainThread:139699439028032> (requestor.py:_fetch_single_async:199 -> middleware.py:apply_async:115) from logger `RFC.middleware_content_saver`
[INFO] applied on HitomiAuthor(mutou mato).HitomiGallery(735870).HitomiImage(0172), sent

2024-01-31 20:42:55,144 <requestor-worker-0:1503131, MainThread:139699439028032> (requestor.py:_fetch_single_async:199 -> middleware.py:apply_async:112) from logger `RFC.middleware_content_saver`
[INFO] applying on HitomiAuthor(mutou mato).HitomiGallery(735870).HitomiImage(0021), received

2024-01-31 20:42:55,154 <requestor-worker-0:1503131, MainThread:139699439028032> (requestor.py:_fetch_single_async:199 -> middleware.py:apply_async:112) from logger `RFC.middleware_content_saver`
[INFO] applying on HitomiAuthor(mutou mato).HitomiGallery(735870).HitomiImage(0029), received

2024-01-31 20:42:55,438 <requestor-worker-0:1503131, MainThread:139699439028032> (requestor.py:_fetch_single_async:199 -> middleware.py:apply_async:112) from logger `RFC.middleware_content_saver`
[INFO] applying on HitomiAuthor(mutou mato).HitomiGallery(735870).HitomiImage(0004), received

2024-01-31 20:42:55,632 <requestor-worker-0:1503131, MainThread:139699439028032> (requestor.py:_fetch_single_async:199 -> middleware.py:apply_async:115) from logger `RFC.middleware_content_saver`
[INFO] applied on HitomiAuthor(mutou mato).HitomiGallery(735870).HitomiImage(0231), sent

2024-01-31 20:42:55,920 <requestor-worker-0:1503131, MainThread:139699439028032> (requestor.py:_fetch_single_async:199 -> middleware.py:apply_async:115) from logger `RFC.middleware_content_saver`
[INFO] applied on HitomiAuthor(mutou mato).HitomiGallery(735870).HitomiImage(0183), sent

2024-01-31 20:42:56,002 <requestor-worker-0:1503131, MainThread:139699439028032> (requestor.py:_fetch_single_async:199 -> middleware.py:apply_async:112) from logger `RFC.middleware_content_saver`
[INFO] applying on HitomiAuthor(mutou mato).HitomiGallery(762205).HitomiImage(0360), received

2024-01-31 20:42:56,220 <requestor-worker-0:1503131, MainThread:139699439028032> (requestor.py:_fetch_single_async:199 -> middleware.py:apply_async:115) from logger `RFC.middleware_content_saver`
[INFO] applied on HitomiAuthor(mutou mato).HitomiGallery(735870).HitomiImage(0165), sent

2024-01-31 20:42:56,235 <requestor-worker-0:1503131, MainThread:139699439028032> (requestor.py:_fetch_single_async:199 -> middleware.py:apply_async:112) from logger `RFC.middleware_content_saver`
[INFO] applying on HitomiAuthor(mutou mato).HitomiGallery(762205).HitomiImage(0298), received

2024-01-31 20:42:56,305 <requestor-worker-0:1503131, MainThread:139699439028032> (requestor.py:_fetch_single_async:199 -> middleware.py:apply_async:112) from logger `RFC.middleware_content_saver`
[INFO] applying on HitomiAuthor(mutou mato).HitomiGallery(762205).HitomiImage(0318), received

2024-01-31 20:42:56,538 <requestor-worker-0:1503131, MainThread:139699439028032> (requestor.py:_fetch_single_async:199 -> middleware.py:apply_async:112) from logger `RFC.middleware_content_saver`
[INFO] applying on HitomiAuthor(mutou mato).HitomiGallery(762205).HitomiImage(0306), received

2024-01-31 20:42:56,618 <requestor-worker-0:1503131, MainThread:139699439028032> (requestor.py:_fetch_single_async:199 -> middleware.py:apply_async:112) from logger `RFC.middleware_content_saver`
[INFO] applying on HitomiAuthor(mutou mato).HitomiGallery(762205).HitomiImage(0303), received

2024-01-31 20:42:56,627 <requestor-worker-0:1503131, MainThread:139699439028032> (requestor.py:_fetch_single_async:199 -> middleware.py:apply_async:112) from logger `RFC.middleware_content_saver`
[INFO] applying on HitomiAuthor(mutou mato).HitomiGallery(762205).HitomiImage(0292), received

2024-01-31 20:42:56,897 <requestor-worker-0:1503131, MainThread:139699439028032> (requestor.py:_fetch_single_async:199 -> middleware.py:apply_async:112) from logger `RFC.middleware_content_saver`
[INFO] applying on HitomiAuthor(mutou mato).HitomiGallery(762205).HitomiImage(0273), received

2024-01-31 20:42:56,905 <requestor-worker-0:1503131, MainThread:139699439028032> (requestor.py:_fetch_single_async:199 -> middleware.py:apply_async:112) from logger `RFC.middleware_content_saver`
[INFO] applying on HitomiAuthor(mutou mato).HitomiGallery(762205).HitomiImage(0269), received

2024-01-31 20:42:57,093 <requestor-worker-0:1503131, MainThread:139699439028032> (requestor.py:_fetch_single_async:199 -> middleware.py:apply_async:112) from logger `RFC.middleware_content_saver`
[INFO] applying on HitomiAuthor(mutou mato).HitomiGallery(762205).HitomiImage(0256), received

2024-01-31 20:42:57,240 <requestor-worker-0:1503131, MainThread:139699439028032> (requestor.py:_fetch_single_async:199 -> middleware.py:apply_async:115) from logger `RFC.middleware_content_saver`
[INFO] applied on HitomiAuthor(mutou mato).HitomiGallery(735870).HitomiImage(0055), sent

2024-01-31 20:42:57,390 <requestor-worker-0:1503131, MainThread:139699439028032> (requestor.py:_fetch_single_async:199 -> middleware.py:apply_async:115) from logger `RFC.middleware_content_saver`
[INFO] applied on HitomiAuthor(mutou mato).HitomiGallery(735870).HitomiImage(0041), sent

2024-01-31 20:42:58,004 <requestor-worker-0:1503131, MainThread:139699439028032> (requestor.py:_fetch_single_async:199 -> middleware.py:apply_async:115) from logger `RFC.middleware_content_saver`
[INFO] applied on HitomiAuthor(mutou mato).HitomiGallery(735870).HitomiImage(0021), sent

2024-01-31 20:42:58,162 <requestor-worker-0:1503131, MainThread:139699439028032> (requestor.py:_fetch_single_async:199 -> middleware.py:apply_async:115) from logger `RFC.middleware_content_saver`
[INFO] applied on HitomiAuthor(mutou mato).HitomiGallery(762205).HitomiImage(0292), sent

2024-01-31 20:42:58,501 <requestor-worker-0:1503131, MainThread:139699439028032> (requestor.py:_fetch_single_async:199 -> middleware.py:apply_async:115) from logger `RFC.middleware_content_saver`
[INFO] applied on HitomiAuthor(mutou mato).HitomiGallery(762205).HitomiImage(0298), sent

2024-01-31 20:42:58,637 <requestor-worker-0:1503131, MainThread:139699439028032> (requestor.py:_fetch_single_async:199 -> middleware.py:apply_async:112) from logger `RFC.middleware_content_saver`
[INFO] applying on HitomiAuthor(mutou mato).HitomiGallery(762205).HitomiImage(0254), received

2024-01-31 20:42:59,122 <requestor-worker-0:1503131, MainThread:139699439028032> (requestor.py:_fetch_single_async:199 -> middleware.py:apply_async:115) from logger `RFC.middleware_content_saver`
[INFO] applied on HitomiAuthor(mutou mato).HitomiGallery(735870).HitomiImage(0029), sent

2024-01-31 20:42:59,135 <requestor-worker-0:1503131, MainThread:139699439028032> (requestor.py:_fetch_single_async:199 -> middleware.py:apply_async:115) from logger `RFC.middleware_content_saver`
[INFO] applied on HitomiAuthor(mutou mato).HitomiGallery(762205).HitomiImage(0256), sent

2024-01-31 20:42:59,146 <requestor-worker-0:1503131, MainThread:139699439028032> (requestor.py:_fetch_single_async:199 -> middleware.py:apply_async:115) from logger `RFC.middleware_content_saver`
[INFO] applied on HitomiAuthor(mutou mato).HitomiGallery(762205).HitomiImage(0303), sent

2024-01-31 20:42:59,157 <requestor-worker-0:1503131, MainThread:139699439028032> (requestor.py:_fetch_single_async:199 -> middleware.py:apply_async:115) from logger `RFC.middleware_content_saver`
[INFO] applied on HitomiAuthor(mutou mato).HitomiGallery(762205).HitomiImage(0360), sent

2024-01-31 20:42:59,173 <requestor-worker-0:1503131, MainThread:139699439028032> (requestor.py:_fetch_single_async:199 -> middleware.py:apply_async:112) from logger `RFC.middleware_content_saver`
[INFO] applying on HitomiAuthor(mutou mato).HitomiGallery(762205).HitomiImage(0252), received

2024-01-31 20:42:59,184 <requestor-worker-0:1503131, MainThread:139699439028032> (requestor.py:_fetch_single_async:199 -> middleware.py:apply_async:112) from logger `RFC.middleware_content_saver`
[INFO] applying on HitomiAuthor(mutou mato).HitomiGallery(762205).HitomiImage(0255), received

2024-01-31 20:42:59,394 <requestor-worker-0:1503131, MainThread:139699439028032> (requestor.py:_fetch_single_async:199 -> middleware.py:apply_async:115) from logger `RFC.middleware_content_saver`
[INFO] applied on HitomiAuthor(mutou mato).HitomiGallery(762205).HitomiImage(0318), sent

2024-01-31 20:42:59,405 <requestor-worker-0:1503131, MainThread:139699439028032> (requestor.py:_fetch_single_async:199 -> middleware.py:apply_async:115) from logger `RFC.middleware_content_saver`
[INFO] applied on HitomiAuthor(mutou mato).HitomiGallery(762205).HitomiImage(0273), sent

2024-01-31 20:42:59,532 <requestor-worker-0:1503131, MainThread:139699439028032> (requestor.py:_fetch_single_async:199 -> middleware.py:apply_async:115) from logger `RFC.middleware_content_saver`
[INFO] applied on HitomiAuthor(mutou mato).HitomiGallery(762205).HitomiImage(0306), sent

2024-01-31 20:43:00,370 <requestor-worker-0:1503131, MainThread:139699439028032> (requestor.py:_fetch_single_async:199 -> middleware.py:apply_async:115) from logger `RFC.middleware_content_saver`
[INFO] applied on HitomiAuthor(mutou mato).HitomiGallery(762205).HitomiImage(0269), sent

2024-01-31 20:43:00,701 <requestor-worker-0:1503131, MainThread:139699439028032> (requestor.py:_fetch_single_async:199 -> middleware.py:apply_async:115) from logger `RFC.middleware_content_saver`
[INFO] applied on HitomiAuthor(mutou mato).HitomiGallery(735870).HitomiImage(0004), sent

2024-01-31 20:43:00,795 <requestor-worker-0:1503131, MainThread:139699439028032> (requestor.py:_fetch_single_async:199 -> middleware.py:apply_async:115) from logger `RFC.middleware_content_saver`
[INFO] applied on HitomiAuthor(mutou mato).HitomiGallery(762205).HitomiImage(0254), sent

2024-01-31 20:43:00,856 <requestor-worker-0:1503131, MainThread:139699439028032> (requestor.py:_fetch_single_async:199 -> middleware.py:apply_async:115) from logger `RFC.middleware_content_saver`
[INFO] applied on HitomiAuthor(mutou mato).HitomiGallery(762205).HitomiImage(0252), sent

2024-01-31 20:43:01,102 <requestor-worker-0:1503131, MainThread:139699439028032> (requestor.py:_fetch_single_async:199 -> middleware.py:apply_async:115) from logger `RFC.middleware_content_saver`
[INFO] applied on HitomiAuthor(mutou mato).HitomiGallery(762205).HitomiImage(0255), sent

2024-01-31 20:43:13,069 <requestor-worker-0:1503131, MainThread:139699439028032> (requestor.py:_fetch_single_async:199 -> middleware.py:apply_async:112) from logger `RFC.middleware_content_saver`
[INFO] applying on HitomiAuthor(mutou mato).HitomiGallery(765767).HitomiImage(0015), received

2024-01-31 20:43:21,814 <requestor-worker-0:1503131, MainThread:139699439028032> (requestor.py:_fetch_single_async:199 -> middleware.py:apply_async:115) from logger `RFC.middleware_content_saver`
[INFO] applied on HitomiAuthor(mutou mato).HitomiGallery(765767).HitomiImage(0015), sent

2024-01-31 20:43:22,498 <requestor-worker-0:1503131, MainThread:139699439028032> (requestor.py:_fetch_single_async:199 -> middleware.py:apply_async:112) from logger `RFC.middleware_content_saver`
[INFO] applying on HitomiAuthor(mutou mato).HitomiGallery(509748).HitomiImage(0001), received

2024-01-31 20:43:23,639 <requestor-worker-0:1503131, MainThread:139699439028032> (requestor.py:_fetch_single_async:199 -> middleware.py:apply_async:115) from logger `RFC.middleware_content_saver`
[INFO] applied on HitomiAuthor(mutou mato).HitomiGallery(509748).HitomiImage(0001), sent

2024-01-31 20:43:25,182 <requestor-worker-0:1503131, MainThread:139699439028032> (requestor.py:_fetch_single_async:199 -> middleware.py:apply_async:112) from logger `RFC.middleware_content_saver`
[INFO] applying on HitomiAuthor(mutou mato).HitomiGallery(671565).HitomiImage(0001), received

2024-01-31 20:43:25,981 <requestor-worker-0:1503131, MainThread:139699439028032> (requestor.py:_fetch_single_async:199 -> middleware.py:apply_async:115) from logger `RFC.middleware_content_saver`
[INFO] applied on HitomiAuthor(mutou mato).HitomiGallery(671565).HitomiImage(0001), sent

2024-01-31 20:43:31,517 <requestor-worker-0:1503131, MainThread:139699439028032> (requestor.py:_fetch_single_async:199 -> middleware.py:apply_async:112) from logger `RFC.middleware_content_saver`
[INFO] applying on HitomiAuthor(mutou mato).HitomiGallery(671565).HitomiImage(0021), received

2024-01-31 20:43:31,751 <requestor-worker-0:1503131, MainThread:139699439028032> (requestor.py:_fetch_single_async:199 -> middleware.py:apply_async:112) from logger `RFC.middleware_content_saver`
[INFO] applying on HitomiAuthor(mutou mato).HitomiGallery(671565).HitomiImage(0006), received

2024-01-31 20:43:31,764 <requestor-worker-0:1503131, MainThread:139699439028032> (requestor.py:_fetch_single_async:199 -> middleware.py:apply_async:112) from logger `RFC.middleware_content_saver`
[INFO] applying on HitomiAuthor(mutou mato).HitomiGallery(671565).HitomiImage(0004), received

2024-01-31 20:43:31,774 <requestor-worker-0:1503131, MainThread:139699439028032> (requestor.py:_fetch_single_async:199 -> middleware.py:apply_async:112) from logger `RFC.middleware_content_saver`
[INFO] applying on HitomiAuthor(mutou mato).HitomiGallery(671565).HitomiImage(0018), received

2024-01-31 20:43:32,241 <requestor-worker-0:1503131, MainThread:139699439028032> (requestor.py:_fetch_single_async:199 -> middleware.py:apply_async:115) from logger `RFC.middleware_content_saver`
[INFO] applied on HitomiAuthor(mutou mato).HitomiGallery(671565).HitomiImage(0021), sent

2024-01-31 20:43:32,522 <requestor-worker-0:1503131, MainThread:139699439028032> (requestor.py:_fetch_single_async:199 -> middleware.py:apply_async:115) from logger `RFC.middleware_content_saver`
[INFO] applied on HitomiAuthor(mutou mato).HitomiGallery(671565).HitomiImage(0004), sent

2024-01-31 20:43:32,554 <requestor-worker-0:1503131, MainThread:139699439028032> (requestor.py:_fetch_single_async:199 -> middleware.py:apply_async:115) from logger `RFC.middleware_content_saver`
[INFO] applied on HitomiAuthor(mutou mato).HitomiGallery(671565).HitomiImage(0018), sent

2024-01-31 20:43:32,678 <requestor-worker-0:1503131, MainThread:139699439028032> (requestor.py:_fetch_single_async:199 -> middleware.py:apply_async:115) from logger `RFC.middleware_content_saver`
[INFO] applied on HitomiAuthor(mutou mato).HitomiGallery(671565).HitomiImage(0006), sent

