2024-02-08 21:22:24,830 <MainProcess:1485619, MainThread:139827601966912> (middleware.py:get_middleware:394 -> middleware.py:__init__:55) from logger `RFC.middleware_result_saver`
[INFO] initialized

2024-02-08 21:22:24,832 <MainProcess:1485619, MainThread:139827601966912> (middleware.py:get_middleware:394 -> middleware.py:__init__:55) from logger `RFC.middleware_result_saver`
[INFO] initialized

2024-02-08 21:22:24,832 <MainProcess:1485619, MainThread:139827601966912> (middleware.py:get_middleware:394 -> middleware.py:__init__:55) from logger `RFC.middleware_result_saver`
[INFO] initialized

2024-02-08 21:22:24,835 <MainProcess:1485619, MainThread:139827601966912> (middleware.py:get_middleware:394 -> middleware.py:__init__:55) from logger `RFC.middleware_result_saver`
[INFO] initialized

2024-02-08 21:22:24,835 <MainProcess:1485619, MainThread:139827601966912> (middleware.py:get_middleware:394 -> middleware.py:__init__:55) from logger `RFC.middleware_result_saver`
[INFO] initialized

2024-02-08 21:22:24,835 <MainProcess:1485619, MainThread:139827601966912> (middleware.py:get_middleware:394 -> middleware.py:__init__:55) from logger `RFC.middleware_result_saver`
[INFO] initialized

2024-02-08 21:24:03,128 <requestor-worker-7:1485685, MainThread:139827601966912> (requestor.py:_fetch_single_async:204 -> middleware.py:apply_async:112) from logger `RFC.middleware_result_saver`
[INFO] applying on HitomiAuthor(rubi-sama).HitomiGallery(887743).HitomiImage(0364), received

2024-02-08 21:24:03,128 <requestor-worker-7:1485685, MainThread:139827601966912> (requestor.py:_fetch_single_async:204 -> middleware.py:apply_async:112) from logger `RFC.middleware_result_saver`
[INFO] applying on HitomiAuthor(rubi-sama).HitomiGallery(887743).HitomiImage(0364), received

2024-02-08 21:24:03,128 <requestor-worker-7:1485685, MainThread:139827601966912> (requestor.py:_fetch_single_async:204 -> middleware.py:apply_async:112) from logger `RFC.middleware_result_saver`
[INFO] applying on HitomiAuthor(rubi-sama).HitomiGallery(887743).HitomiImage(0364), received

2024-02-08 21:24:03,130 <requestor-worker-7:1485685, MainThread:139827601966912> (requestor.py:_fetch_single_async:204 -> middleware.py:apply_async:115) from logger `RFC.middleware_result_saver`
[INFO] applied on HitomiAuthor(rubi-sama).HitomiGallery(887743).HitomiImage(0364), sent

2024-02-08 21:24:03,130 <requestor-worker-7:1485685, MainThread:139827601966912> (requestor.py:_fetch_single_async:204 -> middleware.py:apply_async:115) from logger `RFC.middleware_result_saver`
[INFO] applied on HitomiAuthor(rubi-sama).HitomiGallery(887743).HitomiImage(0364), sent

2024-02-08 21:24:03,130 <requestor-worker-7:1485685, MainThread:139827601966912> (requestor.py:_fetch_single_async:204 -> middleware.py:apply_async:115) from logger `RFC.middleware_result_saver`
[INFO] applied on HitomiAuthor(rubi-sama).HitomiGallery(887743).HitomiImage(0364), sent

2024-02-08 21:24:06,900 <requestor-worker-6:1485682, MainThread:139827601966912> (requestor.py:_fetch_single_async:204 -> middleware.py:apply_async:112) from logger `RFC.middleware_result_saver`
[INFO] applying on HitomiAuthor(rubi-sama).HitomiGallery(887743).HitomiImage(0421), received

2024-02-08 21:24:06,900 <requestor-worker-6:1485682, MainThread:139827601966912> (requestor.py:_fetch_single_async:204 -> middleware.py:apply_async:112) from logger `RFC.middleware_result_saver`
[INFO] applying on HitomiAuthor(rubi-sama).HitomiGallery(887743).HitomiImage(0421), received

2024-02-08 21:24:06,900 <requestor-worker-6:1485682, MainThread:139827601966912> (requestor.py:_fetch_single_async:204 -> middleware.py:apply_async:112) from logger `RFC.middleware_result_saver`
[INFO] applying on HitomiAuthor(rubi-sama).HitomiGallery(887743).HitomiImage(0421), received

2024-02-08 21:24:06,903 <requestor-worker-6:1485682, MainThread:139827601966912> (requestor.py:_fetch_single_async:204 -> middleware.py:apply_async:115) from logger `RFC.middleware_result_saver`
[INFO] applied on HitomiAuthor(rubi-sama).HitomiGallery(887743).HitomiImage(0421), sent

2024-02-08 21:24:06,903 <requestor-worker-6:1485682, MainThread:139827601966912> (requestor.py:_fetch_single_async:204 -> middleware.py:apply_async:115) from logger `RFC.middleware_result_saver`
[INFO] applied on HitomiAuthor(rubi-sama).HitomiGallery(887743).HitomiImage(0421), sent

2024-02-08 21:24:06,903 <requestor-worker-6:1485682, MainThread:139827601966912> (requestor.py:_fetch_single_async:204 -> middleware.py:apply_async:115) from logger `RFC.middleware_result_saver`
[INFO] applied on HitomiAuthor(rubi-sama).HitomiGallery(887743).HitomiImage(0421), sent

2024-02-08 21:24:15,086 <requestor-worker-7:1485685, MainThread:139827601966912> (requestor.py:_fetch_single_async:204 -> middleware.py:apply_async:112) from logger `RFC.middleware_result_saver`
[INFO] applying on HitomiAuthor(rubi-sama).HitomiGallery(887743).HitomiImage(0186), received

2024-02-08 21:24:15,086 <requestor-worker-7:1485685, MainThread:139827601966912> (requestor.py:_fetch_single_async:204 -> middleware.py:apply_async:112) from logger `RFC.middleware_result_saver`
[INFO] applying on HitomiAuthor(rubi-sama).HitomiGallery(887743).HitomiImage(0186), received

2024-02-08 21:24:15,086 <requestor-worker-7:1485685, MainThread:139827601966912> (requestor.py:_fetch_single_async:204 -> middleware.py:apply_async:112) from logger `RFC.middleware_result_saver`
[INFO] applying on HitomiAuthor(rubi-sama).HitomiGallery(887743).HitomiImage(0186), received

2024-02-08 21:24:15,088 <requestor-worker-7:1485685, MainThread:139827601966912> (requestor.py:_fetch_single_async:204 -> middleware.py:apply_async:115) from logger `RFC.middleware_result_saver`
[INFO] applied on HitomiAuthor(rubi-sama).HitomiGallery(887743).HitomiImage(0186), sent

2024-02-08 21:24:15,088 <requestor-worker-7:1485685, MainThread:139827601966912> (requestor.py:_fetch_single_async:204 -> middleware.py:apply_async:115) from logger `RFC.middleware_result_saver`
[INFO] applied on HitomiAuthor(rubi-sama).HitomiGallery(887743).HitomiImage(0186), sent

2024-02-08 21:24:15,088 <requestor-worker-7:1485685, MainThread:139827601966912> (requestor.py:_fetch_single_async:204 -> middleware.py:apply_async:115) from logger `RFC.middleware_result_saver`
[INFO] applied on HitomiAuthor(rubi-sama).HitomiGallery(887743).HitomiImage(0186), sent

2024-02-08 21:24:16,179 <requestor-worker-6:1485682, MainThread:139827601966912> (requestor.py:_fetch_single_async:204 -> middleware.py:apply_async:112) from logger `RFC.middleware_result_saver`
[INFO] applying on HitomiAuthor(rubi-sama).HitomiGallery(887743).HitomiImage(0187), received

2024-02-08 21:24:16,179 <requestor-worker-6:1485682, MainThread:139827601966912> (requestor.py:_fetch_single_async:204 -> middleware.py:apply_async:112) from logger `RFC.middleware_result_saver`
[INFO] applying on HitomiAuthor(rubi-sama).HitomiGallery(887743).HitomiImage(0187), received

2024-02-08 21:24:16,179 <requestor-worker-6:1485682, MainThread:139827601966912> (requestor.py:_fetch_single_async:204 -> middleware.py:apply_async:112) from logger `RFC.middleware_result_saver`
[INFO] applying on HitomiAuthor(rubi-sama).HitomiGallery(887743).HitomiImage(0187), received

2024-02-08 21:24:16,181 <requestor-worker-6:1485682, MainThread:139827601966912> (requestor.py:_fetch_single_async:204 -> middleware.py:apply_async:115) from logger `RFC.middleware_result_saver`
[INFO] applied on HitomiAuthor(rubi-sama).HitomiGallery(887743).HitomiImage(0187), sent

2024-02-08 21:24:16,181 <requestor-worker-6:1485682, MainThread:139827601966912> (requestor.py:_fetch_single_async:204 -> middleware.py:apply_async:115) from logger `RFC.middleware_result_saver`
[INFO] applied on HitomiAuthor(rubi-sama).HitomiGallery(887743).HitomiImage(0187), sent

2024-02-08 21:24:16,181 <requestor-worker-6:1485682, MainThread:139827601966912> (requestor.py:_fetch_single_async:204 -> middleware.py:apply_async:115) from logger `RFC.middleware_result_saver`
[INFO] applied on HitomiAuthor(rubi-sama).HitomiGallery(887743).HitomiImage(0187), sent

2024-02-08 21:24:19,072 <requestor-worker-8:1485689, MainThread:139827601966912> (requestor.py:_fetch_single_async:204 -> middleware.py:apply_async:112) from logger `RFC.middleware_result_saver`
[INFO] applying on HitomiAuthor(rubi-sama).HitomiGallery(887743).HitomiImage(0235), received

2024-02-08 21:24:19,072 <requestor-worker-8:1485689, MainThread:139827601966912> (requestor.py:_fetch_single_async:204 -> middleware.py:apply_async:112) from logger `RFC.middleware_result_saver`
[INFO] applying on HitomiAuthor(rubi-sama).HitomiGallery(887743).HitomiImage(0235), received

2024-02-08 21:24:19,072 <requestor-worker-8:1485689, MainThread:139827601966912> (requestor.py:_fetch_single_async:204 -> middleware.py:apply_async:112) from logger `RFC.middleware_result_saver`
[INFO] applying on HitomiAuthor(rubi-sama).HitomiGallery(887743).HitomiImage(0235), received

2024-02-08 21:24:19,074 <requestor-worker-8:1485689, MainThread:139827601966912> (requestor.py:_fetch_single_async:204 -> middleware.py:apply_async:115) from logger `RFC.middleware_result_saver`
[INFO] applied on HitomiAuthor(rubi-sama).HitomiGallery(887743).HitomiImage(0235), sent

2024-02-08 21:24:19,074 <requestor-worker-8:1485689, MainThread:139827601966912> (requestor.py:_fetch_single_async:204 -> middleware.py:apply_async:115) from logger `RFC.middleware_result_saver`
[INFO] applied on HitomiAuthor(rubi-sama).HitomiGallery(887743).HitomiImage(0235), sent

2024-02-08 21:24:19,074 <requestor-worker-8:1485689, MainThread:139827601966912> (requestor.py:_fetch_single_async:204 -> middleware.py:apply_async:115) from logger `RFC.middleware_result_saver`
[INFO] applied on HitomiAuthor(rubi-sama).HitomiGallery(887743).HitomiImage(0235), sent

2024-02-08 21:24:20,808 <requestor-worker-8:1485689, MainThread:139827601966912> (requestor.py:_fetch_single_async:204 -> middleware.py:apply_async:112) from logger `RFC.middleware_result_saver`
[INFO] applying on HitomiAuthor(rubi-sama).HitomiGallery(887743).HitomiImage(0260), received

2024-02-08 21:24:20,808 <requestor-worker-8:1485689, MainThread:139827601966912> (requestor.py:_fetch_single_async:204 -> middleware.py:apply_async:112) from logger `RFC.middleware_result_saver`
[INFO] applying on HitomiAuthor(rubi-sama).HitomiGallery(887743).HitomiImage(0260), received

2024-02-08 21:24:20,808 <requestor-worker-8:1485689, MainThread:139827601966912> (requestor.py:_fetch_single_async:204 -> middleware.py:apply_async:112) from logger `RFC.middleware_result_saver`
[INFO] applying on HitomiAuthor(rubi-sama).HitomiGallery(887743).HitomiImage(0260), received

2024-02-08 21:24:20,812 <requestor-worker-8:1485689, MainThread:139827601966912> (requestor.py:_fetch_single_async:204 -> middleware.py:apply_async:115) from logger `RFC.middleware_result_saver`
[INFO] applied on HitomiAuthor(rubi-sama).HitomiGallery(887743).HitomiImage(0260), sent

2024-02-08 21:24:20,812 <requestor-worker-8:1485689, MainThread:139827601966912> (requestor.py:_fetch_single_async:204 -> middleware.py:apply_async:115) from logger `RFC.middleware_result_saver`
[INFO] applied on HitomiAuthor(rubi-sama).HitomiGallery(887743).HitomiImage(0260), sent

2024-02-08 21:24:20,812 <requestor-worker-8:1485689, MainThread:139827601966912> (requestor.py:_fetch_single_async:204 -> middleware.py:apply_async:115) from logger `RFC.middleware_result_saver`
[INFO] applied on HitomiAuthor(rubi-sama).HitomiGallery(887743).HitomiImage(0260), sent

2024-02-08 21:24:22,201 <requestor-worker-6:1485682, MainThread:139827601966912> (requestor.py:_fetch_single_async:204 -> middleware.py:apply_async:112) from logger `RFC.middleware_result_saver`
[INFO] applying on HitomiAuthor(rubi-sama).HitomiGallery(887743).HitomiImage(0328), received

2024-02-08 21:24:22,201 <requestor-worker-6:1485682, MainThread:139827601966912> (requestor.py:_fetch_single_async:204 -> middleware.py:apply_async:112) from logger `RFC.middleware_result_saver`
[INFO] applying on HitomiAuthor(rubi-sama).HitomiGallery(887743).HitomiImage(0328), received

2024-02-08 21:24:22,201 <requestor-worker-6:1485682, MainThread:139827601966912> (requestor.py:_fetch_single_async:204 -> middleware.py:apply_async:112) from logger `RFC.middleware_result_saver`
[INFO] applying on HitomiAuthor(rubi-sama).HitomiGallery(887743).HitomiImage(0328), received

2024-02-08 21:24:22,204 <requestor-worker-6:1485682, MainThread:139827601966912> (requestor.py:_fetch_single_async:204 -> middleware.py:apply_async:115) from logger `RFC.middleware_result_saver`
[INFO] applied on HitomiAuthor(rubi-sama).HitomiGallery(887743).HitomiImage(0328), sent

2024-02-08 21:24:22,204 <requestor-worker-6:1485682, MainThread:139827601966912> (requestor.py:_fetch_single_async:204 -> middleware.py:apply_async:115) from logger `RFC.middleware_result_saver`
[INFO] applied on HitomiAuthor(rubi-sama).HitomiGallery(887743).HitomiImage(0328), sent

2024-02-08 21:24:22,204 <requestor-worker-6:1485682, MainThread:139827601966912> (requestor.py:_fetch_single_async:204 -> middleware.py:apply_async:115) from logger `RFC.middleware_result_saver`
[INFO] applied on HitomiAuthor(rubi-sama).HitomiGallery(887743).HitomiImage(0328), sent

2024-02-08 21:24:23,755 <requestor-worker-10:1485694, MainThread:139827601966912> (requestor.py:_fetch_single_async:204 -> middleware.py:apply_async:112) from logger `RFC.middleware_result_saver`
[INFO] applying on HitomiAuthor(rubi-sama).HitomiGallery(887743).HitomiImage(0320), received

2024-02-08 21:24:23,755 <requestor-worker-10:1485694, MainThread:139827601966912> (requestor.py:_fetch_single_async:204 -> middleware.py:apply_async:112) from logger `RFC.middleware_result_saver`
[INFO] applying on HitomiAuthor(rubi-sama).HitomiGallery(887743).HitomiImage(0320), received

2024-02-08 21:24:23,755 <requestor-worker-10:1485694, MainThread:139827601966912> (requestor.py:_fetch_single_async:204 -> middleware.py:apply_async:112) from logger `RFC.middleware_result_saver`
[INFO] applying on HitomiAuthor(rubi-sama).HitomiGallery(887743).HitomiImage(0320), received

2024-02-08 21:24:23,759 <requestor-worker-10:1485694, MainThread:139827601966912> (requestor.py:_fetch_single_async:204 -> middleware.py:apply_async:115) from logger `RFC.middleware_result_saver`
[INFO] applied on HitomiAuthor(rubi-sama).HitomiGallery(887743).HitomiImage(0320), sent

2024-02-08 21:24:23,759 <requestor-worker-10:1485694, MainThread:139827601966912> (requestor.py:_fetch_single_async:204 -> middleware.py:apply_async:115) from logger `RFC.middleware_result_saver`
[INFO] applied on HitomiAuthor(rubi-sama).HitomiGallery(887743).HitomiImage(0320), sent

2024-02-08 21:24:23,759 <requestor-worker-10:1485694, MainThread:139827601966912> (requestor.py:_fetch_single_async:204 -> middleware.py:apply_async:115) from logger `RFC.middleware_result_saver`
[INFO] applied on HitomiAuthor(rubi-sama).HitomiGallery(887743).HitomiImage(0320), sent

2024-02-08 21:24:23,872 <requestor-worker-6:1485682, MainThread:139827601966912> (requestor.py:_fetch_single_async:204 -> middleware.py:apply_async:112) from logger `RFC.middleware_result_saver`
[INFO] applying on HitomiAuthor(rubi-sama).HitomiGallery(887743).HitomiImage(0354), received

2024-02-08 21:24:23,872 <requestor-worker-6:1485682, MainThread:139827601966912> (requestor.py:_fetch_single_async:204 -> middleware.py:apply_async:112) from logger `RFC.middleware_result_saver`
[INFO] applying on HitomiAuthor(rubi-sama).HitomiGallery(887743).HitomiImage(0354), received

2024-02-08 21:24:23,872 <requestor-worker-6:1485682, MainThread:139827601966912> (requestor.py:_fetch_single_async:204 -> middleware.py:apply_async:112) from logger `RFC.middleware_result_saver`
[INFO] applying on HitomiAuthor(rubi-sama).HitomiGallery(887743).HitomiImage(0354), received

2024-02-08 21:24:23,893 <requestor-worker-6:1485682, MainThread:139827601966912> (requestor.py:_fetch_single_async:204 -> middleware.py:apply_async:115) from logger `RFC.middleware_result_saver`
[INFO] applied on HitomiAuthor(rubi-sama).HitomiGallery(887743).HitomiImage(0354), sent

2024-02-08 21:24:23,893 <requestor-worker-6:1485682, MainThread:139827601966912> (requestor.py:_fetch_single_async:204 -> middleware.py:apply_async:115) from logger `RFC.middleware_result_saver`
[INFO] applied on HitomiAuthor(rubi-sama).HitomiGallery(887743).HitomiImage(0354), sent

2024-02-08 21:24:23,893 <requestor-worker-6:1485682, MainThread:139827601966912> (requestor.py:_fetch_single_async:204 -> middleware.py:apply_async:115) from logger `RFC.middleware_result_saver`
[INFO] applied on HitomiAuthor(rubi-sama).HitomiGallery(887743).HitomiImage(0354), sent

2024-02-08 21:24:28,216 <requestor-worker-10:1485694, MainThread:139827601966912> (requestor.py:_fetch_single_async:204 -> middleware.py:apply_async:112) from logger `RFC.middleware_result_saver`
[INFO] applying on HitomiAuthor(rubi-sama).HitomiGallery(887743).HitomiImage(0394), received

2024-02-08 21:24:28,216 <requestor-worker-10:1485694, MainThread:139827601966912> (requestor.py:_fetch_single_async:204 -> middleware.py:apply_async:112) from logger `RFC.middleware_result_saver`
[INFO] applying on HitomiAuthor(rubi-sama).HitomiGallery(887743).HitomiImage(0394), received

2024-02-08 21:24:28,216 <requestor-worker-10:1485694, MainThread:139827601966912> (requestor.py:_fetch_single_async:204 -> middleware.py:apply_async:112) from logger `RFC.middleware_result_saver`
[INFO] applying on HitomiAuthor(rubi-sama).HitomiGallery(887743).HitomiImage(0394), received

2024-02-08 21:24:28,218 <requestor-worker-10:1485694, MainThread:139827601966912> (requestor.py:_fetch_single_async:204 -> middleware.py:apply_async:115) from logger `RFC.middleware_result_saver`
[INFO] applied on HitomiAuthor(rubi-sama).HitomiGallery(887743).HitomiImage(0394), sent

2024-02-08 21:24:28,218 <requestor-worker-10:1485694, MainThread:139827601966912> (requestor.py:_fetch_single_async:204 -> middleware.py:apply_async:115) from logger `RFC.middleware_result_saver`
[INFO] applied on HitomiAuthor(rubi-sama).HitomiGallery(887743).HitomiImage(0394), sent

2024-02-08 21:24:28,218 <requestor-worker-10:1485694, MainThread:139827601966912> (requestor.py:_fetch_single_async:204 -> middleware.py:apply_async:115) from logger `RFC.middleware_result_saver`
[INFO] applied on HitomiAuthor(rubi-sama).HitomiGallery(887743).HitomiImage(0394), sent

2024-02-08 21:24:28,382 <requestor-worker-10:1485694, MainThread:139827601966912> (requestor.py:_fetch_single_async:204 -> middleware.py:apply_async:112) from logger `RFC.middleware_result_saver`
[INFO] applying on HitomiAuthor(rubi-sama).HitomiGallery(887743).HitomiImage(0609), received

2024-02-08 21:24:28,382 <requestor-worker-10:1485694, MainThread:139827601966912> (requestor.py:_fetch_single_async:204 -> middleware.py:apply_async:112) from logger `RFC.middleware_result_saver`
[INFO] applying on HitomiAuthor(rubi-sama).HitomiGallery(887743).HitomiImage(0609), received

2024-02-08 21:24:28,382 <requestor-worker-10:1485694, MainThread:139827601966912> (requestor.py:_fetch_single_async:204 -> middleware.py:apply_async:112) from logger `RFC.middleware_result_saver`
[INFO] applying on HitomiAuthor(rubi-sama).HitomiGallery(887743).HitomiImage(0609), received

2024-02-08 21:24:28,386 <requestor-worker-10:1485694, MainThread:139827601966912> (requestor.py:_fetch_single_async:204 -> middleware.py:apply_async:115) from logger `RFC.middleware_result_saver`
[INFO] applied on HitomiAuthor(rubi-sama).HitomiGallery(887743).HitomiImage(0609), sent

2024-02-08 21:24:28,386 <requestor-worker-10:1485694, MainThread:139827601966912> (requestor.py:_fetch_single_async:204 -> middleware.py:apply_async:115) from logger `RFC.middleware_result_saver`
[INFO] applied on HitomiAuthor(rubi-sama).HitomiGallery(887743).HitomiImage(0609), sent

2024-02-08 21:24:28,386 <requestor-worker-10:1485694, MainThread:139827601966912> (requestor.py:_fetch_single_async:204 -> middleware.py:apply_async:115) from logger `RFC.middleware_result_saver`
[INFO] applied on HitomiAuthor(rubi-sama).HitomiGallery(887743).HitomiImage(0609), sent

2024-02-08 21:24:28,750 <requestor-worker-10:1485694, MainThread:139827601966912> (requestor.py:_fetch_single_async:204 -> middleware.py:apply_async:112) from logger `RFC.middleware_result_saver`
[INFO] applying on HitomiAuthor(rubi-sama).HitomiGallery(887743).HitomiImage(0427), received

2024-02-08 21:24:28,750 <requestor-worker-10:1485694, MainThread:139827601966912> (requestor.py:_fetch_single_async:204 -> middleware.py:apply_async:112) from logger `RFC.middleware_result_saver`
[INFO] applying on HitomiAuthor(rubi-sama).HitomiGallery(887743).HitomiImage(0427), received

2024-02-08 21:24:28,750 <requestor-worker-10:1485694, MainThread:139827601966912> (requestor.py:_fetch_single_async:204 -> middleware.py:apply_async:112) from logger `RFC.middleware_result_saver`
[INFO] applying on HitomiAuthor(rubi-sama).HitomiGallery(887743).HitomiImage(0427), received

2024-02-08 21:24:28,753 <requestor-worker-10:1485694, MainThread:139827601966912> (requestor.py:_fetch_single_async:204 -> middleware.py:apply_async:115) from logger `RFC.middleware_result_saver`
[INFO] applied on HitomiAuthor(rubi-sama).HitomiGallery(887743).HitomiImage(0427), sent

2024-02-08 21:24:28,753 <requestor-worker-10:1485694, MainThread:139827601966912> (requestor.py:_fetch_single_async:204 -> middleware.py:apply_async:115) from logger `RFC.middleware_result_saver`
[INFO] applied on HitomiAuthor(rubi-sama).HitomiGallery(887743).HitomiImage(0427), sent

2024-02-08 21:24:28,753 <requestor-worker-10:1485694, MainThread:139827601966912> (requestor.py:_fetch_single_async:204 -> middleware.py:apply_async:115) from logger `RFC.middleware_result_saver`
[INFO] applied on HitomiAuthor(rubi-sama).HitomiGallery(887743).HitomiImage(0427), sent

2024-02-08 21:24:28,764 <requestor-worker-7:1485685, MainThread:139827601966912> (requestor.py:_fetch_single_async:204 -> middleware.py:apply_async:112) from logger `RFC.middleware_result_saver`
[INFO] applying on HitomiAuthor(rubi-sama).HitomiGallery(887743).HitomiImage(0428), received

2024-02-08 21:24:28,764 <requestor-worker-7:1485685, MainThread:139827601966912> (requestor.py:_fetch_single_async:204 -> middleware.py:apply_async:112) from logger `RFC.middleware_result_saver`
[INFO] applying on HitomiAuthor(rubi-sama).HitomiGallery(887743).HitomiImage(0428), received

2024-02-08 21:24:28,764 <requestor-worker-7:1485685, MainThread:139827601966912> (requestor.py:_fetch_single_async:204 -> middleware.py:apply_async:112) from logger `RFC.middleware_result_saver`
[INFO] applying on HitomiAuthor(rubi-sama).HitomiGallery(887743).HitomiImage(0428), received

2024-02-08 21:24:28,767 <requestor-worker-7:1485685, MainThread:139827601966912> (requestor.py:_fetch_single_async:204 -> middleware.py:apply_async:115) from logger `RFC.middleware_result_saver`
[INFO] applied on HitomiAuthor(rubi-sama).HitomiGallery(887743).HitomiImage(0428), sent

2024-02-08 21:24:28,767 <requestor-worker-7:1485685, MainThread:139827601966912> (requestor.py:_fetch_single_async:204 -> middleware.py:apply_async:115) from logger `RFC.middleware_result_saver`
[INFO] applied on HitomiAuthor(rubi-sama).HitomiGallery(887743).HitomiImage(0428), sent

2024-02-08 21:24:28,767 <requestor-worker-7:1485685, MainThread:139827601966912> (requestor.py:_fetch_single_async:204 -> middleware.py:apply_async:115) from logger `RFC.middleware_result_saver`
[INFO] applied on HitomiAuthor(rubi-sama).HitomiGallery(887743).HitomiImage(0428), sent

2024-02-08 21:24:35,803 <requestor-worker-8:1485689, MainThread:139827601966912> (requestor.py:_fetch_single_async:204 -> middleware.py:apply_async:112) from logger `RFC.middleware_result_saver`
[INFO] applying on HitomiAuthor(rubi-sama).HitomiGallery(887743).HitomiImage(0497), received

2024-02-08 21:24:35,803 <requestor-worker-8:1485689, MainThread:139827601966912> (requestor.py:_fetch_single_async:204 -> middleware.py:apply_async:112) from logger `RFC.middleware_result_saver`
[INFO] applying on HitomiAuthor(rubi-sama).HitomiGallery(887743).HitomiImage(0497), received

2024-02-08 21:24:35,803 <requestor-worker-8:1485689, MainThread:139827601966912> (requestor.py:_fetch_single_async:204 -> middleware.py:apply_async:112) from logger `RFC.middleware_result_saver`
[INFO] applying on HitomiAuthor(rubi-sama).HitomiGallery(887743).HitomiImage(0497), received

2024-02-08 21:24:35,813 <requestor-worker-8:1485689, MainThread:139827601966912> (requestor.py:_fetch_single_async:204 -> middleware.py:apply_async:115) from logger `RFC.middleware_result_saver`
[INFO] applied on HitomiAuthor(rubi-sama).HitomiGallery(887743).HitomiImage(0497), sent

2024-02-08 21:24:35,813 <requestor-worker-8:1485689, MainThread:139827601966912> (requestor.py:_fetch_single_async:204 -> middleware.py:apply_async:115) from logger `RFC.middleware_result_saver`
[INFO] applied on HitomiAuthor(rubi-sama).HitomiGallery(887743).HitomiImage(0497), sent

2024-02-08 21:24:35,813 <requestor-worker-8:1485689, MainThread:139827601966912> (requestor.py:_fetch_single_async:204 -> middleware.py:apply_async:115) from logger `RFC.middleware_result_saver`
[INFO] applied on HitomiAuthor(rubi-sama).HitomiGallery(887743).HitomiImage(0497), sent

2024-02-08 21:24:38,488 <requestor-worker-7:1485685, MainThread:139827601966912> (requestor.py:_fetch_single_async:204 -> middleware.py:apply_async:112) from logger `RFC.middleware_result_saver`
[INFO] applying on HitomiAuthor(rubi-sama).HitomiGallery(887743).HitomiImage(0512), received

2024-02-08 21:24:38,488 <requestor-worker-7:1485685, MainThread:139827601966912> (requestor.py:_fetch_single_async:204 -> middleware.py:apply_async:112) from logger `RFC.middleware_result_saver`
[INFO] applying on HitomiAuthor(rubi-sama).HitomiGallery(887743).HitomiImage(0512), received

2024-02-08 21:24:38,488 <requestor-worker-7:1485685, MainThread:139827601966912> (requestor.py:_fetch_single_async:204 -> middleware.py:apply_async:112) from logger `RFC.middleware_result_saver`
[INFO] applying on HitomiAuthor(rubi-sama).HitomiGallery(887743).HitomiImage(0512), received

2024-02-08 21:24:38,490 <requestor-worker-7:1485685, MainThread:139827601966912> (requestor.py:_fetch_single_async:204 -> middleware.py:apply_async:115) from logger `RFC.middleware_result_saver`
[INFO] applied on HitomiAuthor(rubi-sama).HitomiGallery(887743).HitomiImage(0512), sent

2024-02-08 21:24:38,490 <requestor-worker-7:1485685, MainThread:139827601966912> (requestor.py:_fetch_single_async:204 -> middleware.py:apply_async:115) from logger `RFC.middleware_result_saver`
[INFO] applied on HitomiAuthor(rubi-sama).HitomiGallery(887743).HitomiImage(0512), sent

2024-02-08 21:24:38,490 <requestor-worker-7:1485685, MainThread:139827601966912> (requestor.py:_fetch_single_async:204 -> middleware.py:apply_async:115) from logger `RFC.middleware_result_saver`
[INFO] applied on HitomiAuthor(rubi-sama).HitomiGallery(887743).HitomiImage(0512), sent

2024-02-08 21:24:45,757 <requestor-worker-10:1485694, MainThread:139827601966912> (requestor.py:_fetch_single_async:204 -> middleware.py:apply_async:112) from logger `RFC.middleware_result_saver`
[INFO] applying on HitomiAuthor(rubi-sama).HitomiGallery(887743).HitomiImage(0568), received

2024-02-08 21:24:45,757 <requestor-worker-10:1485694, MainThread:139827601966912> (requestor.py:_fetch_single_async:204 -> middleware.py:apply_async:112) from logger `RFC.middleware_result_saver`
[INFO] applying on HitomiAuthor(rubi-sama).HitomiGallery(887743).HitomiImage(0568), received

2024-02-08 21:24:45,757 <requestor-worker-10:1485694, MainThread:139827601966912> (requestor.py:_fetch_single_async:204 -> middleware.py:apply_async:112) from logger `RFC.middleware_result_saver`
[INFO] applying on HitomiAuthor(rubi-sama).HitomiGallery(887743).HitomiImage(0568), received

2024-02-08 21:24:45,759 <requestor-worker-10:1485694, MainThread:139827601966912> (requestor.py:_fetch_single_async:204 -> middleware.py:apply_async:115) from logger `RFC.middleware_result_saver`
[INFO] applied on HitomiAuthor(rubi-sama).HitomiGallery(887743).HitomiImage(0568), sent

2024-02-08 21:24:45,759 <requestor-worker-10:1485694, MainThread:139827601966912> (requestor.py:_fetch_single_async:204 -> middleware.py:apply_async:115) from logger `RFC.middleware_result_saver`
[INFO] applied on HitomiAuthor(rubi-sama).HitomiGallery(887743).HitomiImage(0568), sent

2024-02-08 21:24:45,759 <requestor-worker-10:1485694, MainThread:139827601966912> (requestor.py:_fetch_single_async:204 -> middleware.py:apply_async:115) from logger `RFC.middleware_result_saver`
[INFO] applied on HitomiAuthor(rubi-sama).HitomiGallery(887743).HitomiImage(0568), sent

2024-02-08 21:24:48,747 <requestor-worker-8:1485689, MainThread:139827601966912> (requestor.py:_fetch_single_async:204 -> middleware.py:apply_async:112) from logger `RFC.middleware_result_saver`
[INFO] applying on HitomiAuthor(rubi-sama).HitomiGallery(887743).HitomiImage(0601), received

2024-02-08 21:24:48,747 <requestor-worker-8:1485689, MainThread:139827601966912> (requestor.py:_fetch_single_async:204 -> middleware.py:apply_async:112) from logger `RFC.middleware_result_saver`
[INFO] applying on HitomiAuthor(rubi-sama).HitomiGallery(887743).HitomiImage(0601), received

2024-02-08 21:24:48,747 <requestor-worker-8:1485689, MainThread:139827601966912> (requestor.py:_fetch_single_async:204 -> middleware.py:apply_async:112) from logger `RFC.middleware_result_saver`
[INFO] applying on HitomiAuthor(rubi-sama).HitomiGallery(887743).HitomiImage(0601), received

2024-02-08 21:24:48,748 <requestor-worker-8:1485689, MainThread:139827601966912> (requestor.py:_fetch_single_async:204 -> middleware.py:apply_async:115) from logger `RFC.middleware_result_saver`
[INFO] applied on HitomiAuthor(rubi-sama).HitomiGallery(887743).HitomiImage(0601), sent

2024-02-08 21:24:48,748 <requestor-worker-8:1485689, MainThread:139827601966912> (requestor.py:_fetch_single_async:204 -> middleware.py:apply_async:115) from logger `RFC.middleware_result_saver`
[INFO] applied on HitomiAuthor(rubi-sama).HitomiGallery(887743).HitomiImage(0601), sent

2024-02-08 21:24:48,748 <requestor-worker-8:1485689, MainThread:139827601966912> (requestor.py:_fetch_single_async:204 -> middleware.py:apply_async:115) from logger `RFC.middleware_result_saver`
[INFO] applied on HitomiAuthor(rubi-sama).HitomiGallery(887743).HitomiImage(0601), sent

2024-02-08 21:25:02,663 <requestor-worker-6:1485682, MainThread:139827601966912> (requestor.py:_fetch_single_async:204 -> middleware.py:apply_async:112) from logger `RFC.middleware_result_saver`
[INFO] applying on HitomiAuthor(rubi-sama).HitomiGallery(887743).HitomiImage(0679), received

2024-02-08 21:25:02,663 <requestor-worker-6:1485682, MainThread:139827601966912> (requestor.py:_fetch_single_async:204 -> middleware.py:apply_async:112) from logger `RFC.middleware_result_saver`
[INFO] applying on HitomiAuthor(rubi-sama).HitomiGallery(887743).HitomiImage(0679), received

2024-02-08 21:25:02,663 <requestor-worker-6:1485682, MainThread:139827601966912> (requestor.py:_fetch_single_async:204 -> middleware.py:apply_async:112) from logger `RFC.middleware_result_saver`
[INFO] applying on HitomiAuthor(rubi-sama).HitomiGallery(887743).HitomiImage(0679), received

2024-02-08 21:25:02,665 <requestor-worker-6:1485682, MainThread:139827601966912> (requestor.py:_fetch_single_async:204 -> middleware.py:apply_async:115) from logger `RFC.middleware_result_saver`
[INFO] applied on HitomiAuthor(rubi-sama).HitomiGallery(887743).HitomiImage(0679), sent

2024-02-08 21:25:02,665 <requestor-worker-6:1485682, MainThread:139827601966912> (requestor.py:_fetch_single_async:204 -> middleware.py:apply_async:115) from logger `RFC.middleware_result_saver`
[INFO] applied on HitomiAuthor(rubi-sama).HitomiGallery(887743).HitomiImage(0679), sent

2024-02-08 21:25:02,665 <requestor-worker-6:1485682, MainThread:139827601966912> (requestor.py:_fetch_single_async:204 -> middleware.py:apply_async:115) from logger `RFC.middleware_result_saver`
[INFO] applied on HitomiAuthor(rubi-sama).HitomiGallery(887743).HitomiImage(0679), sent

2024-02-08 21:25:11,045 <requestor-worker-8:1485689, MainThread:139827601966912> (requestor.py:_fetch_single_async:204 -> middleware.py:apply_async:112) from logger `RFC.middleware_result_saver`
[INFO] applying on HitomiAuthor(rubi-sama).HitomiGallery(887743).HitomiImage(0753), received

2024-02-08 21:25:11,045 <requestor-worker-8:1485689, MainThread:139827601966912> (requestor.py:_fetch_single_async:204 -> middleware.py:apply_async:112) from logger `RFC.middleware_result_saver`
[INFO] applying on HitomiAuthor(rubi-sama).HitomiGallery(887743).HitomiImage(0753), received

2024-02-08 21:25:11,045 <requestor-worker-8:1485689, MainThread:139827601966912> (requestor.py:_fetch_single_async:204 -> middleware.py:apply_async:112) from logger `RFC.middleware_result_saver`
[INFO] applying on HitomiAuthor(rubi-sama).HitomiGallery(887743).HitomiImage(0753), received

2024-02-08 21:25:11,047 <requestor-worker-8:1485689, MainThread:139827601966912> (requestor.py:_fetch_single_async:204 -> middleware.py:apply_async:115) from logger `RFC.middleware_result_saver`
[INFO] applied on HitomiAuthor(rubi-sama).HitomiGallery(887743).HitomiImage(0753), sent

2024-02-08 21:25:11,047 <requestor-worker-8:1485689, MainThread:139827601966912> (requestor.py:_fetch_single_async:204 -> middleware.py:apply_async:115) from logger `RFC.middleware_result_saver`
[INFO] applied on HitomiAuthor(rubi-sama).HitomiGallery(887743).HitomiImage(0753), sent

2024-02-08 21:25:11,047 <requestor-worker-8:1485689, MainThread:139827601966912> (requestor.py:_fetch_single_async:204 -> middleware.py:apply_async:115) from logger `RFC.middleware_result_saver`
[INFO] applied on HitomiAuthor(rubi-sama).HitomiGallery(887743).HitomiImage(0753), sent

2024-02-08 21:25:14,021 <requestor-worker-10:1485694, MainThread:139827601966912> (requestor.py:_fetch_single_async:204 -> middleware.py:apply_async:112) from logger `RFC.middleware_result_saver`
[INFO] applying on HitomiAuthor(rubi-sama).HitomiGallery(887743).HitomiImage(0596), received

2024-02-08 21:25:14,021 <requestor-worker-10:1485694, MainThread:139827601966912> (requestor.py:_fetch_single_async:204 -> middleware.py:apply_async:112) from logger `RFC.middleware_result_saver`
[INFO] applying on HitomiAuthor(rubi-sama).HitomiGallery(887743).HitomiImage(0596), received

2024-02-08 21:25:14,021 <requestor-worker-10:1485694, MainThread:139827601966912> (requestor.py:_fetch_single_async:204 -> middleware.py:apply_async:112) from logger `RFC.middleware_result_saver`
[INFO] applying on HitomiAuthor(rubi-sama).HitomiGallery(887743).HitomiImage(0596), received

2024-02-08 21:25:14,024 <requestor-worker-10:1485694, MainThread:139827601966912> (requestor.py:_fetch_single_async:204 -> middleware.py:apply_async:115) from logger `RFC.middleware_result_saver`
[INFO] applied on HitomiAuthor(rubi-sama).HitomiGallery(887743).HitomiImage(0596), sent

2024-02-08 21:25:14,024 <requestor-worker-10:1485694, MainThread:139827601966912> (requestor.py:_fetch_single_async:204 -> middleware.py:apply_async:115) from logger `RFC.middleware_result_saver`
[INFO] applied on HitomiAuthor(rubi-sama).HitomiGallery(887743).HitomiImage(0596), sent

2024-02-08 21:25:14,024 <requestor-worker-10:1485694, MainThread:139827601966912> (requestor.py:_fetch_single_async:204 -> middleware.py:apply_async:115) from logger `RFC.middleware_result_saver`
[INFO] applied on HitomiAuthor(rubi-sama).HitomiGallery(887743).HitomiImage(0596), sent

2024-02-08 21:25:15,515 <requestor-worker-10:1485694, MainThread:139827601966912> (requestor.py:_fetch_single_async:204 -> middleware.py:apply_async:112) from logger `RFC.middleware_result_saver`
[INFO] applying on HitomiAuthor(rubi-sama).HitomiGallery(887743).HitomiImage(0409), received

2024-02-08 21:25:15,515 <requestor-worker-10:1485694, MainThread:139827601966912> (requestor.py:_fetch_single_async:204 -> middleware.py:apply_async:112) from logger `RFC.middleware_result_saver`
[INFO] applying on HitomiAuthor(rubi-sama).HitomiGallery(887743).HitomiImage(0409), received

2024-02-08 21:25:15,515 <requestor-worker-10:1485694, MainThread:139827601966912> (requestor.py:_fetch_single_async:204 -> middleware.py:apply_async:112) from logger `RFC.middleware_result_saver`
[INFO] applying on HitomiAuthor(rubi-sama).HitomiGallery(887743).HitomiImage(0409), received

2024-02-08 21:25:15,517 <requestor-worker-10:1485694, MainThread:139827601966912> (requestor.py:_fetch_single_async:204 -> middleware.py:apply_async:115) from logger `RFC.middleware_result_saver`
[INFO] applied on HitomiAuthor(rubi-sama).HitomiGallery(887743).HitomiImage(0409), sent

2024-02-08 21:25:15,517 <requestor-worker-10:1485694, MainThread:139827601966912> (requestor.py:_fetch_single_async:204 -> middleware.py:apply_async:115) from logger `RFC.middleware_result_saver`
[INFO] applied on HitomiAuthor(rubi-sama).HitomiGallery(887743).HitomiImage(0409), sent

2024-02-08 21:25:15,517 <requestor-worker-10:1485694, MainThread:139827601966912> (requestor.py:_fetch_single_async:204 -> middleware.py:apply_async:115) from logger `RFC.middleware_result_saver`
[INFO] applied on HitomiAuthor(rubi-sama).HitomiGallery(887743).HitomiImage(0409), sent

2024-02-08 21:25:17,449 <requestor-worker-5:1485677, MainThread:139827601966912> (requestor.py:_fetch_single_async:204 -> middleware.py:apply_async:112) from logger `RFC.middleware_result_saver`
[INFO] applying on HitomiAuthor(rubi-sama).HitomiGallery(887743).HitomiImage(0611), received

2024-02-08 21:25:17,449 <requestor-worker-5:1485677, MainThread:139827601966912> (requestor.py:_fetch_single_async:204 -> middleware.py:apply_async:112) from logger `RFC.middleware_result_saver`
[INFO] applying on HitomiAuthor(rubi-sama).HitomiGallery(887743).HitomiImage(0611), received

2024-02-08 21:25:17,449 <requestor-worker-5:1485677, MainThread:139827601966912> (requestor.py:_fetch_single_async:204 -> middleware.py:apply_async:112) from logger `RFC.middleware_result_saver`
[INFO] applying on HitomiAuthor(rubi-sama).HitomiGallery(887743).HitomiImage(0611), received

2024-02-08 21:25:17,453 <requestor-worker-5:1485677, MainThread:139827601966912> (requestor.py:_fetch_single_async:204 -> middleware.py:apply_async:115) from logger `RFC.middleware_result_saver`
[INFO] applied on HitomiAuthor(rubi-sama).HitomiGallery(887743).HitomiImage(0611), sent

2024-02-08 21:25:17,453 <requestor-worker-5:1485677, MainThread:139827601966912> (requestor.py:_fetch_single_async:204 -> middleware.py:apply_async:115) from logger `RFC.middleware_result_saver`
[INFO] applied on HitomiAuthor(rubi-sama).HitomiGallery(887743).HitomiImage(0611), sent

2024-02-08 21:25:17,453 <requestor-worker-5:1485677, MainThread:139827601966912> (requestor.py:_fetch_single_async:204 -> middleware.py:apply_async:115) from logger `RFC.middleware_result_saver`
[INFO] applied on HitomiAuthor(rubi-sama).HitomiGallery(887743).HitomiImage(0611), sent

2024-02-08 21:25:30,743 <requestor-worker-10:1485694, MainThread:139827601966912> (requestor.py:_fetch_single_async:204 -> middleware.py:apply_async:112) from logger `RFC.middleware_result_saver`
[INFO] applying on HitomiAuthor(rubi-sama).HitomiGallery(1131217).HitomiImage(0605), received

2024-02-08 21:25:30,743 <requestor-worker-10:1485694, MainThread:139827601966912> (requestor.py:_fetch_single_async:204 -> middleware.py:apply_async:112) from logger `RFC.middleware_result_saver`
[INFO] applying on HitomiAuthor(rubi-sama).HitomiGallery(1131217).HitomiImage(0605), received

2024-02-08 21:25:30,743 <requestor-worker-10:1485694, MainThread:139827601966912> (requestor.py:_fetch_single_async:204 -> middleware.py:apply_async:112) from logger `RFC.middleware_result_saver`
[INFO] applying on HitomiAuthor(rubi-sama).HitomiGallery(1131217).HitomiImage(0605), received

2024-02-08 21:25:30,747 <requestor-worker-10:1485694, MainThread:139827601966912> (requestor.py:_fetch_single_async:204 -> middleware.py:apply_async:115) from logger `RFC.middleware_result_saver`
[INFO] applied on HitomiAuthor(rubi-sama).HitomiGallery(1131217).HitomiImage(0605), sent

2024-02-08 21:25:30,747 <requestor-worker-10:1485694, MainThread:139827601966912> (requestor.py:_fetch_single_async:204 -> middleware.py:apply_async:115) from logger `RFC.middleware_result_saver`
[INFO] applied on HitomiAuthor(rubi-sama).HitomiGallery(1131217).HitomiImage(0605), sent

2024-02-08 21:25:30,747 <requestor-worker-10:1485694, MainThread:139827601966912> (requestor.py:_fetch_single_async:204 -> middleware.py:apply_async:115) from logger `RFC.middleware_result_saver`
[INFO] applied on HitomiAuthor(rubi-sama).HitomiGallery(1131217).HitomiImage(0605), sent

2024-02-08 21:26:09,888 <requestor-worker-7:1485685, MainThread:139827601966912> (requestor.py:_fetch_single_async:204 -> middleware.py:apply_async:112) from logger `RFC.middleware_result_saver`
[INFO] applying on HitomiAuthor(rubi-sama).HitomiGallery(839732).HitomiImage(1081), received

2024-02-08 21:26:09,888 <requestor-worker-7:1485685, MainThread:139827601966912> (requestor.py:_fetch_single_async:204 -> middleware.py:apply_async:112) from logger `RFC.middleware_result_saver`
[INFO] applying on HitomiAuthor(rubi-sama).HitomiGallery(839732).HitomiImage(1081), received

2024-02-08 21:26:09,888 <requestor-worker-7:1485685, MainThread:139827601966912> (requestor.py:_fetch_single_async:204 -> middleware.py:apply_async:112) from logger `RFC.middleware_result_saver`
[INFO] applying on HitomiAuthor(rubi-sama).HitomiGallery(839732).HitomiImage(1081), received

2024-02-08 21:26:09,892 <requestor-worker-7:1485685, MainThread:139827601966912> (requestor.py:_fetch_single_async:204 -> middleware.py:apply_async:115) from logger `RFC.middleware_result_saver`
[INFO] applied on HitomiAuthor(rubi-sama).HitomiGallery(839732).HitomiImage(1081), sent

2024-02-08 21:26:09,892 <requestor-worker-7:1485685, MainThread:139827601966912> (requestor.py:_fetch_single_async:204 -> middleware.py:apply_async:115) from logger `RFC.middleware_result_saver`
[INFO] applied on HitomiAuthor(rubi-sama).HitomiGallery(839732).HitomiImage(1081), sent

2024-02-08 21:26:09,892 <requestor-worker-7:1485685, MainThread:139827601966912> (requestor.py:_fetch_single_async:204 -> middleware.py:apply_async:115) from logger `RFC.middleware_result_saver`
[INFO] applied on HitomiAuthor(rubi-sama).HitomiGallery(839732).HitomiImage(1081), sent

2024-02-08 21:26:10,022 <requestor-worker-10:1485694, MainThread:139827601966912> (requestor.py:_fetch_single_async:204 -> middleware.py:apply_async:112) from logger `RFC.middleware_result_saver`
[INFO] applying on HitomiAuthor(rubi-sama).HitomiGallery(839732).HitomiImage(1090), received

2024-02-08 21:26:10,022 <requestor-worker-10:1485694, MainThread:139827601966912> (requestor.py:_fetch_single_async:204 -> middleware.py:apply_async:112) from logger `RFC.middleware_result_saver`
[INFO] applying on HitomiAuthor(rubi-sama).HitomiGallery(839732).HitomiImage(1090), received

2024-02-08 21:26:10,022 <requestor-worker-10:1485694, MainThread:139827601966912> (requestor.py:_fetch_single_async:204 -> middleware.py:apply_async:112) from logger `RFC.middleware_result_saver`
[INFO] applying on HitomiAuthor(rubi-sama).HitomiGallery(839732).HitomiImage(1090), received

2024-02-08 21:26:10,026 <requestor-worker-10:1485694, MainThread:139827601966912> (requestor.py:_fetch_single_async:204 -> middleware.py:apply_async:115) from logger `RFC.middleware_result_saver`
[INFO] applied on HitomiAuthor(rubi-sama).HitomiGallery(839732).HitomiImage(1090), sent

2024-02-08 21:26:10,026 <requestor-worker-10:1485694, MainThread:139827601966912> (requestor.py:_fetch_single_async:204 -> middleware.py:apply_async:115) from logger `RFC.middleware_result_saver`
[INFO] applied on HitomiAuthor(rubi-sama).HitomiGallery(839732).HitomiImage(1090), sent

2024-02-08 21:26:10,026 <requestor-worker-10:1485694, MainThread:139827601966912> (requestor.py:_fetch_single_async:204 -> middleware.py:apply_async:115) from logger `RFC.middleware_result_saver`
[INFO] applied on HitomiAuthor(rubi-sama).HitomiGallery(839732).HitomiImage(1090), sent

2024-02-08 21:26:10,586 <requestor-worker-8:1485689, MainThread:139827601966912> (requestor.py:_fetch_single_async:204 -> middleware.py:apply_async:112) from logger `RFC.middleware_result_saver`
[INFO] applying on HitomiAuthor(rubi-sama).HitomiGallery(839732).HitomiImage(1089), received

2024-02-08 21:26:10,586 <requestor-worker-8:1485689, MainThread:139827601966912> (requestor.py:_fetch_single_async:204 -> middleware.py:apply_async:112) from logger `RFC.middleware_result_saver`
[INFO] applying on HitomiAuthor(rubi-sama).HitomiGallery(839732).HitomiImage(1089), received

2024-02-08 21:26:10,586 <requestor-worker-8:1485689, MainThread:139827601966912> (requestor.py:_fetch_single_async:204 -> middleware.py:apply_async:112) from logger `RFC.middleware_result_saver`
[INFO] applying on HitomiAuthor(rubi-sama).HitomiGallery(839732).HitomiImage(1089), received

2024-02-08 21:26:10,590 <requestor-worker-8:1485689, MainThread:139827601966912> (requestor.py:_fetch_single_async:204 -> middleware.py:apply_async:115) from logger `RFC.middleware_result_saver`
[INFO] applied on HitomiAuthor(rubi-sama).HitomiGallery(839732).HitomiImage(1089), sent

2024-02-08 21:26:10,590 <requestor-worker-8:1485689, MainThread:139827601966912> (requestor.py:_fetch_single_async:204 -> middleware.py:apply_async:115) from logger `RFC.middleware_result_saver`
[INFO] applied on HitomiAuthor(rubi-sama).HitomiGallery(839732).HitomiImage(1089), sent

2024-02-08 21:26:10,590 <requestor-worker-8:1485689, MainThread:139827601966912> (requestor.py:_fetch_single_async:204 -> middleware.py:apply_async:115) from logger `RFC.middleware_result_saver`
[INFO] applied on HitomiAuthor(rubi-sama).HitomiGallery(839732).HitomiImage(1089), sent

2024-02-08 21:26:12,935 <requestor-worker-6:1485682, MainThread:139827601966912> (requestor.py:_fetch_single_async:204 -> middleware.py:apply_async:112) from logger `RFC.middleware_result_saver`
[INFO] applying on HitomiAuthor(rubi-sama).HitomiGallery(839732).HitomiImage(1142), received

2024-02-08 21:26:12,935 <requestor-worker-6:1485682, MainThread:139827601966912> (requestor.py:_fetch_single_async:204 -> middleware.py:apply_async:112) from logger `RFC.middleware_result_saver`
[INFO] applying on HitomiAuthor(rubi-sama).HitomiGallery(839732).HitomiImage(1142), received

2024-02-08 21:26:12,935 <requestor-worker-6:1485682, MainThread:139827601966912> (requestor.py:_fetch_single_async:204 -> middleware.py:apply_async:112) from logger `RFC.middleware_result_saver`
[INFO] applying on HitomiAuthor(rubi-sama).HitomiGallery(839732).HitomiImage(1142), received

2024-02-08 21:26:12,939 <requestor-worker-6:1485682, MainThread:139827601966912> (requestor.py:_fetch_single_async:204 -> middleware.py:apply_async:115) from logger `RFC.middleware_result_saver`
[INFO] applied on HitomiAuthor(rubi-sama).HitomiGallery(839732).HitomiImage(1142), sent

2024-02-08 21:26:12,939 <requestor-worker-6:1485682, MainThread:139827601966912> (requestor.py:_fetch_single_async:204 -> middleware.py:apply_async:115) from logger `RFC.middleware_result_saver`
[INFO] applied on HitomiAuthor(rubi-sama).HitomiGallery(839732).HitomiImage(1142), sent

2024-02-08 21:26:12,939 <requestor-worker-6:1485682, MainThread:139827601966912> (requestor.py:_fetch_single_async:204 -> middleware.py:apply_async:115) from logger `RFC.middleware_result_saver`
[INFO] applied on HitomiAuthor(rubi-sama).HitomiGallery(839732).HitomiImage(1142), sent

2024-02-08 21:26:12,950 <requestor-worker-6:1485682, MainThread:139827601966912> (requestor.py:_fetch_single_async:204 -> middleware.py:apply_async:112) from logger `RFC.middleware_result_saver`
[INFO] applying on HitomiAuthor(rubi-sama).HitomiGallery(839732).HitomiImage(1141), received

2024-02-08 21:26:12,950 <requestor-worker-6:1485682, MainThread:139827601966912> (requestor.py:_fetch_single_async:204 -> middleware.py:apply_async:112) from logger `RFC.middleware_result_saver`
[INFO] applying on HitomiAuthor(rubi-sama).HitomiGallery(839732).HitomiImage(1141), received

2024-02-08 21:26:12,950 <requestor-worker-6:1485682, MainThread:139827601966912> (requestor.py:_fetch_single_async:204 -> middleware.py:apply_async:112) from logger `RFC.middleware_result_saver`
[INFO] applying on HitomiAuthor(rubi-sama).HitomiGallery(839732).HitomiImage(1141), received

2024-02-08 21:26:12,952 <requestor-worker-6:1485682, MainThread:139827601966912> (requestor.py:_fetch_single_async:204 -> middleware.py:apply_async:115) from logger `RFC.middleware_result_saver`
[INFO] applied on HitomiAuthor(rubi-sama).HitomiGallery(839732).HitomiImage(1141), sent

2024-02-08 21:26:12,952 <requestor-worker-6:1485682, MainThread:139827601966912> (requestor.py:_fetch_single_async:204 -> middleware.py:apply_async:115) from logger `RFC.middleware_result_saver`
[INFO] applied on HitomiAuthor(rubi-sama).HitomiGallery(839732).HitomiImage(1141), sent

2024-02-08 21:26:12,952 <requestor-worker-6:1485682, MainThread:139827601966912> (requestor.py:_fetch_single_async:204 -> middleware.py:apply_async:115) from logger `RFC.middleware_result_saver`
[INFO] applied on HitomiAuthor(rubi-sama).HitomiGallery(839732).HitomiImage(1141), sent

2024-02-08 21:26:34,748 <requestor-worker-6:1485682, MainThread:139827601966912> (requestor.py:_fetch_single_async:204 -> middleware.py:apply_async:112) from logger `RFC.middleware_result_saver`
[INFO] applying on HitomiAuthor(rubi-sama).HitomiGallery(839732).HitomiImage(1326), received

2024-02-08 21:26:34,748 <requestor-worker-6:1485682, MainThread:139827601966912> (requestor.py:_fetch_single_async:204 -> middleware.py:apply_async:112) from logger `RFC.middleware_result_saver`
[INFO] applying on HitomiAuthor(rubi-sama).HitomiGallery(839732).HitomiImage(1326), received

2024-02-08 21:26:34,748 <requestor-worker-6:1485682, MainThread:139827601966912> (requestor.py:_fetch_single_async:204 -> middleware.py:apply_async:112) from logger `RFC.middleware_result_saver`
[INFO] applying on HitomiAuthor(rubi-sama).HitomiGallery(839732).HitomiImage(1326), received

2024-02-08 21:26:34,752 <requestor-worker-6:1485682, MainThread:139827601966912> (requestor.py:_fetch_single_async:204 -> middleware.py:apply_async:115) from logger `RFC.middleware_result_saver`
[INFO] applied on HitomiAuthor(rubi-sama).HitomiGallery(839732).HitomiImage(1326), sent

2024-02-08 21:26:34,752 <requestor-worker-6:1485682, MainThread:139827601966912> (requestor.py:_fetch_single_async:204 -> middleware.py:apply_async:115) from logger `RFC.middleware_result_saver`
[INFO] applied on HitomiAuthor(rubi-sama).HitomiGallery(839732).HitomiImage(1326), sent

2024-02-08 21:26:34,752 <requestor-worker-6:1485682, MainThread:139827601966912> (requestor.py:_fetch_single_async:204 -> middleware.py:apply_async:115) from logger `RFC.middleware_result_saver`
[INFO] applied on HitomiAuthor(rubi-sama).HitomiGallery(839732).HitomiImage(1326), sent

2024-02-08 21:26:34,807 <requestor-worker-10:1485694, MainThread:139827601966912> (requestor.py:_fetch_single_async:204 -> middleware.py:apply_async:112) from logger `RFC.middleware_result_saver`
[INFO] applying on HitomiAuthor(rubi-sama).HitomiGallery(839732).HitomiImage(1331), received

2024-02-08 21:26:34,807 <requestor-worker-10:1485694, MainThread:139827601966912> (requestor.py:_fetch_single_async:204 -> middleware.py:apply_async:112) from logger `RFC.middleware_result_saver`
[INFO] applying on HitomiAuthor(rubi-sama).HitomiGallery(839732).HitomiImage(1331), received

2024-02-08 21:26:34,807 <requestor-worker-10:1485694, MainThread:139827601966912> (requestor.py:_fetch_single_async:204 -> middleware.py:apply_async:112) from logger `RFC.middleware_result_saver`
[INFO] applying on HitomiAuthor(rubi-sama).HitomiGallery(839732).HitomiImage(1331), received

2024-02-08 21:26:34,811 <requestor-worker-10:1485694, MainThread:139827601966912> (requestor.py:_fetch_single_async:204 -> middleware.py:apply_async:115) from logger `RFC.middleware_result_saver`
[INFO] applied on HitomiAuthor(rubi-sama).HitomiGallery(839732).HitomiImage(1331), sent

2024-02-08 21:26:34,811 <requestor-worker-10:1485694, MainThread:139827601966912> (requestor.py:_fetch_single_async:204 -> middleware.py:apply_async:115) from logger `RFC.middleware_result_saver`
[INFO] applied on HitomiAuthor(rubi-sama).HitomiGallery(839732).HitomiImage(1331), sent

2024-02-08 21:26:34,811 <requestor-worker-10:1485694, MainThread:139827601966912> (requestor.py:_fetch_single_async:204 -> middleware.py:apply_async:115) from logger `RFC.middleware_result_saver`
[INFO] applied on HitomiAuthor(rubi-sama).HitomiGallery(839732).HitomiImage(1331), sent

2024-02-08 21:29:22,922 <requestor-worker-4:1485673, MainThread:139827601966912> (requestor.py:_fetch_single_async:204 -> middleware.py:apply_async:112) from logger `RFC.middleware_result_saver`
[INFO] applying on HitomiAuthor(rubi-sama).HitomiGallery(839731).HitomiImage(0387), received

2024-02-08 21:29:22,922 <requestor-worker-4:1485673, MainThread:139827601966912> (requestor.py:_fetch_single_async:204 -> middleware.py:apply_async:112) from logger `RFC.middleware_result_saver`
[INFO] applying on HitomiAuthor(rubi-sama).HitomiGallery(839731).HitomiImage(0387), received

2024-02-08 21:29:22,922 <requestor-worker-4:1485673, MainThread:139827601966912> (requestor.py:_fetch_single_async:204 -> middleware.py:apply_async:112) from logger `RFC.middleware_result_saver`
[INFO] applying on HitomiAuthor(rubi-sama).HitomiGallery(839731).HitomiImage(0387), received

2024-02-08 21:29:22,926 <requestor-worker-4:1485673, MainThread:139827601966912> (requestor.py:_fetch_single_async:204 -> middleware.py:apply_async:115) from logger `RFC.middleware_result_saver`
[INFO] applied on HitomiAuthor(rubi-sama).HitomiGallery(839731).HitomiImage(0387), sent

2024-02-08 21:29:22,926 <requestor-worker-4:1485673, MainThread:139827601966912> (requestor.py:_fetch_single_async:204 -> middleware.py:apply_async:115) from logger `RFC.middleware_result_saver`
[INFO] applied on HitomiAuthor(rubi-sama).HitomiGallery(839731).HitomiImage(0387), sent

2024-02-08 21:29:22,926 <requestor-worker-4:1485673, MainThread:139827601966912> (requestor.py:_fetch_single_async:204 -> middleware.py:apply_async:115) from logger `RFC.middleware_result_saver`
[INFO] applied on HitomiAuthor(rubi-sama).HitomiGallery(839731).HitomiImage(0387), sent

2024-02-08 21:29:26,020 <requestor-worker-4:1485673, MainThread:139827601966912> (requestor.py:_fetch_single_async:204 -> middleware.py:apply_async:112) from logger `RFC.middleware_result_saver`
[INFO] applying on HitomiAuthor(rubi-sama).HitomiGallery(839731).HitomiImage(0940), received

2024-02-08 21:29:26,020 <requestor-worker-4:1485673, MainThread:139827601966912> (requestor.py:_fetch_single_async:204 -> middleware.py:apply_async:112) from logger `RFC.middleware_result_saver`
[INFO] applying on HitomiAuthor(rubi-sama).HitomiGallery(839731).HitomiImage(0940), received

2024-02-08 21:29:26,020 <requestor-worker-4:1485673, MainThread:139827601966912> (requestor.py:_fetch_single_async:204 -> middleware.py:apply_async:112) from logger `RFC.middleware_result_saver`
[INFO] applying on HitomiAuthor(rubi-sama).HitomiGallery(839731).HitomiImage(0940), received

2024-02-08 21:29:26,024 <requestor-worker-4:1485673, MainThread:139827601966912> (requestor.py:_fetch_single_async:204 -> middleware.py:apply_async:115) from logger `RFC.middleware_result_saver`
[INFO] applied on HitomiAuthor(rubi-sama).HitomiGallery(839731).HitomiImage(0940), sent

2024-02-08 21:29:26,024 <requestor-worker-4:1485673, MainThread:139827601966912> (requestor.py:_fetch_single_async:204 -> middleware.py:apply_async:115) from logger `RFC.middleware_result_saver`
[INFO] applied on HitomiAuthor(rubi-sama).HitomiGallery(839731).HitomiImage(0940), sent

2024-02-08 21:29:26,024 <requestor-worker-4:1485673, MainThread:139827601966912> (requestor.py:_fetch_single_async:204 -> middleware.py:apply_async:115) from logger `RFC.middleware_result_saver`
[INFO] applied on HitomiAuthor(rubi-sama).HitomiGallery(839731).HitomiImage(0940), sent

2024-02-08 21:29:27,262 <requestor-worker-1:1485661, MainThread:139827601966912> (requestor.py:_fetch_single_async:204 -> middleware.py:apply_async:112) from logger `RFC.middleware_result_saver`
[INFO] applying on HitomiAuthor(rubi-sama).HitomiGallery(839731).HitomiImage(0883), received

2024-02-08 21:29:27,262 <requestor-worker-1:1485661, MainThread:139827601966912> (requestor.py:_fetch_single_async:204 -> middleware.py:apply_async:112) from logger `RFC.middleware_result_saver`
[INFO] applying on HitomiAuthor(rubi-sama).HitomiGallery(839731).HitomiImage(0883), received

2024-02-08 21:29:27,262 <requestor-worker-1:1485661, MainThread:139827601966912> (requestor.py:_fetch_single_async:204 -> middleware.py:apply_async:112) from logger `RFC.middleware_result_saver`
[INFO] applying on HitomiAuthor(rubi-sama).HitomiGallery(839731).HitomiImage(0883), received

2024-02-08 21:29:27,265 <requestor-worker-9:1485690, MainThread:139827601966912> (requestor.py:_fetch_single_async:204 -> middleware.py:apply_async:112) from logger `RFC.middleware_result_saver`
[INFO] applying on HitomiAuthor(rubi-sama).HitomiGallery(839731).HitomiImage(0866), received

2024-02-08 21:29:27,265 <requestor-worker-9:1485690, MainThread:139827601966912> (requestor.py:_fetch_single_async:204 -> middleware.py:apply_async:112) from logger `RFC.middleware_result_saver`
[INFO] applying on HitomiAuthor(rubi-sama).HitomiGallery(839731).HitomiImage(0866), received

2024-02-08 21:29:27,265 <requestor-worker-9:1485690, MainThread:139827601966912> (requestor.py:_fetch_single_async:204 -> middleware.py:apply_async:112) from logger `RFC.middleware_result_saver`
[INFO] applying on HitomiAuthor(rubi-sama).HitomiGallery(839731).HitomiImage(0866), received

2024-02-08 21:29:27,267 <requestor-worker-1:1485661, MainThread:139827601966912> (requestor.py:_fetch_single_async:204 -> middleware.py:apply_async:115) from logger `RFC.middleware_result_saver`
[INFO] applied on HitomiAuthor(rubi-sama).HitomiGallery(839731).HitomiImage(0883), sent

2024-02-08 21:29:27,267 <requestor-worker-1:1485661, MainThread:139827601966912> (requestor.py:_fetch_single_async:204 -> middleware.py:apply_async:115) from logger `RFC.middleware_result_saver`
[INFO] applied on HitomiAuthor(rubi-sama).HitomiGallery(839731).HitomiImage(0883), sent

2024-02-08 21:29:27,267 <requestor-worker-1:1485661, MainThread:139827601966912> (requestor.py:_fetch_single_async:204 -> middleware.py:apply_async:115) from logger `RFC.middleware_result_saver`
[INFO] applied on HitomiAuthor(rubi-sama).HitomiGallery(839731).HitomiImage(0883), sent

2024-02-08 21:29:27,269 <requestor-worker-9:1485690, MainThread:139827601966912> (requestor.py:_fetch_single_async:204 -> middleware.py:apply_async:115) from logger `RFC.middleware_result_saver`
[INFO] applied on HitomiAuthor(rubi-sama).HitomiGallery(839731).HitomiImage(0866), sent

2024-02-08 21:29:27,269 <requestor-worker-9:1485690, MainThread:139827601966912> (requestor.py:_fetch_single_async:204 -> middleware.py:apply_async:115) from logger `RFC.middleware_result_saver`
[INFO] applied on HitomiAuthor(rubi-sama).HitomiGallery(839731).HitomiImage(0866), sent

2024-02-08 21:29:27,269 <requestor-worker-9:1485690, MainThread:139827601966912> (requestor.py:_fetch_single_async:204 -> middleware.py:apply_async:115) from logger `RFC.middleware_result_saver`
[INFO] applied on HitomiAuthor(rubi-sama).HitomiGallery(839731).HitomiImage(0866), sent

2024-02-08 21:29:27,347 <requestor-worker-11:1485696, MainThread:139827601966912> (requestor.py:_fetch_single_async:204 -> middleware.py:apply_async:112) from logger `RFC.middleware_result_saver`
[INFO] applying on HitomiAuthor(rubi-sama).HitomiGallery(839731).HitomiImage(0931), received

2024-02-08 21:29:27,347 <requestor-worker-11:1485696, MainThread:139827601966912> (requestor.py:_fetch_single_async:204 -> middleware.py:apply_async:112) from logger `RFC.middleware_result_saver`
[INFO] applying on HitomiAuthor(rubi-sama).HitomiGallery(839731).HitomiImage(0931), received

2024-02-08 21:29:27,347 <requestor-worker-11:1485696, MainThread:139827601966912> (requestor.py:_fetch_single_async:204 -> middleware.py:apply_async:112) from logger `RFC.middleware_result_saver`
[INFO] applying on HitomiAuthor(rubi-sama).HitomiGallery(839731).HitomiImage(0931), received

2024-02-08 21:29:27,349 <requestor-worker-11:1485696, MainThread:139827601966912> (requestor.py:_fetch_single_async:204 -> middleware.py:apply_async:115) from logger `RFC.middleware_result_saver`
[INFO] applied on HitomiAuthor(rubi-sama).HitomiGallery(839731).HitomiImage(0931), sent

2024-02-08 21:29:27,349 <requestor-worker-11:1485696, MainThread:139827601966912> (requestor.py:_fetch_single_async:204 -> middleware.py:apply_async:115) from logger `RFC.middleware_result_saver`
[INFO] applied on HitomiAuthor(rubi-sama).HitomiGallery(839731).HitomiImage(0931), sent

2024-02-08 21:29:27,349 <requestor-worker-11:1485696, MainThread:139827601966912> (requestor.py:_fetch_single_async:204 -> middleware.py:apply_async:115) from logger `RFC.middleware_result_saver`
[INFO] applied on HitomiAuthor(rubi-sama).HitomiGallery(839731).HitomiImage(0931), sent

2024-02-08 21:29:27,356 <requestor-worker-6:1485682, MainThread:139827601966912> (requestor.py:_fetch_single_async:204 -> middleware.py:apply_async:112) from logger `RFC.middleware_result_saver`
[INFO] applying on HitomiAuthor(rubi-sama).HitomiGallery(839731).HitomiImage(0819), received

2024-02-08 21:29:27,356 <requestor-worker-6:1485682, MainThread:139827601966912> (requestor.py:_fetch_single_async:204 -> middleware.py:apply_async:112) from logger `RFC.middleware_result_saver`
[INFO] applying on HitomiAuthor(rubi-sama).HitomiGallery(839731).HitomiImage(0819), received

2024-02-08 21:29:27,356 <requestor-worker-6:1485682, MainThread:139827601966912> (requestor.py:_fetch_single_async:204 -> middleware.py:apply_async:112) from logger `RFC.middleware_result_saver`
[INFO] applying on HitomiAuthor(rubi-sama).HitomiGallery(839731).HitomiImage(0819), received

2024-02-08 21:29:27,358 <requestor-worker-6:1485682, MainThread:139827601966912> (requestor.py:_fetch_single_async:204 -> middleware.py:apply_async:115) from logger `RFC.middleware_result_saver`
[INFO] applied on HitomiAuthor(rubi-sama).HitomiGallery(839731).HitomiImage(0819), sent

2024-02-08 21:29:27,358 <requestor-worker-6:1485682, MainThread:139827601966912> (requestor.py:_fetch_single_async:204 -> middleware.py:apply_async:115) from logger `RFC.middleware_result_saver`
[INFO] applied on HitomiAuthor(rubi-sama).HitomiGallery(839731).HitomiImage(0819), sent

2024-02-08 21:29:27,358 <requestor-worker-6:1485682, MainThread:139827601966912> (requestor.py:_fetch_single_async:204 -> middleware.py:apply_async:115) from logger `RFC.middleware_result_saver`
[INFO] applied on HitomiAuthor(rubi-sama).HitomiGallery(839731).HitomiImage(0819), sent

2024-02-08 21:29:27,405 <requestor-worker-8:1485689, MainThread:139827601966912> (requestor.py:_fetch_single_async:204 -> middleware.py:apply_async:112) from logger `RFC.middleware_result_saver`
[INFO] applying on HitomiAuthor(rubi-sama).HitomiGallery(839731).HitomiImage(0896), received

2024-02-08 21:29:27,405 <requestor-worker-8:1485689, MainThread:139827601966912> (requestor.py:_fetch_single_async:204 -> middleware.py:apply_async:112) from logger `RFC.middleware_result_saver`
[INFO] applying on HitomiAuthor(rubi-sama).HitomiGallery(839731).HitomiImage(0896), received

2024-02-08 21:29:27,405 <requestor-worker-8:1485689, MainThread:139827601966912> (requestor.py:_fetch_single_async:204 -> middleware.py:apply_async:112) from logger `RFC.middleware_result_saver`
[INFO] applying on HitomiAuthor(rubi-sama).HitomiGallery(839731).HitomiImage(0896), received

2024-02-08 21:29:27,408 <requestor-worker-8:1485689, MainThread:139827601966912> (requestor.py:_fetch_single_async:204 -> middleware.py:apply_async:115) from logger `RFC.middleware_result_saver`
[INFO] applied on HitomiAuthor(rubi-sama).HitomiGallery(839731).HitomiImage(0896), sent

2024-02-08 21:29:27,408 <requestor-worker-8:1485689, MainThread:139827601966912> (requestor.py:_fetch_single_async:204 -> middleware.py:apply_async:115) from logger `RFC.middleware_result_saver`
[INFO] applied on HitomiAuthor(rubi-sama).HitomiGallery(839731).HitomiImage(0896), sent

2024-02-08 21:29:27,408 <requestor-worker-8:1485689, MainThread:139827601966912> (requestor.py:_fetch_single_async:204 -> middleware.py:apply_async:115) from logger `RFC.middleware_result_saver`
[INFO] applied on HitomiAuthor(rubi-sama).HitomiGallery(839731).HitomiImage(0896), sent

2024-02-08 21:29:27,416 <requestor-worker-4:1485673, MainThread:139827601966912> (requestor.py:_fetch_single_async:204 -> middleware.py:apply_async:112) from logger `RFC.middleware_result_saver`
[INFO] applying on HitomiAuthor(rubi-sama).HitomiGallery(839731).HitomiImage(0887), received

2024-02-08 21:29:27,416 <requestor-worker-4:1485673, MainThread:139827601966912> (requestor.py:_fetch_single_async:204 -> middleware.py:apply_async:112) from logger `RFC.middleware_result_saver`
[INFO] applying on HitomiAuthor(rubi-sama).HitomiGallery(839731).HitomiImage(0887), received

2024-02-08 21:29:27,416 <requestor-worker-4:1485673, MainThread:139827601966912> (requestor.py:_fetch_single_async:204 -> middleware.py:apply_async:112) from logger `RFC.middleware_result_saver`
[INFO] applying on HitomiAuthor(rubi-sama).HitomiGallery(839731).HitomiImage(0887), received

2024-02-08 21:29:27,420 <requestor-worker-4:1485673, MainThread:139827601966912> (requestor.py:_fetch_single_async:204 -> middleware.py:apply_async:115) from logger `RFC.middleware_result_saver`
[INFO] applied on HitomiAuthor(rubi-sama).HitomiGallery(839731).HitomiImage(0887), sent

2024-02-08 21:29:27,420 <requestor-worker-4:1485673, MainThread:139827601966912> (requestor.py:_fetch_single_async:204 -> middleware.py:apply_async:115) from logger `RFC.middleware_result_saver`
[INFO] applied on HitomiAuthor(rubi-sama).HitomiGallery(839731).HitomiImage(0887), sent

2024-02-08 21:29:27,420 <requestor-worker-4:1485673, MainThread:139827601966912> (requestor.py:_fetch_single_async:204 -> middleware.py:apply_async:115) from logger `RFC.middleware_result_saver`
[INFO] applied on HitomiAuthor(rubi-sama).HitomiGallery(839731).HitomiImage(0887), sent

2024-02-08 21:29:29,417 <requestor-worker-11:1485696, MainThread:139827601966912> (requestor.py:_fetch_single_async:204 -> middleware.py:apply_async:112) from logger `RFC.middleware_result_saver`
[INFO] applying on HitomiAuthor(rubi-sama).HitomiGallery(839731).HitomiImage(1262), received

2024-02-08 21:29:29,417 <requestor-worker-11:1485696, MainThread:139827601966912> (requestor.py:_fetch_single_async:204 -> middleware.py:apply_async:112) from logger `RFC.middleware_result_saver`
[INFO] applying on HitomiAuthor(rubi-sama).HitomiGallery(839731).HitomiImage(1262), received

2024-02-08 21:29:29,417 <requestor-worker-11:1485696, MainThread:139827601966912> (requestor.py:_fetch_single_async:204 -> middleware.py:apply_async:112) from logger `RFC.middleware_result_saver`
[INFO] applying on HitomiAuthor(rubi-sama).HitomiGallery(839731).HitomiImage(1262), received

2024-02-08 21:29:29,419 <requestor-worker-8:1485689, MainThread:139827601966912> (requestor.py:_fetch_single_async:204 -> middleware.py:apply_async:112) from logger `RFC.middleware_result_saver`
[INFO] applying on HitomiAuthor(rubi-sama).HitomiGallery(839731).HitomiImage(1263), received

2024-02-08 21:29:29,419 <requestor-worker-11:1485696, MainThread:139827601966912> (requestor.py:_fetch_single_async:204 -> middleware.py:apply_async:115) from logger `RFC.middleware_result_saver`
[INFO] applied on HitomiAuthor(rubi-sama).HitomiGallery(839731).HitomiImage(1262), sent

2024-02-08 21:29:29,419 <requestor-worker-8:1485689, MainThread:139827601966912> (requestor.py:_fetch_single_async:204 -> middleware.py:apply_async:112) from logger `RFC.middleware_result_saver`
[INFO] applying on HitomiAuthor(rubi-sama).HitomiGallery(839731).HitomiImage(1263), received

2024-02-08 21:29:29,419 <requestor-worker-11:1485696, MainThread:139827601966912> (requestor.py:_fetch_single_async:204 -> middleware.py:apply_async:115) from logger `RFC.middleware_result_saver`
[INFO] applied on HitomiAuthor(rubi-sama).HitomiGallery(839731).HitomiImage(1262), sent

2024-02-08 21:29:29,419 <requestor-worker-8:1485689, MainThread:139827601966912> (requestor.py:_fetch_single_async:204 -> middleware.py:apply_async:112) from logger `RFC.middleware_result_saver`
[INFO] applying on HitomiAuthor(rubi-sama).HitomiGallery(839731).HitomiImage(1263), received

2024-02-08 21:29:29,419 <requestor-worker-11:1485696, MainThread:139827601966912> (requestor.py:_fetch_single_async:204 -> middleware.py:apply_async:115) from logger `RFC.middleware_result_saver`
[INFO] applied on HitomiAuthor(rubi-sama).HitomiGallery(839731).HitomiImage(1262), sent

2024-02-08 21:29:29,420 <requestor-worker-8:1485689, MainThread:139827601966912> (requestor.py:_fetch_single_async:204 -> middleware.py:apply_async:115) from logger `RFC.middleware_result_saver`
[INFO] applied on HitomiAuthor(rubi-sama).HitomiGallery(839731).HitomiImage(1263), sent

2024-02-08 21:29:29,420 <requestor-worker-8:1485689, MainThread:139827601966912> (requestor.py:_fetch_single_async:204 -> middleware.py:apply_async:115) from logger `RFC.middleware_result_saver`
[INFO] applied on HitomiAuthor(rubi-sama).HitomiGallery(839731).HitomiImage(1263), sent

2024-02-08 21:29:29,420 <requestor-worker-8:1485689, MainThread:139827601966912> (requestor.py:_fetch_single_async:204 -> middleware.py:apply_async:115) from logger `RFC.middleware_result_saver`
[INFO] applied on HitomiAuthor(rubi-sama).HitomiGallery(839731).HitomiImage(1263), sent

2024-02-08 21:29:29,430 <requestor-worker-10:1485694, MainThread:139827601966912> (requestor.py:_fetch_single_async:204 -> middleware.py:apply_async:112) from logger `RFC.middleware_result_saver`
[INFO] applying on HitomiAuthor(rubi-sama).HitomiGallery(839731).HitomiImage(1088), received

2024-02-08 21:29:29,430 <requestor-worker-10:1485694, MainThread:139827601966912> (requestor.py:_fetch_single_async:204 -> middleware.py:apply_async:112) from logger `RFC.middleware_result_saver`
[INFO] applying on HitomiAuthor(rubi-sama).HitomiGallery(839731).HitomiImage(1088), received

2024-02-08 21:29:29,430 <requestor-worker-10:1485694, MainThread:139827601966912> (requestor.py:_fetch_single_async:204 -> middleware.py:apply_async:112) from logger `RFC.middleware_result_saver`
[INFO] applying on HitomiAuthor(rubi-sama).HitomiGallery(839731).HitomiImage(1088), received

2024-02-08 21:29:29,431 <requestor-worker-3:1485668, MainThread:139827601966912> (requestor.py:_fetch_single_async:204 -> middleware.py:apply_async:112) from logger `RFC.middleware_result_saver`
[INFO] applying on HitomiAuthor(rubi-sama).HitomiGallery(839731).HitomiImage(1021), received

2024-02-08 21:29:29,431 <requestor-worker-3:1485668, MainThread:139827601966912> (requestor.py:_fetch_single_async:204 -> middleware.py:apply_async:112) from logger `RFC.middleware_result_saver`
[INFO] applying on HitomiAuthor(rubi-sama).HitomiGallery(839731).HitomiImage(1021), received

2024-02-08 21:29:29,431 <requestor-worker-3:1485668, MainThread:139827601966912> (requestor.py:_fetch_single_async:204 -> middleware.py:apply_async:112) from logger `RFC.middleware_result_saver`
[INFO] applying on HitomiAuthor(rubi-sama).HitomiGallery(839731).HitomiImage(1021), received

2024-02-08 21:29:29,431 <requestor-worker-10:1485694, MainThread:139827601966912> (requestor.py:_fetch_single_async:204 -> middleware.py:apply_async:115) from logger `RFC.middleware_result_saver`
[INFO] applied on HitomiAuthor(rubi-sama).HitomiGallery(839731).HitomiImage(1088), sent

2024-02-08 21:29:29,431 <requestor-worker-10:1485694, MainThread:139827601966912> (requestor.py:_fetch_single_async:204 -> middleware.py:apply_async:115) from logger `RFC.middleware_result_saver`
[INFO] applied on HitomiAuthor(rubi-sama).HitomiGallery(839731).HitomiImage(1088), sent

2024-02-08 21:29:29,431 <requestor-worker-10:1485694, MainThread:139827601966912> (requestor.py:_fetch_single_async:204 -> middleware.py:apply_async:115) from logger `RFC.middleware_result_saver`
[INFO] applied on HitomiAuthor(rubi-sama).HitomiGallery(839731).HitomiImage(1088), sent

2024-02-08 21:29:29,433 <requestor-worker-3:1485668, MainThread:139827601966912> (requestor.py:_fetch_single_async:204 -> middleware.py:apply_async:115) from logger `RFC.middleware_result_saver`
[INFO] applied on HitomiAuthor(rubi-sama).HitomiGallery(839731).HitomiImage(1021), sent

2024-02-08 21:29:29,433 <requestor-worker-3:1485668, MainThread:139827601966912> (requestor.py:_fetch_single_async:204 -> middleware.py:apply_async:115) from logger `RFC.middleware_result_saver`
[INFO] applied on HitomiAuthor(rubi-sama).HitomiGallery(839731).HitomiImage(1021), sent

2024-02-08 21:29:29,433 <requestor-worker-3:1485668, MainThread:139827601966912> (requestor.py:_fetch_single_async:204 -> middleware.py:apply_async:115) from logger `RFC.middleware_result_saver`
[INFO] applied on HitomiAuthor(rubi-sama).HitomiGallery(839731).HitomiImage(1021), sent

2024-02-08 21:29:29,437 <requestor-worker-10:1485694, MainThread:139827601966912> (requestor.py:_fetch_single_async:204 -> middleware.py:apply_async:112) from logger `RFC.middleware_result_saver`
[INFO] applying on HitomiAuthor(rubi-sama).HitomiGallery(839731).HitomiImage(0519), received

2024-02-08 21:29:29,437 <requestor-worker-10:1485694, MainThread:139827601966912> (requestor.py:_fetch_single_async:204 -> middleware.py:apply_async:112) from logger `RFC.middleware_result_saver`
[INFO] applying on HitomiAuthor(rubi-sama).HitomiGallery(839731).HitomiImage(0519), received

2024-02-08 21:29:29,437 <requestor-worker-10:1485694, MainThread:139827601966912> (requestor.py:_fetch_single_async:204 -> middleware.py:apply_async:112) from logger `RFC.middleware_result_saver`
[INFO] applying on HitomiAuthor(rubi-sama).HitomiGallery(839731).HitomiImage(0519), received

2024-02-08 21:29:29,439 <requestor-worker-10:1485694, MainThread:139827601966912> (requestor.py:_fetch_single_async:204 -> middleware.py:apply_async:115) from logger `RFC.middleware_result_saver`
[INFO] applied on HitomiAuthor(rubi-sama).HitomiGallery(839731).HitomiImage(0519), sent

2024-02-08 21:29:29,439 <requestor-worker-10:1485694, MainThread:139827601966912> (requestor.py:_fetch_single_async:204 -> middleware.py:apply_async:115) from logger `RFC.middleware_result_saver`
[INFO] applied on HitomiAuthor(rubi-sama).HitomiGallery(839731).HitomiImage(0519), sent

2024-02-08 21:29:29,439 <requestor-worker-10:1485694, MainThread:139827601966912> (requestor.py:_fetch_single_async:204 -> middleware.py:apply_async:115) from logger `RFC.middleware_result_saver`
[INFO] applied on HitomiAuthor(rubi-sama).HitomiGallery(839731).HitomiImage(0519), sent

2024-02-08 21:29:30,835 <requestor-worker-9:1485690, MainThread:139827601966912> (requestor.py:_fetch_single_async:204 -> middleware.py:apply_async:112) from logger `RFC.middleware_result_saver`
[INFO] applying on HitomiAuthor(rubi-sama).HitomiGallery(839731).HitomiImage(1264), received

2024-02-08 21:29:30,835 <requestor-worker-9:1485690, MainThread:139827601966912> (requestor.py:_fetch_single_async:204 -> middleware.py:apply_async:112) from logger `RFC.middleware_result_saver`
[INFO] applying on HitomiAuthor(rubi-sama).HitomiGallery(839731).HitomiImage(1264), received

2024-02-08 21:29:30,835 <requestor-worker-9:1485690, MainThread:139827601966912> (requestor.py:_fetch_single_async:204 -> middleware.py:apply_async:112) from logger `RFC.middleware_result_saver`
[INFO] applying on HitomiAuthor(rubi-sama).HitomiGallery(839731).HitomiImage(1264), received

2024-02-08 21:29:30,839 <requestor-worker-9:1485690, MainThread:139827601966912> (requestor.py:_fetch_single_async:204 -> middleware.py:apply_async:115) from logger `RFC.middleware_result_saver`
[INFO] applied on HitomiAuthor(rubi-sama).HitomiGallery(839731).HitomiImage(1264), sent

2024-02-08 21:29:30,839 <requestor-worker-9:1485690, MainThread:139827601966912> (requestor.py:_fetch_single_async:204 -> middleware.py:apply_async:115) from logger `RFC.middleware_result_saver`
[INFO] applied on HitomiAuthor(rubi-sama).HitomiGallery(839731).HitomiImage(1264), sent

2024-02-08 21:29:30,839 <requestor-worker-9:1485690, MainThread:139827601966912> (requestor.py:_fetch_single_async:204 -> middleware.py:apply_async:115) from logger `RFC.middleware_result_saver`
[INFO] applied on HitomiAuthor(rubi-sama).HitomiGallery(839731).HitomiImage(1264), sent

2024-02-08 21:29:31,995 <requestor-worker-6:1485682, MainThread:139827601966912> (requestor.py:_fetch_single_async:204 -> middleware.py:apply_async:112) from logger `RFC.middleware_result_saver`
[INFO] applying on HitomiAuthor(rubi-sama).HitomiGallery(839731).HitomiImage(1367), received

2024-02-08 21:29:31,995 <requestor-worker-6:1485682, MainThread:139827601966912> (requestor.py:_fetch_single_async:204 -> middleware.py:apply_async:112) from logger `RFC.middleware_result_saver`
[INFO] applying on HitomiAuthor(rubi-sama).HitomiGallery(839731).HitomiImage(1367), received

2024-02-08 21:29:31,995 <requestor-worker-6:1485682, MainThread:139827601966912> (requestor.py:_fetch_single_async:204 -> middleware.py:apply_async:112) from logger `RFC.middleware_result_saver`
[INFO] applying on HitomiAuthor(rubi-sama).HitomiGallery(839731).HitomiImage(1367), received

2024-02-08 21:29:31,996 <requestor-worker-6:1485682, MainThread:139827601966912> (requestor.py:_fetch_single_async:204 -> middleware.py:apply_async:115) from logger `RFC.middleware_result_saver`
[INFO] applied on HitomiAuthor(rubi-sama).HitomiGallery(839731).HitomiImage(1367), sent

2024-02-08 21:29:31,996 <requestor-worker-6:1485682, MainThread:139827601966912> (requestor.py:_fetch_single_async:204 -> middleware.py:apply_async:115) from logger `RFC.middleware_result_saver`
[INFO] applied on HitomiAuthor(rubi-sama).HitomiGallery(839731).HitomiImage(1367), sent

2024-02-08 21:29:31,996 <requestor-worker-6:1485682, MainThread:139827601966912> (requestor.py:_fetch_single_async:204 -> middleware.py:apply_async:115) from logger `RFC.middleware_result_saver`
[INFO] applied on HitomiAuthor(rubi-sama).HitomiGallery(839731).HitomiImage(1367), sent

2024-02-08 21:29:32,567 <requestor-worker-11:1485696, MainThread:139827601966912> (requestor.py:_fetch_single_async:204 -> middleware.py:apply_async:112) from logger `RFC.middleware_result_saver`
[INFO] applying on HitomiAuthor(rubi-sama).HitomiGallery(839731).HitomiImage(1152), received

2024-02-08 21:29:32,567 <requestor-worker-11:1485696, MainThread:139827601966912> (requestor.py:_fetch_single_async:204 -> middleware.py:apply_async:112) from logger `RFC.middleware_result_saver`
[INFO] applying on HitomiAuthor(rubi-sama).HitomiGallery(839731).HitomiImage(1152), received

2024-02-08 21:29:32,567 <requestor-worker-11:1485696, MainThread:139827601966912> (requestor.py:_fetch_single_async:204 -> middleware.py:apply_async:112) from logger `RFC.middleware_result_saver`
[INFO] applying on HitomiAuthor(rubi-sama).HitomiGallery(839731).HitomiImage(1152), received

2024-02-08 21:29:32,570 <requestor-worker-11:1485696, MainThread:139827601966912> (requestor.py:_fetch_single_async:204 -> middleware.py:apply_async:115) from logger `RFC.middleware_result_saver`
[INFO] applied on HitomiAuthor(rubi-sama).HitomiGallery(839731).HitomiImage(1152), sent

2024-02-08 21:29:32,570 <requestor-worker-11:1485696, MainThread:139827601966912> (requestor.py:_fetch_single_async:204 -> middleware.py:apply_async:115) from logger `RFC.middleware_result_saver`
[INFO] applied on HitomiAuthor(rubi-sama).HitomiGallery(839731).HitomiImage(1152), sent

2024-02-08 21:29:32,570 <requestor-worker-11:1485696, MainThread:139827601966912> (requestor.py:_fetch_single_async:204 -> middleware.py:apply_async:115) from logger `RFC.middleware_result_saver`
[INFO] applied on HitomiAuthor(rubi-sama).HitomiGallery(839731).HitomiImage(1152), sent

2024-02-08 21:29:33,377 <requestor-worker-3:1485668, MainThread:139827601966912> (requestor.py:_fetch_single_async:204 -> middleware.py:apply_async:112) from logger `RFC.middleware_result_saver`
[INFO] applying on HitomiAuthor(rubi-sama).HitomiGallery(839731).HitomiImage(1474), received

2024-02-08 21:29:33,377 <requestor-worker-3:1485668, MainThread:139827601966912> (requestor.py:_fetch_single_async:204 -> middleware.py:apply_async:112) from logger `RFC.middleware_result_saver`
[INFO] applying on HitomiAuthor(rubi-sama).HitomiGallery(839731).HitomiImage(1474), received

2024-02-08 21:29:33,377 <requestor-worker-3:1485668, MainThread:139827601966912> (requestor.py:_fetch_single_async:204 -> middleware.py:apply_async:112) from logger `RFC.middleware_result_saver`
[INFO] applying on HitomiAuthor(rubi-sama).HitomiGallery(839731).HitomiImage(1474), received

2024-02-08 21:29:33,380 <requestor-worker-3:1485668, MainThread:139827601966912> (requestor.py:_fetch_single_async:204 -> middleware.py:apply_async:115) from logger `RFC.middleware_result_saver`
[INFO] applied on HitomiAuthor(rubi-sama).HitomiGallery(839731).HitomiImage(1474), sent

2024-02-08 21:29:33,380 <requestor-worker-3:1485668, MainThread:139827601966912> (requestor.py:_fetch_single_async:204 -> middleware.py:apply_async:115) from logger `RFC.middleware_result_saver`
[INFO] applied on HitomiAuthor(rubi-sama).HitomiGallery(839731).HitomiImage(1474), sent

2024-02-08 21:29:33,380 <requestor-worker-3:1485668, MainThread:139827601966912> (requestor.py:_fetch_single_async:204 -> middleware.py:apply_async:115) from logger `RFC.middleware_result_saver`
[INFO] applied on HitomiAuthor(rubi-sama).HitomiGallery(839731).HitomiImage(1474), sent

2024-02-08 21:29:33,512 <requestor-worker-9:1485690, MainThread:139827601966912> (requestor.py:_fetch_single_async:204 -> middleware.py:apply_async:112) from logger `RFC.middleware_result_saver`
[INFO] applying on HitomiAuthor(rubi-sama).HitomiGallery(839731).HitomiImage(1422), received

2024-02-08 21:29:33,512 <requestor-worker-9:1485690, MainThread:139827601966912> (requestor.py:_fetch_single_async:204 -> middleware.py:apply_async:112) from logger `RFC.middleware_result_saver`
[INFO] applying on HitomiAuthor(rubi-sama).HitomiGallery(839731).HitomiImage(1422), received

2024-02-08 21:29:33,512 <requestor-worker-9:1485690, MainThread:139827601966912> (requestor.py:_fetch_single_async:204 -> middleware.py:apply_async:112) from logger `RFC.middleware_result_saver`
[INFO] applying on HitomiAuthor(rubi-sama).HitomiGallery(839731).HitomiImage(1422), received

2024-02-08 21:29:33,515 <requestor-worker-9:1485690, MainThread:139827601966912> (requestor.py:_fetch_single_async:204 -> middleware.py:apply_async:115) from logger `RFC.middleware_result_saver`
[INFO] applied on HitomiAuthor(rubi-sama).HitomiGallery(839731).HitomiImage(1422), sent

2024-02-08 21:29:33,515 <requestor-worker-9:1485690, MainThread:139827601966912> (requestor.py:_fetch_single_async:204 -> middleware.py:apply_async:115) from logger `RFC.middleware_result_saver`
[INFO] applied on HitomiAuthor(rubi-sama).HitomiGallery(839731).HitomiImage(1422), sent

2024-02-08 21:29:33,515 <requestor-worker-9:1485690, MainThread:139827601966912> (requestor.py:_fetch_single_async:204 -> middleware.py:apply_async:115) from logger `RFC.middleware_result_saver`
[INFO] applied on HitomiAuthor(rubi-sama).HitomiGallery(839731).HitomiImage(1422), sent

2024-02-08 21:29:33,533 <requestor-worker-5:1485677, MainThread:139827601966912> (requestor.py:_fetch_single_async:204 -> middleware.py:apply_async:112) from logger `RFC.middleware_result_saver`
[INFO] applying on HitomiAuthor(rubi-sama).HitomiGallery(839731).HitomiImage(1358), received

2024-02-08 21:29:33,533 <requestor-worker-5:1485677, MainThread:139827601966912> (requestor.py:_fetch_single_async:204 -> middleware.py:apply_async:112) from logger `RFC.middleware_result_saver`
[INFO] applying on HitomiAuthor(rubi-sama).HitomiGallery(839731).HitomiImage(1358), received

2024-02-08 21:29:33,533 <requestor-worker-5:1485677, MainThread:139827601966912> (requestor.py:_fetch_single_async:204 -> middleware.py:apply_async:112) from logger `RFC.middleware_result_saver`
[INFO] applying on HitomiAuthor(rubi-sama).HitomiGallery(839731).HitomiImage(1358), received

2024-02-08 21:29:33,536 <requestor-worker-5:1485677, MainThread:139827601966912> (requestor.py:_fetch_single_async:204 -> middleware.py:apply_async:115) from logger `RFC.middleware_result_saver`
[INFO] applied on HitomiAuthor(rubi-sama).HitomiGallery(839731).HitomiImage(1358), sent

2024-02-08 21:29:33,536 <requestor-worker-5:1485677, MainThread:139827601966912> (requestor.py:_fetch_single_async:204 -> middleware.py:apply_async:115) from logger `RFC.middleware_result_saver`
[INFO] applied on HitomiAuthor(rubi-sama).HitomiGallery(839731).HitomiImage(1358), sent

2024-02-08 21:29:33,536 <requestor-worker-5:1485677, MainThread:139827601966912> (requestor.py:_fetch_single_async:204 -> middleware.py:apply_async:115) from logger `RFC.middleware_result_saver`
[INFO] applied on HitomiAuthor(rubi-sama).HitomiGallery(839731).HitomiImage(1358), sent

2024-02-08 21:29:33,543 <requestor-worker-1:1485661, MainThread:139827601966912> (requestor.py:_fetch_single_async:204 -> middleware.py:apply_async:112) from logger `RFC.middleware_result_saver`
[INFO] applying on HitomiAuthor(rubi-sama).HitomiGallery(839731).HitomiImage(1348), received

2024-02-08 21:29:33,543 <requestor-worker-1:1485661, MainThread:139827601966912> (requestor.py:_fetch_single_async:204 -> middleware.py:apply_async:112) from logger `RFC.middleware_result_saver`
[INFO] applying on HitomiAuthor(rubi-sama).HitomiGallery(839731).HitomiImage(1348), received

2024-02-08 21:29:33,543 <requestor-worker-1:1485661, MainThread:139827601966912> (requestor.py:_fetch_single_async:204 -> middleware.py:apply_async:112) from logger `RFC.middleware_result_saver`
[INFO] applying on HitomiAuthor(rubi-sama).HitomiGallery(839731).HitomiImage(1348), received

2024-02-08 21:29:33,544 <requestor-worker-1:1485661, MainThread:139827601966912> (requestor.py:_fetch_single_async:204 -> middleware.py:apply_async:115) from logger `RFC.middleware_result_saver`
[INFO] applied on HitomiAuthor(rubi-sama).HitomiGallery(839731).HitomiImage(1348), sent

2024-02-08 21:29:33,544 <requestor-worker-1:1485661, MainThread:139827601966912> (requestor.py:_fetch_single_async:204 -> middleware.py:apply_async:115) from logger `RFC.middleware_result_saver`
[INFO] applied on HitomiAuthor(rubi-sama).HitomiGallery(839731).HitomiImage(1348), sent

2024-02-08 21:29:33,544 <requestor-worker-1:1485661, MainThread:139827601966912> (requestor.py:_fetch_single_async:204 -> middleware.py:apply_async:115) from logger `RFC.middleware_result_saver`
[INFO] applied on HitomiAuthor(rubi-sama).HitomiGallery(839731).HitomiImage(1348), sent

2024-02-08 21:29:33,586 <requestor-worker-5:1485677, MainThread:139827601966912> (requestor.py:_fetch_single_async:204 -> middleware.py:apply_async:112) from logger `RFC.middleware_result_saver`
[INFO] applying on HitomiAuthor(rubi-sama).HitomiGallery(839731).HitomiImage(1410), received

2024-02-08 21:29:33,586 <requestor-worker-5:1485677, MainThread:139827601966912> (requestor.py:_fetch_single_async:204 -> middleware.py:apply_async:112) from logger `RFC.middleware_result_saver`
[INFO] applying on HitomiAuthor(rubi-sama).HitomiGallery(839731).HitomiImage(1410), received

2024-02-08 21:29:33,586 <requestor-worker-5:1485677, MainThread:139827601966912> (requestor.py:_fetch_single_async:204 -> middleware.py:apply_async:112) from logger `RFC.middleware_result_saver`
[INFO] applying on HitomiAuthor(rubi-sama).HitomiGallery(839731).HitomiImage(1410), received

2024-02-08 21:29:33,589 <requestor-worker-7:1485685, MainThread:139827601966912> (requestor.py:_fetch_single_async:204 -> middleware.py:apply_async:112) from logger `RFC.middleware_result_saver`
[INFO] applying on HitomiAuthor(rubi-sama).HitomiGallery(839731).HitomiImage(1413), received

2024-02-08 21:29:33,589 <requestor-worker-7:1485685, MainThread:139827601966912> (requestor.py:_fetch_single_async:204 -> middleware.py:apply_async:112) from logger `RFC.middleware_result_saver`
[INFO] applying on HitomiAuthor(rubi-sama).HitomiGallery(839731).HitomiImage(1413), received

2024-02-08 21:29:33,589 <requestor-worker-7:1485685, MainThread:139827601966912> (requestor.py:_fetch_single_async:204 -> middleware.py:apply_async:112) from logger `RFC.middleware_result_saver`
[INFO] applying on HitomiAuthor(rubi-sama).HitomiGallery(839731).HitomiImage(1413), received

2024-02-08 21:29:33,589 <requestor-worker-5:1485677, MainThread:139827601966912> (requestor.py:_fetch_single_async:204 -> middleware.py:apply_async:115) from logger `RFC.middleware_result_saver`
[INFO] applied on HitomiAuthor(rubi-sama).HitomiGallery(839731).HitomiImage(1410), sent

2024-02-08 21:29:33,589 <requestor-worker-5:1485677, MainThread:139827601966912> (requestor.py:_fetch_single_async:204 -> middleware.py:apply_async:115) from logger `RFC.middleware_result_saver`
[INFO] applied on HitomiAuthor(rubi-sama).HitomiGallery(839731).HitomiImage(1410), sent

2024-02-08 21:29:33,589 <requestor-worker-5:1485677, MainThread:139827601966912> (requestor.py:_fetch_single_async:204 -> middleware.py:apply_async:115) from logger `RFC.middleware_result_saver`
[INFO] applied on HitomiAuthor(rubi-sama).HitomiGallery(839731).HitomiImage(1410), sent

2024-02-08 21:29:33,590 <requestor-worker-7:1485685, MainThread:139827601966912> (requestor.py:_fetch_single_async:204 -> middleware.py:apply_async:115) from logger `RFC.middleware_result_saver`
[INFO] applied on HitomiAuthor(rubi-sama).HitomiGallery(839731).HitomiImage(1413), sent

2024-02-08 21:29:33,590 <requestor-worker-7:1485685, MainThread:139827601966912> (requestor.py:_fetch_single_async:204 -> middleware.py:apply_async:115) from logger `RFC.middleware_result_saver`
[INFO] applied on HitomiAuthor(rubi-sama).HitomiGallery(839731).HitomiImage(1413), sent

2024-02-08 21:29:33,590 <requestor-worker-7:1485685, MainThread:139827601966912> (requestor.py:_fetch_single_async:204 -> middleware.py:apply_async:115) from logger `RFC.middleware_result_saver`
[INFO] applied on HitomiAuthor(rubi-sama).HitomiGallery(839731).HitomiImage(1413), sent

2024-02-08 21:29:33,688 <requestor-worker-11:1485696, MainThread:139827601966912> (requestor.py:_fetch_single_async:204 -> middleware.py:apply_async:112) from logger `RFC.middleware_result_saver`
[INFO] applying on HitomiAuthor(rubi-sama).HitomiGallery(839731).HitomiImage(1353), received

2024-02-08 21:29:33,688 <requestor-worker-11:1485696, MainThread:139827601966912> (requestor.py:_fetch_single_async:204 -> middleware.py:apply_async:112) from logger `RFC.middleware_result_saver`
[INFO] applying on HitomiAuthor(rubi-sama).HitomiGallery(839731).HitomiImage(1353), received

2024-02-08 21:29:33,688 <requestor-worker-11:1485696, MainThread:139827601966912> (requestor.py:_fetch_single_async:204 -> middleware.py:apply_async:112) from logger `RFC.middleware_result_saver`
[INFO] applying on HitomiAuthor(rubi-sama).HitomiGallery(839731).HitomiImage(1353), received

2024-02-08 21:29:33,690 <requestor-worker-11:1485696, MainThread:139827601966912> (requestor.py:_fetch_single_async:204 -> middleware.py:apply_async:115) from logger `RFC.middleware_result_saver`
[INFO] applied on HitomiAuthor(rubi-sama).HitomiGallery(839731).HitomiImage(1353), sent

2024-02-08 21:29:33,690 <requestor-worker-11:1485696, MainThread:139827601966912> (requestor.py:_fetch_single_async:204 -> middleware.py:apply_async:115) from logger `RFC.middleware_result_saver`
[INFO] applied on HitomiAuthor(rubi-sama).HitomiGallery(839731).HitomiImage(1353), sent

2024-02-08 21:29:33,690 <requestor-worker-11:1485696, MainThread:139827601966912> (requestor.py:_fetch_single_async:204 -> middleware.py:apply_async:115) from logger `RFC.middleware_result_saver`
[INFO] applied on HitomiAuthor(rubi-sama).HitomiGallery(839731).HitomiImage(1353), sent

2024-02-08 21:29:33,752 <requestor-worker-8:1485689, MainThread:139827601966912> (requestor.py:_fetch_single_async:204 -> middleware.py:apply_async:112) from logger `RFC.middleware_result_saver`
[INFO] applying on HitomiAuthor(rubi-sama).HitomiGallery(839731).HitomiImage(1394), received

2024-02-08 21:29:33,752 <requestor-worker-8:1485689, MainThread:139827601966912> (requestor.py:_fetch_single_async:204 -> middleware.py:apply_async:112) from logger `RFC.middleware_result_saver`
[INFO] applying on HitomiAuthor(rubi-sama).HitomiGallery(839731).HitomiImage(1394), received

2024-02-08 21:29:33,752 <requestor-worker-8:1485689, MainThread:139827601966912> (requestor.py:_fetch_single_async:204 -> middleware.py:apply_async:112) from logger `RFC.middleware_result_saver`
[INFO] applying on HitomiAuthor(rubi-sama).HitomiGallery(839731).HitomiImage(1394), received

2024-02-08 21:29:33,755 <requestor-worker-8:1485689, MainThread:139827601966912> (requestor.py:_fetch_single_async:204 -> middleware.py:apply_async:115) from logger `RFC.middleware_result_saver`
[INFO] applied on HitomiAuthor(rubi-sama).HitomiGallery(839731).HitomiImage(1394), sent

2024-02-08 21:29:33,755 <requestor-worker-8:1485689, MainThread:139827601966912> (requestor.py:_fetch_single_async:204 -> middleware.py:apply_async:115) from logger `RFC.middleware_result_saver`
[INFO] applied on HitomiAuthor(rubi-sama).HitomiGallery(839731).HitomiImage(1394), sent

2024-02-08 21:29:33,755 <requestor-worker-8:1485689, MainThread:139827601966912> (requestor.py:_fetch_single_async:204 -> middleware.py:apply_async:115) from logger `RFC.middleware_result_saver`
[INFO] applied on HitomiAuthor(rubi-sama).HitomiGallery(839731).HitomiImage(1394), sent

2024-02-08 21:29:37,202 <requestor-worker-8:1485689, MainThread:139827601966912> (requestor.py:_fetch_single_async:204 -> middleware.py:apply_async:112) from logger `RFC.middleware_result_saver`
[INFO] applying on HitomiAuthor(rubi-sama).HitomiGallery(839731).HitomiImage(1600), received

2024-02-08 21:29:37,202 <requestor-worker-8:1485689, MainThread:139827601966912> (requestor.py:_fetch_single_async:204 -> middleware.py:apply_async:112) from logger `RFC.middleware_result_saver`
[INFO] applying on HitomiAuthor(rubi-sama).HitomiGallery(839731).HitomiImage(1600), received

2024-02-08 21:29:37,202 <requestor-worker-8:1485689, MainThread:139827601966912> (requestor.py:_fetch_single_async:204 -> middleware.py:apply_async:112) from logger `RFC.middleware_result_saver`
[INFO] applying on HitomiAuthor(rubi-sama).HitomiGallery(839731).HitomiImage(1600), received

2024-02-08 21:29:37,205 <requestor-worker-8:1485689, MainThread:139827601966912> (requestor.py:_fetch_single_async:204 -> middleware.py:apply_async:115) from logger `RFC.middleware_result_saver`
[INFO] applied on HitomiAuthor(rubi-sama).HitomiGallery(839731).HitomiImage(1600), sent

2024-02-08 21:29:37,205 <requestor-worker-8:1485689, MainThread:139827601966912> (requestor.py:_fetch_single_async:204 -> middleware.py:apply_async:115) from logger `RFC.middleware_result_saver`
[INFO] applied on HitomiAuthor(rubi-sama).HitomiGallery(839731).HitomiImage(1600), sent

2024-02-08 21:29:37,205 <requestor-worker-8:1485689, MainThread:139827601966912> (requestor.py:_fetch_single_async:204 -> middleware.py:apply_async:115) from logger `RFC.middleware_result_saver`
[INFO] applied on HitomiAuthor(rubi-sama).HitomiGallery(839731).HitomiImage(1600), sent

2024-02-08 21:29:39,584 <requestor-worker-7:1485685, MainThread:139827601966912> (requestor.py:_fetch_single_async:204 -> middleware.py:apply_async:112) from logger `RFC.middleware_result_saver`
[INFO] applying on HitomiAuthor(rubi-sama).HitomiGallery(839731).HitomiImage(1604), received

2024-02-08 21:29:39,584 <requestor-worker-7:1485685, MainThread:139827601966912> (requestor.py:_fetch_single_async:204 -> middleware.py:apply_async:112) from logger `RFC.middleware_result_saver`
[INFO] applying on HitomiAuthor(rubi-sama).HitomiGallery(839731).HitomiImage(1604), received

2024-02-08 21:29:39,584 <requestor-worker-7:1485685, MainThread:139827601966912> (requestor.py:_fetch_single_async:204 -> middleware.py:apply_async:112) from logger `RFC.middleware_result_saver`
[INFO] applying on HitomiAuthor(rubi-sama).HitomiGallery(839731).HitomiImage(1604), received

2024-02-08 21:29:39,587 <requestor-worker-7:1485685, MainThread:139827601966912> (requestor.py:_fetch_single_async:204 -> middleware.py:apply_async:115) from logger `RFC.middleware_result_saver`
[INFO] applied on HitomiAuthor(rubi-sama).HitomiGallery(839731).HitomiImage(1604), sent

2024-02-08 21:29:39,587 <requestor-worker-7:1485685, MainThread:139827601966912> (requestor.py:_fetch_single_async:204 -> middleware.py:apply_async:115) from logger `RFC.middleware_result_saver`
[INFO] applied on HitomiAuthor(rubi-sama).HitomiGallery(839731).HitomiImage(1604), sent

2024-02-08 21:29:39,587 <requestor-worker-7:1485685, MainThread:139827601966912> (requestor.py:_fetch_single_async:204 -> middleware.py:apply_async:115) from logger `RFC.middleware_result_saver`
[INFO] applied on HitomiAuthor(rubi-sama).HitomiGallery(839731).HitomiImage(1604), sent

