2024-01-31 20:30:46,344 <MainProcess:1503034, MainThread:139699439028032> (middleware.py:get_middleware:394 -> middleware.py:__init__:55) from logger `RFC.middleware_basic`
[INFO] initialized

2024-01-31 20:31:34,408 <requestor-worker-0:1503131, MainThread:139699439028032> (requestor.py:_fetch_single_async:199 -> middleware.py:apply_async:112) from logger `RFC.middleware_basic`
[INFO] applying on HitomiAuthor(mutou mato).HitomiGallery(960092).HitomiImage(0013), received

2024-01-31 20:31:34,412 <requestor-worker-0:1503131, MainThread:139699439028032> (requestor.py:_fetch_single_async:199 -> middleware.py:apply_async:115) from logger `RFC.middleware_basic`
[INFO] applied on HitomiAuthor(mutou mato).HitomiGallery(960092).HitomiImage(0013), sent

2024-01-31 20:31:35,189 <requestor-worker-0:1503131, MainThread:139699439028032> (requestor.py:_fetch_single_async:199 -> middleware.py:apply_async:112) from logger `RFC.middleware_basic`
[INFO] applying on HitomiAuthor(mutou mato).HitomiGallery(929314).HitomiImage(0118), received

2024-01-31 20:31:35,191 <requestor-worker-0:1503131, MainThread:139699439028032> (requestor.py:_fetch_single_async:199 -> middleware.py:apply_async:115) from logger `RFC.middleware_basic`
[INFO] applied on HitomiAuthor(mutou mato).HitomiGallery(929314).HitomiImage(0118), sent

2024-01-31 20:31:36,184 <requestor-worker-0:1503131, MainThread:139699439028032> (requestor.py:_fetch_single_async:199 -> middleware.py:apply_async:112) from logger `RFC.middleware_basic`
[INFO] applying on HitomiAuthor(mutou mato).HitomiGallery(960092).HitomiImage(0009), received

2024-01-31 20:31:36,186 <requestor-worker-0:1503131, MainThread:139699439028032> (requestor.py:_fetch_single_async:199 -> middleware.py:apply_async:115) from logger `RFC.middleware_basic`
[INFO] applied on HitomiAuthor(mutou mato).HitomiGallery(960092).HitomiImage(0009), sent

2024-01-31 20:31:38,441 <requestor-worker-0:1503131, MainThread:139699439028032> (requestor.py:_fetch_single_async:199 -> middleware.py:apply_async:112) from logger `RFC.middleware_basic`
[INFO] applying on HitomiAuthor(mutou mato).HitomiGallery(929314).HitomiImage(0165), received

2024-01-31 20:31:38,442 <requestor-worker-0:1503131, MainThread:139699439028032> (requestor.py:_fetch_single_async:199 -> middleware.py:apply_async:115) from logger `RFC.middleware_basic`
[INFO] applied on HitomiAuthor(mutou mato).HitomiGallery(929314).HitomiImage(0165), sent

2024-01-31 20:39:31,747 <requestor-worker-0:1503131, MainThread:139699439028032> (requestor.py:_fetch_single_async:199 -> middleware.py:apply_async:112) from logger `RFC.middleware_basic`
[INFO] applying on HitomiAuthor(mutou mato).HitomiGallery(1359422).HitomiImage(0026), received

2024-01-31 20:39:31,749 <requestor-worker-0:1503131, MainThread:139699439028032> (requestor.py:_fetch_single_async:199 -> middleware.py:apply_async:115) from logger `RFC.middleware_basic`
[INFO] applied on HitomiAuthor(mutou mato).HitomiGallery(1359422).HitomiImage(0026), sent

2024-01-31 20:39:33,455 <requestor-worker-0:1503131, MainThread:139699439028032> (requestor.py:_fetch_single_async:199 -> middleware.py:apply_async:112) from logger `RFC.middleware_basic`
[INFO] applying on HitomiAuthor(mutou mato).HitomiGallery(1202617).HitomiImage(0019), received

2024-01-31 20:39:33,457 <requestor-worker-0:1503131, MainThread:139699439028032> (requestor.py:_fetch_single_async:199 -> middleware.py:apply_async:115) from logger `RFC.middleware_basic`
[INFO] applied on HitomiAuthor(mutou mato).HitomiGallery(1202617).HitomiImage(0019), sent

2024-01-31 20:39:43,084 <requestor-worker-0:1503131, MainThread:139699439028032> (requestor.py:_fetch_single_async:199 -> middleware.py:apply_async:112) from logger `RFC.middleware_basic`
[INFO] applying on HitomiAuthor(mutou mato).HitomiGallery(1340270).HitomiImage(0138), received

2024-01-31 20:39:43,086 <requestor-worker-0:1503131, MainThread:139699439028032> (requestor.py:_fetch_single_async:199 -> middleware.py:apply_async:115) from logger `RFC.middleware_basic`
[INFO] applied on HitomiAuthor(mutou mato).HitomiGallery(1340270).HitomiImage(0138), sent

2024-01-31 20:40:11,046 <requestor-worker-0:1503131, MainThread:139699439028032> (requestor.py:_fetch_single_async:199 -> middleware.py:apply_async:112) from logger `RFC.middleware_basic`
[INFO] applying on HitomiAuthor(mutou mato).HitomiGallery(1340270).HitomiImage(0111), received

2024-01-31 20:40:11,048 <requestor-worker-0:1503131, MainThread:139699439028032> (requestor.py:_fetch_single_async:199 -> middleware.py:apply_async:115) from logger `RFC.middleware_basic`
[INFO] applied on HitomiAuthor(mutou mato).HitomiGallery(1340270).HitomiImage(0111), sent

2024-01-31 20:40:14,661 <requestor-worker-0:1503131, MainThread:139699439028032> (requestor.py:_fetch_single_async:199 -> middleware.py:apply_async:112) from logger `RFC.middleware_basic`
[INFO] applying on HitomiAuthor(mutou mato).HitomiGallery(923628).HitomiImage(0098), received

2024-01-31 20:40:14,663 <requestor-worker-0:1503131, MainThread:139699439028032> (requestor.py:_fetch_single_async:199 -> middleware.py:apply_async:115) from logger `RFC.middleware_basic`
[INFO] applied on HitomiAuthor(mutou mato).HitomiGallery(923628).HitomiImage(0098), sent

2024-01-31 20:40:35,927 <requestor-worker-0:1503131, MainThread:139699439028032> (requestor.py:_fetch_single_async:199 -> middleware.py:apply_async:112) from logger `RFC.middleware_basic`
[INFO] applying on HitomiAuthor(mutou mato).HitomiGallery(1004701).HitomiImage(0025), received

2024-01-31 20:40:35,929 <requestor-worker-0:1503131, MainThread:139699439028032> (requestor.py:_fetch_single_async:199 -> middleware.py:apply_async:115) from logger `RFC.middleware_basic`
[INFO] applied on HitomiAuthor(mutou mato).HitomiGallery(1004701).HitomiImage(0025), sent

2024-01-31 20:41:28,363 <requestor-worker-0:1503131, MainThread:139699439028032> (requestor.py:_fetch_single_async:199 -> middleware.py:apply_async:112) from logger `RFC.middleware_basic`
[INFO] applying on HitomiAuthor(mutou mato).HitomiGallery(785863).HitomiImage(0233), received

2024-01-31 20:41:28,367 <requestor-worker-0:1503131, MainThread:139699439028032> (requestor.py:_fetch_single_async:199 -> middleware.py:apply_async:115) from logger `RFC.middleware_basic`
[INFO] applied on HitomiAuthor(mutou mato).HitomiGallery(785863).HitomiImage(0233), sent

2024-01-31 20:41:28,378 <requestor-worker-0:1503131, MainThread:139699439028032> (requestor.py:_fetch_single_async:199 -> middleware.py:apply_async:112) from logger `RFC.middleware_basic`
[INFO] applying on HitomiAuthor(mutou mato).HitomiGallery(785863).HitomiImage(0236), received

2024-01-31 20:41:28,380 <requestor-worker-0:1503131, MainThread:139699439028032> (requestor.py:_fetch_single_async:199 -> middleware.py:apply_async:115) from logger `RFC.middleware_basic`
[INFO] applied on HitomiAuthor(mutou mato).HitomiGallery(785863).HitomiImage(0236), sent

2024-01-31 20:41:31,212 <requestor-worker-0:1503131, MainThread:139699439028032> (requestor.py:_fetch_single_async:199 -> middleware.py:apply_async:112) from logger `RFC.middleware_basic`
[INFO] applying on HitomiAuthor(mutou mato).HitomiGallery(783466).HitomiImage(0151), received

2024-01-31 20:41:31,214 <requestor-worker-0:1503131, MainThread:139699439028032> (requestor.py:_fetch_single_async:199 -> middleware.py:apply_async:115) from logger `RFC.middleware_basic`
[INFO] applied on HitomiAuthor(mutou mato).HitomiGallery(783466).HitomiImage(0151), sent

2024-01-31 20:41:31,221 <requestor-worker-0:1503131, MainThread:139699439028032> (requestor.py:_fetch_single_async:199 -> middleware.py:apply_async:112) from logger `RFC.middleware_basic`
[INFO] applying on HitomiAuthor(mutou mato).HitomiGallery(783466).HitomiImage(0135), received

2024-01-31 20:41:31,222 <requestor-worker-0:1503131, MainThread:139699439028032> (requestor.py:_fetch_single_async:199 -> middleware.py:apply_async:115) from logger `RFC.middleware_basic`
[INFO] applied on HitomiAuthor(mutou mato).HitomiGallery(783466).HitomiImage(0135), sent

2024-01-31 20:41:31,228 <requestor-worker-0:1503131, MainThread:139699439028032> (requestor.py:_fetch_single_async:199 -> middleware.py:apply_async:112) from logger `RFC.middleware_basic`
[INFO] applying on HitomiAuthor(mutou mato).HitomiGallery(783466).HitomiImage(0137), received

2024-01-31 20:41:31,230 <requestor-worker-0:1503131, MainThread:139699439028032> (requestor.py:_fetch_single_async:199 -> middleware.py:apply_async:115) from logger `RFC.middleware_basic`
[INFO] applied on HitomiAuthor(mutou mato).HitomiGallery(783466).HitomiImage(0137), sent

2024-01-31 20:41:31,911 <requestor-worker-0:1503131, MainThread:139699439028032> (requestor.py:_fetch_single_async:199 -> middleware.py:apply_async:112) from logger `RFC.middleware_basic`
[INFO] applying on HitomiAuthor(mutou mato).HitomiGallery(785863).HitomiImage(0296), received

2024-01-31 20:41:31,913 <requestor-worker-0:1503131, MainThread:139699439028032> (requestor.py:_fetch_single_async:199 -> middleware.py:apply_async:115) from logger `RFC.middleware_basic`
[INFO] applied on HitomiAuthor(mutou mato).HitomiGallery(785863).HitomiImage(0296), sent

2024-01-31 20:41:32,064 <requestor-worker-0:1503131, MainThread:139699439028032> (requestor.py:_fetch_single_async:199 -> middleware.py:apply_async:112) from logger `RFC.middleware_basic`
[INFO] applying on HitomiAuthor(mutou mato).HitomiGallery(785863).HitomiImage(0291), received

2024-01-31 20:41:32,065 <requestor-worker-0:1503131, MainThread:139699439028032> (requestor.py:_fetch_single_async:199 -> middleware.py:apply_async:115) from logger `RFC.middleware_basic`
[INFO] applied on HitomiAuthor(mutou mato).HitomiGallery(785863).HitomiImage(0291), sent

2024-01-31 20:41:32,133 <requestor-worker-0:1503131, MainThread:139699439028032> (requestor.py:_fetch_single_async:199 -> middleware.py:apply_async:112) from logger `RFC.middleware_basic`
[INFO] applying on HitomiAuthor(mutou mato).HitomiGallery(785863).HitomiImage(0275), received

2024-01-31 20:41:32,134 <requestor-worker-0:1503131, MainThread:139699439028032> (requestor.py:_fetch_single_async:199 -> middleware.py:apply_async:115) from logger `RFC.middleware_basic`
[INFO] applied on HitomiAuthor(mutou mato).HitomiGallery(785863).HitomiImage(0275), sent

2024-01-31 20:41:33,492 <requestor-worker-0:1503131, MainThread:139699439028032> (requestor.py:_fetch_single_async:199 -> middleware.py:apply_async:112) from logger `RFC.middleware_basic`
[INFO] applying on HitomiAuthor(mutou mato).HitomiGallery(785863).HitomiImage(0154), received

2024-01-31 20:41:33,493 <requestor-worker-0:1503131, MainThread:139699439028032> (requestor.py:_fetch_single_async:199 -> middleware.py:apply_async:115) from logger `RFC.middleware_basic`
[INFO] applied on HitomiAuthor(mutou mato).HitomiGallery(785863).HitomiImage(0154), sent

2024-01-31 20:41:33,500 <requestor-worker-0:1503131, MainThread:139699439028032> (requestor.py:_fetch_single_async:199 -> middleware.py:apply_async:112) from logger `RFC.middleware_basic`
[INFO] applying on HitomiAuthor(mutou mato).HitomiGallery(785863).HitomiImage(0180), received

2024-01-31 20:41:33,501 <requestor-worker-0:1503131, MainThread:139699439028032> (requestor.py:_fetch_single_async:199 -> middleware.py:apply_async:115) from logger `RFC.middleware_basic`
[INFO] applied on HitomiAuthor(mutou mato).HitomiGallery(785863).HitomiImage(0180), sent

2024-01-31 20:41:33,904 <requestor-worker-0:1503131, MainThread:139699439028032> (requestor.py:_fetch_single_async:199 -> middleware.py:apply_async:112) from logger `RFC.middleware_basic`
[INFO] applying on HitomiAuthor(mutou mato).HitomiGallery(785863).HitomiImage(0147), received

2024-01-31 20:41:33,906 <requestor-worker-0:1503131, MainThread:139699439028032> (requestor.py:_fetch_single_async:199 -> middleware.py:apply_async:115) from logger `RFC.middleware_basic`
[INFO] applied on HitomiAuthor(mutou mato).HitomiGallery(785863).HitomiImage(0147), sent

2024-01-31 20:41:34,013 <requestor-worker-0:1503131, MainThread:139699439028032> (requestor.py:_fetch_single_async:199 -> middleware.py:apply_async:112) from logger `RFC.middleware_basic`
[INFO] applying on HitomiAuthor(mutou mato).HitomiGallery(785863).HitomiImage(0142), received

2024-01-31 20:41:34,015 <requestor-worker-0:1503131, MainThread:139699439028032> (requestor.py:_fetch_single_async:199 -> middleware.py:apply_async:115) from logger `RFC.middleware_basic`
[INFO] applied on HitomiAuthor(mutou mato).HitomiGallery(785863).HitomiImage(0142), sent

2024-01-31 20:41:34,177 <requestor-worker-0:1503131, MainThread:139699439028032> (requestor.py:_fetch_single_async:199 -> middleware.py:apply_async:112) from logger `RFC.middleware_basic`
[INFO] applying on HitomiAuthor(mutou mato).HitomiGallery(785863).HitomiImage(0120), received

2024-01-31 20:41:34,179 <requestor-worker-0:1503131, MainThread:139699439028032> (requestor.py:_fetch_single_async:199 -> middleware.py:apply_async:115) from logger `RFC.middleware_basic`
[INFO] applied on HitomiAuthor(mutou mato).HitomiGallery(785863).HitomiImage(0120), sent

2024-01-31 20:41:34,989 <requestor-worker-0:1503131, MainThread:139699439028032> (requestor.py:_fetch_single_async:199 -> middleware.py:apply_async:112) from logger `RFC.middleware_basic`
[INFO] applying on HitomiAuthor(mutou mato).HitomiGallery(785863).HitomiImage(0073), received

2024-01-31 20:41:34,991 <requestor-worker-0:1503131, MainThread:139699439028032> (requestor.py:_fetch_single_async:199 -> middleware.py:apply_async:115) from logger `RFC.middleware_basic`
[INFO] applied on HitomiAuthor(mutou mato).HitomiGallery(785863).HitomiImage(0073), sent

2024-01-31 20:41:35,325 <requestor-worker-0:1503131, MainThread:139699439028032> (requestor.py:_fetch_single_async:199 -> middleware.py:apply_async:112) from logger `RFC.middleware_basic`
[INFO] applying on HitomiAuthor(mutou mato).HitomiGallery(785863).HitomiImage(0028), received

2024-01-31 20:41:35,327 <requestor-worker-0:1503131, MainThread:139699439028032> (requestor.py:_fetch_single_async:199 -> middleware.py:apply_async:115) from logger `RFC.middleware_basic`
[INFO] applied on HitomiAuthor(mutou mato).HitomiGallery(785863).HitomiImage(0028), sent

2024-01-31 20:41:35,382 <requestor-worker-0:1503131, MainThread:139699439028032> (requestor.py:_fetch_single_async:199 -> middleware.py:apply_async:112) from logger `RFC.middleware_basic`
[INFO] applying on HitomiAuthor(mutou mato).HitomiGallery(785863).HitomiImage(0022), received

2024-01-31 20:41:35,383 <requestor-worker-0:1503131, MainThread:139699439028032> (requestor.py:_fetch_single_async:199 -> middleware.py:apply_async:115) from logger `RFC.middleware_basic`
[INFO] applied on HitomiAuthor(mutou mato).HitomiGallery(785863).HitomiImage(0022), sent

2024-01-31 20:41:35,756 <requestor-worker-0:1503131, MainThread:139699439028032> (requestor.py:_fetch_single_async:199 -> middleware.py:apply_async:112) from logger `RFC.middleware_basic`
[INFO] applying on HitomiAuthor(mutou mato).HitomiGallery(785863).HitomiImage(0259), received

2024-01-31 20:41:35,757 <requestor-worker-0:1503131, MainThread:139699439028032> (requestor.py:_fetch_single_async:199 -> middleware.py:apply_async:115) from logger `RFC.middleware_basic`
[INFO] applied on HitomiAuthor(mutou mato).HitomiGallery(785863).HitomiImage(0259), sent

2024-01-31 20:41:36,753 <requestor-worker-0:1503131, MainThread:139699439028032> (requestor.py:_fetch_single_async:199 -> middleware.py:apply_async:112) from logger `RFC.middleware_basic`
[INFO] applying on HitomiAuthor(mutou mato).HitomiGallery(785863).HitomiImage(0188), received

2024-01-31 20:41:36,754 <requestor-worker-0:1503131, MainThread:139699439028032> (requestor.py:_fetch_single_async:199 -> middleware.py:apply_async:115) from logger `RFC.middleware_basic`
[INFO] applied on HitomiAuthor(mutou mato).HitomiGallery(785863).HitomiImage(0188), sent

2024-01-31 20:41:36,940 <requestor-worker-0:1503131, MainThread:139699439028032> (requestor.py:_fetch_single_async:199 -> middleware.py:apply_async:112) from logger `RFC.middleware_basic`
[INFO] applying on HitomiAuthor(mutou mato).HitomiGallery(785863).HitomiImage(0173), received

2024-01-31 20:41:36,941 <requestor-worker-0:1503131, MainThread:139699439028032> (requestor.py:_fetch_single_async:199 -> middleware.py:apply_async:115) from logger `RFC.middleware_basic`
[INFO] applied on HitomiAuthor(mutou mato).HitomiGallery(785863).HitomiImage(0173), sent

2024-01-31 20:41:36,949 <requestor-worker-0:1503131, MainThread:139699439028032> (requestor.py:_fetch_single_async:199 -> middleware.py:apply_async:112) from logger `RFC.middleware_basic`
[INFO] applying on HitomiAuthor(mutou mato).HitomiGallery(785863).HitomiImage(0175), received

2024-01-31 20:41:36,950 <requestor-worker-0:1503131, MainThread:139699439028032> (requestor.py:_fetch_single_async:199 -> middleware.py:apply_async:115) from logger `RFC.middleware_basic`
[INFO] applied on HitomiAuthor(mutou mato).HitomiGallery(785863).HitomiImage(0175), sent

2024-01-31 20:41:37,660 <requestor-worker-0:1503131, MainThread:139699439028032> (requestor.py:_fetch_single_async:199 -> middleware.py:apply_async:112) from logger `RFC.middleware_basic`
[INFO] applying on HitomiAuthor(mutou mato).HitomiGallery(785863).HitomiImage(0101), received

2024-01-31 20:41:37,662 <requestor-worker-0:1503131, MainThread:139699439028032> (requestor.py:_fetch_single_async:199 -> middleware.py:apply_async:115) from logger `RFC.middleware_basic`
[INFO] applied on HitomiAuthor(mutou mato).HitomiGallery(785863).HitomiImage(0101), sent

2024-01-31 20:41:38,784 <requestor-worker-0:1503131, MainThread:139699439028032> (requestor.py:_fetch_single_async:199 -> middleware.py:apply_async:112) from logger `RFC.middleware_basic`
[INFO] applying on HitomiAuthor(mutou mato).HitomiGallery(805189).HitomiImage(0214), received

2024-01-31 20:41:38,785 <requestor-worker-0:1503131, MainThread:139699439028032> (requestor.py:_fetch_single_async:199 -> middleware.py:apply_async:115) from logger `RFC.middleware_basic`
[INFO] applied on HitomiAuthor(mutou mato).HitomiGallery(805189).HitomiImage(0214), sent

2024-01-31 20:41:47,849 <requestor-worker-0:1503131, MainThread:139699439028032> (requestor.py:_fetch_single_async:199 -> middleware.py:apply_async:112) from logger `RFC.middleware_basic`
[INFO] applying on HitomiAuthor(mutou mato).HitomiGallery(835866).HitomiImage(0353), received

2024-01-31 20:41:47,851 <requestor-worker-0:1503131, MainThread:139699439028032> (requestor.py:_fetch_single_async:199 -> middleware.py:apply_async:115) from logger `RFC.middleware_basic`
[INFO] applied on HitomiAuthor(mutou mato).HitomiGallery(835866).HitomiImage(0353), sent

2024-01-31 20:41:50,144 <requestor-worker-0:1503131, MainThread:139699439028032> (requestor.py:_fetch_single_async:199 -> middleware.py:apply_async:112) from logger `RFC.middleware_basic`
[INFO] applying on HitomiAuthor(mutou mato).HitomiGallery(835866).HitomiImage(0191), received

2024-01-31 20:41:50,146 <requestor-worker-0:1503131, MainThread:139699439028032> (requestor.py:_fetch_single_async:199 -> middleware.py:apply_async:115) from logger `RFC.middleware_basic`
[INFO] applied on HitomiAuthor(mutou mato).HitomiGallery(835866).HitomiImage(0191), sent

2024-01-31 20:41:51,195 <requestor-worker-0:1503131, MainThread:139699439028032> (requestor.py:_fetch_single_async:199 -> middleware.py:apply_async:112) from logger `RFC.middleware_basic`
[INFO] applying on HitomiAuthor(mutou mato).HitomiGallery(835866).HitomiImage(0115), received

2024-01-31 20:41:51,197 <requestor-worker-0:1503131, MainThread:139699439028032> (requestor.py:_fetch_single_async:199 -> middleware.py:apply_async:115) from logger `RFC.middleware_basic`
[INFO] applied on HitomiAuthor(mutou mato).HitomiGallery(835866).HitomiImage(0115), sent

2024-01-31 20:41:51,963 <requestor-worker-0:1503131, MainThread:139699439028032> (requestor.py:_fetch_single_async:199 -> middleware.py:apply_async:112) from logger `RFC.middleware_basic`
[INFO] applying on HitomiAuthor(mutou mato).HitomiGallery(835866).HitomiImage(0058), received

2024-01-31 20:41:51,965 <requestor-worker-0:1503131, MainThread:139699439028032> (requestor.py:_fetch_single_async:199 -> middleware.py:apply_async:115) from logger `RFC.middleware_basic`
[INFO] applied on HitomiAuthor(mutou mato).HitomiGallery(835866).HitomiImage(0058), sent

2024-01-31 20:41:56,842 <requestor-worker-0:1503131, MainThread:139699439028032> (requestor.py:_fetch_single_async:199 -> middleware.py:apply_async:112) from logger `RFC.middleware_basic`
[INFO] applying on HitomiAuthor(mutou mato).HitomiGallery(845929).HitomiImage(0240), received

2024-01-31 20:41:56,844 <requestor-worker-0:1503131, MainThread:139699439028032> (requestor.py:_fetch_single_async:199 -> middleware.py:apply_async:115) from logger `RFC.middleware_basic`
[INFO] applied on HitomiAuthor(mutou mato).HitomiGallery(845929).HitomiImage(0240), sent

2024-01-31 20:42:01,522 <requestor-worker-0:1503131, MainThread:139699439028032> (requestor.py:_fetch_single_async:199 -> middleware.py:apply_async:112) from logger `RFC.middleware_basic`
[INFO] applying on HitomiAuthor(mutou mato).HitomiGallery(844226).HitomiImage(0264), received

2024-01-31 20:42:01,523 <requestor-worker-0:1503131, MainThread:139699439028032> (requestor.py:_fetch_single_async:199 -> middleware.py:apply_async:115) from logger `RFC.middleware_basic`
[INFO] applied on HitomiAuthor(mutou mato).HitomiGallery(844226).HitomiImage(0264), sent

2024-01-31 20:42:02,812 <requestor-worker-0:1503131, MainThread:139699439028032> (requestor.py:_fetch_single_async:199 -> middleware.py:apply_async:112) from logger `RFC.middleware_basic`
[INFO] applying on HitomiAuthor(mutou mato).HitomiGallery(844226).HitomiImage(0112), received

2024-01-31 20:42:02,814 <requestor-worker-0:1503131, MainThread:139699439028032> (requestor.py:_fetch_single_async:199 -> middleware.py:apply_async:115) from logger `RFC.middleware_basic`
[INFO] applied on HitomiAuthor(mutou mato).HitomiGallery(844226).HitomiImage(0112), sent

2024-01-31 20:42:03,036 <requestor-worker-0:1503131, MainThread:139699439028032> (requestor.py:_fetch_single_async:199 -> middleware.py:apply_async:112) from logger `RFC.middleware_basic`
[INFO] applying on HitomiAuthor(mutou mato).HitomiGallery(844226).HitomiImage(0111), received

2024-01-31 20:42:03,038 <requestor-worker-0:1503131, MainThread:139699439028032> (requestor.py:_fetch_single_async:199 -> middleware.py:apply_async:115) from logger `RFC.middleware_basic`
[INFO] applied on HitomiAuthor(mutou mato).HitomiGallery(844226).HitomiImage(0111), sent

2024-01-31 20:42:05,520 <requestor-worker-0:1503131, MainThread:139699439028032> (requestor.py:_fetch_single_async:199 -> middleware.py:apply_async:112) from logger `RFC.middleware_basic`
[INFO] applying on HitomiAuthor(mutou mato).HitomiGallery(844226).HitomiImage(0113), received

2024-01-31 20:42:05,524 <requestor-worker-0:1503131, MainThread:139699439028032> (requestor.py:_fetch_single_async:199 -> middleware.py:apply_async:115) from logger `RFC.middleware_basic`
[INFO] applied on HitomiAuthor(mutou mato).HitomiGallery(844226).HitomiImage(0113), sent

2024-01-31 20:42:12,605 <requestor-worker-0:1503131, MainThread:139699439028032> (requestor.py:_fetch_single_async:199 -> middleware.py:apply_async:112) from logger `RFC.middleware_basic`
[INFO] applying on HitomiAuthor(mutou mato).HitomiGallery(853581).HitomiImage(0313), received

2024-01-31 20:42:12,606 <requestor-worker-0:1503131, MainThread:139699439028032> (requestor.py:_fetch_single_async:199 -> middleware.py:apply_async:115) from logger `RFC.middleware_basic`
[INFO] applied on HitomiAuthor(mutou mato).HitomiGallery(853581).HitomiImage(0313), sent

2024-01-31 20:42:12,735 <requestor-worker-0:1503131, MainThread:139699439028032> (requestor.py:_fetch_single_async:199 -> middleware.py:apply_async:112) from logger `RFC.middleware_basic`
[INFO] applying on HitomiAuthor(mutou mato).HitomiGallery(853581).HitomiImage(0312), received

2024-01-31 20:42:12,737 <requestor-worker-0:1503131, MainThread:139699439028032> (requestor.py:_fetch_single_async:199 -> middleware.py:apply_async:115) from logger `RFC.middleware_basic`
[INFO] applied on HitomiAuthor(mutou mato).HitomiGallery(853581).HitomiImage(0312), sent

2024-01-31 20:42:14,046 <requestor-worker-0:1503131, MainThread:139699439028032> (requestor.py:_fetch_single_async:199 -> middleware.py:apply_async:112) from logger `RFC.middleware_basic`
[INFO] applying on HitomiAuthor(mutou mato).HitomiGallery(853581).HitomiImage(0218), received

2024-01-31 20:42:14,048 <requestor-worker-0:1503131, MainThread:139699439028032> (requestor.py:_fetch_single_async:199 -> middleware.py:apply_async:115) from logger `RFC.middleware_basic`
[INFO] applied on HitomiAuthor(mutou mato).HitomiGallery(853581).HitomiImage(0218), sent

2024-01-31 20:42:15,861 <requestor-worker-0:1503131, MainThread:139699439028032> (requestor.py:_fetch_single_async:199 -> middleware.py:apply_async:112) from logger `RFC.middleware_basic`
[INFO] applying on HitomiAuthor(mutou mato).HitomiGallery(853581).HitomiImage(0052), received

2024-01-31 20:42:15,862 <requestor-worker-0:1503131, MainThread:139699439028032> (requestor.py:_fetch_single_async:199 -> middleware.py:apply_async:115) from logger `RFC.middleware_basic`
[INFO] applied on HitomiAuthor(mutou mato).HitomiGallery(853581).HitomiImage(0052), sent

2024-01-31 20:42:48,644 <requestor-worker-0:1503131, MainThread:139699439028032> (requestor.py:_fetch_single_async:199 -> middleware.py:apply_async:112) from logger `RFC.middleware_basic`
[INFO] applying on HitomiAuthor(mutou mato).HitomiGallery(722443).HitomiImage(0295), received

2024-01-31 20:42:48,645 <requestor-worker-0:1503131, MainThread:139699439028032> (requestor.py:_fetch_single_async:199 -> middleware.py:apply_async:115) from logger `RFC.middleware_basic`
[INFO] applied on HitomiAuthor(mutou mato).HitomiGallery(722443).HitomiImage(0295), sent

2024-01-31 20:42:48,652 <requestor-worker-0:1503131, MainThread:139699439028032> (requestor.py:_fetch_single_async:199 -> middleware.py:apply_async:112) from logger `RFC.middleware_basic`
[INFO] applying on HitomiAuthor(mutou mato).HitomiGallery(722443).HitomiImage(0201), received

2024-01-31 20:42:48,654 <requestor-worker-0:1503131, MainThread:139699439028032> (requestor.py:_fetch_single_async:199 -> middleware.py:apply_async:115) from logger `RFC.middleware_basic`
[INFO] applied on HitomiAuthor(mutou mato).HitomiGallery(722443).HitomiImage(0201), sent

2024-01-31 20:42:49,457 <requestor-worker-0:1503131, MainThread:139699439028032> (requestor.py:_fetch_single_async:199 -> middleware.py:apply_async:112) from logger `RFC.middleware_basic`
[INFO] applying on HitomiAuthor(mutou mato).HitomiGallery(722443).HitomiImage(0133), received

2024-01-31 20:42:49,458 <requestor-worker-0:1503131, MainThread:139699439028032> (requestor.py:_fetch_single_async:199 -> middleware.py:apply_async:115) from logger `RFC.middleware_basic`
[INFO] applied on HitomiAuthor(mutou mato).HitomiGallery(722443).HitomiImage(0133), sent

2024-01-31 20:42:49,465 <requestor-worker-0:1503131, MainThread:139699439028032> (requestor.py:_fetch_single_async:199 -> middleware.py:apply_async:112) from logger `RFC.middleware_basic`
[INFO] applying on HitomiAuthor(mutou mato).HitomiGallery(722443).HitomiImage(0121), received

2024-01-31 20:42:49,466 <requestor-worker-0:1503131, MainThread:139699439028032> (requestor.py:_fetch_single_async:199 -> middleware.py:apply_async:115) from logger `RFC.middleware_basic`
[INFO] applied on HitomiAuthor(mutou mato).HitomiGallery(722443).HitomiImage(0121), sent

2024-01-31 20:42:49,702 <requestor-worker-0:1503131, MainThread:139699439028032> (requestor.py:_fetch_single_async:199 -> middleware.py:apply_async:112) from logger `RFC.middleware_basic`
[INFO] applying on HitomiAuthor(mutou mato).HitomiGallery(722443).HitomiImage(0406), received

2024-01-31 20:42:49,704 <requestor-worker-0:1503131, MainThread:139699439028032> (requestor.py:_fetch_single_async:199 -> middleware.py:apply_async:115) from logger `RFC.middleware_basic`
[INFO] applied on HitomiAuthor(mutou mato).HitomiGallery(722443).HitomiImage(0406), sent

2024-01-31 20:42:49,803 <requestor-worker-0:1503131, MainThread:139699439028032> (requestor.py:_fetch_single_async:199 -> middleware.py:apply_async:112) from logger `RFC.middleware_basic`
[INFO] applying on HitomiAuthor(mutou mato).HitomiGallery(722443).HitomiImage(0403), received

2024-01-31 20:42:49,805 <requestor-worker-0:1503131, MainThread:139699439028032> (requestor.py:_fetch_single_async:199 -> middleware.py:apply_async:115) from logger `RFC.middleware_basic`
[INFO] applied on HitomiAuthor(mutou mato).HitomiGallery(722443).HitomiImage(0403), sent

2024-01-31 20:42:49,942 <requestor-worker-0:1503131, MainThread:139699439028032> (requestor.py:_fetch_single_async:199 -> middleware.py:apply_async:112) from logger `RFC.middleware_basic`
[INFO] applying on HitomiAuthor(mutou mato).HitomiGallery(722443).HitomiImage(0117), received

2024-01-31 20:42:49,945 <requestor-worker-0:1503131, MainThread:139699439028032> (requestor.py:_fetch_single_async:199 -> middleware.py:apply_async:115) from logger `RFC.middleware_basic`
[INFO] applied on HitomiAuthor(mutou mato).HitomiGallery(722443).HitomiImage(0117), sent

2024-01-31 20:42:50,443 <requestor-worker-0:1503131, MainThread:139699439028032> (requestor.py:_fetch_single_async:199 -> middleware.py:apply_async:112) from logger `RFC.middleware_basic`
[INFO] applying on HitomiAuthor(mutou mato).HitomiGallery(722443).HitomiImage(0344), received

2024-01-31 20:42:50,445 <requestor-worker-0:1503131, MainThread:139699439028032> (requestor.py:_fetch_single_async:199 -> middleware.py:apply_async:115) from logger `RFC.middleware_basic`
[INFO] applied on HitomiAuthor(mutou mato).HitomiGallery(722443).HitomiImage(0344), sent

2024-01-31 20:42:50,452 <requestor-worker-0:1503131, MainThread:139699439028032> (requestor.py:_fetch_single_async:199 -> middleware.py:apply_async:112) from logger `RFC.middleware_basic`
[INFO] applying on HitomiAuthor(mutou mato).HitomiGallery(722443).HitomiImage(0378), received

2024-01-31 20:42:50,453 <requestor-worker-0:1503131, MainThread:139699439028032> (requestor.py:_fetch_single_async:199 -> middleware.py:apply_async:115) from logger `RFC.middleware_basic`
[INFO] applied on HitomiAuthor(mutou mato).HitomiGallery(722443).HitomiImage(0378), sent

2024-01-31 20:42:50,460 <requestor-worker-0:1503131, MainThread:139699439028032> (requestor.py:_fetch_single_async:199 -> middleware.py:apply_async:112) from logger `RFC.middleware_basic`
[INFO] applying on HitomiAuthor(mutou mato).HitomiGallery(722443).HitomiImage(0098), received

2024-01-31 20:42:50,462 <requestor-worker-0:1503131, MainThread:139699439028032> (requestor.py:_fetch_single_async:199 -> middleware.py:apply_async:115) from logger `RFC.middleware_basic`
[INFO] applied on HitomiAuthor(mutou mato).HitomiGallery(722443).HitomiImage(0098), sent

2024-01-31 20:42:50,469 <requestor-worker-0:1503131, MainThread:139699439028032> (requestor.py:_fetch_single_async:199 -> middleware.py:apply_async:112) from logger `RFC.middleware_basic`
[INFO] applying on HitomiAuthor(mutou mato).HitomiGallery(722443).HitomiImage(0397), received

2024-01-31 20:42:50,470 <requestor-worker-0:1503131, MainThread:139699439028032> (requestor.py:_fetch_single_async:199 -> middleware.py:apply_async:115) from logger `RFC.middleware_basic`
[INFO] applied on HitomiAuthor(mutou mato).HitomiGallery(722443).HitomiImage(0397), sent

2024-01-31 20:42:51,087 <requestor-worker-0:1503131, MainThread:139699439028032> (requestor.py:_fetch_single_async:199 -> middleware.py:apply_async:112) from logger `RFC.middleware_basic`
[INFO] applying on HitomiAuthor(mutou mato).HitomiGallery(722443).HitomiImage(0030), received

2024-01-31 20:42:51,089 <requestor-worker-0:1503131, MainThread:139699439028032> (requestor.py:_fetch_single_async:199 -> middleware.py:apply_async:115) from logger `RFC.middleware_basic`
[INFO] applied on HitomiAuthor(mutou mato).HitomiGallery(722443).HitomiImage(0030), sent

2024-01-31 20:42:51,096 <requestor-worker-0:1503131, MainThread:139699439028032> (requestor.py:_fetch_single_async:199 -> middleware.py:apply_async:112) from logger `RFC.middleware_basic`
[INFO] applying on HitomiAuthor(mutou mato).HitomiGallery(722443).HitomiImage(0036), received

2024-01-31 20:42:51,098 <requestor-worker-0:1503131, MainThread:139699439028032> (requestor.py:_fetch_single_async:199 -> middleware.py:apply_async:115) from logger `RFC.middleware_basic`
[INFO] applied on HitomiAuthor(mutou mato).HitomiGallery(722443).HitomiImage(0036), sent

2024-01-31 20:42:51,105 <requestor-worker-0:1503131, MainThread:139699439028032> (requestor.py:_fetch_single_async:199 -> middleware.py:apply_async:112) from logger `RFC.middleware_basic`
[INFO] applying on HitomiAuthor(mutou mato).HitomiGallery(722443).HitomiImage(0038), received

2024-01-31 20:42:51,107 <requestor-worker-0:1503131, MainThread:139699439028032> (requestor.py:_fetch_single_async:199 -> middleware.py:apply_async:115) from logger `RFC.middleware_basic`
[INFO] applied on HitomiAuthor(mutou mato).HitomiGallery(722443).HitomiImage(0038), sent

2024-01-31 20:42:51,958 <requestor-worker-0:1503131, MainThread:139699439028032> (requestor.py:_fetch_single_async:199 -> middleware.py:apply_async:112) from logger `RFC.middleware_basic`
[INFO] applying on HitomiAuthor(mutou mato).HitomiGallery(735870).HitomiImage(0231), received

2024-01-31 20:42:51,959 <requestor-worker-0:1503131, MainThread:139699439028032> (requestor.py:_fetch_single_async:199 -> middleware.py:apply_async:115) from logger `RFC.middleware_basic`
[INFO] applied on HitomiAuthor(mutou mato).HitomiGallery(735870).HitomiImage(0231), sent

2024-01-31 20:42:52,802 <requestor-worker-0:1503131, MainThread:139699439028032> (requestor.py:_fetch_single_async:199 -> middleware.py:apply_async:112) from logger `RFC.middleware_basic`
[INFO] applying on HitomiAuthor(mutou mato).HitomiGallery(735870).HitomiImage(0183), received

2024-01-31 20:42:52,804 <requestor-worker-0:1503131, MainThread:139699439028032> (requestor.py:_fetch_single_async:199 -> middleware.py:apply_async:115) from logger `RFC.middleware_basic`
[INFO] applied on HitomiAuthor(mutou mato).HitomiGallery(735870).HitomiImage(0183), sent

2024-01-31 20:42:52,910 <requestor-worker-0:1503131, MainThread:139699439028032> (requestor.py:_fetch_single_async:199 -> middleware.py:apply_async:112) from logger `RFC.middleware_basic`
[INFO] applying on HitomiAuthor(mutou mato).HitomiGallery(735870).HitomiImage(0172), received

2024-01-31 20:42:52,912 <requestor-worker-0:1503131, MainThread:139699439028032> (requestor.py:_fetch_single_async:199 -> middleware.py:apply_async:115) from logger `RFC.middleware_basic`
[INFO] applied on HitomiAuthor(mutou mato).HitomiGallery(735870).HitomiImage(0172), sent

2024-01-31 20:42:53,070 <requestor-worker-0:1503131, MainThread:139699439028032> (requestor.py:_fetch_single_async:199 -> middleware.py:apply_async:112) from logger `RFC.middleware_basic`
[INFO] applying on HitomiAuthor(mutou mato).HitomiGallery(735870).HitomiImage(0165), received

2024-01-31 20:42:53,071 <requestor-worker-0:1503131, MainThread:139699439028032> (requestor.py:_fetch_single_async:199 -> middleware.py:apply_async:115) from logger `RFC.middleware_basic`
[INFO] applied on HitomiAuthor(mutou mato).HitomiGallery(735870).HitomiImage(0165), sent

2024-01-31 20:42:54,913 <requestor-worker-0:1503131, MainThread:139699439028032> (requestor.py:_fetch_single_async:199 -> middleware.py:apply_async:112) from logger `RFC.middleware_basic`
[INFO] applying on HitomiAuthor(mutou mato).HitomiGallery(735870).HitomiImage(0055), received

2024-01-31 20:42:54,914 <requestor-worker-0:1503131, MainThread:139699439028032> (requestor.py:_fetch_single_async:199 -> middleware.py:apply_async:115) from logger `RFC.middleware_basic`
[INFO] applied on HitomiAuthor(mutou mato).HitomiGallery(735870).HitomiImage(0055), sent

2024-01-31 20:42:54,989 <requestor-worker-0:1503131, MainThread:139699439028032> (requestor.py:_fetch_single_async:199 -> middleware.py:apply_async:112) from logger `RFC.middleware_basic`
[INFO] applying on HitomiAuthor(mutou mato).HitomiGallery(735870).HitomiImage(0041), received

2024-01-31 20:42:54,992 <requestor-worker-0:1503131, MainThread:139699439028032> (requestor.py:_fetch_single_async:199 -> middleware.py:apply_async:115) from logger `RFC.middleware_basic`
[INFO] applied on HitomiAuthor(mutou mato).HitomiGallery(735870).HitomiImage(0041), sent

2024-01-31 20:42:55,138 <requestor-worker-0:1503131, MainThread:139699439028032> (requestor.py:_fetch_single_async:199 -> middleware.py:apply_async:112) from logger `RFC.middleware_basic`
[INFO] applying on HitomiAuthor(mutou mato).HitomiGallery(735870).HitomiImage(0021), received

2024-01-31 20:42:55,141 <requestor-worker-0:1503131, MainThread:139699439028032> (requestor.py:_fetch_single_async:199 -> middleware.py:apply_async:115) from logger `RFC.middleware_basic`
[INFO] applied on HitomiAuthor(mutou mato).HitomiGallery(735870).HitomiImage(0021), sent

2024-01-31 20:42:55,150 <requestor-worker-0:1503131, MainThread:139699439028032> (requestor.py:_fetch_single_async:199 -> middleware.py:apply_async:112) from logger `RFC.middleware_basic`
[INFO] applying on HitomiAuthor(mutou mato).HitomiGallery(735870).HitomiImage(0029), received

2024-01-31 20:42:55,152 <requestor-worker-0:1503131, MainThread:139699439028032> (requestor.py:_fetch_single_async:199 -> middleware.py:apply_async:115) from logger `RFC.middleware_basic`
[INFO] applied on HitomiAuthor(mutou mato).HitomiGallery(735870).HitomiImage(0029), sent

2024-01-31 20:42:55,434 <requestor-worker-0:1503131, MainThread:139699439028032> (requestor.py:_fetch_single_async:199 -> middleware.py:apply_async:112) from logger `RFC.middleware_basic`
[INFO] applying on HitomiAuthor(mutou mato).HitomiGallery(735870).HitomiImage(0004), received

2024-01-31 20:42:55,437 <requestor-worker-0:1503131, MainThread:139699439028032> (requestor.py:_fetch_single_async:199 -> middleware.py:apply_async:115) from logger `RFC.middleware_basic`
[INFO] applied on HitomiAuthor(mutou mato).HitomiGallery(735870).HitomiImage(0004), sent

2024-01-31 20:42:55,999 <requestor-worker-0:1503131, MainThread:139699439028032> (requestor.py:_fetch_single_async:199 -> middleware.py:apply_async:112) from logger `RFC.middleware_basic`
[INFO] applying on HitomiAuthor(mutou mato).HitomiGallery(762205).HitomiImage(0360), received

2024-01-31 20:42:56,000 <requestor-worker-0:1503131, MainThread:139699439028032> (requestor.py:_fetch_single_async:199 -> middleware.py:apply_async:115) from logger `RFC.middleware_basic`
[INFO] applied on HitomiAuthor(mutou mato).HitomiGallery(762205).HitomiImage(0360), sent

2024-01-31 20:42:56,231 <requestor-worker-0:1503131, MainThread:139699439028032> (requestor.py:_fetch_single_async:199 -> middleware.py:apply_async:112) from logger `RFC.middleware_basic`
[INFO] applying on HitomiAuthor(mutou mato).HitomiGallery(762205).HitomiImage(0298), received

2024-01-31 20:42:56,233 <requestor-worker-0:1503131, MainThread:139699439028032> (requestor.py:_fetch_single_async:199 -> middleware.py:apply_async:115) from logger `RFC.middleware_basic`
[INFO] applied on HitomiAuthor(mutou mato).HitomiGallery(762205).HitomiImage(0298), sent

2024-01-31 20:42:56,299 <requestor-worker-0:1503131, MainThread:139699439028032> (requestor.py:_fetch_single_async:199 -> middleware.py:apply_async:112) from logger `RFC.middleware_basic`
[INFO] applying on HitomiAuthor(mutou mato).HitomiGallery(762205).HitomiImage(0318), received

2024-01-31 20:42:56,302 <requestor-worker-0:1503131, MainThread:139699439028032> (requestor.py:_fetch_single_async:199 -> middleware.py:apply_async:115) from logger `RFC.middleware_basic`
[INFO] applied on HitomiAuthor(mutou mato).HitomiGallery(762205).HitomiImage(0318), sent

2024-01-31 20:42:56,534 <requestor-worker-0:1503131, MainThread:139699439028032> (requestor.py:_fetch_single_async:199 -> middleware.py:apply_async:112) from logger `RFC.middleware_basic`
[INFO] applying on HitomiAuthor(mutou mato).HitomiGallery(762205).HitomiImage(0306), received

2024-01-31 20:42:56,536 <requestor-worker-0:1503131, MainThread:139699439028032> (requestor.py:_fetch_single_async:199 -> middleware.py:apply_async:115) from logger `RFC.middleware_basic`
[INFO] applied on HitomiAuthor(mutou mato).HitomiGallery(762205).HitomiImage(0306), sent

2024-01-31 20:42:56,614 <requestor-worker-0:1503131, MainThread:139699439028032> (requestor.py:_fetch_single_async:199 -> middleware.py:apply_async:112) from logger `RFC.middleware_basic`
[INFO] applying on HitomiAuthor(mutou mato).HitomiGallery(762205).HitomiImage(0303), received

2024-01-31 20:42:56,616 <requestor-worker-0:1503131, MainThread:139699439028032> (requestor.py:_fetch_single_async:199 -> middleware.py:apply_async:115) from logger `RFC.middleware_basic`
[INFO] applied on HitomiAuthor(mutou mato).HitomiGallery(762205).HitomiImage(0303), sent

2024-01-31 20:42:56,623 <requestor-worker-0:1503131, MainThread:139699439028032> (requestor.py:_fetch_single_async:199 -> middleware.py:apply_async:112) from logger `RFC.middleware_basic`
[INFO] applying on HitomiAuthor(mutou mato).HitomiGallery(762205).HitomiImage(0292), received

2024-01-31 20:42:56,625 <requestor-worker-0:1503131, MainThread:139699439028032> (requestor.py:_fetch_single_async:199 -> middleware.py:apply_async:115) from logger `RFC.middleware_basic`
[INFO] applied on HitomiAuthor(mutou mato).HitomiGallery(762205).HitomiImage(0292), sent

2024-01-31 20:42:56,893 <requestor-worker-0:1503131, MainThread:139699439028032> (requestor.py:_fetch_single_async:199 -> middleware.py:apply_async:112) from logger `RFC.middleware_basic`
[INFO] applying on HitomiAuthor(mutou mato).HitomiGallery(762205).HitomiImage(0273), received

2024-01-31 20:42:56,895 <requestor-worker-0:1503131, MainThread:139699439028032> (requestor.py:_fetch_single_async:199 -> middleware.py:apply_async:115) from logger `RFC.middleware_basic`
[INFO] applied on HitomiAuthor(mutou mato).HitomiGallery(762205).HitomiImage(0273), sent

2024-01-31 20:42:56,901 <requestor-worker-0:1503131, MainThread:139699439028032> (requestor.py:_fetch_single_async:199 -> middleware.py:apply_async:112) from logger `RFC.middleware_basic`
[INFO] applying on HitomiAuthor(mutou mato).HitomiGallery(762205).HitomiImage(0269), received

2024-01-31 20:42:56,903 <requestor-worker-0:1503131, MainThread:139699439028032> (requestor.py:_fetch_single_async:199 -> middleware.py:apply_async:115) from logger `RFC.middleware_basic`
[INFO] applied on HitomiAuthor(mutou mato).HitomiGallery(762205).HitomiImage(0269), sent

2024-01-31 20:42:57,090 <requestor-worker-0:1503131, MainThread:139699439028032> (requestor.py:_fetch_single_async:199 -> middleware.py:apply_async:112) from logger `RFC.middleware_basic`
[INFO] applying on HitomiAuthor(mutou mato).HitomiGallery(762205).HitomiImage(0256), received

2024-01-31 20:42:57,092 <requestor-worker-0:1503131, MainThread:139699439028032> (requestor.py:_fetch_single_async:199 -> middleware.py:apply_async:115) from logger `RFC.middleware_basic`
[INFO] applied on HitomiAuthor(mutou mato).HitomiGallery(762205).HitomiImage(0256), sent

2024-01-31 20:42:58,633 <requestor-worker-0:1503131, MainThread:139699439028032> (requestor.py:_fetch_single_async:199 -> middleware.py:apply_async:112) from logger `RFC.middleware_basic`
[INFO] applying on HitomiAuthor(mutou mato).HitomiGallery(762205).HitomiImage(0254), received

2024-01-31 20:42:58,635 <requestor-worker-0:1503131, MainThread:139699439028032> (requestor.py:_fetch_single_async:199 -> middleware.py:apply_async:115) from logger `RFC.middleware_basic`
[INFO] applied on HitomiAuthor(mutou mato).HitomiGallery(762205).HitomiImage(0254), sent

2024-01-31 20:42:59,169 <requestor-worker-0:1503131, MainThread:139699439028032> (requestor.py:_fetch_single_async:199 -> middleware.py:apply_async:112) from logger `RFC.middleware_basic`
[INFO] applying on HitomiAuthor(mutou mato).HitomiGallery(762205).HitomiImage(0252), received

2024-01-31 20:42:59,171 <requestor-worker-0:1503131, MainThread:139699439028032> (requestor.py:_fetch_single_async:199 -> middleware.py:apply_async:115) from logger `RFC.middleware_basic`
[INFO] applied on HitomiAuthor(mutou mato).HitomiGallery(762205).HitomiImage(0252), sent

2024-01-31 20:42:59,179 <requestor-worker-0:1503131, MainThread:139699439028032> (requestor.py:_fetch_single_async:199 -> middleware.py:apply_async:112) from logger `RFC.middleware_basic`
[INFO] applying on HitomiAuthor(mutou mato).HitomiGallery(762205).HitomiImage(0255), received

2024-01-31 20:42:59,182 <requestor-worker-0:1503131, MainThread:139699439028032> (requestor.py:_fetch_single_async:199 -> middleware.py:apply_async:115) from logger `RFC.middleware_basic`
[INFO] applied on HitomiAuthor(mutou mato).HitomiGallery(762205).HitomiImage(0255), sent

2024-01-31 20:43:13,062 <requestor-worker-0:1503131, MainThread:139699439028032> (requestor.py:_fetch_single_async:199 -> middleware.py:apply_async:112) from logger `RFC.middleware_basic`
[INFO] applying on HitomiAuthor(mutou mato).HitomiGallery(765767).HitomiImage(0015), received

2024-01-31 20:43:13,066 <requestor-worker-0:1503131, MainThread:139699439028032> (requestor.py:_fetch_single_async:199 -> middleware.py:apply_async:115) from logger `RFC.middleware_basic`
[INFO] applied on HitomiAuthor(mutou mato).HitomiGallery(765767).HitomiImage(0015), sent

2024-01-31 20:43:22,495 <requestor-worker-0:1503131, MainThread:139699439028032> (requestor.py:_fetch_single_async:199 -> middleware.py:apply_async:112) from logger `RFC.middleware_basic`
[INFO] applying on HitomiAuthor(mutou mato).HitomiGallery(509748).HitomiImage(0001), received

2024-01-31 20:43:22,497 <requestor-worker-0:1503131, MainThread:139699439028032> (requestor.py:_fetch_single_async:199 -> middleware.py:apply_async:115) from logger `RFC.middleware_basic`
[INFO] applied on HitomiAuthor(mutou mato).HitomiGallery(509748).HitomiImage(0001), sent

2024-01-31 20:43:25,178 <requestor-worker-0:1503131, MainThread:139699439028032> (requestor.py:_fetch_single_async:199 -> middleware.py:apply_async:112) from logger `RFC.middleware_basic`
[INFO] applying on HitomiAuthor(mutou mato).HitomiGallery(671565).HitomiImage(0001), received

2024-01-31 20:43:25,180 <requestor-worker-0:1503131, MainThread:139699439028032> (requestor.py:_fetch_single_async:199 -> middleware.py:apply_async:115) from logger `RFC.middleware_basic`
[INFO] applied on HitomiAuthor(mutou mato).HitomiGallery(671565).HitomiImage(0001), sent

2024-01-31 20:43:31,509 <requestor-worker-0:1503131, MainThread:139699439028032> (requestor.py:_fetch_single_async:199 -> middleware.py:apply_async:112) from logger `RFC.middleware_basic`
[INFO] applying on HitomiAuthor(mutou mato).HitomiGallery(671565).HitomiImage(0021), received

2024-01-31 20:43:31,513 <requestor-worker-0:1503131, MainThread:139699439028032> (requestor.py:_fetch_single_async:199 -> middleware.py:apply_async:115) from logger `RFC.middleware_basic`
[INFO] applied on HitomiAuthor(mutou mato).HitomiGallery(671565).HitomiImage(0021), sent

2024-01-31 20:43:31,742 <requestor-worker-0:1503131, MainThread:139699439028032> (requestor.py:_fetch_single_async:199 -> middleware.py:apply_async:112) from logger `RFC.middleware_basic`
[INFO] applying on HitomiAuthor(mutou mato).HitomiGallery(671565).HitomiImage(0006), received

2024-01-31 20:43:31,747 <requestor-worker-0:1503131, MainThread:139699439028032> (requestor.py:_fetch_single_async:199 -> middleware.py:apply_async:115) from logger `RFC.middleware_basic`
[INFO] applied on HitomiAuthor(mutou mato).HitomiGallery(671565).HitomiImage(0006), sent

2024-01-31 20:43:31,760 <requestor-worker-0:1503131, MainThread:139699439028032> (requestor.py:_fetch_single_async:199 -> middleware.py:apply_async:112) from logger `RFC.middleware_basic`
[INFO] applying on HitomiAuthor(mutou mato).HitomiGallery(671565).HitomiImage(0004), received

2024-01-31 20:43:31,762 <requestor-worker-0:1503131, MainThread:139699439028032> (requestor.py:_fetch_single_async:199 -> middleware.py:apply_async:115) from logger `RFC.middleware_basic`
[INFO] applied on HitomiAuthor(mutou mato).HitomiGallery(671565).HitomiImage(0004), sent

2024-01-31 20:43:31,771 <requestor-worker-0:1503131, MainThread:139699439028032> (requestor.py:_fetch_single_async:199 -> middleware.py:apply_async:112) from logger `RFC.middleware_basic`
[INFO] applying on HitomiAuthor(mutou mato).HitomiGallery(671565).HitomiImage(0018), received

2024-01-31 20:43:31,773 <requestor-worker-0:1503131, MainThread:139699439028032> (requestor.py:_fetch_single_async:199 -> middleware.py:apply_async:115) from logger `RFC.middleware_basic`
[INFO] applied on HitomiAuthor(mutou mato).HitomiGallery(671565).HitomiImage(0018), sent

