2024-01-31 20:30:46,343 <MainProcess:1503034, MainThread:139699439028032> (middleware.py:get_middleware:394 -> middleware.py:__init__:55) from logger `RFC.middleware_status_code`
[INFO] initialized

2024-01-31 20:31:34,404 <requestor-worker-0:1503131, MainThread:139699439028032> (requestor.py:_fetch_single_async:199 -> middleware.py:apply_async:112) from logger `RFC.middleware_status_code`
[INFO] applying on HitomiAuthor(mutou mato).HitomiGallery(960092).HitomiImage(0013), received

2024-01-31 20:31:34,406 <requestor-worker-0:1503131, MainThread:139699439028032> (requestor.py:_fetch_single_async:199 -> middleware.py:apply_async:115) from logger `RFC.middleware_status_code`
[INFO] applied on HitomiAuthor(mutou mato).HitomiGallery(960092).HitomiImage(0013), sent

2024-01-31 20:31:35,186 <requestor-worker-0:1503131, MainThread:139699439028032> (requestor.py:_fetch_single_async:199 -> middleware.py:apply_async:112) from logger `RFC.middleware_status_code`
[INFO] applying on HitomiAuthor(mutou mato).HitomiGallery(929314).HitomiImage(0118), received

2024-01-31 20:31:35,188 <requestor-worker-0:1503131, MainThread:139699439028032> (requestor.py:_fetch_single_async:199 -> middleware.py:apply_async:115) from logger `RFC.middleware_status_code`
[INFO] applied on HitomiAuthor(mutou mato).HitomiGallery(929314).HitomiImage(0118), sent

2024-01-31 20:31:36,181 <requestor-worker-0:1503131, MainThread:139699439028032> (requestor.py:_fetch_single_async:199 -> middleware.py:apply_async:112) from logger `RFC.middleware_status_code`
[INFO] applying on HitomiAuthor(mutou mato).HitomiGallery(960092).HitomiImage(0009), received

2024-01-31 20:31:36,182 <requestor-worker-0:1503131, MainThread:139699439028032> (requestor.py:_fetch_single_async:199 -> middleware.py:apply_async:115) from logger `RFC.middleware_status_code`
[INFO] applied on HitomiAuthor(mutou mato).HitomiGallery(960092).HitomiImage(0009), sent

2024-01-31 20:31:38,438 <requestor-worker-0:1503131, MainThread:139699439028032> (requestor.py:_fetch_single_async:199 -> middleware.py:apply_async:112) from logger `RFC.middleware_status_code`
[INFO] applying on HitomiAuthor(mutou mato).HitomiGallery(929314).HitomiImage(0165), received

2024-01-31 20:31:38,439 <requestor-worker-0:1503131, MainThread:139699439028032> (requestor.py:_fetch_single_async:199 -> middleware.py:apply_async:115) from logger `RFC.middleware_status_code`
[INFO] applied on HitomiAuthor(mutou mato).HitomiGallery(929314).HitomiImage(0165), sent

2024-01-31 20:39:31,743 <requestor-worker-0:1503131, MainThread:139699439028032> (requestor.py:_fetch_single_async:199 -> middleware.py:apply_async:112) from logger `RFC.middleware_status_code`
[INFO] applying on HitomiAuthor(mutou mato).HitomiGallery(1359422).HitomiImage(0026), received

2024-01-31 20:39:31,745 <requestor-worker-0:1503131, MainThread:139699439028032> (requestor.py:_fetch_single_async:199 -> middleware.py:apply_async:115) from logger `RFC.middleware_status_code`
[INFO] applied on HitomiAuthor(mutou mato).HitomiGallery(1359422).HitomiImage(0026), sent

2024-01-31 20:39:33,451 <requestor-worker-0:1503131, MainThread:139699439028032> (requestor.py:_fetch_single_async:199 -> middleware.py:apply_async:112) from logger `RFC.middleware_status_code`
[INFO] applying on HitomiAuthor(mutou mato).HitomiGallery(1202617).HitomiImage(0019), received

2024-01-31 20:39:33,454 <requestor-worker-0:1503131, MainThread:139699439028032> (requestor.py:_fetch_single_async:199 -> middleware.py:apply_async:115) from logger `RFC.middleware_status_code`
[INFO] applied on HitomiAuthor(mutou mato).HitomiGallery(1202617).HitomiImage(0019), sent

2024-01-31 20:39:43,078 <requestor-worker-0:1503131, MainThread:139699439028032> (requestor.py:_fetch_single_async:199 -> middleware.py:apply_async:112) from logger `RFC.middleware_status_code`
[INFO] applying on HitomiAuthor(mutou mato).HitomiGallery(1340270).HitomiImage(0138), received

2024-01-31 20:39:43,081 <requestor-worker-0:1503131, MainThread:139699439028032> (requestor.py:_fetch_single_async:199 -> middleware.py:apply_async:115) from logger `RFC.middleware_status_code`
[INFO] applied on HitomiAuthor(mutou mato).HitomiGallery(1340270).HitomiImage(0138), sent

2024-01-31 20:40:11,042 <requestor-worker-0:1503131, MainThread:139699439028032> (requestor.py:_fetch_single_async:199 -> middleware.py:apply_async:112) from logger `RFC.middleware_status_code`
[INFO] applying on HitomiAuthor(mutou mato).HitomiGallery(1340270).HitomiImage(0111), received

2024-01-31 20:40:11,045 <requestor-worker-0:1503131, MainThread:139699439028032> (requestor.py:_fetch_single_async:199 -> middleware.py:apply_async:115) from logger `RFC.middleware_status_code`
[INFO] applied on HitomiAuthor(mutou mato).HitomiGallery(1340270).HitomiImage(0111), sent

2024-01-31 20:40:14,657 <requestor-worker-0:1503131, MainThread:139699439028032> (requestor.py:_fetch_single_async:199 -> middleware.py:apply_async:112) from logger `RFC.middleware_status_code`
[INFO] applying on HitomiAuthor(mutou mato).HitomiGallery(923628).HitomiImage(0098), received

2024-01-31 20:40:14,659 <requestor-worker-0:1503131, MainThread:139699439028032> (requestor.py:_fetch_single_async:199 -> middleware.py:apply_async:115) from logger `RFC.middleware_status_code`
[INFO] applied on HitomiAuthor(mutou mato).HitomiGallery(923628).HitomiImage(0098), sent

2024-01-31 20:40:35,921 <requestor-worker-0:1503131, MainThread:139699439028032> (requestor.py:_fetch_single_async:199 -> middleware.py:apply_async:112) from logger `RFC.middleware_status_code`
[INFO] applying on HitomiAuthor(mutou mato).HitomiGallery(1004701).HitomiImage(0025), received

2024-01-31 20:40:35,924 <requestor-worker-0:1503131, MainThread:139699439028032> (requestor.py:_fetch_single_async:199 -> middleware.py:apply_async:115) from logger `RFC.middleware_status_code`
[INFO] applied on HitomiAuthor(mutou mato).HitomiGallery(1004701).HitomiImage(0025), sent

2024-01-31 20:41:28,354 <requestor-worker-0:1503131, MainThread:139699439028032> (requestor.py:_fetch_single_async:199 -> middleware.py:apply_async:112) from logger `RFC.middleware_status_code`
[INFO] applying on HitomiAuthor(mutou mato).HitomiGallery(785863).HitomiImage(0233), received

2024-01-31 20:41:28,359 <requestor-worker-0:1503131, MainThread:139699439028032> (requestor.py:_fetch_single_async:199 -> middleware.py:apply_async:115) from logger `RFC.middleware_status_code`
[INFO] applied on HitomiAuthor(mutou mato).HitomiGallery(785863).HitomiImage(0233), sent

2024-01-31 20:41:28,373 <requestor-worker-0:1503131, MainThread:139699439028032> (requestor.py:_fetch_single_async:199 -> middleware.py:apply_async:112) from logger `RFC.middleware_status_code`
[INFO] applying on HitomiAuthor(mutou mato).HitomiGallery(785863).HitomiImage(0236), received

2024-01-31 20:41:28,376 <requestor-worker-0:1503131, MainThread:139699439028032> (requestor.py:_fetch_single_async:199 -> middleware.py:apply_async:115) from logger `RFC.middleware_status_code`
[INFO] applied on HitomiAuthor(mutou mato).HitomiGallery(785863).HitomiImage(0236), sent

2024-01-31 20:41:31,209 <requestor-worker-0:1503131, MainThread:139699439028032> (requestor.py:_fetch_single_async:199 -> middleware.py:apply_async:112) from logger `RFC.middleware_status_code`
[INFO] applying on HitomiAuthor(mutou mato).HitomiGallery(783466).HitomiImage(0151), received

2024-01-31 20:41:31,211 <requestor-worker-0:1503131, MainThread:139699439028032> (requestor.py:_fetch_single_async:199 -> middleware.py:apply_async:115) from logger `RFC.middleware_status_code`
[INFO] applied on HitomiAuthor(mutou mato).HitomiGallery(783466).HitomiImage(0151), sent

2024-01-31 20:41:31,217 <requestor-worker-0:1503131, MainThread:139699439028032> (requestor.py:_fetch_single_async:199 -> middleware.py:apply_async:112) from logger `RFC.middleware_status_code`
[INFO] applying on HitomiAuthor(mutou mato).HitomiGallery(783466).HitomiImage(0135), received

2024-01-31 20:41:31,219 <requestor-worker-0:1503131, MainThread:139699439028032> (requestor.py:_fetch_single_async:199 -> middleware.py:apply_async:115) from logger `RFC.middleware_status_code`
[INFO] applied on HitomiAuthor(mutou mato).HitomiGallery(783466).HitomiImage(0135), sent

2024-01-31 20:41:31,225 <requestor-worker-0:1503131, MainThread:139699439028032> (requestor.py:_fetch_single_async:199 -> middleware.py:apply_async:112) from logger `RFC.middleware_status_code`
[INFO] applying on HitomiAuthor(mutou mato).HitomiGallery(783466).HitomiImage(0137), received

2024-01-31 20:41:31,227 <requestor-worker-0:1503131, MainThread:139699439028032> (requestor.py:_fetch_single_async:199 -> middleware.py:apply_async:115) from logger `RFC.middleware_status_code`
[INFO] applied on HitomiAuthor(mutou mato).HitomiGallery(783466).HitomiImage(0137), sent

2024-01-31 20:41:31,908 <requestor-worker-0:1503131, MainThread:139699439028032> (requestor.py:_fetch_single_async:199 -> middleware.py:apply_async:112) from logger `RFC.middleware_status_code`
[INFO] applying on HitomiAuthor(mutou mato).HitomiGallery(785863).HitomiImage(0296), received

2024-01-31 20:41:31,909 <requestor-worker-0:1503131, MainThread:139699439028032> (requestor.py:_fetch_single_async:199 -> middleware.py:apply_async:115) from logger `RFC.middleware_status_code`
[INFO] applied on HitomiAuthor(mutou mato).HitomiGallery(785863).HitomiImage(0296), sent

2024-01-31 20:41:32,058 <requestor-worker-0:1503131, MainThread:139699439028032> (requestor.py:_fetch_single_async:199 -> middleware.py:apply_async:112) from logger `RFC.middleware_status_code`
[INFO] applying on HitomiAuthor(mutou mato).HitomiGallery(785863).HitomiImage(0291), received

2024-01-31 20:41:32,061 <requestor-worker-0:1503131, MainThread:139699439028032> (requestor.py:_fetch_single_async:199 -> middleware.py:apply_async:115) from logger `RFC.middleware_status_code`
[INFO] applied on HitomiAuthor(mutou mato).HitomiGallery(785863).HitomiImage(0291), sent

2024-01-31 20:41:32,129 <requestor-worker-0:1503131, MainThread:139699439028032> (requestor.py:_fetch_single_async:199 -> middleware.py:apply_async:112) from logger `RFC.middleware_status_code`
[INFO] applying on HitomiAuthor(mutou mato).HitomiGallery(785863).HitomiImage(0275), received

2024-01-31 20:41:32,131 <requestor-worker-0:1503131, MainThread:139699439028032> (requestor.py:_fetch_single_async:199 -> middleware.py:apply_async:115) from logger `RFC.middleware_status_code`
[INFO] applied on HitomiAuthor(mutou mato).HitomiGallery(785863).HitomiImage(0275), sent

2024-01-31 20:41:33,488 <requestor-worker-0:1503131, MainThread:139699439028032> (requestor.py:_fetch_single_async:199 -> middleware.py:apply_async:112) from logger `RFC.middleware_status_code`
[INFO] applying on HitomiAuthor(mutou mato).HitomiGallery(785863).HitomiImage(0154), received

2024-01-31 20:41:33,490 <requestor-worker-0:1503131, MainThread:139699439028032> (requestor.py:_fetch_single_async:199 -> middleware.py:apply_async:115) from logger `RFC.middleware_status_code`
[INFO] applied on HitomiAuthor(mutou mato).HitomiGallery(785863).HitomiImage(0154), sent

2024-01-31 20:41:33,497 <requestor-worker-0:1503131, MainThread:139699439028032> (requestor.py:_fetch_single_async:199 -> middleware.py:apply_async:112) from logger `RFC.middleware_status_code`
[INFO] applying on HitomiAuthor(mutou mato).HitomiGallery(785863).HitomiImage(0180), received

2024-01-31 20:41:33,498 <requestor-worker-0:1503131, MainThread:139699439028032> (requestor.py:_fetch_single_async:199 -> middleware.py:apply_async:115) from logger `RFC.middleware_status_code`
[INFO] applied on HitomiAuthor(mutou mato).HitomiGallery(785863).HitomiImage(0180), sent

2024-01-31 20:41:33,901 <requestor-worker-0:1503131, MainThread:139699439028032> (requestor.py:_fetch_single_async:199 -> middleware.py:apply_async:112) from logger `RFC.middleware_status_code`
[INFO] applying on HitomiAuthor(mutou mato).HitomiGallery(785863).HitomiImage(0147), received

2024-01-31 20:41:33,903 <requestor-worker-0:1503131, MainThread:139699439028032> (requestor.py:_fetch_single_async:199 -> middleware.py:apply_async:115) from logger `RFC.middleware_status_code`
[INFO] applied on HitomiAuthor(mutou mato).HitomiGallery(785863).HitomiImage(0147), sent

2024-01-31 20:41:34,008 <requestor-worker-0:1503131, MainThread:139699439028032> (requestor.py:_fetch_single_async:199 -> middleware.py:apply_async:112) from logger `RFC.middleware_status_code`
[INFO] applying on HitomiAuthor(mutou mato).HitomiGallery(785863).HitomiImage(0142), received

2024-01-31 20:41:34,011 <requestor-worker-0:1503131, MainThread:139699439028032> (requestor.py:_fetch_single_async:199 -> middleware.py:apply_async:115) from logger `RFC.middleware_status_code`
[INFO] applied on HitomiAuthor(mutou mato).HitomiGallery(785863).HitomiImage(0142), sent

2024-01-31 20:41:34,174 <requestor-worker-0:1503131, MainThread:139699439028032> (requestor.py:_fetch_single_async:199 -> middleware.py:apply_async:112) from logger `RFC.middleware_status_code`
[INFO] applying on HitomiAuthor(mutou mato).HitomiGallery(785863).HitomiImage(0120), received

2024-01-31 20:41:34,176 <requestor-worker-0:1503131, MainThread:139699439028032> (requestor.py:_fetch_single_async:199 -> middleware.py:apply_async:115) from logger `RFC.middleware_status_code`
[INFO] applied on HitomiAuthor(mutou mato).HitomiGallery(785863).HitomiImage(0120), sent

2024-01-31 20:41:34,986 <requestor-worker-0:1503131, MainThread:139699439028032> (requestor.py:_fetch_single_async:199 -> middleware.py:apply_async:112) from logger `RFC.middleware_status_code`
[INFO] applying on HitomiAuthor(mutou mato).HitomiGallery(785863).HitomiImage(0073), received

2024-01-31 20:41:34,988 <requestor-worker-0:1503131, MainThread:139699439028032> (requestor.py:_fetch_single_async:199 -> middleware.py:apply_async:115) from logger `RFC.middleware_status_code`
[INFO] applied on HitomiAuthor(mutou mato).HitomiGallery(785863).HitomiImage(0073), sent

2024-01-31 20:41:35,322 <requestor-worker-0:1503131, MainThread:139699439028032> (requestor.py:_fetch_single_async:199 -> middleware.py:apply_async:112) from logger `RFC.middleware_status_code`
[INFO] applying on HitomiAuthor(mutou mato).HitomiGallery(785863).HitomiImage(0028), received

2024-01-31 20:41:35,323 <requestor-worker-0:1503131, MainThread:139699439028032> (requestor.py:_fetch_single_async:199 -> middleware.py:apply_async:115) from logger `RFC.middleware_status_code`
[INFO] applied on HitomiAuthor(mutou mato).HitomiGallery(785863).HitomiImage(0028), sent

2024-01-31 20:41:35,378 <requestor-worker-0:1503131, MainThread:139699439028032> (requestor.py:_fetch_single_async:199 -> middleware.py:apply_async:112) from logger `RFC.middleware_status_code`
[INFO] applying on HitomiAuthor(mutou mato).HitomiGallery(785863).HitomiImage(0022), received

2024-01-31 20:41:35,380 <requestor-worker-0:1503131, MainThread:139699439028032> (requestor.py:_fetch_single_async:199 -> middleware.py:apply_async:115) from logger `RFC.middleware_status_code`
[INFO] applied on HitomiAuthor(mutou mato).HitomiGallery(785863).HitomiImage(0022), sent

2024-01-31 20:41:35,752 <requestor-worker-0:1503131, MainThread:139699439028032> (requestor.py:_fetch_single_async:199 -> middleware.py:apply_async:112) from logger `RFC.middleware_status_code`
[INFO] applying on HitomiAuthor(mutou mato).HitomiGallery(785863).HitomiImage(0259), received

2024-01-31 20:41:35,754 <requestor-worker-0:1503131, MainThread:139699439028032> (requestor.py:_fetch_single_async:199 -> middleware.py:apply_async:115) from logger `RFC.middleware_status_code`
[INFO] applied on HitomiAuthor(mutou mato).HitomiGallery(785863).HitomiImage(0259), sent

2024-01-31 20:41:36,749 <requestor-worker-0:1503131, MainThread:139699439028032> (requestor.py:_fetch_single_async:199 -> middleware.py:apply_async:112) from logger `RFC.middleware_status_code`
[INFO] applying on HitomiAuthor(mutou mato).HitomiGallery(785863).HitomiImage(0188), received

2024-01-31 20:41:36,751 <requestor-worker-0:1503131, MainThread:139699439028032> (requestor.py:_fetch_single_async:199 -> middleware.py:apply_async:115) from logger `RFC.middleware_status_code`
[INFO] applied on HitomiAuthor(mutou mato).HitomiGallery(785863).HitomiImage(0188), sent

2024-01-31 20:41:36,936 <requestor-worker-0:1503131, MainThread:139699439028032> (requestor.py:_fetch_single_async:199 -> middleware.py:apply_async:112) from logger `RFC.middleware_status_code`
[INFO] applying on HitomiAuthor(mutou mato).HitomiGallery(785863).HitomiImage(0173), received

2024-01-31 20:41:36,938 <requestor-worker-0:1503131, MainThread:139699439028032> (requestor.py:_fetch_single_async:199 -> middleware.py:apply_async:115) from logger `RFC.middleware_status_code`
[INFO] applied on HitomiAuthor(mutou mato).HitomiGallery(785863).HitomiImage(0173), sent

2024-01-31 20:41:36,945 <requestor-worker-0:1503131, MainThread:139699439028032> (requestor.py:_fetch_single_async:199 -> middleware.py:apply_async:112) from logger `RFC.middleware_status_code`
[INFO] applying on HitomiAuthor(mutou mato).HitomiGallery(785863).HitomiImage(0175), received

2024-01-31 20:41:36,947 <requestor-worker-0:1503131, MainThread:139699439028032> (requestor.py:_fetch_single_async:199 -> middleware.py:apply_async:115) from logger `RFC.middleware_status_code`
[INFO] applied on HitomiAuthor(mutou mato).HitomiGallery(785863).HitomiImage(0175), sent

2024-01-31 20:41:37,656 <requestor-worker-0:1503131, MainThread:139699439028032> (requestor.py:_fetch_single_async:199 -> middleware.py:apply_async:112) from logger `RFC.middleware_status_code`
[INFO] applying on HitomiAuthor(mutou mato).HitomiGallery(785863).HitomiImage(0101), received

2024-01-31 20:41:37,658 <requestor-worker-0:1503131, MainThread:139699439028032> (requestor.py:_fetch_single_async:199 -> middleware.py:apply_async:115) from logger `RFC.middleware_status_code`
[INFO] applied on HitomiAuthor(mutou mato).HitomiGallery(785863).HitomiImage(0101), sent

2024-01-31 20:41:38,780 <requestor-worker-0:1503131, MainThread:139699439028032> (requestor.py:_fetch_single_async:199 -> middleware.py:apply_async:112) from logger `RFC.middleware_status_code`
[INFO] applying on HitomiAuthor(mutou mato).HitomiGallery(805189).HitomiImage(0214), received

2024-01-31 20:41:38,782 <requestor-worker-0:1503131, MainThread:139699439028032> (requestor.py:_fetch_single_async:199 -> middleware.py:apply_async:115) from logger `RFC.middleware_status_code`
[INFO] applied on HitomiAuthor(mutou mato).HitomiGallery(805189).HitomiImage(0214), sent

2024-01-31 20:41:47,845 <requestor-worker-0:1503131, MainThread:139699439028032> (requestor.py:_fetch_single_async:199 -> middleware.py:apply_async:112) from logger `RFC.middleware_status_code`
[INFO] applying on HitomiAuthor(mutou mato).HitomiGallery(835866).HitomiImage(0353), received

2024-01-31 20:41:47,847 <requestor-worker-0:1503131, MainThread:139699439028032> (requestor.py:_fetch_single_async:199 -> middleware.py:apply_async:115) from logger `RFC.middleware_status_code`
[INFO] applied on HitomiAuthor(mutou mato).HitomiGallery(835866).HitomiImage(0353), sent

2024-01-31 20:41:50,139 <requestor-worker-0:1503131, MainThread:139699439028032> (requestor.py:_fetch_single_async:199 -> middleware.py:apply_async:112) from logger `RFC.middleware_status_code`
[INFO] applying on HitomiAuthor(mutou mato).HitomiGallery(835866).HitomiImage(0191), received

2024-01-31 20:41:50,142 <requestor-worker-0:1503131, MainThread:139699439028032> (requestor.py:_fetch_single_async:199 -> middleware.py:apply_async:115) from logger `RFC.middleware_status_code`
[INFO] applied on HitomiAuthor(mutou mato).HitomiGallery(835866).HitomiImage(0191), sent

2024-01-31 20:41:51,191 <requestor-worker-0:1503131, MainThread:139699439028032> (requestor.py:_fetch_single_async:199 -> middleware.py:apply_async:112) from logger `RFC.middleware_status_code`
[INFO] applying on HitomiAuthor(mutou mato).HitomiGallery(835866).HitomiImage(0115), received

2024-01-31 20:41:51,193 <requestor-worker-0:1503131, MainThread:139699439028032> (requestor.py:_fetch_single_async:199 -> middleware.py:apply_async:115) from logger `RFC.middleware_status_code`
[INFO] applied on HitomiAuthor(mutou mato).HitomiGallery(835866).HitomiImage(0115), sent

2024-01-31 20:41:51,960 <requestor-worker-0:1503131, MainThread:139699439028032> (requestor.py:_fetch_single_async:199 -> middleware.py:apply_async:112) from logger `RFC.middleware_status_code`
[INFO] applying on HitomiAuthor(mutou mato).HitomiGallery(835866).HitomiImage(0058), received

2024-01-31 20:41:51,962 <requestor-worker-0:1503131, MainThread:139699439028032> (requestor.py:_fetch_single_async:199 -> middleware.py:apply_async:115) from logger `RFC.middleware_status_code`
[INFO] applied on HitomiAuthor(mutou mato).HitomiGallery(835866).HitomiImage(0058), sent

2024-01-31 20:41:56,838 <requestor-worker-0:1503131, MainThread:139699439028032> (requestor.py:_fetch_single_async:199 -> middleware.py:apply_async:112) from logger `RFC.middleware_status_code`
[INFO] applying on HitomiAuthor(mutou mato).HitomiGallery(845929).HitomiImage(0240), received

2024-01-31 20:41:56,840 <requestor-worker-0:1503131, MainThread:139699439028032> (requestor.py:_fetch_single_async:199 -> middleware.py:apply_async:115) from logger `RFC.middleware_status_code`
[INFO] applied on HitomiAuthor(mutou mato).HitomiGallery(845929).HitomiImage(0240), sent

2024-01-31 20:42:01,517 <requestor-worker-0:1503131, MainThread:139699439028032> (requestor.py:_fetch_single_async:199 -> middleware.py:apply_async:112) from logger `RFC.middleware_status_code`
[INFO] applying on HitomiAuthor(mutou mato).HitomiGallery(844226).HitomiImage(0264), received

2024-01-31 20:42:01,520 <requestor-worker-0:1503131, MainThread:139699439028032> (requestor.py:_fetch_single_async:199 -> middleware.py:apply_async:115) from logger `RFC.middleware_status_code`
[INFO] applied on HitomiAuthor(mutou mato).HitomiGallery(844226).HitomiImage(0264), sent

2024-01-31 20:42:02,809 <requestor-worker-0:1503131, MainThread:139699439028032> (requestor.py:_fetch_single_async:199 -> middleware.py:apply_async:112) from logger `RFC.middleware_status_code`
[INFO] applying on HitomiAuthor(mutou mato).HitomiGallery(844226).HitomiImage(0112), received

2024-01-31 20:42:02,811 <requestor-worker-0:1503131, MainThread:139699439028032> (requestor.py:_fetch_single_async:199 -> middleware.py:apply_async:115) from logger `RFC.middleware_status_code`
[INFO] applied on HitomiAuthor(mutou mato).HitomiGallery(844226).HitomiImage(0112), sent

2024-01-31 20:42:03,032 <requestor-worker-0:1503131, MainThread:139699439028032> (requestor.py:_fetch_single_async:199 -> middleware.py:apply_async:112) from logger `RFC.middleware_status_code`
[INFO] applying on HitomiAuthor(mutou mato).HitomiGallery(844226).HitomiImage(0111), received

2024-01-31 20:42:03,034 <requestor-worker-0:1503131, MainThread:139699439028032> (requestor.py:_fetch_single_async:199 -> middleware.py:apply_async:115) from logger `RFC.middleware_status_code`
[INFO] applied on HitomiAuthor(mutou mato).HitomiGallery(844226).HitomiImage(0111), sent

2024-01-31 20:42:05,511 <requestor-worker-0:1503131, MainThread:139699439028032> (requestor.py:_fetch_single_async:199 -> middleware.py:apply_async:112) from logger `RFC.middleware_status_code`
[INFO] applying on HitomiAuthor(mutou mato).HitomiGallery(844226).HitomiImage(0113), received

2024-01-31 20:42:05,517 <requestor-worker-0:1503131, MainThread:139699439028032> (requestor.py:_fetch_single_async:199 -> middleware.py:apply_async:115) from logger `RFC.middleware_status_code`
[INFO] applied on HitomiAuthor(mutou mato).HitomiGallery(844226).HitomiImage(0113), sent

2024-01-31 20:42:12,601 <requestor-worker-0:1503131, MainThread:139699439028032> (requestor.py:_fetch_single_async:199 -> middleware.py:apply_async:112) from logger `RFC.middleware_status_code`
[INFO] applying on HitomiAuthor(mutou mato).HitomiGallery(853581).HitomiImage(0313), received

2024-01-31 20:42:12,603 <requestor-worker-0:1503131, MainThread:139699439028032> (requestor.py:_fetch_single_async:199 -> middleware.py:apply_async:115) from logger `RFC.middleware_status_code`
[INFO] applied on HitomiAuthor(mutou mato).HitomiGallery(853581).HitomiImage(0313), sent

2024-01-31 20:42:12,732 <requestor-worker-0:1503131, MainThread:139699439028032> (requestor.py:_fetch_single_async:199 -> middleware.py:apply_async:112) from logger `RFC.middleware_status_code`
[INFO] applying on HitomiAuthor(mutou mato).HitomiGallery(853581).HitomiImage(0312), received

2024-01-31 20:42:12,734 <requestor-worker-0:1503131, MainThread:139699439028032> (requestor.py:_fetch_single_async:199 -> middleware.py:apply_async:115) from logger `RFC.middleware_status_code`
[INFO] applied on HitomiAuthor(mutou mato).HitomiGallery(853581).HitomiImage(0312), sent

2024-01-31 20:42:14,043 <requestor-worker-0:1503131, MainThread:139699439028032> (requestor.py:_fetch_single_async:199 -> middleware.py:apply_async:112) from logger `RFC.middleware_status_code`
[INFO] applying on HitomiAuthor(mutou mato).HitomiGallery(853581).HitomiImage(0218), received

2024-01-31 20:42:14,045 <requestor-worker-0:1503131, MainThread:139699439028032> (requestor.py:_fetch_single_async:199 -> middleware.py:apply_async:115) from logger `RFC.middleware_status_code`
[INFO] applied on HitomiAuthor(mutou mato).HitomiGallery(853581).HitomiImage(0218), sent

2024-01-31 20:42:15,857 <requestor-worker-0:1503131, MainThread:139699439028032> (requestor.py:_fetch_single_async:199 -> middleware.py:apply_async:112) from logger `RFC.middleware_status_code`
[INFO] applying on HitomiAuthor(mutou mato).HitomiGallery(853581).HitomiImage(0052), received

2024-01-31 20:42:15,859 <requestor-worker-0:1503131, MainThread:139699439028032> (requestor.py:_fetch_single_async:199 -> middleware.py:apply_async:115) from logger `RFC.middleware_status_code`
[INFO] applied on HitomiAuthor(mutou mato).HitomiGallery(853581).HitomiImage(0052), sent

2024-01-31 20:42:48,639 <requestor-worker-0:1503131, MainThread:139699439028032> (requestor.py:_fetch_single_async:199 -> middleware.py:apply_async:112) from logger `RFC.middleware_status_code`
[INFO] applying on HitomiAuthor(mutou mato).HitomiGallery(722443).HitomiImage(0295), received

2024-01-31 20:42:48,642 <requestor-worker-0:1503131, MainThread:139699439028032> (requestor.py:_fetch_single_async:199 -> middleware.py:apply_async:115) from logger `RFC.middleware_status_code`
[INFO] applied on HitomiAuthor(mutou mato).HitomiGallery(722443).HitomiImage(0295), sent

2024-01-31 20:42:48,649 <requestor-worker-0:1503131, MainThread:139699439028032> (requestor.py:_fetch_single_async:199 -> middleware.py:apply_async:112) from logger `RFC.middleware_status_code`
[INFO] applying on HitomiAuthor(mutou mato).HitomiGallery(722443).HitomiImage(0201), received

2024-01-31 20:42:48,651 <requestor-worker-0:1503131, MainThread:139699439028032> (requestor.py:_fetch_single_async:199 -> middleware.py:apply_async:115) from logger `RFC.middleware_status_code`
[INFO] applied on HitomiAuthor(mutou mato).HitomiGallery(722443).HitomiImage(0201), sent

2024-01-31 20:42:49,453 <requestor-worker-0:1503131, MainThread:139699439028032> (requestor.py:_fetch_single_async:199 -> middleware.py:apply_async:112) from logger `RFC.middleware_status_code`
[INFO] applying on HitomiAuthor(mutou mato).HitomiGallery(722443).HitomiImage(0133), received

2024-01-31 20:42:49,455 <requestor-worker-0:1503131, MainThread:139699439028032> (requestor.py:_fetch_single_async:199 -> middleware.py:apply_async:115) from logger `RFC.middleware_status_code`
[INFO] applied on HitomiAuthor(mutou mato).HitomiGallery(722443).HitomiImage(0133), sent

2024-01-31 20:42:49,462 <requestor-worker-0:1503131, MainThread:139699439028032> (requestor.py:_fetch_single_async:199 -> middleware.py:apply_async:112) from logger `RFC.middleware_status_code`
[INFO] applying on HitomiAuthor(mutou mato).HitomiGallery(722443).HitomiImage(0121), received

2024-01-31 20:42:49,463 <requestor-worker-0:1503131, MainThread:139699439028032> (requestor.py:_fetch_single_async:199 -> middleware.py:apply_async:115) from logger `RFC.middleware_status_code`
[INFO] applied on HitomiAuthor(mutou mato).HitomiGallery(722443).HitomiImage(0121), sent

2024-01-31 20:42:49,698 <requestor-worker-0:1503131, MainThread:139699439028032> (requestor.py:_fetch_single_async:199 -> middleware.py:apply_async:112) from logger `RFC.middleware_status_code`
[INFO] applying on HitomiAuthor(mutou mato).HitomiGallery(722443).HitomiImage(0406), received

2024-01-31 20:42:49,700 <requestor-worker-0:1503131, MainThread:139699439028032> (requestor.py:_fetch_single_async:199 -> middleware.py:apply_async:115) from logger `RFC.middleware_status_code`
[INFO] applied on HitomiAuthor(mutou mato).HitomiGallery(722443).HitomiImage(0406), sent

2024-01-31 20:42:49,798 <requestor-worker-0:1503131, MainThread:139699439028032> (requestor.py:_fetch_single_async:199 -> middleware.py:apply_async:112) from logger `RFC.middleware_status_code`
[INFO] applying on HitomiAuthor(mutou mato).HitomiGallery(722443).HitomiImage(0403), received

2024-01-31 20:42:49,800 <requestor-worker-0:1503131, MainThread:139699439028032> (requestor.py:_fetch_single_async:199 -> middleware.py:apply_async:115) from logger `RFC.middleware_status_code`
[INFO] applied on HitomiAuthor(mutou mato).HitomiGallery(722443).HitomiImage(0403), sent

2024-01-31 20:42:49,936 <requestor-worker-0:1503131, MainThread:139699439028032> (requestor.py:_fetch_single_async:199 -> middleware.py:apply_async:112) from logger `RFC.middleware_status_code`
[INFO] applying on HitomiAuthor(mutou mato).HitomiGallery(722443).HitomiImage(0117), received

2024-01-31 20:42:49,939 <requestor-worker-0:1503131, MainThread:139699439028032> (requestor.py:_fetch_single_async:199 -> middleware.py:apply_async:115) from logger `RFC.middleware_status_code`
[INFO] applied on HitomiAuthor(mutou mato).HitomiGallery(722443).HitomiImage(0117), sent

2024-01-31 20:42:50,439 <requestor-worker-0:1503131, MainThread:139699439028032> (requestor.py:_fetch_single_async:199 -> middleware.py:apply_async:112) from logger `RFC.middleware_status_code`
[INFO] applying on HitomiAuthor(mutou mato).HitomiGallery(722443).HitomiImage(0344), received

2024-01-31 20:42:50,442 <requestor-worker-0:1503131, MainThread:139699439028032> (requestor.py:_fetch_single_async:199 -> middleware.py:apply_async:115) from logger `RFC.middleware_status_code`
[INFO] applied on HitomiAuthor(mutou mato).HitomiGallery(722443).HitomiImage(0344), sent

2024-01-31 20:42:50,448 <requestor-worker-0:1503131, MainThread:139699439028032> (requestor.py:_fetch_single_async:199 -> middleware.py:apply_async:112) from logger `RFC.middleware_status_code`
[INFO] applying on HitomiAuthor(mutou mato).HitomiGallery(722443).HitomiImage(0378), received

2024-01-31 20:42:50,450 <requestor-worker-0:1503131, MainThread:139699439028032> (requestor.py:_fetch_single_async:199 -> middleware.py:apply_async:115) from logger `RFC.middleware_status_code`
[INFO] applied on HitomiAuthor(mutou mato).HitomiGallery(722443).HitomiImage(0378), sent

2024-01-31 20:42:50,457 <requestor-worker-0:1503131, MainThread:139699439028032> (requestor.py:_fetch_single_async:199 -> middleware.py:apply_async:112) from logger `RFC.middleware_status_code`
[INFO] applying on HitomiAuthor(mutou mato).HitomiGallery(722443).HitomiImage(0098), received

2024-01-31 20:42:50,458 <requestor-worker-0:1503131, MainThread:139699439028032> (requestor.py:_fetch_single_async:199 -> middleware.py:apply_async:115) from logger `RFC.middleware_status_code`
[INFO] applied on HitomiAuthor(mutou mato).HitomiGallery(722443).HitomiImage(0098), sent

2024-01-31 20:42:50,465 <requestor-worker-0:1503131, MainThread:139699439028032> (requestor.py:_fetch_single_async:199 -> middleware.py:apply_async:112) from logger `RFC.middleware_status_code`
[INFO] applying on HitomiAuthor(mutou mato).HitomiGallery(722443).HitomiImage(0397), received

2024-01-31 20:42:50,467 <requestor-worker-0:1503131, MainThread:139699439028032> (requestor.py:_fetch_single_async:199 -> middleware.py:apply_async:115) from logger `RFC.middleware_status_code`
[INFO] applied on HitomiAuthor(mutou mato).HitomiGallery(722443).HitomiImage(0397), sent

2024-01-31 20:42:51,084 <requestor-worker-0:1503131, MainThread:139699439028032> (requestor.py:_fetch_single_async:199 -> middleware.py:apply_async:112) from logger `RFC.middleware_status_code`
[INFO] applying on HitomiAuthor(mutou mato).HitomiGallery(722443).HitomiImage(0030), received

2024-01-31 20:42:51,086 <requestor-worker-0:1503131, MainThread:139699439028032> (requestor.py:_fetch_single_async:199 -> middleware.py:apply_async:115) from logger `RFC.middleware_status_code`
[INFO] applied on HitomiAuthor(mutou mato).HitomiGallery(722443).HitomiImage(0030), sent

2024-01-31 20:42:51,093 <requestor-worker-0:1503131, MainThread:139699439028032> (requestor.py:_fetch_single_async:199 -> middleware.py:apply_async:112) from logger `RFC.middleware_status_code`
[INFO] applying on HitomiAuthor(mutou mato).HitomiGallery(722443).HitomiImage(0036), received

2024-01-31 20:42:51,094 <requestor-worker-0:1503131, MainThread:139699439028032> (requestor.py:_fetch_single_async:199 -> middleware.py:apply_async:115) from logger `RFC.middleware_status_code`
[INFO] applied on HitomiAuthor(mutou mato).HitomiGallery(722443).HitomiImage(0036), sent

2024-01-31 20:42:51,102 <requestor-worker-0:1503131, MainThread:139699439028032> (requestor.py:_fetch_single_async:199 -> middleware.py:apply_async:112) from logger `RFC.middleware_status_code`
[INFO] applying on HitomiAuthor(mutou mato).HitomiGallery(722443).HitomiImage(0038), received

2024-01-31 20:42:51,104 <requestor-worker-0:1503131, MainThread:139699439028032> (requestor.py:_fetch_single_async:199 -> middleware.py:apply_async:115) from logger `RFC.middleware_status_code`
[INFO] applied on HitomiAuthor(mutou mato).HitomiGallery(722443).HitomiImage(0038), sent

2024-01-31 20:42:51,955 <requestor-worker-0:1503131, MainThread:139699439028032> (requestor.py:_fetch_single_async:199 -> middleware.py:apply_async:112) from logger `RFC.middleware_status_code`
[INFO] applying on HitomiAuthor(mutou mato).HitomiGallery(735870).HitomiImage(0231), received

2024-01-31 20:42:51,956 <requestor-worker-0:1503131, MainThread:139699439028032> (requestor.py:_fetch_single_async:199 -> middleware.py:apply_async:115) from logger `RFC.middleware_status_code`
[INFO] applied on HitomiAuthor(mutou mato).HitomiGallery(735870).HitomiImage(0231), sent

2024-01-31 20:42:52,798 <requestor-worker-0:1503131, MainThread:139699439028032> (requestor.py:_fetch_single_async:199 -> middleware.py:apply_async:112) from logger `RFC.middleware_status_code`
[INFO] applying on HitomiAuthor(mutou mato).HitomiGallery(735870).HitomiImage(0183), received

2024-01-31 20:42:52,800 <requestor-worker-0:1503131, MainThread:139699439028032> (requestor.py:_fetch_single_async:199 -> middleware.py:apply_async:115) from logger `RFC.middleware_status_code`
[INFO] applied on HitomiAuthor(mutou mato).HitomiGallery(735870).HitomiImage(0183), sent

2024-01-31 20:42:52,907 <requestor-worker-0:1503131, MainThread:139699439028032> (requestor.py:_fetch_single_async:199 -> middleware.py:apply_async:112) from logger `RFC.middleware_status_code`
[INFO] applying on HitomiAuthor(mutou mato).HitomiGallery(735870).HitomiImage(0172), received

2024-01-31 20:42:52,909 <requestor-worker-0:1503131, MainThread:139699439028032> (requestor.py:_fetch_single_async:199 -> middleware.py:apply_async:115) from logger `RFC.middleware_status_code`
[INFO] applied on HitomiAuthor(mutou mato).HitomiGallery(735870).HitomiImage(0172), sent

2024-01-31 20:42:53,066 <requestor-worker-0:1503131, MainThread:139699439028032> (requestor.py:_fetch_single_async:199 -> middleware.py:apply_async:112) from logger `RFC.middleware_status_code`
[INFO] applying on HitomiAuthor(mutou mato).HitomiGallery(735870).HitomiImage(0165), received

2024-01-31 20:42:53,068 <requestor-worker-0:1503131, MainThread:139699439028032> (requestor.py:_fetch_single_async:199 -> middleware.py:apply_async:115) from logger `RFC.middleware_status_code`
[INFO] applied on HitomiAuthor(mutou mato).HitomiGallery(735870).HitomiImage(0165), sent

2024-01-31 20:42:54,907 <requestor-worker-0:1503131, MainThread:139699439028032> (requestor.py:_fetch_single_async:199 -> middleware.py:apply_async:112) from logger `RFC.middleware_status_code`
[INFO] applying on HitomiAuthor(mutou mato).HitomiGallery(735870).HitomiImage(0055), received

2024-01-31 20:42:54,911 <requestor-worker-0:1503131, MainThread:139699439028032> (requestor.py:_fetch_single_async:199 -> middleware.py:apply_async:115) from logger `RFC.middleware_status_code`
[INFO] applied on HitomiAuthor(mutou mato).HitomiGallery(735870).HitomiImage(0055), sent

2024-01-31 20:42:54,982 <requestor-worker-0:1503131, MainThread:139699439028032> (requestor.py:_fetch_single_async:199 -> middleware.py:apply_async:112) from logger `RFC.middleware_status_code`
[INFO] applying on HitomiAuthor(mutou mato).HitomiGallery(735870).HitomiImage(0041), received

2024-01-31 20:42:54,985 <requestor-worker-0:1503131, MainThread:139699439028032> (requestor.py:_fetch_single_async:199 -> middleware.py:apply_async:115) from logger `RFC.middleware_status_code`
[INFO] applied on HitomiAuthor(mutou mato).HitomiGallery(735870).HitomiImage(0041), sent

2024-01-31 20:42:55,130 <requestor-worker-0:1503131, MainThread:139699439028032> (requestor.py:_fetch_single_async:199 -> middleware.py:apply_async:112) from logger `RFC.middleware_status_code`
[INFO] applying on HitomiAuthor(mutou mato).HitomiGallery(735870).HitomiImage(0021), received

2024-01-31 20:42:55,134 <requestor-worker-0:1503131, MainThread:139699439028032> (requestor.py:_fetch_single_async:199 -> middleware.py:apply_async:115) from logger `RFC.middleware_status_code`
[INFO] applied on HitomiAuthor(mutou mato).HitomiGallery(735870).HitomiImage(0021), sent

2024-01-31 20:42:55,146 <requestor-worker-0:1503131, MainThread:139699439028032> (requestor.py:_fetch_single_async:199 -> middleware.py:apply_async:112) from logger `RFC.middleware_status_code`
[INFO] applying on HitomiAuthor(mutou mato).HitomiGallery(735870).HitomiImage(0029), received

2024-01-31 20:42:55,148 <requestor-worker-0:1503131, MainThread:139699439028032> (requestor.py:_fetch_single_async:199 -> middleware.py:apply_async:115) from logger `RFC.middleware_status_code`
[INFO] applied on HitomiAuthor(mutou mato).HitomiGallery(735870).HitomiImage(0029), sent

2024-01-31 20:42:55,429 <requestor-worker-0:1503131, MainThread:139699439028032> (requestor.py:_fetch_single_async:199 -> middleware.py:apply_async:112) from logger `RFC.middleware_status_code`
[INFO] applying on HitomiAuthor(mutou mato).HitomiGallery(735870).HitomiImage(0004), received

2024-01-31 20:42:55,431 <requestor-worker-0:1503131, MainThread:139699439028032> (requestor.py:_fetch_single_async:199 -> middleware.py:apply_async:115) from logger `RFC.middleware_status_code`
[INFO] applied on HitomiAuthor(mutou mato).HitomiGallery(735870).HitomiImage(0004), sent

2024-01-31 20:42:55,996 <requestor-worker-0:1503131, MainThread:139699439028032> (requestor.py:_fetch_single_async:199 -> middleware.py:apply_async:112) from logger `RFC.middleware_status_code`
[INFO] applying on HitomiAuthor(mutou mato).HitomiGallery(762205).HitomiImage(0360), received

2024-01-31 20:42:55,997 <requestor-worker-0:1503131, MainThread:139699439028032> (requestor.py:_fetch_single_async:199 -> middleware.py:apply_async:115) from logger `RFC.middleware_status_code`
[INFO] applied on HitomiAuthor(mutou mato).HitomiGallery(762205).HitomiImage(0360), sent

2024-01-31 20:42:56,228 <requestor-worker-0:1503131, MainThread:139699439028032> (requestor.py:_fetch_single_async:199 -> middleware.py:apply_async:112) from logger `RFC.middleware_status_code`
[INFO] applying on HitomiAuthor(mutou mato).HitomiGallery(762205).HitomiImage(0298), received

2024-01-31 20:42:56,230 <requestor-worker-0:1503131, MainThread:139699439028032> (requestor.py:_fetch_single_async:199 -> middleware.py:apply_async:115) from logger `RFC.middleware_status_code`
[INFO] applied on HitomiAuthor(mutou mato).HitomiGallery(762205).HitomiImage(0298), sent

2024-01-31 20:42:56,290 <requestor-worker-0:1503131, MainThread:139699439028032> (requestor.py:_fetch_single_async:199 -> middleware.py:apply_async:112) from logger `RFC.middleware_status_code`
[INFO] applying on HitomiAuthor(mutou mato).HitomiGallery(762205).HitomiImage(0318), received

2024-01-31 20:42:56,295 <requestor-worker-0:1503131, MainThread:139699439028032> (requestor.py:_fetch_single_async:199 -> middleware.py:apply_async:115) from logger `RFC.middleware_status_code`
[INFO] applied on HitomiAuthor(mutou mato).HitomiGallery(762205).HitomiImage(0318), sent

2024-01-31 20:42:56,531 <requestor-worker-0:1503131, MainThread:139699439028032> (requestor.py:_fetch_single_async:199 -> middleware.py:apply_async:112) from logger `RFC.middleware_status_code`
[INFO] applying on HitomiAuthor(mutou mato).HitomiGallery(762205).HitomiImage(0306), received

2024-01-31 20:42:56,532 <requestor-worker-0:1503131, MainThread:139699439028032> (requestor.py:_fetch_single_async:199 -> middleware.py:apply_async:115) from logger `RFC.middleware_status_code`
[INFO] applied on HitomiAuthor(mutou mato).HitomiGallery(762205).HitomiImage(0306), sent

2024-01-31 20:42:56,611 <requestor-worker-0:1503131, MainThread:139699439028032> (requestor.py:_fetch_single_async:199 -> middleware.py:apply_async:112) from logger `RFC.middleware_status_code`
[INFO] applying on HitomiAuthor(mutou mato).HitomiGallery(762205).HitomiImage(0303), received

2024-01-31 20:42:56,612 <requestor-worker-0:1503131, MainThread:139699439028032> (requestor.py:_fetch_single_async:199 -> middleware.py:apply_async:115) from logger `RFC.middleware_status_code`
[INFO] applied on HitomiAuthor(mutou mato).HitomiGallery(762205).HitomiImage(0303), sent

2024-01-31 20:42:56,620 <requestor-worker-0:1503131, MainThread:139699439028032> (requestor.py:_fetch_single_async:199 -> middleware.py:apply_async:112) from logger `RFC.middleware_status_code`
[INFO] applying on HitomiAuthor(mutou mato).HitomiGallery(762205).HitomiImage(0292), received

2024-01-31 20:42:56,622 <requestor-worker-0:1503131, MainThread:139699439028032> (requestor.py:_fetch_single_async:199 -> middleware.py:apply_async:115) from logger `RFC.middleware_status_code`
[INFO] applied on HitomiAuthor(mutou mato).HitomiGallery(762205).HitomiImage(0292), sent

2024-01-31 20:42:56,890 <requestor-worker-0:1503131, MainThread:139699439028032> (requestor.py:_fetch_single_async:199 -> middleware.py:apply_async:112) from logger `RFC.middleware_status_code`
[INFO] applying on HitomiAuthor(mutou mato).HitomiGallery(762205).HitomiImage(0273), received

2024-01-31 20:42:56,892 <requestor-worker-0:1503131, MainThread:139699439028032> (requestor.py:_fetch_single_async:199 -> middleware.py:apply_async:115) from logger `RFC.middleware_status_code`
[INFO] applied on HitomiAuthor(mutou mato).HitomiGallery(762205).HitomiImage(0273), sent

2024-01-31 20:42:56,898 <requestor-worker-0:1503131, MainThread:139699439028032> (requestor.py:_fetch_single_async:199 -> middleware.py:apply_async:112) from logger `RFC.middleware_status_code`
[INFO] applying on HitomiAuthor(mutou mato).HitomiGallery(762205).HitomiImage(0269), received

2024-01-31 20:42:56,900 <requestor-worker-0:1503131, MainThread:139699439028032> (requestor.py:_fetch_single_async:199 -> middleware.py:apply_async:115) from logger `RFC.middleware_status_code`
[INFO] applied on HitomiAuthor(mutou mato).HitomiGallery(762205).HitomiImage(0269), sent

2024-01-31 20:42:57,087 <requestor-worker-0:1503131, MainThread:139699439028032> (requestor.py:_fetch_single_async:199 -> middleware.py:apply_async:112) from logger `RFC.middleware_status_code`
[INFO] applying on HitomiAuthor(mutou mato).HitomiGallery(762205).HitomiImage(0256), received

2024-01-31 20:42:57,089 <requestor-worker-0:1503131, MainThread:139699439028032> (requestor.py:_fetch_single_async:199 -> middleware.py:apply_async:115) from logger `RFC.middleware_status_code`
[INFO] applied on HitomiAuthor(mutou mato).HitomiGallery(762205).HitomiImage(0256), sent

2024-01-31 20:42:58,630 <requestor-worker-0:1503131, MainThread:139699439028032> (requestor.py:_fetch_single_async:199 -> middleware.py:apply_async:112) from logger `RFC.middleware_status_code`
[INFO] applying on HitomiAuthor(mutou mato).HitomiGallery(762205).HitomiImage(0254), received

2024-01-31 20:42:58,632 <requestor-worker-0:1503131, MainThread:139699439028032> (requestor.py:_fetch_single_async:199 -> middleware.py:apply_async:115) from logger `RFC.middleware_status_code`
[INFO] applied on HitomiAuthor(mutou mato).HitomiGallery(762205).HitomiImage(0254), sent

2024-01-31 20:42:59,165 <requestor-worker-0:1503131, MainThread:139699439028032> (requestor.py:_fetch_single_async:199 -> middleware.py:apply_async:112) from logger `RFC.middleware_status_code`
[INFO] applying on HitomiAuthor(mutou mato).HitomiGallery(762205).HitomiImage(0252), received

2024-01-31 20:42:59,167 <requestor-worker-0:1503131, MainThread:139699439028032> (requestor.py:_fetch_single_async:199 -> middleware.py:apply_async:115) from logger `RFC.middleware_status_code`
[INFO] applied on HitomiAuthor(mutou mato).HitomiGallery(762205).HitomiImage(0252), sent

2024-01-31 20:42:59,175 <requestor-worker-0:1503131, MainThread:139699439028032> (requestor.py:_fetch_single_async:199 -> middleware.py:apply_async:112) from logger `RFC.middleware_status_code`
[INFO] applying on HitomiAuthor(mutou mato).HitomiGallery(762205).HitomiImage(0255), received

2024-01-31 20:42:59,177 <requestor-worker-0:1503131, MainThread:139699439028032> (requestor.py:_fetch_single_async:199 -> middleware.py:apply_async:115) from logger `RFC.middleware_status_code`
[INFO] applied on HitomiAuthor(mutou mato).HitomiGallery(762205).HitomiImage(0255), sent

2024-01-31 20:43:13,054 <requestor-worker-0:1503131, MainThread:139699439028032> (requestor.py:_fetch_single_async:199 -> middleware.py:apply_async:112) from logger `RFC.middleware_status_code`
[INFO] applying on HitomiAuthor(mutou mato).HitomiGallery(765767).HitomiImage(0015), received

2024-01-31 20:43:13,058 <requestor-worker-0:1503131, MainThread:139699439028032> (requestor.py:_fetch_single_async:199 -> middleware.py:apply_async:115) from logger `RFC.middleware_status_code`
[INFO] applied on HitomiAuthor(mutou mato).HitomiGallery(765767).HitomiImage(0015), sent

2024-01-31 20:43:22,491 <requestor-worker-0:1503131, MainThread:139699439028032> (requestor.py:_fetch_single_async:199 -> middleware.py:apply_async:112) from logger `RFC.middleware_status_code`
[INFO] applying on HitomiAuthor(mutou mato).HitomiGallery(509748).HitomiImage(0001), received

2024-01-31 20:43:22,494 <requestor-worker-0:1503131, MainThread:139699439028032> (requestor.py:_fetch_single_async:199 -> middleware.py:apply_async:115) from logger `RFC.middleware_status_code`
[INFO] applied on HitomiAuthor(mutou mato).HitomiGallery(509748).HitomiImage(0001), sent

2024-01-31 20:43:25,174 <requestor-worker-0:1503131, MainThread:139699439028032> (requestor.py:_fetch_single_async:199 -> middleware.py:apply_async:112) from logger `RFC.middleware_status_code`
[INFO] applying on HitomiAuthor(mutou mato).HitomiGallery(671565).HitomiImage(0001), received

2024-01-31 20:43:25,176 <requestor-worker-0:1503131, MainThread:139699439028032> (requestor.py:_fetch_single_async:199 -> middleware.py:apply_async:115) from logger `RFC.middleware_status_code`
[INFO] applied on HitomiAuthor(mutou mato).HitomiGallery(671565).HitomiImage(0001), sent

2024-01-31 20:43:31,498 <requestor-worker-0:1503131, MainThread:139699439028032> (requestor.py:_fetch_single_async:199 -> middleware.py:apply_async:112) from logger `RFC.middleware_status_code`
[INFO] applying on HitomiAuthor(mutou mato).HitomiGallery(671565).HitomiImage(0021), received

2024-01-31 20:43:31,505 <requestor-worker-0:1503131, MainThread:139699439028032> (requestor.py:_fetch_single_async:199 -> middleware.py:apply_async:115) from logger `RFC.middleware_status_code`
[INFO] applied on HitomiAuthor(mutou mato).HitomiGallery(671565).HitomiImage(0021), sent

2024-01-31 20:43:31,731 <requestor-worker-0:1503131, MainThread:139699439028032> (requestor.py:_fetch_single_async:199 -> middleware.py:apply_async:112) from logger `RFC.middleware_status_code`
[INFO] applying on HitomiAuthor(mutou mato).HitomiGallery(671565).HitomiImage(0006), received

2024-01-31 20:43:31,738 <requestor-worker-0:1503131, MainThread:139699439028032> (requestor.py:_fetch_single_async:199 -> middleware.py:apply_async:115) from logger `RFC.middleware_status_code`
[INFO] applied on HitomiAuthor(mutou mato).HitomiGallery(671565).HitomiImage(0006), sent

2024-01-31 20:43:31,754 <requestor-worker-0:1503131, MainThread:139699439028032> (requestor.py:_fetch_single_async:199 -> middleware.py:apply_async:112) from logger `RFC.middleware_status_code`
[INFO] applying on HitomiAuthor(mutou mato).HitomiGallery(671565).HitomiImage(0004), received

2024-01-31 20:43:31,757 <requestor-worker-0:1503131, MainThread:139699439028032> (requestor.py:_fetch_single_async:199 -> middleware.py:apply_async:115) from logger `RFC.middleware_status_code`
[INFO] applied on HitomiAuthor(mutou mato).HitomiGallery(671565).HitomiImage(0004), sent

2024-01-31 20:43:31,767 <requestor-worker-0:1503131, MainThread:139699439028032> (requestor.py:_fetch_single_async:199 -> middleware.py:apply_async:112) from logger `RFC.middleware_status_code`
[INFO] applying on HitomiAuthor(mutou mato).HitomiGallery(671565).HitomiImage(0018), received

2024-01-31 20:43:31,769 <requestor-worker-0:1503131, MainThread:139699439028032> (requestor.py:_fetch_single_async:199 -> middleware.py:apply_async:115) from logger `RFC.middleware_status_code`
[INFO] applied on HitomiAuthor(mutou mato).HitomiGallery(671565).HitomiImage(0018), sent

