2024-04-08 17:22:42,320 <MainProcess:874593, MainThread:140345783498560> (entry.py:start:60 -> requestor.py:run:344) from logger `RFC.requestor`
[INFO] start fetching with 3 processes and None async semaphores

2024-04-08 17:22:42,342 <requestor-worker-0:882324, MainThread:140345783498560> (process.py:run:108 -> requestor.py:_fetch_all_single_process:295) from logger `RFC.requestor`
[INFO] process requestor-worker-0 start fetching with sync

2024-04-08 17:22:42,352 <requestor-worker-2:882332, MainThread:140345783498560> (process.py:run:108 -> requestor.py:_fetch_all_single_process:295) from logger `RFC.requestor`
[INFO] process requestor-worker-2 start fetching with sync

2024-04-08 17:22:42,366 <requestor-worker-0:882324, MainThread:140345783498560> (requestor.py:_fetch_all_single_process:296 -> requestor.py:_fetch_all_sync:234) from logger `RFC.requestor`
[INFO] process requestor-worker-0 got PapersCoolPaperPage(arxiv_cs.LG?date=2024-04-08) from root queue

2024-04-08 17:22:42,370 <requestor-worker-0:882324, MainThread:140345783498560> (requestor.py:_fetch_single_sync:138 -> requestor.py:_check_saved_result:115) from logger `RFC.requestor`
[INFO] process requestor-worker-0 saved result found for PapersCoolPaperPage(arxiv_cs.LG?date=2024-04-08)

2024-04-08 17:22:42,373 <requestor-worker-2:882332, MainThread:140345783498560> (requestor.py:_fetch_all_single_process:296 -> requestor.py:_fetch_all_sync:234) from logger `RFC.requestor`
[INFO] process requestor-worker-2 got PapersCoolPaperPage(arxiv_cs.LG?date=2024-04-07) from root queue

2024-04-08 17:22:42,359 <requestor-worker-1:882330, MainThread:140345783498560> (process.py:run:108 -> requestor.py:_fetch_all_single_process:295) from logger `RFC.requestor`
[INFO] process requestor-worker-1 start fetching with sync

2024-04-08 17:22:42,377 <requestor-worker-1:882330, MainThread:140345783498560> (requestor.py:_fetch_all_single_process:296 -> requestor.py:_fetch_all_sync:231) from logger `RFC.requestor`
[INFO] process requestor-worker-1 got 'WAIT' from root queue, WAIT

2024-04-08 17:22:42,379 <requestor-worker-2:882332, MainThread:140345783498560> (requestor.py:_fetch_single_sync:138 -> requestor.py:_check_saved_result:115) from logger `RFC.requestor`
[INFO] process requestor-worker-2 saved result found for PapersCoolPaperPage(arxiv_cs.LG?date=2024-04-07)

2024-04-08 17:22:42,400 <requestor-worker-2:882332, MainThread:140345783498560> (requestor.py:_fetch_all_sync:235 -> requestor.py:_fetch_single_sync:142) from logger `RFC.requestor`
[INFO] process requestor-worker-2 fetched PapersCoolPaperPage(arxiv_cs.LG?date=2024-04-07) from saved result

2024-04-08 17:22:42,410 <requestor-worker-2:882332, MainThread:140345783498560> (requestor.py:_fetch_all_single_process:296 -> requestor.py:_fetch_all_sync:234) from logger `RFC.requestor`
[INFO] process requestor-worker-2 got PapersCoolPaperPage(arxiv_cs.LG?date=2024-04-03) from root queue

2024-04-08 17:22:42,412 <requestor-worker-2:882332, MainThread:140345783498560> (requestor.py:_fetch_single_sync:138 -> requestor.py:_check_saved_result:115) from logger `RFC.requestor`
[INFO] process requestor-worker-2 saved result found for PapersCoolPaperPage(arxiv_cs.LG?date=2024-04-03)

2024-04-08 17:22:42,411 <requestor-worker-0:882324, MainThread:140345783498560> (requestor.py:_fetch_all_sync:235 -> requestor.py:_fetch_single_sync:142) from logger `RFC.requestor`
[INFO] process requestor-worker-0 fetched PapersCoolPaperPage(arxiv_cs.LG?date=2024-04-08) from saved result

2024-04-08 17:22:42,416 <requestor-worker-0:882324, MainThread:140345783498560> (requestor.py:_fetch_all_single_process:296 -> requestor.py:_fetch_all_sync:234) from logger `RFC.requestor`
[INFO] process requestor-worker-0 got PapersCoolPaperPage(arxiv_cs.LG?date=2024-04-04) from root queue

2024-04-08 17:22:42,420 <requestor-worker-0:882324, MainThread:140345783498560> (requestor.py:_fetch_single_sync:138 -> requestor.py:_check_saved_result:115) from logger `RFC.requestor`
[INFO] process requestor-worker-0 saved result found for PapersCoolPaperPage(arxiv_cs.LG?date=2024-04-04)

2024-04-08 17:22:42,448 <requestor-worker-2:882332, MainThread:140345783498560> (requestor.py:_fetch_all_sync:235 -> requestor.py:_fetch_single_sync:142) from logger `RFC.requestor`
[INFO] process requestor-worker-2 fetched PapersCoolPaperPage(arxiv_cs.LG?date=2024-04-03) from saved result

2024-04-08 17:22:42,457 <requestor-worker-2:882332, MainThread:140345783498560> (requestor.py:_fetch_all_single_process:296 -> requestor.py:_fetch_all_sync:234) from logger `RFC.requestor`
[INFO] process requestor-worker-2 got PapersCoolPaperPage(arxiv_cs.LG?date=2024-04-08).PapersCoolPaperKimiSection(arxiv_cs.LG?date=2024-04-08_=2404.03017) from root queue

2024-04-08 17:22:42,474 <requestor-worker-0:882324, MainThread:140345783498560> (requestor.py:_fetch_all_sync:235 -> requestor.py:_fetch_single_sync:142) from logger `RFC.requestor`
[INFO] process requestor-worker-0 fetched PapersCoolPaperPage(arxiv_cs.LG?date=2024-04-04) from saved result

2024-04-08 17:22:42,477 <requestor-worker-0:882324, MainThread:140345783498560> (requestor.py:_fetch_all_single_process:296 -> requestor.py:_fetch_all_sync:234) from logger `RFC.requestor`
[INFO] process requestor-worker-0 got PapersCoolPaperPage(arxiv_cs.LG?date=2024-03-28) from root queue

2024-04-08 17:22:42,480 <requestor-worker-0:882324, MainThread:140345783498560> (requestor.py:_fetch_single_sync:138 -> requestor.py:_check_saved_result:115) from logger `RFC.requestor`
[INFO] process requestor-worker-0 saved result found for PapersCoolPaperPage(arxiv_cs.LG?date=2024-03-28)

2024-04-08 17:22:42,528 <requestor-worker-0:882324, MainThread:140345783498560> (requestor.py:_fetch_all_sync:235 -> requestor.py:_fetch_single_sync:142) from logger `RFC.requestor`
[INFO] process requestor-worker-0 fetched PapersCoolPaperPage(arxiv_cs.LG?date=2024-03-28) from saved result

2024-04-08 17:22:42,531 <requestor-worker-0:882324, MainThread:140345783498560> (requestor.py:_fetch_all_single_process:296 -> requestor.py:_fetch_all_sync:234) from logger `RFC.requestor`
[INFO] process requestor-worker-0 got PapersCoolPaperPage(arxiv_cs.LG?date=2024-03-22) from root queue

2024-04-08 17:22:42,534 <requestor-worker-0:882324, MainThread:140345783498560> (requestor.py:_fetch_single_sync:138 -> requestor.py:_check_saved_result:115) from logger `RFC.requestor`
[INFO] process requestor-worker-0 saved result found for PapersCoolPaperPage(arxiv_cs.LG?date=2024-03-22)

2024-04-08 17:22:42,583 <requestor-worker-0:882324, MainThread:140345783498560> (requestor.py:_fetch_all_sync:235 -> requestor.py:_fetch_single_sync:142) from logger `RFC.requestor`
[INFO] process requestor-worker-0 fetched PapersCoolPaperPage(arxiv_cs.LG?date=2024-03-22) from saved result

2024-04-08 17:22:42,587 <requestor-worker-0:882324, MainThread:140345783498560> (requestor.py:_fetch_all_single_process:296 -> requestor.py:_fetch_all_sync:234) from logger `RFC.requestor`
[INFO] process requestor-worker-0 got PapersCoolPaperPage(arxiv_cs.LG?date=2024-03-28).PapersCoolPaperKimiSection(arxiv_cs.LG?date=2024-03-28_=2403.17982) from root queue

2024-04-08 17:22:43,381 <requestor-worker-1:882330, MainThread:140345783498560> (requestor.py:_fetch_all_single_process:296 -> requestor.py:_fetch_all_sync:234) from logger `RFC.requestor`
[INFO] process requestor-worker-1 got PapersCoolPaperPage(arxiv_cs.LG?date=2024-04-08).PapersCoolPaperKimiSection(arxiv_cs.LG?date=2024-04-08_=2404.04240) from root queue

2024-04-08 17:22:44,033 <requestor-worker-0:882324, MainThread:140345783498560> (requestor.py:_fetch_all_sync:235 -> requestor.py:_fetch_single_sync:154) from logger `RFC.requestor`
[INFO] process requestor-worker-0 sending PapersCoolPaperPage(arxiv_cs.LG?date=2024-03-28).PapersCoolPaperKimiSection(arxiv_cs.LG?date=2024-03-28_=2403.17982) to middlewares

2024-04-08 17:22:44,114 <requestor-worker-0:882324, MainThread:140345783498560> (requestor.py:_fetch_all_sync:235 -> requestor.py:_fetch_single_sync:159) from logger `RFC.requestor`
[INFO] process requestor-worker-0 fetched PapersCoolPaperPage(arxiv_cs.LG?date=2024-03-28).PapersCoolPaperKimiSection(arxiv_cs.LG?date=2024-03-28_=2403.17982)

2024-04-08 17:22:44,117 <requestor-worker-0:882324, MainThread:140345783498560> (requestor.py:_fetch_all_single_process:296 -> requestor.py:_fetch_all_sync:234) from logger `RFC.requestor`
[INFO] process requestor-worker-0 got PapersCoolPaperPage(arxiv_cs.LG?date=2024-03-22).PapersCoolPaperKimiSection(arxiv_cs.LG?date=2024-03-22_=2403.14593) from root queue

2024-04-08 17:22:44,326 <requestor-worker-0:882324, MainThread:140345783498560> (requestor.py:_fetch_all_sync:235 -> requestor.py:_fetch_single_sync:154) from logger `RFC.requestor`
[INFO] process requestor-worker-0 sending PapersCoolPaperPage(arxiv_cs.LG?date=2024-03-22).PapersCoolPaperKimiSection(arxiv_cs.LG?date=2024-03-22_=2403.14593) to middlewares

2024-04-08 17:22:44,392 <requestor-worker-0:882324, MainThread:140345783498560> (requestor.py:_fetch_all_sync:235 -> requestor.py:_fetch_single_sync:159) from logger `RFC.requestor`
[INFO] process requestor-worker-0 fetched PapersCoolPaperPage(arxiv_cs.LG?date=2024-03-22).PapersCoolPaperKimiSection(arxiv_cs.LG?date=2024-03-22_=2403.14593)

2024-04-08 17:22:44,394 <requestor-worker-0:882324, MainThread:140345783498560> (requestor.py:_fetch_all_single_process:296 -> requestor.py:_fetch_all_sync:234) from logger `RFC.requestor`
[INFO] process requestor-worker-0 got PapersCoolPaperPage(arxiv_cs.CV?date=2024-03-12) from root queue

2024-04-08 17:22:44,397 <requestor-worker-0:882324, MainThread:140345783498560> (requestor.py:_fetch_single_sync:138 -> requestor.py:_check_saved_result:115) from logger `RFC.requestor`
[INFO] process requestor-worker-0 saved result found for PapersCoolPaperPage(arxiv_cs.CV?date=2024-03-12)

2024-04-08 17:22:44,448 <requestor-worker-0:882324, MainThread:140345783498560> (requestor.py:_fetch_all_sync:235 -> requestor.py:_fetch_single_sync:142) from logger `RFC.requestor`
[INFO] process requestor-worker-0 fetched PapersCoolPaperPage(arxiv_cs.CV?date=2024-03-12) from saved result

2024-04-08 17:22:44,453 <requestor-worker-0:882324, MainThread:140345783498560> (requestor.py:_fetch_all_single_process:296 -> requestor.py:_fetch_all_sync:234) from logger `RFC.requestor`
[INFO] process requestor-worker-0 got PapersCoolPaperPage(arxiv_cs.CV?date=2024-03-06) from root queue

2024-04-08 17:22:44,456 <requestor-worker-0:882324, MainThread:140345783498560> (requestor.py:_fetch_single_sync:138 -> requestor.py:_check_saved_result:115) from logger `RFC.requestor`
[INFO] process requestor-worker-0 saved result found for PapersCoolPaperPage(arxiv_cs.CV?date=2024-03-06)

2024-04-08 17:22:44,497 <requestor-worker-0:882324, MainThread:140345783498560> (requestor.py:_fetch_all_sync:235 -> requestor.py:_fetch_single_sync:142) from logger `RFC.requestor`
[INFO] process requestor-worker-0 fetched PapersCoolPaperPage(arxiv_cs.CV?date=2024-03-06) from saved result

2024-04-08 17:22:44,499 <requestor-worker-0:882324, MainThread:140345783498560> (requestor.py:_fetch_all_single_process:296 -> requestor.py:_fetch_all_sync:234) from logger `RFC.requestor`
[INFO] process requestor-worker-0 got PapersCoolPaperPage(arxiv_cs.CV?date=2024-02-29) from root queue

2024-04-08 17:22:44,502 <requestor-worker-0:882324, MainThread:140345783498560> (requestor.py:_fetch_single_sync:138 -> requestor.py:_check_saved_result:115) from logger `RFC.requestor`
[INFO] process requestor-worker-0 saved result found for PapersCoolPaperPage(arxiv_cs.CV?date=2024-02-29)

2024-04-08 17:22:44,544 <requestor-worker-0:882324, MainThread:140345783498560> (requestor.py:_fetch_all_sync:235 -> requestor.py:_fetch_single_sync:142) from logger `RFC.requestor`
[INFO] process requestor-worker-0 fetched PapersCoolPaperPage(arxiv_cs.CV?date=2024-02-29) from saved result

2024-04-08 17:22:44,547 <requestor-worker-0:882324, MainThread:140345783498560> (requestor.py:_fetch_all_single_process:296 -> requestor.py:_fetch_all_sync:234) from logger `RFC.requestor`
[INFO] process requestor-worker-0 got PapersCoolPaperPage(arxiv_cs.CV?date=2024-03-12).PapersCoolPaperKimiSection(arxiv_cs.CV?date=2024-03-12_=2403.05696) from root queue

2024-04-08 17:22:44,861 <requestor-worker-1:882330, MainThread:140345783498560> (requestor.py:_fetch_all_sync:235 -> requestor.py:_fetch_single_sync:154) from logger `RFC.requestor`
[INFO] process requestor-worker-1 sending PapersCoolPaperPage(arxiv_cs.LG?date=2024-04-08).PapersCoolPaperKimiSection(arxiv_cs.LG?date=2024-04-08_=2404.04240) to middlewares

2024-04-08 17:22:44,877 <requestor-worker-1:882330, MainThread:140345783498560> (requestor.py:_fetch_all_sync:235 -> requestor.py:_fetch_single_sync:159) from logger `RFC.requestor`
[INFO] process requestor-worker-1 fetched PapersCoolPaperPage(arxiv_cs.LG?date=2024-04-08).PapersCoolPaperKimiSection(arxiv_cs.LG?date=2024-04-08_=2404.04240)

2024-04-08 17:22:44,878 <requestor-worker-1:882330, MainThread:140345783498560> (requestor.py:_fetch_all_single_process:296 -> requestor.py:_fetch_all_sync:234) from logger `RFC.requestor`
[INFO] process requestor-worker-1 got PapersCoolPaperPage(arxiv_cs.CV?date=2024-02-29).PapersCoolPaperKimiSection(arxiv_cs.CV?date=2024-02-29_=2402.17960) from root queue

2024-04-08 17:22:44,908 <requestor-worker-0:882324, MainThread:140345783498560> (requestor.py:_fetch_all_sync:235 -> requestor.py:_fetch_single_sync:154) from logger `RFC.requestor`
[INFO] process requestor-worker-0 sending PapersCoolPaperPage(arxiv_cs.CV?date=2024-03-12).PapersCoolPaperKimiSection(arxiv_cs.CV?date=2024-03-12_=2403.05696) to middlewares

2024-04-08 17:22:44,919 <requestor-worker-0:882324, MainThread:140345783498560> (requestor.py:_fetch_all_sync:235 -> requestor.py:_fetch_single_sync:159) from logger `RFC.requestor`
[INFO] process requestor-worker-0 fetched PapersCoolPaperPage(arxiv_cs.CV?date=2024-03-12).PapersCoolPaperKimiSection(arxiv_cs.CV?date=2024-03-12_=2403.05696)

2024-04-08 17:22:44,921 <requestor-worker-0:882324, MainThread:140345783498560> (requestor.py:_fetch_all_single_process:296 -> requestor.py:_fetch_all_sync:234) from logger `RFC.requestor`
[INFO] process requestor-worker-0 got PapersCoolPaperPage(arxiv_cs.CV?date=2024-03-12).PapersCoolPaperKimiSection(arxiv_cs.CV?date=2024-03-12_=2403.06797) from root queue

2024-04-08 17:24:55,142 <requestor-worker-2:882332, MainThread:140345783498560> (requestor.py:_fetch_all_sync:235 -> requestor.py:_fetch_single_sync:154) from logger `RFC.requestor`
[INFO] process requestor-worker-2 sending PapersCoolPaperPage(arxiv_cs.LG?date=2024-04-08).PapersCoolPaperKimiSection(arxiv_cs.LG?date=2024-04-08_=2404.03017) to middlewares

2024-04-08 17:24:55,166 <requestor-worker-2:882332, MainThread:140345783498560> (requestor.py:_fetch_all_sync:235 -> requestor.py:_fetch_single_sync:159) from logger `RFC.requestor`
[INFO] process requestor-worker-2 fetched PapersCoolPaperPage(arxiv_cs.LG?date=2024-04-08).PapersCoolPaperKimiSection(arxiv_cs.LG?date=2024-04-08_=2404.03017)

2024-04-08 17:24:55,170 <requestor-worker-2:882332, MainThread:140345783498560> (requestor.py:_fetch_all_single_process:296 -> requestor.py:_fetch_all_sync:234) from logger `RFC.requestor`
[INFO] process requestor-worker-2 got PapersCoolPaperPage(arxiv_cs.CV?date=2024-03-12).PapersCoolPaperKimiSection(arxiv_cs.CV?date=2024-03-12_=2403.06978) from root queue

2024-04-08 17:24:55,453 <requestor-worker-2:882332, MainThread:140345783498560> (requestor.py:_fetch_all_sync:235 -> requestor.py:_fetch_single_sync:154) from logger `RFC.requestor`
[INFO] process requestor-worker-2 sending PapersCoolPaperPage(arxiv_cs.CV?date=2024-03-12).PapersCoolPaperKimiSection(arxiv_cs.CV?date=2024-03-12_=2403.06978) to middlewares

2024-04-08 17:24:55,476 <requestor-worker-2:882332, MainThread:140345783498560> (requestor.py:_fetch_all_sync:235 -> requestor.py:_fetch_single_sync:159) from logger `RFC.requestor`
[INFO] process requestor-worker-2 fetched PapersCoolPaperPage(arxiv_cs.CV?date=2024-03-12).PapersCoolPaperKimiSection(arxiv_cs.CV?date=2024-03-12_=2403.06978)

2024-04-08 17:24:55,479 <requestor-worker-2:882332, MainThread:140345783498560> (requestor.py:_fetch_all_single_process:296 -> requestor.py:_fetch_all_sync:234) from logger `RFC.requestor`
[INFO] process requestor-worker-2 got PapersCoolPaperPage(arxiv_cs.CV?date=2024-03-12).PapersCoolPaperKimiSection(arxiv_cs.CV?date=2024-03-12_=2403.06977) from root queue

2024-04-08 17:24:55,740 <requestor-worker-2:882332, MainThread:140345783498560> (requestor.py:_fetch_all_sync:235 -> requestor.py:_fetch_single_sync:154) from logger `RFC.requestor`
[INFO] process requestor-worker-2 sending PapersCoolPaperPage(arxiv_cs.CV?date=2024-03-12).PapersCoolPaperKimiSection(arxiv_cs.CV?date=2024-03-12_=2403.06977) to middlewares

2024-04-08 17:24:55,764 <requestor-worker-2:882332, MainThread:140345783498560> (requestor.py:_fetch_all_sync:235 -> requestor.py:_fetch_single_sync:159) from logger `RFC.requestor`
[INFO] process requestor-worker-2 fetched PapersCoolPaperPage(arxiv_cs.CV?date=2024-03-12).PapersCoolPaperKimiSection(arxiv_cs.CV?date=2024-03-12_=2403.06977)

2024-04-08 17:24:55,766 <requestor-worker-2:882332, MainThread:140345783498560> (requestor.py:_fetch_all_single_process:296 -> requestor.py:_fetch_all_sync:234) from logger `RFC.requestor`
[INFO] process requestor-worker-2 got PapersCoolPaperPage(arxiv_cs.CV?date=2024-03-12).PapersCoolPaperKimiSection(arxiv_cs.CV?date=2024-03-12_=2403.06976) from root queue

2024-04-08 17:24:55,988 <requestor-worker-2:882332, MainThread:140345783498560> (requestor.py:_fetch_all_sync:235 -> requestor.py:_fetch_single_sync:154) from logger `RFC.requestor`
[INFO] process requestor-worker-2 sending PapersCoolPaperPage(arxiv_cs.CV?date=2024-03-12).PapersCoolPaperKimiSection(arxiv_cs.CV?date=2024-03-12_=2403.06976) to middlewares

2024-04-08 17:24:56,092 <requestor-worker-2:882332, MainThread:140345783498560> (requestor.py:_fetch_all_sync:235 -> requestor.py:_fetch_single_sync:159) from logger `RFC.requestor`
[INFO] process requestor-worker-2 fetched PapersCoolPaperPage(arxiv_cs.CV?date=2024-03-12).PapersCoolPaperKimiSection(arxiv_cs.CV?date=2024-03-12_=2403.06976)

2024-04-08 17:24:56,096 <requestor-worker-2:882332, MainThread:140345783498560> (requestor.py:_fetch_all_single_process:296 -> requestor.py:_fetch_all_sync:234) from logger `RFC.requestor`
[INFO] process requestor-worker-2 got PapersCoolPaperPage(arxiv_cs.CV?date=2024-03-12).PapersCoolPaperKimiSection(arxiv_cs.CV?date=2024-03-12_=2403.06974) from root queue

2024-04-08 17:24:56,295 <requestor-worker-2:882332, MainThread:140345783498560> (requestor.py:_fetch_all_sync:235 -> requestor.py:_fetch_single_sync:154) from logger `RFC.requestor`
[INFO] process requestor-worker-2 sending PapersCoolPaperPage(arxiv_cs.CV?date=2024-03-12).PapersCoolPaperKimiSection(arxiv_cs.CV?date=2024-03-12_=2403.06974) to middlewares

2024-04-08 17:24:56,308 <requestor-worker-2:882332, MainThread:140345783498560> (requestor.py:_fetch_all_sync:235 -> requestor.py:_fetch_single_sync:159) from logger `RFC.requestor`
[INFO] process requestor-worker-2 fetched PapersCoolPaperPage(arxiv_cs.CV?date=2024-03-12).PapersCoolPaperKimiSection(arxiv_cs.CV?date=2024-03-12_=2403.06974)

2024-04-08 17:24:56,310 <requestor-worker-2:882332, MainThread:140345783498560> (requestor.py:_fetch_all_single_process:296 -> requestor.py:_fetch_all_sync:234) from logger `RFC.requestor`
[INFO] process requestor-worker-2 got PapersCoolPaperPage(arxiv_cs.CV?date=2024-03-12).PapersCoolPaperKimiSection(arxiv_cs.CV?date=2024-03-12_=2403.06973) from root queue

2024-04-08 17:24:56,779 <requestor-worker-2:882332, MainThread:140345783498560> (requestor.py:_fetch_all_sync:235 -> requestor.py:_fetch_single_sync:154) from logger `RFC.requestor`
[INFO] process requestor-worker-2 sending PapersCoolPaperPage(arxiv_cs.CV?date=2024-03-12).PapersCoolPaperKimiSection(arxiv_cs.CV?date=2024-03-12_=2403.06973) to middlewares

2024-04-08 17:24:56,802 <requestor-worker-2:882332, MainThread:140345783498560> (requestor.py:_fetch_all_sync:235 -> requestor.py:_fetch_single_sync:159) from logger `RFC.requestor`
[INFO] process requestor-worker-2 fetched PapersCoolPaperPage(arxiv_cs.CV?date=2024-03-12).PapersCoolPaperKimiSection(arxiv_cs.CV?date=2024-03-12_=2403.06973)

2024-04-08 17:24:56,804 <requestor-worker-2:882332, MainThread:140345783498560> (requestor.py:_fetch_all_single_process:296 -> requestor.py:_fetch_all_sync:234) from logger `RFC.requestor`
[INFO] process requestor-worker-2 got PapersCoolPaperPage(arxiv_cs.CV?date=2024-03-12).PapersCoolPaperKimiSection(arxiv_cs.CV?date=2024-03-12_=2403.06961) from root queue

2024-04-08 17:24:57,023 <requestor-worker-2:882332, MainThread:140345783498560> (requestor.py:_fetch_all_sync:235 -> requestor.py:_fetch_single_sync:154) from logger `RFC.requestor`
[INFO] process requestor-worker-2 sending PapersCoolPaperPage(arxiv_cs.CV?date=2024-03-12).PapersCoolPaperKimiSection(arxiv_cs.CV?date=2024-03-12_=2403.06961) to middlewares

2024-04-08 17:24:57,046 <requestor-worker-2:882332, MainThread:140345783498560> (requestor.py:_fetch_all_sync:235 -> requestor.py:_fetch_single_sync:159) from logger `RFC.requestor`
[INFO] process requestor-worker-2 fetched PapersCoolPaperPage(arxiv_cs.CV?date=2024-03-12).PapersCoolPaperKimiSection(arxiv_cs.CV?date=2024-03-12_=2403.06961)

2024-04-08 17:24:57,049 <requestor-worker-2:882332, MainThread:140345783498560> (requestor.py:_fetch_all_single_process:296 -> requestor.py:_fetch_all_sync:234) from logger `RFC.requestor`
[INFO] process requestor-worker-2 got PapersCoolPaperPage(arxiv_cs.CV?date=2024-03-12).PapersCoolPaperKimiSection(arxiv_cs.CV?date=2024-03-12_=2403.06953) from root queue

2024-04-08 17:24:57,287 <requestor-worker-2:882332, MainThread:140345783498560> (requestor.py:_fetch_all_sync:235 -> requestor.py:_fetch_single_sync:154) from logger `RFC.requestor`
[INFO] process requestor-worker-2 sending PapersCoolPaperPage(arxiv_cs.CV?date=2024-03-12).PapersCoolPaperKimiSection(arxiv_cs.CV?date=2024-03-12_=2403.06953) to middlewares

2024-04-08 17:24:57,310 <requestor-worker-2:882332, MainThread:140345783498560> (requestor.py:_fetch_all_sync:235 -> requestor.py:_fetch_single_sync:159) from logger `RFC.requestor`
[INFO] process requestor-worker-2 fetched PapersCoolPaperPage(arxiv_cs.CV?date=2024-03-12).PapersCoolPaperKimiSection(arxiv_cs.CV?date=2024-03-12_=2403.06953)

2024-04-08 17:24:57,312 <requestor-worker-2:882332, MainThread:140345783498560> (requestor.py:_fetch_all_single_process:296 -> requestor.py:_fetch_all_sync:234) from logger `RFC.requestor`
[INFO] process requestor-worker-2 got PapersCoolPaperPage(arxiv_cs.CV?date=2024-03-12).PapersCoolPaperKimiSection(arxiv_cs.CV?date=2024-03-12_=2403.06952) from root queue

2024-04-08 17:24:57,533 <requestor-worker-2:882332, MainThread:140345783498560> (requestor.py:_fetch_all_sync:235 -> requestor.py:_fetch_single_sync:154) from logger `RFC.requestor`
[INFO] process requestor-worker-2 sending PapersCoolPaperPage(arxiv_cs.CV?date=2024-03-12).PapersCoolPaperKimiSection(arxiv_cs.CV?date=2024-03-12_=2403.06952) to middlewares

2024-04-08 17:24:57,554 <requestor-worker-2:882332, MainThread:140345783498560> (requestor.py:_fetch_all_sync:235 -> requestor.py:_fetch_single_sync:159) from logger `RFC.requestor`
[INFO] process requestor-worker-2 fetched PapersCoolPaperPage(arxiv_cs.CV?date=2024-03-12).PapersCoolPaperKimiSection(arxiv_cs.CV?date=2024-03-12_=2403.06952)

2024-04-08 17:24:57,556 <requestor-worker-2:882332, MainThread:140345783498560> (requestor.py:_fetch_all_single_process:296 -> requestor.py:_fetch_all_sync:234) from logger `RFC.requestor`
[INFO] process requestor-worker-2 got PapersCoolPaperPage(arxiv_cs.CV?date=2024-03-12).PapersCoolPaperKimiSection(arxiv_cs.CV?date=2024-03-12_=2403.06951) from root queue

2024-04-08 17:24:57,779 <requestor-worker-2:882332, MainThread:140345783498560> (requestor.py:_fetch_all_sync:235 -> requestor.py:_fetch_single_sync:154) from logger `RFC.requestor`
[INFO] process requestor-worker-2 sending PapersCoolPaperPage(arxiv_cs.CV?date=2024-03-12).PapersCoolPaperKimiSection(arxiv_cs.CV?date=2024-03-12_=2403.06951) to middlewares

2024-04-08 17:24:57,793 <requestor-worker-2:882332, MainThread:140345783498560> (requestor.py:_fetch_all_sync:235 -> requestor.py:_fetch_single_sync:159) from logger `RFC.requestor`
[INFO] process requestor-worker-2 fetched PapersCoolPaperPage(arxiv_cs.CV?date=2024-03-12).PapersCoolPaperKimiSection(arxiv_cs.CV?date=2024-03-12_=2403.06951)

2024-04-08 17:24:57,795 <requestor-worker-2:882332, MainThread:140345783498560> (requestor.py:_fetch_all_single_process:296 -> requestor.py:_fetch_all_sync:234) from logger `RFC.requestor`
[INFO] process requestor-worker-2 got PapersCoolPaperPage(arxiv_cs.CV?date=2024-03-12).PapersCoolPaperKimiSection(arxiv_cs.CV?date=2024-03-12_=2403.06947) from root queue

2024-04-08 17:29:49,787 <requestor-worker-1:882330, MainThread:140345783498560> (requestor.py:_fetch_all_sync:235 -> requestor.py:_fetch_single_sync:154) from logger `RFC.requestor`
[INFO] process requestor-worker-1 sending PapersCoolPaperPage(arxiv_cs.CV?date=2024-02-29).PapersCoolPaperKimiSection(arxiv_cs.CV?date=2024-02-29_=2402.17960) to middlewares

2024-04-08 17:29:49,812 <requestor-worker-1:882330, MainThread:140345783498560> (requestor.py:_fetch_all_sync:235 -> requestor.py:_fetch_single_sync:159) from logger `RFC.requestor`
[INFO] process requestor-worker-1 fetched PapersCoolPaperPage(arxiv_cs.CV?date=2024-02-29).PapersCoolPaperKimiSection(arxiv_cs.CV?date=2024-02-29_=2402.17960)

2024-04-08 17:29:49,818 <requestor-worker-1:882330, MainThread:140345783498560> (requestor.py:_fetch_all_single_process:296 -> requestor.py:_fetch_all_sync:234) from logger `RFC.requestor`
[INFO] process requestor-worker-1 got PapersCoolPaperPage(arxiv_cs.CV?date=2024-03-12).PapersCoolPaperKimiSection(arxiv_cs.CV?date=2024-03-12_=2403.06946) from root queue

2024-04-08 17:29:50,048 <requestor-worker-1:882330, MainThread:140345783498560> (requestor.py:_fetch_all_sync:235 -> requestor.py:_fetch_single_sync:154) from logger `RFC.requestor`
[INFO] process requestor-worker-1 sending PapersCoolPaperPage(arxiv_cs.CV?date=2024-03-12).PapersCoolPaperKimiSection(arxiv_cs.CV?date=2024-03-12_=2403.06946) to middlewares

2024-04-08 17:29:50,112 <requestor-worker-1:882330, MainThread:140345783498560> (requestor.py:_fetch_all_sync:235 -> requestor.py:_fetch_single_sync:159) from logger `RFC.requestor`
[INFO] process requestor-worker-1 fetched PapersCoolPaperPage(arxiv_cs.CV?date=2024-03-12).PapersCoolPaperKimiSection(arxiv_cs.CV?date=2024-03-12_=2403.06946)

2024-04-08 17:29:50,114 <requestor-worker-1:882330, MainThread:140345783498560> (requestor.py:_fetch_all_single_process:296 -> requestor.py:_fetch_all_sync:234) from logger `RFC.requestor`
[INFO] process requestor-worker-1 got PapersCoolPaperPage(arxiv_cs.CV?date=2024-03-12).PapersCoolPaperKimiSection(arxiv_cs.CV?date=2024-03-12_=2403.06912) from root queue

2024-04-08 17:29:50,327 <requestor-worker-1:882330, MainThread:140345783498560> (requestor.py:_fetch_all_sync:235 -> requestor.py:_fetch_single_sync:154) from logger `RFC.requestor`
[INFO] process requestor-worker-1 sending PapersCoolPaperPage(arxiv_cs.CV?date=2024-03-12).PapersCoolPaperKimiSection(arxiv_cs.CV?date=2024-03-12_=2403.06912) to middlewares

2024-04-08 17:29:50,338 <requestor-worker-1:882330, MainThread:140345783498560> (requestor.py:_fetch_all_sync:235 -> requestor.py:_fetch_single_sync:159) from logger `RFC.requestor`
[INFO] process requestor-worker-1 fetched PapersCoolPaperPage(arxiv_cs.CV?date=2024-03-12).PapersCoolPaperKimiSection(arxiv_cs.CV?date=2024-03-12_=2403.06912)

2024-04-08 17:29:50,339 <requestor-worker-1:882330, MainThread:140345783498560> (requestor.py:_fetch_all_single_process:296 -> requestor.py:_fetch_all_sync:234) from logger `RFC.requestor`
[INFO] process requestor-worker-1 got PapersCoolPaperPage(arxiv_cs.CV?date=2024-03-12).PapersCoolPaperKimiSection(arxiv_cs.CV?date=2024-03-12_=2403.06908) from root queue

2024-04-08 17:29:50,544 <requestor-worker-1:882330, MainThread:140345783498560> (requestor.py:_fetch_all_sync:235 -> requestor.py:_fetch_single_sync:154) from logger `RFC.requestor`
[INFO] process requestor-worker-1 sending PapersCoolPaperPage(arxiv_cs.CV?date=2024-03-12).PapersCoolPaperKimiSection(arxiv_cs.CV?date=2024-03-12_=2403.06908) to middlewares

2024-04-08 17:29:50,585 <requestor-worker-1:882330, MainThread:140345783498560> (requestor.py:_fetch_all_sync:235 -> requestor.py:_fetch_single_sync:159) from logger `RFC.requestor`
[INFO] process requestor-worker-1 fetched PapersCoolPaperPage(arxiv_cs.CV?date=2024-03-12).PapersCoolPaperKimiSection(arxiv_cs.CV?date=2024-03-12_=2403.06908)

2024-04-08 17:29:50,589 <requestor-worker-1:882330, MainThread:140345783498560> (requestor.py:_fetch_all_single_process:296 -> requestor.py:_fetch_all_sync:234) from logger `RFC.requestor`
[INFO] process requestor-worker-1 got PapersCoolPaperPage(arxiv_cs.CV?date=2024-03-12).PapersCoolPaperKimiSection(arxiv_cs.CV?date=2024-03-12_=2403.06904) from root queue

2024-04-08 17:29:51,203 <requestor-worker-1:882330, MainThread:140345783498560> (requestor.py:_fetch_all_sync:235 -> requestor.py:_fetch_single_sync:154) from logger `RFC.requestor`
[INFO] process requestor-worker-1 sending PapersCoolPaperPage(arxiv_cs.CV?date=2024-03-12).PapersCoolPaperKimiSection(arxiv_cs.CV?date=2024-03-12_=2403.06904) to middlewares

2024-04-08 17:29:51,225 <requestor-worker-1:882330, MainThread:140345783498560> (requestor.py:_fetch_all_sync:235 -> requestor.py:_fetch_single_sync:159) from logger `RFC.requestor`
[INFO] process requestor-worker-1 fetched PapersCoolPaperPage(arxiv_cs.CV?date=2024-03-12).PapersCoolPaperKimiSection(arxiv_cs.CV?date=2024-03-12_=2403.06904)

2024-04-08 17:29:51,227 <requestor-worker-1:882330, MainThread:140345783498560> (requestor.py:_fetch_all_single_process:296 -> requestor.py:_fetch_all_sync:234) from logger `RFC.requestor`
[INFO] process requestor-worker-1 got PapersCoolPaperPage(arxiv_cs.CV?date=2024-03-12).PapersCoolPaperKimiSection(arxiv_cs.CV?date=2024-03-12_=2403.06902) from root queue

2024-04-08 17:30:31,581 <requestor-worker-0:882324, MainThread:140345783498560> (requestor.py:_fetch_all_sync:235 -> requestor.py:_fetch_single_sync:154) from logger `RFC.requestor`
[INFO] process requestor-worker-0 sending PapersCoolPaperPage(arxiv_cs.CV?date=2024-03-12).PapersCoolPaperKimiSection(arxiv_cs.CV?date=2024-03-12_=2403.06797) to middlewares

2024-04-08 17:30:31,605 <requestor-worker-0:882324, MainThread:140345783498560> (requestor.py:_fetch_all_sync:235 -> requestor.py:_fetch_single_sync:159) from logger `RFC.requestor`
[INFO] process requestor-worker-0 fetched PapersCoolPaperPage(arxiv_cs.CV?date=2024-03-12).PapersCoolPaperKimiSection(arxiv_cs.CV?date=2024-03-12_=2403.06797)

2024-04-08 17:30:31,642 <requestor-worker-0:882324, MainThread:140345783498560> (requestor.py:_fetch_all_single_process:296 -> requestor.py:_fetch_all_sync:234) from logger `RFC.requestor`
[INFO] process requestor-worker-0 got PapersCoolPaperPage(arxiv_cs.CV?date=2024-03-12).PapersCoolPaperKimiSection(arxiv_cs.CV?date=2024-03-12_=2403.06895) from root queue

2024-04-08 17:30:31,861 <requestor-worker-0:882324, MainThread:140345783498560> (requestor.py:_fetch_all_sync:235 -> requestor.py:_fetch_single_sync:154) from logger `RFC.requestor`
[INFO] process requestor-worker-0 sending PapersCoolPaperPage(arxiv_cs.CV?date=2024-03-12).PapersCoolPaperKimiSection(arxiv_cs.CV?date=2024-03-12_=2403.06895) to middlewares

2024-04-08 17:30:31,881 <requestor-worker-0:882324, MainThread:140345783498560> (requestor.py:_fetch_all_sync:235 -> requestor.py:_fetch_single_sync:159) from logger `RFC.requestor`
[INFO] process requestor-worker-0 fetched PapersCoolPaperPage(arxiv_cs.CV?date=2024-03-12).PapersCoolPaperKimiSection(arxiv_cs.CV?date=2024-03-12_=2403.06895)

2024-04-08 17:30:31,883 <requestor-worker-0:882324, MainThread:140345783498560> (requestor.py:_fetch_all_single_process:296 -> requestor.py:_fetch_all_sync:234) from logger `RFC.requestor`
[INFO] process requestor-worker-0 got PapersCoolPaperPage(arxiv_cs.CV?date=2024-03-12).PapersCoolPaperKimiSection(arxiv_cs.CV?date=2024-03-12_=2403.06892) from root queue

2024-04-08 17:30:32,101 <requestor-worker-0:882324, MainThread:140345783498560> (requestor.py:_fetch_all_sync:235 -> requestor.py:_fetch_single_sync:154) from logger `RFC.requestor`
[INFO] process requestor-worker-0 sending PapersCoolPaperPage(arxiv_cs.CV?date=2024-03-12).PapersCoolPaperKimiSection(arxiv_cs.CV?date=2024-03-12_=2403.06892) to middlewares

2024-04-08 17:30:32,116 <requestor-worker-0:882324, MainThread:140345783498560> (requestor.py:_fetch_all_sync:235 -> requestor.py:_fetch_single_sync:159) from logger `RFC.requestor`
[INFO] process requestor-worker-0 fetched PapersCoolPaperPage(arxiv_cs.CV?date=2024-03-12).PapersCoolPaperKimiSection(arxiv_cs.CV?date=2024-03-12_=2403.06892)

2024-04-08 17:30:32,118 <requestor-worker-0:882324, MainThread:140345783498560> (requestor.py:_fetch_all_single_process:296 -> requestor.py:_fetch_all_sync:234) from logger `RFC.requestor`
[INFO] process requestor-worker-0 got PapersCoolPaperPage(arxiv_cs.CV?date=2024-03-12).PapersCoolPaperKimiSection(arxiv_cs.CV?date=2024-03-12_=2403.06884) from root queue

2024-04-08 17:30:32,359 <requestor-worker-0:882324, MainThread:140345783498560> (requestor.py:_fetch_all_sync:235 -> requestor.py:_fetch_single_sync:154) from logger `RFC.requestor`
[INFO] process requestor-worker-0 sending PapersCoolPaperPage(arxiv_cs.CV?date=2024-03-12).PapersCoolPaperKimiSection(arxiv_cs.CV?date=2024-03-12_=2403.06884) to middlewares

2024-04-08 17:30:32,385 <requestor-worker-0:882324, MainThread:140345783498560> (requestor.py:_fetch_all_sync:235 -> requestor.py:_fetch_single_sync:159) from logger `RFC.requestor`
[INFO] process requestor-worker-0 fetched PapersCoolPaperPage(arxiv_cs.CV?date=2024-03-12).PapersCoolPaperKimiSection(arxiv_cs.CV?date=2024-03-12_=2403.06884)

2024-04-08 17:30:32,387 <requestor-worker-0:882324, MainThread:140345783498560> (requestor.py:_fetch_all_single_process:296 -> requestor.py:_fetch_all_sync:234) from logger `RFC.requestor`
[INFO] process requestor-worker-0 got PapersCoolPaperPage(arxiv_cs.CV?date=2024-03-12).PapersCoolPaperKimiSection(arxiv_cs.CV?date=2024-03-12_=2403.06874) from root queue

2024-04-08 17:32:24,914 <requestor-worker-2:882332, MainThread:140345783498560> (requestor.py:_fetch_all_sync:235 -> requestor.py:_fetch_single_sync:154) from logger `RFC.requestor`
[INFO] process requestor-worker-2 sending PapersCoolPaperPage(arxiv_cs.CV?date=2024-03-12).PapersCoolPaperKimiSection(arxiv_cs.CV?date=2024-03-12_=2403.06947) to middlewares

2024-04-08 17:32:31,577 <requestor-worker-1:882330, MainThread:140345783498560> (requestor.py:_fetch_all_sync:235 -> requestor.py:_fetch_single_sync:154) from logger `RFC.requestor`
[INFO] process requestor-worker-1 sending PapersCoolPaperPage(arxiv_cs.CV?date=2024-03-12).PapersCoolPaperKimiSection(arxiv_cs.CV?date=2024-03-12_=2403.06902) to middlewares

2024-04-08 17:32:31,592 <requestor-worker-1:882330, MainThread:140345783498560> (requestor.py:_fetch_all_sync:235 -> requestor.py:_fetch_single_sync:159) from logger `RFC.requestor`
[INFO] process requestor-worker-1 fetched PapersCoolPaperPage(arxiv_cs.CV?date=2024-03-12).PapersCoolPaperKimiSection(arxiv_cs.CV?date=2024-03-12_=2403.06902)

2024-04-08 17:32:31,601 <requestor-worker-1:882330, MainThread:140345783498560> (requestor.py:_fetch_all_single_process:296 -> requestor.py:_fetch_all_sync:234) from logger `RFC.requestor`
[INFO] process requestor-worker-1 got PapersCoolPaperPage(arxiv_cs.CV?date=2024-03-12).PapersCoolPaperKimiSection(arxiv_cs.CV?date=2024-03-12_=2403.06866) from root queue

2024-04-08 17:32:31,914 <requestor-worker-1:882330, MainThread:140345783498560> (requestor.py:_fetch_all_sync:235 -> requestor.py:_fetch_single_sync:154) from logger `RFC.requestor`
[INFO] process requestor-worker-1 sending PapersCoolPaperPage(arxiv_cs.CV?date=2024-03-12).PapersCoolPaperKimiSection(arxiv_cs.CV?date=2024-03-12_=2403.06866) to middlewares

2024-04-08 17:32:31,942 <requestor-worker-1:882330, MainThread:140345783498560> (requestor.py:_fetch_all_sync:235 -> requestor.py:_fetch_single_sync:159) from logger `RFC.requestor`
[INFO] process requestor-worker-1 fetched PapersCoolPaperPage(arxiv_cs.CV?date=2024-03-12).PapersCoolPaperKimiSection(arxiv_cs.CV?date=2024-03-12_=2403.06866)

2024-04-08 17:32:31,944 <requestor-worker-1:882330, MainThread:140345783498560> (requestor.py:_fetch_all_single_process:296 -> requestor.py:_fetch_all_sync:234) from logger `RFC.requestor`
[INFO] process requestor-worker-1 got PapersCoolPaperPage(arxiv_cs.CV?date=2024-03-12).PapersCoolPaperKimiSection(arxiv_cs.CV?date=2024-03-12_=2403.06862) from root queue

2024-04-08 17:32:32,193 <requestor-worker-1:882330, MainThread:140345783498560> (requestor.py:_fetch_all_sync:235 -> requestor.py:_fetch_single_sync:154) from logger `RFC.requestor`
[INFO] process requestor-worker-1 sending PapersCoolPaperPage(arxiv_cs.CV?date=2024-03-12).PapersCoolPaperKimiSection(arxiv_cs.CV?date=2024-03-12_=2403.06862) to middlewares

2024-04-08 17:32:32,221 <requestor-worker-1:882330, MainThread:140345783498560> (requestor.py:_fetch_all_sync:235 -> requestor.py:_fetch_single_sync:159) from logger `RFC.requestor`
[INFO] process requestor-worker-1 fetched PapersCoolPaperPage(arxiv_cs.CV?date=2024-03-12).PapersCoolPaperKimiSection(arxiv_cs.CV?date=2024-03-12_=2403.06862)

2024-04-08 17:32:32,224 <requestor-worker-1:882330, MainThread:140345783498560> (requestor.py:_fetch_all_single_process:296 -> requestor.py:_fetch_all_sync:234) from logger `RFC.requestor`
[INFO] process requestor-worker-1 got PapersCoolPaperPage(arxiv_cs.CV?date=2024-03-12).PapersCoolPaperKimiSection(arxiv_cs.CV?date=2024-03-12_=2403.06846) from root queue

2024-04-08 17:32:40,072 <requestor-worker-2:882332, MainThread:140345783498560> (requestor.py:_fetch_all_sync:235 -> requestor.py:_fetch_single_sync:159) from logger `RFC.requestor`
[INFO] process requestor-worker-2 fetched PapersCoolPaperPage(arxiv_cs.CV?date=2024-03-12).PapersCoolPaperKimiSection(arxiv_cs.CV?date=2024-03-12_=2403.06947)

2024-04-08 17:32:40,076 <requestor-worker-2:882332, MainThread:140345783498560> (requestor.py:_fetch_all_single_process:296 -> requestor.py:_fetch_all_sync:234) from logger `RFC.requestor`
[INFO] process requestor-worker-2 got PapersCoolPaperPage(arxiv_cs.CV?date=2024-03-12).PapersCoolPaperKimiSection(arxiv_cs.CV?date=2024-03-12_=2403.06845) from root queue

2024-04-08 17:32:40,301 <requestor-worker-2:882332, MainThread:140345783498560> (requestor.py:_fetch_all_sync:235 -> requestor.py:_fetch_single_sync:154) from logger `RFC.requestor`
[INFO] process requestor-worker-2 sending PapersCoolPaperPage(arxiv_cs.CV?date=2024-03-12).PapersCoolPaperKimiSection(arxiv_cs.CV?date=2024-03-12_=2403.06845) to middlewares

2024-04-08 17:32:40,317 <requestor-worker-2:882332, MainThread:140345783498560> (requestor.py:_fetch_all_sync:235 -> requestor.py:_fetch_single_sync:159) from logger `RFC.requestor`
[INFO] process requestor-worker-2 fetched PapersCoolPaperPage(arxiv_cs.CV?date=2024-03-12).PapersCoolPaperKimiSection(arxiv_cs.CV?date=2024-03-12_=2403.06845)

2024-04-08 17:32:40,319 <requestor-worker-2:882332, MainThread:140345783498560> (requestor.py:_fetch_all_single_process:296 -> requestor.py:_fetch_all_sync:234) from logger `RFC.requestor`
[INFO] process requestor-worker-2 got PapersCoolPaperPage(arxiv_cs.CV?date=2024-03-12).PapersCoolPaperKimiSection(arxiv_cs.CV?date=2024-03-12_=2403.06837) from root queue

2024-04-08 17:32:40,556 <requestor-worker-2:882332, MainThread:140345783498560> (requestor.py:_fetch_all_sync:235 -> requestor.py:_fetch_single_sync:154) from logger `RFC.requestor`
[INFO] process requestor-worker-2 sending PapersCoolPaperPage(arxiv_cs.CV?date=2024-03-12).PapersCoolPaperKimiSection(arxiv_cs.CV?date=2024-03-12_=2403.06837) to middlewares

2024-04-08 17:32:40,581 <requestor-worker-2:882332, MainThread:140345783498560> (requestor.py:_fetch_all_sync:235 -> requestor.py:_fetch_single_sync:159) from logger `RFC.requestor`
[INFO] process requestor-worker-2 fetched PapersCoolPaperPage(arxiv_cs.CV?date=2024-03-12).PapersCoolPaperKimiSection(arxiv_cs.CV?date=2024-03-12_=2403.06837)

2024-04-08 17:32:40,583 <requestor-worker-2:882332, MainThread:140345783498560> (requestor.py:_fetch_all_single_process:296 -> requestor.py:_fetch_all_sync:234) from logger `RFC.requestor`
[INFO] process requestor-worker-2 got PapersCoolPaperPage(arxiv_cs.CV?date=2024-03-12).PapersCoolPaperKimiSection(arxiv_cs.CV?date=2024-03-12_=2403.06835) from root queue

2024-04-08 17:32:40,836 <requestor-worker-2:882332, MainThread:140345783498560> (requestor.py:_fetch_all_sync:235 -> requestor.py:_fetch_single_sync:154) from logger `RFC.requestor`
[INFO] process requestor-worker-2 sending PapersCoolPaperPage(arxiv_cs.CV?date=2024-03-12).PapersCoolPaperKimiSection(arxiv_cs.CV?date=2024-03-12_=2403.06835) to middlewares

2024-04-08 17:32:40,854 <requestor-worker-2:882332, MainThread:140345783498560> (requestor.py:_fetch_all_sync:235 -> requestor.py:_fetch_single_sync:159) from logger `RFC.requestor`
[INFO] process requestor-worker-2 fetched PapersCoolPaperPage(arxiv_cs.CV?date=2024-03-12).PapersCoolPaperKimiSection(arxiv_cs.CV?date=2024-03-12_=2403.06835)

2024-04-08 17:32:40,856 <requestor-worker-2:882332, MainThread:140345783498560> (requestor.py:_fetch_all_single_process:296 -> requestor.py:_fetch_all_sync:234) from logger `RFC.requestor`
[INFO] process requestor-worker-2 got PapersCoolPaperPage(arxiv_cs.CV?date=2024-03-12).PapersCoolPaperKimiSection(arxiv_cs.CV?date=2024-03-12_=2403.06831) from root queue

2024-04-08 17:32:41,097 <requestor-worker-2:882332, MainThread:140345783498560> (requestor.py:_fetch_all_sync:235 -> requestor.py:_fetch_single_sync:154) from logger `RFC.requestor`
[INFO] process requestor-worker-2 sending PapersCoolPaperPage(arxiv_cs.CV?date=2024-03-12).PapersCoolPaperKimiSection(arxiv_cs.CV?date=2024-03-12_=2403.06831) to middlewares

2024-04-08 17:32:41,116 <requestor-worker-2:882332, MainThread:140345783498560> (requestor.py:_fetch_all_sync:235 -> requestor.py:_fetch_single_sync:159) from logger `RFC.requestor`
[INFO] process requestor-worker-2 fetched PapersCoolPaperPage(arxiv_cs.CV?date=2024-03-12).PapersCoolPaperKimiSection(arxiv_cs.CV?date=2024-03-12_=2403.06831)

2024-04-08 17:32:41,118 <requestor-worker-2:882332, MainThread:140345783498560> (requestor.py:_fetch_all_single_process:296 -> requestor.py:_fetch_all_sync:234) from logger `RFC.requestor`
[INFO] process requestor-worker-2 got PapersCoolPaperPage(arxiv_cs.CV?date=2024-03-12).PapersCoolPaperKimiSection(arxiv_cs.CV?date=2024-03-12_=2403.06813) from root queue

2024-04-08 17:34:35,392 <requestor-worker-0:882324, MainThread:140345783498560> (requestor.py:_fetch_all_sync:235 -> requestor.py:_fetch_single_sync:154) from logger `RFC.requestor`
[INFO] process requestor-worker-0 sending PapersCoolPaperPage(arxiv_cs.CV?date=2024-03-12).PapersCoolPaperKimiSection(arxiv_cs.CV?date=2024-03-12_=2403.06874) to middlewares

2024-04-08 17:34:35,410 <requestor-worker-0:882324, MainThread:140345783498560> (requestor.py:_fetch_all_sync:235 -> requestor.py:_fetch_single_sync:159) from logger `RFC.requestor`
[INFO] process requestor-worker-0 fetched PapersCoolPaperPage(arxiv_cs.CV?date=2024-03-12).PapersCoolPaperKimiSection(arxiv_cs.CV?date=2024-03-12_=2403.06874)

2024-04-08 17:34:35,436 <requestor-worker-0:882324, MainThread:140345783498560> (requestor.py:_fetch_all_single_process:296 -> requestor.py:_fetch_all_sync:234) from logger `RFC.requestor`
[INFO] process requestor-worker-0 got PapersCoolPaperPage(arxiv_cs.CV?date=2024-03-12).PapersCoolPaperKimiSection(arxiv_cs.CV?date=2024-03-12_=2403.06810) from root queue

2024-04-08 17:34:35,674 <requestor-worker-0:882324, MainThread:140345783498560> (requestor.py:_fetch_all_sync:235 -> requestor.py:_fetch_single_sync:154) from logger `RFC.requestor`
[INFO] process requestor-worker-0 sending PapersCoolPaperPage(arxiv_cs.CV?date=2024-03-12).PapersCoolPaperKimiSection(arxiv_cs.CV?date=2024-03-12_=2403.06810) to middlewares

2024-04-08 17:34:35,705 <requestor-worker-0:882324, MainThread:140345783498560> (requestor.py:_fetch_all_sync:235 -> requestor.py:_fetch_single_sync:159) from logger `RFC.requestor`
[INFO] process requestor-worker-0 fetched PapersCoolPaperPage(arxiv_cs.CV?date=2024-03-12).PapersCoolPaperKimiSection(arxiv_cs.CV?date=2024-03-12_=2403.06810)

2024-04-08 17:34:35,707 <requestor-worker-0:882324, MainThread:140345783498560> (requestor.py:_fetch_all_single_process:296 -> requestor.py:_fetch_all_sync:234) from logger `RFC.requestor`
[INFO] process requestor-worker-0 got PapersCoolPaperPage(arxiv_cs.CV?date=2024-03-12).PapersCoolPaperKimiSection(arxiv_cs.CV?date=2024-03-12_=2403.06804) from root queue

2024-04-08 17:34:41,261 <requestor-worker-1:882330, MainThread:140345783498560> (requestor.py:_fetch_all_sync:235 -> requestor.py:_fetch_single_sync:154) from logger `RFC.requestor`
[INFO] process requestor-worker-1 sending PapersCoolPaperPage(arxiv_cs.CV?date=2024-03-12).PapersCoolPaperKimiSection(arxiv_cs.CV?date=2024-03-12_=2403.06846) to middlewares

2024-04-08 17:34:41,276 <requestor-worker-1:882330, MainThread:140345783498560> (requestor.py:_fetch_all_sync:235 -> requestor.py:_fetch_single_sync:159) from logger `RFC.requestor`
[INFO] process requestor-worker-1 fetched PapersCoolPaperPage(arxiv_cs.CV?date=2024-03-12).PapersCoolPaperKimiSection(arxiv_cs.CV?date=2024-03-12_=2403.06846)

2024-04-08 17:34:41,279 <requestor-worker-1:882330, MainThread:140345783498560> (requestor.py:_fetch_all_single_process:296 -> requestor.py:_fetch_all_sync:234) from logger `RFC.requestor`
[INFO] process requestor-worker-1 got PapersCoolPaperPage(arxiv_cs.CV?date=2024-03-12).PapersCoolPaperKimiSection(arxiv_cs.CV?date=2024-03-12_=2403.06803) from root queue

2024-04-08 17:36:19,990 <requestor-worker-0:882324, MainThread:140345783498560> (requestor.py:_fetch_all_sync:235 -> requestor.py:_fetch_single_sync:154) from logger `RFC.requestor`
[INFO] process requestor-worker-0 sending PapersCoolPaperPage(arxiv_cs.CV?date=2024-03-12).PapersCoolPaperKimiSection(arxiv_cs.CV?date=2024-03-12_=2403.06804) to middlewares

2024-04-08 17:36:20,043 <requestor-worker-0:882324, MainThread:140345783498560> (requestor.py:_fetch_all_sync:235 -> requestor.py:_fetch_single_sync:159) from logger `RFC.requestor`
[INFO] process requestor-worker-0 fetched PapersCoolPaperPage(arxiv_cs.CV?date=2024-03-12).PapersCoolPaperKimiSection(arxiv_cs.CV?date=2024-03-12_=2403.06804)

2024-04-08 17:36:20,050 <requestor-worker-0:882324, MainThread:140345783498560> (requestor.py:_fetch_all_single_process:296 -> requestor.py:_fetch_all_sync:234) from logger `RFC.requestor`
[INFO] process requestor-worker-0 got PapersCoolPaperPage(arxiv_cs.CV?date=2024-03-12).PapersCoolPaperKimiSection(arxiv_cs.CV?date=2024-03-12_=2403.06800) from root queue

2024-04-08 17:36:20,272 <requestor-worker-0:882324, MainThread:140345783498560> (requestor.py:_fetch_all_sync:235 -> requestor.py:_fetch_single_sync:154) from logger `RFC.requestor`
[INFO] process requestor-worker-0 sending PapersCoolPaperPage(arxiv_cs.CV?date=2024-03-12).PapersCoolPaperKimiSection(arxiv_cs.CV?date=2024-03-12_=2403.06800) to middlewares

2024-04-08 17:36:20,286 <requestor-worker-0:882324, MainThread:140345783498560> (requestor.py:_fetch_all_sync:235 -> requestor.py:_fetch_single_sync:159) from logger `RFC.requestor`
[INFO] process requestor-worker-0 fetched PapersCoolPaperPage(arxiv_cs.CV?date=2024-03-12).PapersCoolPaperKimiSection(arxiv_cs.CV?date=2024-03-12_=2403.06800)

2024-04-08 17:36:20,289 <requestor-worker-0:882324, MainThread:140345783498560> (requestor.py:_fetch_all_single_process:296 -> requestor.py:_fetch_all_sync:234) from logger `RFC.requestor`
[INFO] process requestor-worker-0 got PapersCoolPaperPage(arxiv_cs.CV?date=2024-03-12).PapersCoolPaperKimiSection(arxiv_cs.CV?date=2024-03-12_=2403.06793) from root queue

2024-04-08 17:36:20,480 <requestor-worker-0:882324, MainThread:140345783498560> (requestor.py:_fetch_all_sync:235 -> requestor.py:_fetch_single_sync:154) from logger `RFC.requestor`
[INFO] process requestor-worker-0 sending PapersCoolPaperPage(arxiv_cs.CV?date=2024-03-12).PapersCoolPaperKimiSection(arxiv_cs.CV?date=2024-03-12_=2403.06793) to middlewares

2024-04-08 17:36:20,495 <requestor-worker-0:882324, MainThread:140345783498560> (requestor.py:_fetch_all_sync:235 -> requestor.py:_fetch_single_sync:159) from logger `RFC.requestor`
[INFO] process requestor-worker-0 fetched PapersCoolPaperPage(arxiv_cs.CV?date=2024-03-12).PapersCoolPaperKimiSection(arxiv_cs.CV?date=2024-03-12_=2403.06793)

2024-04-08 17:36:20,497 <requestor-worker-0:882324, MainThread:140345783498560> (requestor.py:_fetch_all_single_process:296 -> requestor.py:_fetch_all_sync:234) from logger `RFC.requestor`
[INFO] process requestor-worker-0 got PapersCoolPaperPage(venue_INTERSPEECH.2004) from root queue

2024-04-08 17:36:20,499 <requestor-worker-0:882324, MainThread:140345783498560> (requestor.py:_fetch_single_sync:138 -> requestor.py:_check_saved_result:115) from logger `RFC.requestor`
[INFO] process requestor-worker-0 saved result found for PapersCoolPaperPage(venue_INTERSPEECH.2004)

2024-04-08 17:36:20,595 <requestor-worker-0:882324, MainThread:140345783498560> (requestor.py:_fetch_all_sync:235 -> requestor.py:_fetch_single_sync:142) from logger `RFC.requestor`
[INFO] process requestor-worker-0 fetched PapersCoolPaperPage(venue_INTERSPEECH.2004) from saved result

2024-04-08 17:36:20,599 <requestor-worker-0:882324, MainThread:140345783498560> (requestor.py:_fetch_all_single_process:296 -> requestor.py:_fetch_all_sync:234) from logger `RFC.requestor`
[INFO] process requestor-worker-0 got PapersCoolPaperPage(arxiv_cs.CV?date=2024-03-12).PapersCoolPaperKimiSection(arxiv_cs.CV?date=2024-03-12_=2403.06786) from root queue

2024-04-08 17:36:20,789 <requestor-worker-0:882324, MainThread:140345783498560> (requestor.py:_fetch_all_sync:235 -> requestor.py:_fetch_single_sync:154) from logger `RFC.requestor`
[INFO] process requestor-worker-0 sending PapersCoolPaperPage(arxiv_cs.CV?date=2024-03-12).PapersCoolPaperKimiSection(arxiv_cs.CV?date=2024-03-12_=2403.06786) to middlewares

2024-04-08 17:36:20,802 <requestor-worker-0:882324, MainThread:140345783498560> (requestor.py:_fetch_all_sync:235 -> requestor.py:_fetch_single_sync:159) from logger `RFC.requestor`
[INFO] process requestor-worker-0 fetched PapersCoolPaperPage(arxiv_cs.CV?date=2024-03-12).PapersCoolPaperKimiSection(arxiv_cs.CV?date=2024-03-12_=2403.06786)

2024-04-08 17:36:20,804 <requestor-worker-0:882324, MainThread:140345783498560> (requestor.py:_fetch_all_single_process:296 -> requestor.py:_fetch_all_sync:234) from logger `RFC.requestor`
[INFO] process requestor-worker-0 got PapersCoolPaperPage(venue_INTERSPEECH.2004).PapersCoolPaperKimiSection(venue_INTERSPEECH.2004_=kim04t@interspeech_2004@ISCA) from root queue

2024-04-08 17:36:21,397 <requestor-worker-2:882332, MainThread:140345783498560> (requestor.py:_fetch_all_sync:235 -> requestor.py:_fetch_single_sync:154) from logger `RFC.requestor`
[INFO] process requestor-worker-2 sending PapersCoolPaperPage(arxiv_cs.CV?date=2024-03-12).PapersCoolPaperKimiSection(arxiv_cs.CV?date=2024-03-12_=2403.06813) to middlewares

2024-04-08 17:36:21,421 <requestor-worker-2:882332, MainThread:140345783498560> (requestor.py:_fetch_all_sync:235 -> requestor.py:_fetch_single_sync:159) from logger `RFC.requestor`
[INFO] process requestor-worker-2 fetched PapersCoolPaperPage(arxiv_cs.CV?date=2024-03-12).PapersCoolPaperKimiSection(arxiv_cs.CV?date=2024-03-12_=2403.06813)

2024-04-08 17:36:21,423 <requestor-worker-2:882332, MainThread:140345783498560> (requestor.py:_fetch_all_single_process:296 -> requestor.py:_fetch_all_sync:234) from logger `RFC.requestor`
[INFO] process requestor-worker-2 got PapersCoolPaperPage(venue_INTERSPEECH.2004).PapersCoolPaperKimiSection(venue_INTERSPEECH.2004_=tadj04@interspeech_2004@ISCA) from root queue

2024-04-08 17:36:26,937 <requestor-worker-1:882330, MainThread:140345783498560> (requestor.py:_fetch_all_sync:235 -> requestor.py:_fetch_single_sync:154) from logger `RFC.requestor`
[INFO] process requestor-worker-1 sending PapersCoolPaperPage(arxiv_cs.CV?date=2024-03-12).PapersCoolPaperKimiSection(arxiv_cs.CV?date=2024-03-12_=2403.06803) to middlewares

2024-04-08 17:36:26,963 <requestor-worker-1:882330, MainThread:140345783498560> (requestor.py:_fetch_all_sync:235 -> requestor.py:_fetch_single_sync:159) from logger `RFC.requestor`
[INFO] process requestor-worker-1 fetched PapersCoolPaperPage(arxiv_cs.CV?date=2024-03-12).PapersCoolPaperKimiSection(arxiv_cs.CV?date=2024-03-12_=2403.06803)

2024-04-08 17:36:26,965 <requestor-worker-1:882330, MainThread:140345783498560> (requestor.py:_fetch_all_single_process:296 -> requestor.py:_fetch_all_sync:234) from logger `RFC.requestor`
[INFO] process requestor-worker-1 got PapersCoolPaperPage(venue_INTERSPEECH.2004).PapersCoolPaperKimiSection(venue_INTERSPEECH.2004_=angkititrakul04@interspeech_2004@ISCA) from root queue

2024-04-08 17:38:02,819 <requestor-worker-2:882332, MainThread:140345783498560> (requestor.py:_fetch_all_sync:235 -> requestor.py:_fetch_single_sync:154) from logger `RFC.requestor`
[INFO] process requestor-worker-2 sending PapersCoolPaperPage(venue_INTERSPEECH.2004).PapersCoolPaperKimiSection(venue_INTERSPEECH.2004_=tadj04@interspeech_2004@ISCA) to middlewares

2024-04-08 17:38:02,839 <requestor-worker-2:882332, MainThread:140345783498560> (requestor.py:_fetch_all_sync:235 -> requestor.py:_fetch_single_sync:159) from logger `RFC.requestor`
[INFO] process requestor-worker-2 fetched PapersCoolPaperPage(venue_INTERSPEECH.2004).PapersCoolPaperKimiSection(venue_INTERSPEECH.2004_=tadj04@interspeech_2004@ISCA)

2024-04-08 17:38:02,842 <requestor-worker-2:882332, MainThread:140345783498560> (requestor.py:_fetch_all_single_process:296 -> requestor.py:_fetch_all_sync:234) from logger `RFC.requestor`
[INFO] process requestor-worker-2 got PapersCoolPaperPage(venue_INTERSPEECH.2004).PapersCoolPaperKimiSection(venue_INTERSPEECH.2004_=lee04@interspeech_2004@ISCA) from root queue

2024-04-08 17:38:11,719 <requestor-worker-1:882330, MainThread:140345783498560> (requestor.py:_fetch_all_sync:235 -> requestor.py:_fetch_single_sync:154) from logger `RFC.requestor`
[INFO] process requestor-worker-1 sending PapersCoolPaperPage(venue_INTERSPEECH.2004).PapersCoolPaperKimiSection(venue_INTERSPEECH.2004_=angkititrakul04@interspeech_2004@ISCA) to middlewares

2024-04-08 17:38:11,739 <requestor-worker-1:882330, MainThread:140345783498560> (requestor.py:_fetch_all_sync:235 -> requestor.py:_fetch_single_sync:159) from logger `RFC.requestor`
[INFO] process requestor-worker-1 fetched PapersCoolPaperPage(venue_INTERSPEECH.2004).PapersCoolPaperKimiSection(venue_INTERSPEECH.2004_=angkititrakul04@interspeech_2004@ISCA)

2024-04-08 17:38:11,741 <requestor-worker-1:882330, MainThread:140345783498560> (requestor.py:_fetch_all_single_process:296 -> requestor.py:_fetch_all_sync:234) from logger `RFC.requestor`
[INFO] process requestor-worker-1 got PapersCoolPaperPage(venue_INTERSPEECH.2004).PapersCoolPaperKimiSection(venue_INTERSPEECH.2004_=lee04b@interspeech_2004@ISCA) from root queue

2024-04-08 17:39:14,039 <requestor-worker-0:882324, MainThread:140345783498560> (requestor.py:_fetch_all_sync:235 -> requestor.py:_fetch_single_sync:154) from logger `RFC.requestor`
[INFO] process requestor-worker-0 sending PapersCoolPaperPage(venue_INTERSPEECH.2004).PapersCoolPaperKimiSection(venue_INTERSPEECH.2004_=kim04t@interspeech_2004@ISCA) to middlewares

2024-04-08 17:39:14,216 <requestor-worker-0:882324, MainThread:140345783498560> (requestor.py:_fetch_all_sync:235 -> requestor.py:_fetch_single_sync:159) from logger `RFC.requestor`
[INFO] process requestor-worker-0 fetched PapersCoolPaperPage(venue_INTERSPEECH.2004).PapersCoolPaperKimiSection(venue_INTERSPEECH.2004_=kim04t@interspeech_2004@ISCA)

2024-04-08 17:39:14,273 <requestor-worker-0:882324, MainThread:140345783498560> (requestor.py:_fetch_all_single_process:296 -> requestor.py:_fetch_all_sync:234) from logger `RFC.requestor`
[INFO] process requestor-worker-0 got PapersCoolPaperPage(venue_INTERSPEECH.2004).PapersCoolPaperKimiSection(venue_INTERSPEECH.2004_=vaissiere04@interspeech_2004@ISCA) from root queue

2024-04-08 17:39:28,576 <requestor-worker-2:882332, MainThread:140345783498560> (requestor.py:_fetch_all_sync:235 -> requestor.py:_fetch_single_sync:154) from logger `RFC.requestor`
[INFO] process requestor-worker-2 sending PapersCoolPaperPage(venue_INTERSPEECH.2004).PapersCoolPaperKimiSection(venue_INTERSPEECH.2004_=lee04@interspeech_2004@ISCA) to middlewares

2024-04-08 17:39:28,599 <requestor-worker-2:882332, MainThread:140345783498560> (requestor.py:_fetch_all_sync:235 -> requestor.py:_fetch_single_sync:159) from logger `RFC.requestor`
[INFO] process requestor-worker-2 fetched PapersCoolPaperPage(venue_INTERSPEECH.2004).PapersCoolPaperKimiSection(venue_INTERSPEECH.2004_=lee04@interspeech_2004@ISCA)

2024-04-08 17:39:28,602 <requestor-worker-2:882332, MainThread:140345783498560> (requestor.py:_fetch_all_single_process:296 -> requestor.py:_fetch_all_sync:234) from logger `RFC.requestor`
[INFO] process requestor-worker-2 got PapersCoolPaperPage(venue_INTERSPEECH.2004).PapersCoolPaperKimiSection(venue_INTERSPEECH.2004_=kim04c@interspeech_2004@ISCA) from root queue

2024-04-08 17:39:52,727 <requestor-worker-1:882330, MainThread:140345783498560> (requestor.py:_fetch_all_sync:235 -> requestor.py:_fetch_single_sync:154) from logger `RFC.requestor`
[INFO] process requestor-worker-1 sending PapersCoolPaperPage(venue_INTERSPEECH.2004).PapersCoolPaperKimiSection(venue_INTERSPEECH.2004_=lee04b@interspeech_2004@ISCA) to middlewares

2024-04-08 17:40:00,385 <requestor-worker-1:882330, MainThread:140345783498560> (requestor.py:_fetch_all_sync:235 -> requestor.py:_fetch_single_sync:159) from logger `RFC.requestor`
[INFO] process requestor-worker-1 fetched PapersCoolPaperPage(venue_INTERSPEECH.2004).PapersCoolPaperKimiSection(venue_INTERSPEECH.2004_=lee04b@interspeech_2004@ISCA)

2024-04-08 17:40:00,389 <requestor-worker-1:882330, MainThread:140345783498560> (requestor.py:_fetch_all_single_process:296 -> requestor.py:_fetch_all_sync:234) from logger `RFC.requestor`
[INFO] process requestor-worker-1 got PapersCoolPaperPage(venue_INTERSPEECH.2004).PapersCoolPaperKimiSection(venue_INTERSPEECH.2004_=noiray04@interspeech_2004@ISCA) from root queue

2024-04-08 17:40:00,392 <requestor-worker-1:882330, MainThread:140345783498560> (requestor.py:_fetch_single_sync:138 -> requestor.py:_check_saved_result:115) from logger `RFC.requestor`
[INFO] process requestor-worker-1 saved result found for PapersCoolPaperPage(venue_INTERSPEECH.2004).PapersCoolPaperKimiSection(venue_INTERSPEECH.2004_=noiray04@interspeech_2004@ISCA)

2024-04-08 17:40:00,394 <requestor-worker-1:882330, MainThread:140345783498560> (requestor.py:_fetch_all_sync:235 -> requestor.py:_fetch_single_sync:142) from logger `RFC.requestor`
[INFO] process requestor-worker-1 fetched PapersCoolPaperPage(venue_INTERSPEECH.2004).PapersCoolPaperKimiSection(venue_INTERSPEECH.2004_=noiray04@interspeech_2004@ISCA) from saved result

2024-04-08 17:40:00,396 <requestor-worker-1:882330, MainThread:140345783498560> (requestor.py:_fetch_all_single_process:296 -> requestor.py:_fetch_all_sync:234) from logger `RFC.requestor`
[INFO] process requestor-worker-1 got PapersCoolPaperPage(venue_INTERSPEECH.2004).PapersCoolPaperKimiSection(venue_INTERSPEECH.2004_=hunt04@interspeech_2004@ISCA) from root queue

2024-04-08 17:40:57,760 <requestor-worker-2:882332, MainThread:140345783498560> (requestor.py:_fetch_all_sync:235 -> requestor.py:_fetch_single_sync:154) from logger `RFC.requestor`
[INFO] process requestor-worker-2 sending PapersCoolPaperPage(venue_INTERSPEECH.2004).PapersCoolPaperKimiSection(venue_INTERSPEECH.2004_=kim04c@interspeech_2004@ISCA) to middlewares

2024-04-08 17:40:57,931 <requestor-worker-2:882332, MainThread:140345783498560> (requestor.py:_fetch_all_sync:235 -> requestor.py:_fetch_single_sync:159) from logger `RFC.requestor`
[INFO] process requestor-worker-2 fetched PapersCoolPaperPage(venue_INTERSPEECH.2004).PapersCoolPaperKimiSection(venue_INTERSPEECH.2004_=kim04c@interspeech_2004@ISCA)

2024-04-08 17:40:57,948 <requestor-worker-2:882332, MainThread:140345783498560> (requestor.py:_fetch_all_single_process:296 -> requestor.py:_fetch_all_sync:234) from logger `RFC.requestor`
[INFO] process requestor-worker-2 got PapersCoolPaperPage(venue_INTERSPEECH.2004).PapersCoolPaperKimiSection(venue_INTERSPEECH.2004_=tian04@interspeech_2004@ISCA) from root queue

2024-04-08 17:41:04,515 <requestor-worker-0:882324, MainThread:140345783498560> (requestor.py:_fetch_all_sync:235 -> requestor.py:_fetch_single_sync:154) from logger `RFC.requestor`
[INFO] process requestor-worker-0 sending PapersCoolPaperPage(venue_INTERSPEECH.2004).PapersCoolPaperKimiSection(venue_INTERSPEECH.2004_=vaissiere04@interspeech_2004@ISCA) to middlewares

2024-04-08 17:41:04,570 <requestor-worker-0:882324, MainThread:140345783498560> (requestor.py:_fetch_all_sync:235 -> requestor.py:_fetch_single_sync:159) from logger `RFC.requestor`
[INFO] process requestor-worker-0 fetched PapersCoolPaperPage(venue_INTERSPEECH.2004).PapersCoolPaperKimiSection(venue_INTERSPEECH.2004_=vaissiere04@interspeech_2004@ISCA)

2024-04-08 17:41:04,571 <requestor-worker-0:882324, MainThread:140345783498560> (requestor.py:_fetch_all_single_process:296 -> requestor.py:_fetch_all_sync:234) from logger `RFC.requestor`
[INFO] process requestor-worker-0 got PapersCoolPaperPage(venue_INTERSPEECH.2004).PapersCoolPaperKimiSection(venue_INTERSPEECH.2004_=cutler04@interspeech_2004@ISCA) from root queue

2024-04-08 17:42:27,216 <requestor-worker-1:882330, MainThread:140345783498560> (requestor.py:_fetch_all_sync:235 -> requestor.py:_fetch_single_sync:154) from logger `RFC.requestor`
[INFO] process requestor-worker-1 sending PapersCoolPaperPage(venue_INTERSPEECH.2004).PapersCoolPaperKimiSection(venue_INTERSPEECH.2004_=hunt04@interspeech_2004@ISCA) to middlewares

2024-04-08 17:42:27,263 <requestor-worker-1:882330, MainThread:140345783498560> (requestor.py:_fetch_all_sync:235 -> requestor.py:_fetch_single_sync:159) from logger `RFC.requestor`
[INFO] process requestor-worker-1 fetched PapersCoolPaperPage(venue_INTERSPEECH.2004).PapersCoolPaperKimiSection(venue_INTERSPEECH.2004_=hunt04@interspeech_2004@ISCA)

2024-04-08 17:42:27,285 <requestor-worker-1:882330, MainThread:140345783498560> (requestor.py:_fetch_all_single_process:296 -> requestor.py:_fetch_all_sync:234) from logger `RFC.requestor`
[INFO] process requestor-worker-1 got PapersCoolPaperPage(venue_INTERSPEECH.2004).PapersCoolPaperKimiSection(venue_INTERSPEECH.2004_=maskey04@interspeech_2004@ISCA) from root queue

2024-04-08 17:42:35,574 <requestor-worker-2:882332, MainThread:140345783498560> (requestor.py:_fetch_all_sync:235 -> requestor.py:_fetch_single_sync:154) from logger `RFC.requestor`
[INFO] process requestor-worker-2 sending PapersCoolPaperPage(venue_INTERSPEECH.2004).PapersCoolPaperKimiSection(venue_INTERSPEECH.2004_=tian04@interspeech_2004@ISCA) to middlewares

2024-04-08 17:42:35,593 <requestor-worker-2:882332, MainThread:140345783498560> (requestor.py:_fetch_all_sync:235 -> requestor.py:_fetch_single_sync:159) from logger `RFC.requestor`
[INFO] process requestor-worker-2 fetched PapersCoolPaperPage(venue_INTERSPEECH.2004).PapersCoolPaperKimiSection(venue_INTERSPEECH.2004_=tian04@interspeech_2004@ISCA)

2024-04-08 17:42:35,595 <requestor-worker-2:882332, MainThread:140345783498560> (requestor.py:_fetch_all_single_process:296 -> requestor.py:_fetch_all_sync:234) from logger `RFC.requestor`
[INFO] process requestor-worker-2 got PapersCoolPaperPage(venue_INTERSPEECH.2004).PapersCoolPaperKimiSection(venue_INTERSPEECH.2004_=broersma04@interspeech_2004@ISCA) from root queue

2024-04-08 17:42:35,597 <requestor-worker-2:882332, MainThread:140345783498560> (requestor.py:_fetch_single_sync:138 -> requestor.py:_check_saved_result:115) from logger `RFC.requestor`
[INFO] process requestor-worker-2 saved result found for PapersCoolPaperPage(venue_INTERSPEECH.2004).PapersCoolPaperKimiSection(venue_INTERSPEECH.2004_=broersma04@interspeech_2004@ISCA)

2024-04-08 17:42:35,599 <requestor-worker-2:882332, MainThread:140345783498560> (requestor.py:_fetch_all_sync:235 -> requestor.py:_fetch_single_sync:142) from logger `RFC.requestor`
[INFO] process requestor-worker-2 fetched PapersCoolPaperPage(venue_INTERSPEECH.2004).PapersCoolPaperKimiSection(venue_INTERSPEECH.2004_=broersma04@interspeech_2004@ISCA) from saved result

2024-04-08 17:42:35,601 <requestor-worker-2:882332, MainThread:140345783498560> (requestor.py:_fetch_all_single_process:296 -> requestor.py:_fetch_all_sync:234) from logger `RFC.requestor`
[INFO] process requestor-worker-2 got PapersCoolPaperPage(venue_INTERSPEECH.2004).PapersCoolPaperKimiSection(venue_INTERSPEECH.2004_=lee04d@interspeech_2004@ISCA) from root queue

2024-04-08 17:44:08,605 <requestor-worker-0:882324, MainThread:140345783498560> (requestor.py:_fetch_all_sync:235 -> requestor.py:_fetch_single_sync:154) from logger `RFC.requestor`
[INFO] process requestor-worker-0 sending PapersCoolPaperPage(venue_INTERSPEECH.2004).PapersCoolPaperKimiSection(venue_INTERSPEECH.2004_=cutler04@interspeech_2004@ISCA) to middlewares

2024-04-08 17:44:08,638 <requestor-worker-0:882324, MainThread:140345783498560> (requestor.py:_fetch_all_sync:235 -> requestor.py:_fetch_single_sync:159) from logger `RFC.requestor`
[INFO] process requestor-worker-0 fetched PapersCoolPaperPage(venue_INTERSPEECH.2004).PapersCoolPaperKimiSection(venue_INTERSPEECH.2004_=cutler04@interspeech_2004@ISCA)

2024-04-08 17:44:08,642 <requestor-worker-0:882324, MainThread:140345783498560> (requestor.py:_fetch_all_single_process:296 -> requestor.py:_fetch_all_sync:234) from logger `RFC.requestor`
[INFO] process requestor-worker-0 got PapersCoolPaperPage(venue_INTERSPEECH.2004).PapersCoolPaperKimiSection(venue_INTERSPEECH.2004_=murano04@interspeech_2004@ISCA) from root queue

2024-04-08 17:44:32,839 <requestor-worker-2:882332, MainThread:140345783498560> (requestor.py:_fetch_all_sync:235 -> requestor.py:_fetch_single_sync:154) from logger `RFC.requestor`
[INFO] process requestor-worker-2 sending PapersCoolPaperPage(venue_INTERSPEECH.2004).PapersCoolPaperKimiSection(venue_INTERSPEECH.2004_=lee04d@interspeech_2004@ISCA) to middlewares

2024-04-08 17:44:32,877 <requestor-worker-2:882332, MainThread:140345783498560> (requestor.py:_fetch_all_sync:235 -> requestor.py:_fetch_single_sync:159) from logger `RFC.requestor`
[INFO] process requestor-worker-2 fetched PapersCoolPaperPage(venue_INTERSPEECH.2004).PapersCoolPaperKimiSection(venue_INTERSPEECH.2004_=lee04d@interspeech_2004@ISCA)

2024-04-08 17:44:32,881 <requestor-worker-2:882332, MainThread:140345783498560> (requestor.py:_fetch_all_single_process:296 -> requestor.py:_fetch_all_sync:234) from logger `RFC.requestor`
[INFO] process requestor-worker-2 got PapersCoolPaperPage(venue_INTERSPEECH.2004).PapersCoolPaperKimiSection(venue_INTERSPEECH.2004_=dusan04@interspeech_2004@ISCA) from root queue

2024-04-08 17:44:32,884 <requestor-worker-2:882332, MainThread:140345783498560> (requestor.py:_fetch_single_sync:138 -> requestor.py:_check_saved_result:115) from logger `RFC.requestor`
[INFO] process requestor-worker-2 saved result found for PapersCoolPaperPage(venue_INTERSPEECH.2004).PapersCoolPaperKimiSection(venue_INTERSPEECH.2004_=dusan04@interspeech_2004@ISCA)

2024-04-08 17:44:32,886 <requestor-worker-2:882332, MainThread:140345783498560> (requestor.py:_fetch_all_sync:235 -> requestor.py:_fetch_single_sync:142) from logger `RFC.requestor`
[INFO] process requestor-worker-2 fetched PapersCoolPaperPage(venue_INTERSPEECH.2004).PapersCoolPaperKimiSection(venue_INTERSPEECH.2004_=dusan04@interspeech_2004@ISCA) from saved result

2024-04-08 17:44:32,889 <requestor-worker-2:882332, MainThread:140345783498560> (requestor.py:_fetch_all_single_process:296 -> requestor.py:_fetch_all_sync:234) from logger `RFC.requestor`
[INFO] process requestor-worker-2 got PapersCoolPaperPage(venue_INTERSPEECH.2004).PapersCoolPaperKimiSection(venue_INTERSPEECH.2004_=fang04@interspeech_2004@ISCA) from root queue

2024-04-08 17:44:35,833 <requestor-worker-1:882330, MainThread:140345783498560> (requestor.py:_fetch_all_sync:235 -> requestor.py:_fetch_single_sync:154) from logger `RFC.requestor`
[INFO] process requestor-worker-1 sending PapersCoolPaperPage(venue_INTERSPEECH.2004).PapersCoolPaperKimiSection(venue_INTERSPEECH.2004_=maskey04@interspeech_2004@ISCA) to middlewares

2024-04-08 17:44:44,745 <requestor-worker-1:882330, MainThread:140345783498560> (requestor.py:_fetch_all_sync:235 -> requestor.py:_fetch_single_sync:159) from logger `RFC.requestor`
[INFO] process requestor-worker-1 fetched PapersCoolPaperPage(venue_INTERSPEECH.2004).PapersCoolPaperKimiSection(venue_INTERSPEECH.2004_=maskey04@interspeech_2004@ISCA)

2024-04-08 17:44:44,748 <requestor-worker-1:882330, MainThread:140345783498560> (requestor.py:_fetch_all_single_process:296 -> requestor.py:_fetch_all_sync:234) from logger `RFC.requestor`
[INFO] process requestor-worker-1 got PapersCoolPaperPage(venue_INTERSPEECH.2004).PapersCoolPaperKimiSection(venue_INTERSPEECH.2004_=jian04@interspeech_2004@ISCA) from root queue

2024-04-08 17:45:55,724 <requestor-worker-2:882332, MainThread:140345783498560> (requestor.py:_fetch_all_sync:235 -> requestor.py:_fetch_single_sync:154) from logger `RFC.requestor`
[INFO] process requestor-worker-2 sending PapersCoolPaperPage(venue_INTERSPEECH.2004).PapersCoolPaperKimiSection(venue_INTERSPEECH.2004_=fang04@interspeech_2004@ISCA) to middlewares

2024-04-08 17:45:55,757 <requestor-worker-2:882332, MainThread:140345783498560> (requestor.py:_fetch_all_sync:235 -> requestor.py:_fetch_single_sync:159) from logger `RFC.requestor`
[INFO] process requestor-worker-2 fetched PapersCoolPaperPage(venue_INTERSPEECH.2004).PapersCoolPaperKimiSection(venue_INTERSPEECH.2004_=fang04@interspeech_2004@ISCA)

2024-04-08 17:45:55,781 <requestor-worker-2:882332, MainThread:140345783498560> (requestor.py:_fetch_all_single_process:296 -> requestor.py:_fetch_all_sync:234) from logger `RFC.requestor`
[INFO] process requestor-worker-2 got PapersCoolPaperPage(venue_INTERSPEECH.2004).PapersCoolPaperKimiSection(venue_INTERSPEECH.2004_=jian04b@interspeech_2004@ISCA) from root queue

2024-04-08 17:45:55,785 <requestor-worker-2:882332, MainThread:140345783498560> (requestor.py:_fetch_single_sync:138 -> requestor.py:_check_saved_result:115) from logger `RFC.requestor`
[INFO] process requestor-worker-2 saved result found for PapersCoolPaperPage(venue_INTERSPEECH.2004).PapersCoolPaperKimiSection(venue_INTERSPEECH.2004_=jian04b@interspeech_2004@ISCA)

2024-04-08 17:45:55,788 <requestor-worker-2:882332, MainThread:140345783498560> (requestor.py:_fetch_all_sync:235 -> requestor.py:_fetch_single_sync:142) from logger `RFC.requestor`
[INFO] process requestor-worker-2 fetched PapersCoolPaperPage(venue_INTERSPEECH.2004).PapersCoolPaperKimiSection(venue_INTERSPEECH.2004_=jian04b@interspeech_2004@ISCA) from saved result

2024-04-08 17:45:55,791 <requestor-worker-2:882332, MainThread:140345783498560> (requestor.py:_fetch_all_single_process:296 -> requestor.py:_fetch_all_sync:234) from logger `RFC.requestor`
[INFO] process requestor-worker-2 got PapersCoolPaperPage(venue_INTERSPEECH.2004).PapersCoolPaperKimiSection(venue_INTERSPEECH.2004_=kim04d@interspeech_2004@ISCA) from root queue

2024-04-08 17:46:07,725 <requestor-worker-0:882324, MainThread:140345783498560> (requestor.py:_fetch_all_sync:235 -> requestor.py:_fetch_single_sync:154) from logger `RFC.requestor`
[INFO] process requestor-worker-0 sending PapersCoolPaperPage(venue_INTERSPEECH.2004).PapersCoolPaperKimiSection(venue_INTERSPEECH.2004_=murano04@interspeech_2004@ISCA) to middlewares

2024-04-08 17:46:07,748 <requestor-worker-0:882324, MainThread:140345783498560> (requestor.py:_fetch_all_sync:235 -> requestor.py:_fetch_single_sync:159) from logger `RFC.requestor`
[INFO] process requestor-worker-0 fetched PapersCoolPaperPage(venue_INTERSPEECH.2004).PapersCoolPaperKimiSection(venue_INTERSPEECH.2004_=murano04@interspeech_2004@ISCA)

2024-04-08 17:46:07,750 <requestor-worker-0:882324, MainThread:140345783498560> (requestor.py:_fetch_all_single_process:296 -> requestor.py:_fetch_all_sync:234) from logger `RFC.requestor`
[INFO] process requestor-worker-0 got PapersCoolPaperPage(venue_INTERSPEECH.2004).PapersCoolPaperKimiSection(venue_INTERSPEECH.2004_=park04@interspeech_2004@ISCA) from root queue

2024-04-08 17:46:14,983 <requestor-worker-1:882330, MainThread:140345783498560> (requestor.py:_fetch_all_sync:235 -> requestor.py:_fetch_single_sync:154) from logger `RFC.requestor`
[INFO] process requestor-worker-1 sending PapersCoolPaperPage(venue_INTERSPEECH.2004).PapersCoolPaperKimiSection(venue_INTERSPEECH.2004_=jian04@interspeech_2004@ISCA) to middlewares

2024-04-08 17:46:15,007 <requestor-worker-1:882330, MainThread:140345783498560> (requestor.py:_fetch_all_sync:235 -> requestor.py:_fetch_single_sync:159) from logger `RFC.requestor`
[INFO] process requestor-worker-1 fetched PapersCoolPaperPage(venue_INTERSPEECH.2004).PapersCoolPaperKimiSection(venue_INTERSPEECH.2004_=jian04@interspeech_2004@ISCA)

2024-04-08 17:46:15,010 <requestor-worker-1:882330, MainThread:140345783498560> (requestor.py:_fetch_all_single_process:296 -> requestor.py:_fetch_all_sync:234) from logger `RFC.requestor`
[INFO] process requestor-worker-1 got PapersCoolPaperPage(venue_INTERSPEECH.2004).PapersCoolPaperKimiSection(venue_INTERSPEECH.2004_=son04@interspeech_2004@ISCA) from root queue

2024-04-08 17:47:21,287 <requestor-worker-1:882330, MainThread:140345783498560> (requestor.py:_fetch_all_sync:235 -> requestor.py:_fetch_single_sync:154) from logger `RFC.requestor`
[INFO] process requestor-worker-1 sending PapersCoolPaperPage(venue_INTERSPEECH.2004).PapersCoolPaperKimiSection(venue_INTERSPEECH.2004_=son04@interspeech_2004@ISCA) to middlewares

2024-04-08 17:47:21,317 <requestor-worker-1:882330, MainThread:140345783498560> (requestor.py:_fetch_all_sync:235 -> requestor.py:_fetch_single_sync:159) from logger `RFC.requestor`
[INFO] process requestor-worker-1 fetched PapersCoolPaperPage(venue_INTERSPEECH.2004).PapersCoolPaperKimiSection(venue_INTERSPEECH.2004_=son04@interspeech_2004@ISCA)

2024-04-08 17:47:21,320 <requestor-worker-1:882330, MainThread:140345783498560> (requestor.py:_fetch_all_single_process:296 -> requestor.py:_fetch_all_sync:234) from logger `RFC.requestor`
[INFO] process requestor-worker-1 got PapersCoolPaperPage(venue_INTERSPEECH.2004).PapersCoolPaperKimiSection(venue_INTERSPEECH.2004_=abresch04@interspeech_2004@ISCA) from root queue

2024-04-08 17:47:31,151 <requestor-worker-0:882324, MainThread:140345783498560> (requestor.py:_fetch_all_sync:235 -> requestor.py:_fetch_single_sync:154) from logger `RFC.requestor`
[INFO] process requestor-worker-0 sending PapersCoolPaperPage(venue_INTERSPEECH.2004).PapersCoolPaperKimiSection(venue_INTERSPEECH.2004_=park04@interspeech_2004@ISCA) to middlewares

2024-04-08 17:47:31,173 <requestor-worker-0:882324, MainThread:140345783498560> (requestor.py:_fetch_all_sync:235 -> requestor.py:_fetch_single_sync:159) from logger `RFC.requestor`
[INFO] process requestor-worker-0 fetched PapersCoolPaperPage(venue_INTERSPEECH.2004).PapersCoolPaperKimiSection(venue_INTERSPEECH.2004_=park04@interspeech_2004@ISCA)

2024-04-08 17:47:31,175 <requestor-worker-0:882324, MainThread:140345783498560> (requestor.py:_fetch_all_single_process:296 -> requestor.py:_fetch_all_sync:234) from logger `RFC.requestor`
[INFO] process requestor-worker-0 got PapersCoolPaperPage(venue_INTERSPEECH.2004).PapersCoolPaperKimiSection(venue_INTERSPEECH.2004_=kim04e@interspeech_2004@ISCA) from root queue

2024-04-08 17:48:46,044 <requestor-worker-1:882330, MainThread:140345783498560> (requestor.py:_fetch_all_sync:235 -> requestor.py:_fetch_single_sync:154) from logger `RFC.requestor`
[INFO] process requestor-worker-1 sending PapersCoolPaperPage(venue_INTERSPEECH.2004).PapersCoolPaperKimiSection(venue_INTERSPEECH.2004_=abresch04@interspeech_2004@ISCA) to middlewares

2024-04-08 17:48:46,073 <requestor-worker-1:882330, MainThread:140345783498560> (requestor.py:_fetch_all_sync:235 -> requestor.py:_fetch_single_sync:159) from logger `RFC.requestor`
[INFO] process requestor-worker-1 fetched PapersCoolPaperPage(venue_INTERSPEECH.2004).PapersCoolPaperKimiSection(venue_INTERSPEECH.2004_=abresch04@interspeech_2004@ISCA)

2024-04-08 17:48:46,081 <requestor-worker-1:882330, MainThread:140345783498560> (requestor.py:_fetch_all_single_process:296 -> requestor.py:_fetch_all_sync:234) from logger `RFC.requestor`
[INFO] process requestor-worker-1 got PapersCoolPaperPage(venue_INTERSPEECH.2004).PapersCoolPaperKimiSection(venue_INTERSPEECH.2004_=shigeyoshi04@interspeech_2004@ISCA) from root queue

2024-04-08 17:48:58,738 <requestor-worker-2:882332, MainThread:140345783498560> (requestor.py:_fetch_all_sync:235 -> requestor.py:_fetch_single_sync:154) from logger `RFC.requestor`
[INFO] process requestor-worker-2 sending PapersCoolPaperPage(venue_INTERSPEECH.2004).PapersCoolPaperKimiSection(venue_INTERSPEECH.2004_=kim04d@interspeech_2004@ISCA) to middlewares

2024-04-08 17:48:58,796 <requestor-worker-2:882332, MainThread:140345783498560> (requestor.py:_fetch_all_sync:235 -> requestor.py:_fetch_single_sync:159) from logger `RFC.requestor`
[INFO] process requestor-worker-2 fetched PapersCoolPaperPage(venue_INTERSPEECH.2004).PapersCoolPaperKimiSection(venue_INTERSPEECH.2004_=kim04d@interspeech_2004@ISCA)

2024-04-08 17:48:58,799 <requestor-worker-2:882332, MainThread:140345783498560> (requestor.py:_fetch_all_single_process:296 -> requestor.py:_fetch_all_sync:234) from logger `RFC.requestor`
[INFO] process requestor-worker-2 got PapersCoolPaperPage(venue_INTERSPEECH.2004).PapersCoolPaperKimiSection(venue_INTERSPEECH.2004_=tsukada04@interspeech_2004@ISCA) from root queue

2024-04-08 17:48:58,845 <requestor-worker-2:882332, MainThread:140345783498560> (requestor.py:_fetch_single_sync:138 -> requestor.py:_check_saved_result:115) from logger `RFC.requestor`
[INFO] process requestor-worker-2 saved result found for PapersCoolPaperPage(venue_INTERSPEECH.2004).PapersCoolPaperKimiSection(venue_INTERSPEECH.2004_=tsukada04@interspeech_2004@ISCA)

2024-04-08 17:48:58,847 <requestor-worker-2:882332, MainThread:140345783498560> (requestor.py:_fetch_all_sync:235 -> requestor.py:_fetch_single_sync:142) from logger `RFC.requestor`
[INFO] process requestor-worker-2 fetched PapersCoolPaperPage(venue_INTERSPEECH.2004).PapersCoolPaperKimiSection(venue_INTERSPEECH.2004_=tsukada04@interspeech_2004@ISCA) from saved result

2024-04-08 17:48:58,851 <requestor-worker-2:882332, MainThread:140345783498560> (requestor.py:_fetch_all_single_process:296 -> requestor.py:_fetch_all_sync:234) from logger `RFC.requestor`
[INFO] process requestor-worker-2 got PapersCoolPaperPage(venue_INTERSPEECH.2004).PapersCoolPaperKimiSection(venue_INTERSPEECH.2004_=cho04@interspeech_2004@ISCA) from root queue

2024-04-08 17:49:33,796 <requestor-worker-0:882324, MainThread:140345783498560> (requestor.py:_fetch_all_sync:235 -> requestor.py:_fetch_single_sync:154) from logger `RFC.requestor`
[INFO] process requestor-worker-0 sending PapersCoolPaperPage(venue_INTERSPEECH.2004).PapersCoolPaperKimiSection(venue_INTERSPEECH.2004_=kim04e@interspeech_2004@ISCA) to middlewares

2024-04-08 17:49:33,820 <requestor-worker-0:882324, MainThread:140345783498560> (requestor.py:_fetch_all_sync:235 -> requestor.py:_fetch_single_sync:159) from logger `RFC.requestor`
[INFO] process requestor-worker-0 fetched PapersCoolPaperPage(venue_INTERSPEECH.2004).PapersCoolPaperKimiSection(venue_INTERSPEECH.2004_=kim04e@interspeech_2004@ISCA)

2024-04-08 17:49:33,822 <requestor-worker-0:882324, MainThread:140345783498560> (requestor.py:_fetch_all_single_process:296 -> requestor.py:_fetch_all_sync:234) from logger `RFC.requestor`
[INFO] process requestor-worker-0 got PapersCoolPaperPage(venue_INTERSPEECH.2004).PapersCoolPaperKimiSection(venue_INTERSPEECH.2004_=cho04b@interspeech_2004@ISCA) from root queue

2024-04-08 17:50:14,093 <requestor-worker-2:882332, MainThread:140345783498560> (requestor.py:_fetch_all_sync:235 -> requestor.py:_fetch_single_sync:154) from logger `RFC.requestor`
[INFO] process requestor-worker-2 sending PapersCoolPaperPage(venue_INTERSPEECH.2004).PapersCoolPaperKimiSection(venue_INTERSPEECH.2004_=cho04@interspeech_2004@ISCA) to middlewares

2024-04-08 17:50:14,127 <requestor-worker-2:882332, MainThread:140345783498560> (requestor.py:_fetch_all_sync:235 -> requestor.py:_fetch_single_sync:159) from logger `RFC.requestor`
[INFO] process requestor-worker-2 fetched PapersCoolPaperPage(venue_INTERSPEECH.2004).PapersCoolPaperKimiSection(venue_INTERSPEECH.2004_=cho04@interspeech_2004@ISCA)

2024-04-08 17:50:14,146 <requestor-worker-2:882332, MainThread:140345783498560> (requestor.py:_fetch_all_single_process:296 -> requestor.py:_fetch_all_sync:234) from logger `RFC.requestor`
[INFO] process requestor-worker-2 got PapersCoolPaperPage(venue_INTERSPEECH.2004).PapersCoolPaperKimiSection(venue_INTERSPEECH.2004_=kaminskaia04@interspeech_2004@ISCA) from root queue

