2024-02-10 12:34:56,557 <MainProcess:4075165, MainThread:140606509942592> (middleware.py:get_middleware:401 -> middleware.py:__init__:55) from logger `RFC.middleware_status_code`
[INFO] initialized

2024-02-10 12:35:03,744 <requestor-worker-0:4075223, MainThread:140606509942592> (requestor.py:_fetch_single_sync:154 -> middleware.py:apply_sync:93) from logger `RFC.middleware_status_code`
[INFO] applying on CivitaiModelDownload(107896_v1.0), received

2024-02-10 12:35:03,745 <requestor-worker-0:4075223, MainThread:140606509942592> (middleware.py:apply_sync:95 -> middleware.py:_apply_sync:169) from logger `RFC.middleware_status_code`
[INFO] status code 200 in response of CivitaiModelDownload(107896_v1.0)

2024-02-10 12:35:03,746 <requestor-worker-0:4075223, MainThread:140606509942592> (requestor.py:_fetch_single_sync:154 -> middleware.py:apply_sync:96) from logger `RFC.middleware_status_code`
[INFO] applied on CivitaiModelDownload(107896_v1.0), sent

2024-02-10 12:58:44,962 <MainProcess:4077276, MainThread:139850448979776> (middleware.py:get_middleware:401 -> middleware.py:__init__:55) from logger `RFC.middleware_status_code`
[INFO] initialized

2024-02-10 12:58:53,502 <requestor-worker-3:1327344, MainThread:139850448979776> (requestor.py:_fetch_single_sync:154 -> middleware.py:apply_sync:93) from logger `RFC.middleware_status_code`
[INFO] applying on CivitaiModelDownload(325555_v1.0), received

2024-02-10 12:58:53,503 <requestor-worker-3:1327344, MainThread:139850448979776> (middleware.py:apply_sync:95 -> middleware.py:_apply_sync:169) from logger `RFC.middleware_status_code`
[INFO] status code 200 in response of CivitaiModelDownload(325555_v1.0)

2024-02-10 12:58:53,504 <requestor-worker-3:1327344, MainThread:139850448979776> (requestor.py:_fetch_single_sync:154 -> middleware.py:apply_sync:96) from logger `RFC.middleware_status_code`
[INFO] applied on CivitaiModelDownload(325555_v1.0), sent

2024-02-10 12:58:57,377 <requestor-worker-1:1327332, MainThread:139850448979776> (requestor.py:_fetch_single_sync:154 -> middleware.py:apply_sync:93) from logger `RFC.middleware_status_code`
[INFO] applying on CivitaiModelDownload(325610_v1.0), received

2024-02-10 12:58:57,378 <requestor-worker-1:1327332, MainThread:139850448979776> (middleware.py:apply_sync:95 -> middleware.py:_apply_sync:169) from logger `RFC.middleware_status_code`
[INFO] status code 200 in response of CivitaiModelDownload(325610_v1.0)

2024-02-10 12:58:57,379 <requestor-worker-1:1327332, MainThread:139850448979776> (requestor.py:_fetch_single_sync:154 -> middleware.py:apply_sync:96) from logger `RFC.middleware_status_code`
[INFO] applied on CivitaiModelDownload(325610_v1.0), sent

2024-02-10 12:59:08,346 <requestor-worker-5:1327356, MainThread:139850448979776> (requestor.py:_fetch_single_sync:154 -> middleware.py:apply_sync:93) from logger `RFC.middleware_status_code`
[INFO] applying on CivitaiModelDownload(35613_v1.0), received

2024-02-10 12:59:08,347 <requestor-worker-5:1327356, MainThread:139850448979776> (middleware.py:apply_sync:95 -> middleware.py:_apply_sync:169) from logger `RFC.middleware_status_code`
[INFO] status code 200 in response of CivitaiModelDownload(35613_v1.0)

2024-02-10 12:59:08,348 <requestor-worker-5:1327356, MainThread:139850448979776> (requestor.py:_fetch_single_sync:154 -> middleware.py:apply_sync:96) from logger `RFC.middleware_status_code`
[INFO] applied on CivitaiModelDownload(35613_v1.0), sent

2024-02-10 12:59:08,366 <requestor-worker-3:1327344, MainThread:139850448979776> (requestor.py:_fetch_single_sync:154 -> middleware.py:apply_sync:93) from logger `RFC.middleware_status_code`
[INFO] applying on CivitaiModelDownload(139730_v1.0), received

2024-02-10 12:59:08,367 <requestor-worker-3:1327344, MainThread:139850448979776> (middleware.py:apply_sync:95 -> middleware.py:_apply_sync:169) from logger `RFC.middleware_status_code`
[INFO] status code 200 in response of CivitaiModelDownload(139730_v1.0)

2024-02-10 12:59:08,367 <requestor-worker-3:1327344, MainThread:139850448979776> (requestor.py:_fetch_single_sync:154 -> middleware.py:apply_sync:96) from logger `RFC.middleware_status_code`
[INFO] applied on CivitaiModelDownload(139730_v1.0), sent

2024-02-10 12:59:14,579 <requestor-worker-1:1327332, MainThread:139850448979776> (requestor.py:_fetch_single_sync:154 -> middleware.py:apply_sync:93) from logger `RFC.middleware_status_code`
[INFO] applying on CivitaiModelDownload(140034_v1.17epoch), received

2024-02-10 12:59:14,580 <requestor-worker-1:1327332, MainThread:139850448979776> (middleware.py:apply_sync:95 -> middleware.py:_apply_sync:169) from logger `RFC.middleware_status_code`
[INFO] status code 200 in response of CivitaiModelDownload(140034_v1.17epoch)

2024-02-10 12:59:14,581 <requestor-worker-1:1327332, MainThread:139850448979776> (requestor.py:_fetch_single_sync:154 -> middleware.py:apply_sync:96) from logger `RFC.middleware_status_code`
[INFO] applied on CivitaiModelDownload(140034_v1.17epoch), sent

2024-02-10 12:59:17,205 <requestor-worker-4:1327350, MainThread:139850448979776> (requestor.py:_fetch_single_sync:154 -> middleware.py:apply_sync:93) from logger `RFC.middleware_status_code`
[INFO] applying on CivitaiModelDownload(60353_v1), received

2024-02-10 12:59:17,206 <requestor-worker-4:1327350, MainThread:139850448979776> (middleware.py:apply_sync:95 -> middleware.py:_apply_sync:169) from logger `RFC.middleware_status_code`
[INFO] status code 200 in response of CivitaiModelDownload(60353_v1)

2024-02-10 12:59:17,206 <requestor-worker-4:1327350, MainThread:139850448979776> (requestor.py:_fetch_single_sync:154 -> middleware.py:apply_sync:96) from logger `RFC.middleware_status_code`
[INFO] applied on CivitaiModelDownload(60353_v1), sent

2024-02-10 12:59:18,102 <requestor-worker-1:1327332, MainThread:139850448979776> (requestor.py:_fetch_single_sync:154 -> middleware.py:apply_sync:93) from logger `RFC.middleware_status_code`
[INFO] applying on CivitaiModelDownload(54137_v2.0), received

2024-02-10 12:59:18,104 <requestor-worker-1:1327332, MainThread:139850448979776> (middleware.py:apply_sync:95 -> middleware.py:_apply_sync:169) from logger `RFC.middleware_status_code`
[INFO] status code 200 in response of CivitaiModelDownload(54137_v2.0)

2024-02-10 12:59:18,106 <requestor-worker-1:1327332, MainThread:139850448979776> (requestor.py:_fetch_single_sync:154 -> middleware.py:apply_sync:96) from logger `RFC.middleware_status_code`
[INFO] applied on CivitaiModelDownload(54137_v2.0), sent

2024-02-10 12:59:47,739 <requestor-worker-5:1327356, MainThread:139850448979776> (requestor.py:_fetch_single_sync:154 -> middleware.py:apply_sync:93) from logger `RFC.middleware_status_code`
[INFO] applying on CivitaiModelDownload(140319_v1.111epoch), received

2024-02-10 12:59:47,739 <requestor-worker-5:1327356, MainThread:139850448979776> (middleware.py:apply_sync:95 -> middleware.py:_apply_sync:169) from logger `RFC.middleware_status_code`
[INFO] status code 200 in response of CivitaiModelDownload(140319_v1.111epoch)

2024-02-10 12:59:47,740 <requestor-worker-5:1327356, MainThread:139850448979776> (requestor.py:_fetch_single_sync:154 -> middleware.py:apply_sync:96) from logger `RFC.middleware_status_code`
[INFO] applied on CivitaiModelDownload(140319_v1.111epoch), sent

2024-02-10 12:59:47,848 <requestor-worker-3:1327344, MainThread:139850448979776> (requestor.py:_fetch_single_sync:154 -> middleware.py:apply_sync:93) from logger `RFC.middleware_status_code`
[INFO] applying on CivitaiModelDownload(111213_V0), received

2024-02-10 12:59:47,849 <requestor-worker-3:1327344, MainThread:139850448979776> (middleware.py:apply_sync:95 -> middleware.py:_apply_sync:169) from logger `RFC.middleware_status_code`
[INFO] status code 200 in response of CivitaiModelDownload(111213_V0)

2024-02-10 12:59:47,850 <requestor-worker-3:1327344, MainThread:139850448979776> (requestor.py:_fetch_single_sync:154 -> middleware.py:apply_sync:96) from logger `RFC.middleware_status_code`
[INFO] applied on CivitaiModelDownload(111213_V0), sent

2024-02-10 13:00:04,429 <requestor-worker-5:1327356, MainThread:139850448979776> (requestor.py:_fetch_single_sync:154 -> middleware.py:apply_sync:93) from logger `RFC.middleware_status_code`
[INFO] applying on CivitaiModelDownload(325863_v1.0), received

2024-02-10 13:00:04,431 <requestor-worker-5:1327356, MainThread:139850448979776> (middleware.py:apply_sync:95 -> middleware.py:_apply_sync:169) from logger `RFC.middleware_status_code`
[INFO] status code 200 in response of CivitaiModelDownload(325863_v1.0)

2024-02-10 13:00:04,432 <requestor-worker-5:1327356, MainThread:139850448979776> (requestor.py:_fetch_single_sync:154 -> middleware.py:apply_sync:96) from logger `RFC.middleware_status_code`
[INFO] applied on CivitaiModelDownload(325863_v1.0), sent

2024-02-10 13:00:11,281 <requestor-worker-1:1327332, MainThread:139850448979776> (requestor.py:_fetch_single_sync:154 -> middleware.py:apply_sync:93) from logger `RFC.middleware_status_code`
[INFO] applying on CivitaiModelDownload(23562_Utaha_Kasumigaoka), received

2024-02-10 13:00:11,281 <requestor-worker-1:1327332, MainThread:139850448979776> (middleware.py:apply_sync:95 -> middleware.py:_apply_sync:169) from logger `RFC.middleware_status_code`
[INFO] status code 200 in response of CivitaiModelDownload(23562_Utaha_Kasumigaoka)

2024-02-10 13:00:11,282 <requestor-worker-1:1327332, MainThread:139850448979776> (requestor.py:_fetch_single_sync:154 -> middleware.py:apply_sync:96) from logger `RFC.middleware_status_code`
[INFO] applied on CivitaiModelDownload(23562_Utaha_Kasumigaoka), sent

2024-02-10 13:00:28,459 <requestor-worker-4:1327350, MainThread:139850448979776> (requestor.py:_fetch_single_sync:154 -> middleware.py:apply_sync:93) from logger `RFC.middleware_status_code`
[INFO] applying on CivitaiModelDownload(291099_v1.0), received

2024-02-10 13:00:28,459 <requestor-worker-4:1327350, MainThread:139850448979776> (middleware.py:apply_sync:95 -> middleware.py:_apply_sync:169) from logger `RFC.middleware_status_code`
[INFO] status code 200 in response of CivitaiModelDownload(291099_v1.0)

2024-02-10 13:00:28,460 <requestor-worker-4:1327350, MainThread:139850448979776> (requestor.py:_fetch_single_sync:154 -> middleware.py:apply_sync:96) from logger `RFC.middleware_status_code`
[INFO] applied on CivitaiModelDownload(291099_v1.0), sent

2024-02-10 13:00:29,264 <requestor-worker-1:1327332, MainThread:139850448979776> (requestor.py:_fetch_single_sync:154 -> middleware.py:apply_sync:93) from logger `RFC.middleware_status_code`
[INFO] applying on CivitaiModelDownload(23127_alpha_kagejitsu), received

2024-02-10 13:00:29,264 <requestor-worker-1:1327332, MainThread:139850448979776> (middleware.py:apply_sync:95 -> middleware.py:_apply_sync:169) from logger `RFC.middleware_status_code`
[INFO] status code 200 in response of CivitaiModelDownload(23127_alpha_kagejitsu)

2024-02-10 13:00:29,265 <requestor-worker-1:1327332, MainThread:139850448979776> (requestor.py:_fetch_single_sync:154 -> middleware.py:apply_sync:96) from logger `RFC.middleware_status_code`
[INFO] applied on CivitaiModelDownload(23127_alpha_kagejitsu), sent

2024-02-10 13:00:33,578 <requestor-worker-3:1327344, MainThread:139850448979776> (requestor.py:_fetch_single_sync:154 -> middleware.py:apply_sync:93) from logger `RFC.middleware_status_code`
[INFO] applying on CivitaiModelDownload(62338_v1.0), received

2024-02-10 13:00:33,579 <requestor-worker-3:1327344, MainThread:139850448979776> (middleware.py:apply_sync:95 -> middleware.py:_apply_sync:169) from logger `RFC.middleware_status_code`
[INFO] status code 200 in response of CivitaiModelDownload(62338_v1.0)

2024-02-10 13:00:33,580 <requestor-worker-3:1327344, MainThread:139850448979776> (requestor.py:_fetch_single_sync:154 -> middleware.py:apply_sync:96) from logger `RFC.middleware_status_code`
[INFO] applied on CivitaiModelDownload(62338_v1.0), sent

2024-02-10 13:00:36,999 <requestor-worker-5:1327356, MainThread:139850448979776> (requestor.py:_fetch_single_sync:154 -> middleware.py:apply_sync:93) from logger `RFC.middleware_status_code`
[INFO] applying on CivitaiModelDownload(204157_v810), received

2024-02-10 13:00:37,000 <requestor-worker-5:1327356, MainThread:139850448979776> (middleware.py:apply_sync:95 -> middleware.py:_apply_sync:169) from logger `RFC.middleware_status_code`
[INFO] status code 200 in response of CivitaiModelDownload(204157_v810)

2024-02-10 13:00:37,001 <requestor-worker-5:1327356, MainThread:139850448979776> (requestor.py:_fetch_single_sync:154 -> middleware.py:apply_sync:96) from logger `RFC.middleware_status_code`
[INFO] applied on CivitaiModelDownload(204157_v810), sent

2024-02-10 13:01:03,043 <requestor-worker-4:1327350, MainThread:139850448979776> (requestor.py:_fetch_single_sync:154 -> middleware.py:apply_sync:93) from logger `RFC.middleware_status_code`
[INFO] applying on CivitaiModelDownload(253132_v1.0), received

2024-02-10 13:01:03,044 <requestor-worker-4:1327350, MainThread:139850448979776> (middleware.py:apply_sync:95 -> middleware.py:_apply_sync:169) from logger `RFC.middleware_status_code`
[INFO] status code 200 in response of CivitaiModelDownload(253132_v1.0)

2024-02-10 13:01:03,045 <requestor-worker-4:1327350, MainThread:139850448979776> (requestor.py:_fetch_single_sync:154 -> middleware.py:apply_sync:96) from logger `RFC.middleware_status_code`
[INFO] applied on CivitaiModelDownload(253132_v1.0), sent

2024-02-10 13:01:03,894 <requestor-worker-2:1327338, MainThread:139850448979776> (requestor.py:_fetch_single_sync:154 -> middleware.py:apply_sync:93) from logger `RFC.middleware_status_code`
[INFO] applying on CivitaiModelDownload(39161_v1.0), received

2024-02-10 13:01:03,895 <requestor-worker-2:1327338, MainThread:139850448979776> (middleware.py:apply_sync:95 -> middleware.py:_apply_sync:169) from logger `RFC.middleware_status_code`
[INFO] status code 200 in response of CivitaiModelDownload(39161_v1.0)

2024-02-10 13:01:03,896 <requestor-worker-2:1327338, MainThread:139850448979776> (requestor.py:_fetch_single_sync:154 -> middleware.py:apply_sync:96) from logger `RFC.middleware_status_code`
[INFO] applied on CivitaiModelDownload(39161_v1.0), sent

2024-02-10 13:01:18,201 <requestor-worker-4:1327350, MainThread:139850448979776> (requestor.py:_fetch_single_sync:154 -> middleware.py:apply_sync:93) from logger `RFC.middleware_status_code`
[INFO] applying on CivitaiModelDownload(307859_v1.0), received

2024-02-10 13:01:18,202 <requestor-worker-4:1327350, MainThread:139850448979776> (middleware.py:apply_sync:95 -> middleware.py:_apply_sync:169) from logger `RFC.middleware_status_code`
[INFO] status code 200 in response of CivitaiModelDownload(307859_v1.0)

2024-02-10 13:01:18,203 <requestor-worker-4:1327350, MainThread:139850448979776> (requestor.py:_fetch_single_sync:154 -> middleware.py:apply_sync:96) from logger `RFC.middleware_status_code`
[INFO] applied on CivitaiModelDownload(307859_v1.0), sent

2024-02-10 13:01:30,681 <requestor-worker-2:1327338, MainThread:139850448979776> (requestor.py:_fetch_single_sync:154 -> middleware.py:apply_sync:93) from logger `RFC.middleware_status_code`
[INFO] applying on CivitaiModelDownload(265516_v1.0), received

2024-02-10 13:01:30,682 <requestor-worker-2:1327338, MainThread:139850448979776> (middleware.py:apply_sync:95 -> middleware.py:_apply_sync:169) from logger `RFC.middleware_status_code`
[INFO] status code 200 in response of CivitaiModelDownload(265516_v1.0)

2024-02-10 13:01:30,683 <requestor-worker-2:1327338, MainThread:139850448979776> (requestor.py:_fetch_single_sync:154 -> middleware.py:apply_sync:96) from logger `RFC.middleware_status_code`
[INFO] applied on CivitaiModelDownload(265516_v1.0), sent

2024-02-10 13:01:36,520 <requestor-worker-2:1327338, MainThread:139850448979776> (requestor.py:_fetch_single_sync:154 -> middleware.py:apply_sync:93) from logger `RFC.middleware_status_code`
[INFO] applying on CivitaiModelDownload(127657_v1.0(alpha)|Lora), received

2024-02-10 13:01:36,521 <requestor-worker-2:1327338, MainThread:139850448979776> (middleware.py:apply_sync:95 -> middleware.py:_apply_sync:169) from logger `RFC.middleware_status_code`
[INFO] status code 200 in response of CivitaiModelDownload(127657_v1.0(alpha)|Lora)

2024-02-10 13:01:36,523 <requestor-worker-2:1327338, MainThread:139850448979776> (requestor.py:_fetch_single_sync:154 -> middleware.py:apply_sync:96) from logger `RFC.middleware_status_code`
[INFO] applied on CivitaiModelDownload(127657_v1.0(alpha)|Lora), sent

2024-02-10 13:01:37,381 <requestor-worker-4:1327350, MainThread:139850448979776> (requestor.py:_fetch_single_sync:154 -> middleware.py:apply_sync:93) from logger `RFC.middleware_status_code`
[INFO] applying on CivitaiModelDownload(325304_v1.0), received

2024-02-10 13:01:37,382 <requestor-worker-4:1327350, MainThread:139850448979776> (middleware.py:apply_sync:95 -> middleware.py:_apply_sync:169) from logger `RFC.middleware_status_code`
[INFO] status code 200 in response of CivitaiModelDownload(325304_v1.0)

2024-02-10 13:01:37,382 <requestor-worker-4:1327350, MainThread:139850448979776> (requestor.py:_fetch_single_sync:154 -> middleware.py:apply_sync:96) from logger `RFC.middleware_status_code`
[INFO] applied on CivitaiModelDownload(325304_v1.0), sent

2024-02-10 13:01:57,855 <requestor-worker-2:1327338, MainThread:139850448979776> (requestor.py:_fetch_single_sync:154 -> middleware.py:apply_sync:93) from logger `RFC.middleware_status_code`
[INFO] applying on CivitaiModelDownload(148275_v1.1locon), received

2024-02-10 13:01:57,860 <requestor-worker-2:1327338, MainThread:139850448979776> (middleware.py:apply_sync:95 -> middleware.py:_apply_sync:169) from logger `RFC.middleware_status_code`
[INFO] status code 200 in response of CivitaiModelDownload(148275_v1.1locon)

2024-02-10 13:01:57,861 <requestor-worker-2:1327338, MainThread:139850448979776> (requestor.py:_fetch_single_sync:154 -> middleware.py:apply_sync:96) from logger `RFC.middleware_status_code`
[INFO] applied on CivitaiModelDownload(148275_v1.1locon), sent

2024-02-10 13:02:03,304 <requestor-worker-0:1327330, MainThread:139850448979776> (requestor.py:_fetch_single_sync:154 -> middleware.py:apply_sync:93) from logger `RFC.middleware_status_code`
[INFO] applying on CivitaiModelDownload(218814_LoCon_IMPROVED_DATASET), received

2024-02-10 13:02:03,305 <requestor-worker-0:1327330, MainThread:139850448979776> (middleware.py:apply_sync:95 -> middleware.py:_apply_sync:169) from logger `RFC.middleware_status_code`
[INFO] status code 200 in response of CivitaiModelDownload(218814_LoCon_IMPROVED_DATASET)

2024-02-10 13:02:03,306 <requestor-worker-0:1327330, MainThread:139850448979776> (requestor.py:_fetch_single_sync:154 -> middleware.py:apply_sync:96) from logger `RFC.middleware_status_code`
[INFO] applied on CivitaiModelDownload(218814_LoCon_IMPROVED_DATASET), sent

2024-02-10 13:02:25,932 <requestor-worker-1:1327332, MainThread:139850448979776> (requestor.py:_fetch_single_sync:154 -> middleware.py:apply_sync:93) from logger `RFC.middleware_status_code`
[INFO] applying on CivitaiModelDownload(252090_v1.0), received

2024-02-10 13:02:25,933 <requestor-worker-1:1327332, MainThread:139850448979776> (middleware.py:apply_sync:95 -> middleware.py:_apply_sync:169) from logger `RFC.middleware_status_code`
[INFO] status code 200 in response of CivitaiModelDownload(252090_v1.0)

2024-02-10 13:02:25,934 <requestor-worker-1:1327332, MainThread:139850448979776> (requestor.py:_fetch_single_sync:154 -> middleware.py:apply_sync:96) from logger `RFC.middleware_status_code`
[INFO] applied on CivitaiModelDownload(252090_v1.0), sent

2024-02-10 13:02:57,668 <requestor-worker-1:1327332, MainThread:139850448979776> (requestor.py:_fetch_single_sync:154 -> middleware.py:apply_sync:93) from logger `RFC.middleware_status_code`
[INFO] applying on CivitaiModelDownload(257604_v1.0), received

2024-02-10 13:02:57,669 <requestor-worker-1:1327332, MainThread:139850448979776> (middleware.py:apply_sync:95 -> middleware.py:_apply_sync:169) from logger `RFC.middleware_status_code`
[INFO] status code 200 in response of CivitaiModelDownload(257604_v1.0)

2024-02-10 13:02:57,670 <requestor-worker-1:1327332, MainThread:139850448979776> (requestor.py:_fetch_single_sync:154 -> middleware.py:apply_sync:96) from logger `RFC.middleware_status_code`
[INFO] applied on CivitaiModelDownload(257604_v1.0), sent

2024-02-10 13:03:26,149 <requestor-worker-4:1327350, MainThread:139850448979776> (requestor.py:_fetch_single_sync:154 -> middleware.py:apply_sync:93) from logger `RFC.middleware_status_code`
[INFO] applying on CivitaiModelDownload(148272_v1.1Loha), received

2024-02-10 13:03:26,152 <requestor-worker-4:1327350, MainThread:139850448979776> (middleware.py:apply_sync:95 -> middleware.py:_apply_sync:169) from logger `RFC.middleware_status_code`
[INFO] status code 200 in response of CivitaiModelDownload(148272_v1.1Loha)

2024-02-10 13:03:26,153 <requestor-worker-4:1327350, MainThread:139850448979776> (requestor.py:_fetch_single_sync:154 -> middleware.py:apply_sync:96) from logger `RFC.middleware_status_code`
[INFO] applied on CivitaiModelDownload(148272_v1.1Loha), sent

2024-02-10 13:03:30,940 <requestor-worker-2:1327338, MainThread:139850448979776> (requestor.py:_fetch_single_sync:154 -> middleware.py:apply_sync:93) from logger `RFC.middleware_status_code`
[INFO] applying on CivitaiModelDownload(87688_v1.0), received

2024-02-10 13:03:30,941 <requestor-worker-2:1327338, MainThread:139850448979776> (middleware.py:apply_sync:95 -> middleware.py:_apply_sync:169) from logger `RFC.middleware_status_code`
[INFO] status code 200 in response of CivitaiModelDownload(87688_v1.0)

2024-02-10 13:03:30,942 <requestor-worker-2:1327338, MainThread:139850448979776> (requestor.py:_fetch_single_sync:154 -> middleware.py:apply_sync:96) from logger `RFC.middleware_status_code`
[INFO] applied on CivitaiModelDownload(87688_v1.0), sent

2024-02-10 13:03:46,436 <requestor-worker-4:1327350, MainThread:139850448979776> (requestor.py:_fetch_single_sync:154 -> middleware.py:apply_sync:93) from logger `RFC.middleware_status_code`
[INFO] applying on CivitaiModelDownload(53132_v1.0), received

2024-02-10 13:03:46,437 <requestor-worker-4:1327350, MainThread:139850448979776> (middleware.py:apply_sync:95 -> middleware.py:_apply_sync:169) from logger `RFC.middleware_status_code`
[INFO] status code 200 in response of CivitaiModelDownload(53132_v1.0)

2024-02-10 13:03:46,438 <requestor-worker-4:1327350, MainThread:139850448979776> (requestor.py:_fetch_single_sync:154 -> middleware.py:apply_sync:96) from logger `RFC.middleware_status_code`
[INFO] applied on CivitaiModelDownload(53132_v1.0), sent

2024-02-10 13:03:48,158 <requestor-worker-1:1327332, MainThread:139850448979776> (requestor.py:_fetch_single_sync:154 -> middleware.py:apply_sync:93) from logger `RFC.middleware_status_code`
[INFO] applying on CivitaiModelDownload(114514_v1.15), received

2024-02-10 13:03:48,159 <requestor-worker-1:1327332, MainThread:139850448979776> (middleware.py:apply_sync:95 -> middleware.py:_apply_sync:169) from logger `RFC.middleware_status_code`
[INFO] status code 200 in response of CivitaiModelDownload(114514_v1.15)

2024-02-10 13:03:48,160 <requestor-worker-1:1327332, MainThread:139850448979776> (requestor.py:_fetch_single_sync:154 -> middleware.py:apply_sync:96) from logger `RFC.middleware_status_code`
[INFO] applied on CivitaiModelDownload(114514_v1.15), sent

2024-02-10 13:03:53,568 <requestor-worker-4:1327350, MainThread:139850448979776> (requestor.py:_fetch_single_sync:154 -> middleware.py:apply_sync:93) from logger `RFC.middleware_status_code`
[INFO] applying on CivitaiModelDownload(314689_中之人あめちゃん), received

2024-02-10 13:03:53,570 <requestor-worker-4:1327350, MainThread:139850448979776> (middleware.py:apply_sync:95 -> middleware.py:_apply_sync:169) from logger `RFC.middleware_status_code`
[INFO] status code 200 in response of CivitaiModelDownload(314689_中之人あめちゃん)

2024-02-10 13:03:53,571 <requestor-worker-4:1327350, MainThread:139850448979776> (requestor.py:_fetch_single_sync:154 -> middleware.py:apply_sync:96) from logger `RFC.middleware_status_code`
[INFO] applied on CivitaiModelDownload(314689_中之人あめちゃん), sent

2024-02-10 13:03:57,317 <requestor-worker-1:1327332, MainThread:139850448979776> (requestor.py:_fetch_single_sync:154 -> middleware.py:apply_sync:93) from logger `RFC.middleware_status_code`
[INFO] applying on CivitaiModelDownload(314682_超天酱KAngel), received

2024-02-10 13:03:57,318 <requestor-worker-1:1327332, MainThread:139850448979776> (middleware.py:apply_sync:95 -> middleware.py:_apply_sync:169) from logger `RFC.middleware_status_code`
[INFO] status code 200 in response of CivitaiModelDownload(314682_超天酱KAngel)

2024-02-10 13:03:57,323 <requestor-worker-1:1327332, MainThread:139850448979776> (requestor.py:_fetch_single_sync:154 -> middleware.py:apply_sync:96) from logger `RFC.middleware_status_code`
[INFO] applied on CivitaiModelDownload(314682_超天酱KAngel), sent

2024-02-10 13:04:11,928 <requestor-worker-4:1327350, MainThread:139850448979776> (requestor.py:_fetch_single_sync:154 -> middleware.py:apply_sync:93) from logger `RFC.middleware_status_code`
[INFO] applying on CivitaiModelDownload(134756_v1.0), received

2024-02-10 13:04:11,929 <requestor-worker-4:1327350, MainThread:139850448979776> (middleware.py:apply_sync:95 -> middleware.py:_apply_sync:169) from logger `RFC.middleware_status_code`
[INFO] status code 200 in response of CivitaiModelDownload(134756_v1.0)

2024-02-10 13:04:11,929 <requestor-worker-4:1327350, MainThread:139850448979776> (requestor.py:_fetch_single_sync:154 -> middleware.py:apply_sync:96) from logger `RFC.middleware_status_code`
[INFO] applied on CivitaiModelDownload(134756_v1.0), sent

2024-02-10 13:05:14,192 <requestor-worker-3:1327344, MainThread:139850448979776> (requestor.py:_fetch_single_sync:154 -> middleware.py:apply_sync:93) from logger `RFC.middleware_status_code`
[INFO] applying on CivitaiModelDownload(19135_v1), received

2024-02-10 13:05:14,193 <requestor-worker-3:1327344, MainThread:139850448979776> (middleware.py:apply_sync:95 -> middleware.py:_apply_sync:169) from logger `RFC.middleware_status_code`
[INFO] status code 200 in response of CivitaiModelDownload(19135_v1)

2024-02-10 13:05:14,193 <requestor-worker-3:1327344, MainThread:139850448979776> (requestor.py:_fetch_single_sync:154 -> middleware.py:apply_sync:96) from logger `RFC.middleware_status_code`
[INFO] applied on CivitaiModelDownload(19135_v1), sent

2024-02-10 13:06:20,067 <requestor-worker-3:1327344, MainThread:139850448979776> (requestor.py:_fetch_single_sync:154 -> middleware.py:apply_sync:93) from logger `RFC.middleware_status_code`
[INFO] applying on CivitaiModelDownload(41702_v1.0), received

2024-02-10 13:06:20,068 <requestor-worker-3:1327344, MainThread:139850448979776> (middleware.py:apply_sync:95 -> middleware.py:_apply_sync:169) from logger `RFC.middleware_status_code`
[INFO] status code 200 in response of CivitaiModelDownload(41702_v1.0)

2024-02-10 13:06:20,068 <requestor-worker-3:1327344, MainThread:139850448979776> (requestor.py:_fetch_single_sync:154 -> middleware.py:apply_sync:96) from logger `RFC.middleware_status_code`
[INFO] applied on CivitaiModelDownload(41702_v1.0), sent

2024-02-10 13:06:21,794 <requestor-worker-2:1327338, MainThread:139850448979776> (requestor.py:_fetch_single_sync:154 -> middleware.py:apply_sync:93) from logger `RFC.middleware_status_code`
[INFO] applying on CivitaiModelDownload(158132_v1.0), received

2024-02-10 13:06:21,795 <requestor-worker-2:1327338, MainThread:139850448979776> (middleware.py:apply_sync:95 -> middleware.py:_apply_sync:169) from logger `RFC.middleware_status_code`
[INFO] status code 200 in response of CivitaiModelDownload(158132_v1.0)

2024-02-10 13:06:21,796 <requestor-worker-2:1327338, MainThread:139850448979776> (requestor.py:_fetch_single_sync:154 -> middleware.py:apply_sync:96) from logger `RFC.middleware_status_code`
[INFO] applied on CivitaiModelDownload(158132_v1.0), sent

2024-02-10 13:06:34,783 <requestor-worker-3:1327344, MainThread:139850448979776> (requestor.py:_fetch_single_sync:154 -> middleware.py:apply_sync:93) from logger `RFC.middleware_status_code`
[INFO] applying on CivitaiModelDownload(304803_v1.0), received

2024-02-10 13:06:34,784 <requestor-worker-3:1327344, MainThread:139850448979776> (middleware.py:apply_sync:95 -> middleware.py:_apply_sync:169) from logger `RFC.middleware_status_code`
[INFO] status code 200 in response of CivitaiModelDownload(304803_v1.0)

2024-02-10 13:06:34,785 <requestor-worker-3:1327344, MainThread:139850448979776> (requestor.py:_fetch_single_sync:154 -> middleware.py:apply_sync:96) from logger `RFC.middleware_status_code`
[INFO] applied on CivitaiModelDownload(304803_v1.0), sent

2024-02-10 13:06:36,343 <requestor-worker-2:1327338, MainThread:139850448979776> (requestor.py:_fetch_single_sync:154 -> middleware.py:apply_sync:93) from logger `RFC.middleware_status_code`
[INFO] applying on CivitaiModelDownload(32499_v1.0), received

2024-02-10 13:06:36,344 <requestor-worker-2:1327338, MainThread:139850448979776> (middleware.py:apply_sync:95 -> middleware.py:_apply_sync:169) from logger `RFC.middleware_status_code`
[INFO] status code 200 in response of CivitaiModelDownload(32499_v1.0)

2024-02-10 13:06:36,345 <requestor-worker-2:1327338, MainThread:139850448979776> (requestor.py:_fetch_single_sync:154 -> middleware.py:apply_sync:96) from logger `RFC.middleware_status_code`
[INFO] applied on CivitaiModelDownload(32499_v1.0), sent

2024-02-10 13:06:44,823 <requestor-worker-3:1327344, MainThread:139850448979776> (requestor.py:_fetch_single_sync:154 -> middleware.py:apply_sync:93) from logger `RFC.middleware_status_code`
[INFO] applying on CivitaiModelDownload(303888_v1.0), received

2024-02-10 13:06:44,826 <requestor-worker-3:1327344, MainThread:139850448979776> (middleware.py:apply_sync:95 -> middleware.py:_apply_sync:169) from logger `RFC.middleware_status_code`
[INFO] status code 200 in response of CivitaiModelDownload(303888_v1.0)

2024-02-10 13:06:44,828 <requestor-worker-3:1327344, MainThread:139850448979776> (requestor.py:_fetch_single_sync:154 -> middleware.py:apply_sync:96) from logger `RFC.middleware_status_code`
[INFO] applied on CivitaiModelDownload(303888_v1.0), sent

2024-02-10 13:06:45,472 <requestor-worker-2:1327338, MainThread:139850448979776> (requestor.py:_fetch_single_sync:154 -> middleware.py:apply_sync:93) from logger `RFC.middleware_status_code`
[INFO] applying on CivitaiModelDownload(33204_Sasha_Necron_bf16), received

2024-02-10 13:06:45,473 <requestor-worker-2:1327338, MainThread:139850448979776> (middleware.py:apply_sync:95 -> middleware.py:_apply_sync:169) from logger `RFC.middleware_status_code`
[INFO] status code 200 in response of CivitaiModelDownload(33204_Sasha_Necron_bf16)

2024-02-10 13:06:45,474 <requestor-worker-2:1327338, MainThread:139850448979776> (requestor.py:_fetch_single_sync:154 -> middleware.py:apply_sync:96) from logger `RFC.middleware_status_code`
[INFO] applied on CivitaiModelDownload(33204_Sasha_Necron_bf16), sent

2024-02-10 13:06:47,515 <requestor-worker-5:1327356, MainThread:139850448979776> (requestor.py:_fetch_single_sync:154 -> middleware.py:apply_sync:93) from logger `RFC.middleware_status_code`
[INFO] applying on CivitaiModelDownload(292493_v1.0), received

2024-02-10 13:06:47,516 <requestor-worker-5:1327356, MainThread:139850448979776> (middleware.py:apply_sync:95 -> middleware.py:_apply_sync:169) from logger `RFC.middleware_status_code`
[INFO] status code 200 in response of CivitaiModelDownload(292493_v1.0)

2024-02-10 13:06:47,517 <requestor-worker-5:1327356, MainThread:139850448979776> (requestor.py:_fetch_single_sync:154 -> middleware.py:apply_sync:96) from logger `RFC.middleware_status_code`
[INFO] applied on CivitaiModelDownload(292493_v1.0), sent

2024-02-10 13:06:52,257 <requestor-worker-3:1327344, MainThread:139850448979776> (requestor.py:_fetch_single_sync:154 -> middleware.py:apply_sync:93) from logger `RFC.middleware_status_code`
[INFO] applying on CivitaiModelDownload(307209_v1.0), received

2024-02-10 13:06:52,259 <requestor-worker-3:1327344, MainThread:139850448979776> (middleware.py:apply_sync:95 -> middleware.py:_apply_sync:169) from logger `RFC.middleware_status_code`
[INFO] status code 200 in response of CivitaiModelDownload(307209_v1.0)

2024-02-10 13:06:52,261 <requestor-worker-3:1327344, MainThread:139850448979776> (requestor.py:_fetch_single_sync:154 -> middleware.py:apply_sync:96) from logger `RFC.middleware_status_code`
[INFO] applied on CivitaiModelDownload(307209_v1.0), sent

2024-02-10 13:06:55,017 <requestor-worker-1:1327332, MainThread:139850448979776> (requestor.py:_fetch_single_sync:154 -> middleware.py:apply_sync:93) from logger `RFC.middleware_status_code`
[INFO] applying on CivitaiModelDownload(187698_v1.0), received

2024-02-10 13:07:02,045 <requestor-worker-1:1327332, MainThread:139850448979776> (middleware.py:apply_sync:95 -> middleware.py:_apply_sync:169) from logger `RFC.middleware_status_code`
[INFO] status code 200 in response of CivitaiModelDownload(187698_v1.0)

2024-02-10 13:07:02,047 <requestor-worker-1:1327332, MainThread:139850448979776> (requestor.py:_fetch_single_sync:154 -> middleware.py:apply_sync:96) from logger `RFC.middleware_status_code`
[INFO] applied on CivitaiModelDownload(187698_v1.0), sent

2024-02-10 13:07:06,241 <requestor-worker-5:1327356, MainThread:139850448979776> (requestor.py:_fetch_single_sync:154 -> middleware.py:apply_sync:93) from logger `RFC.middleware_status_code`
[INFO] applying on CivitaiModelDownload(272625_v1.0), received

2024-02-10 13:07:08,025 <requestor-worker-5:1327356, MainThread:139850448979776> (middleware.py:apply_sync:95 -> middleware.py:_apply_sync:169) from logger `RFC.middleware_status_code`
[INFO] status code 200 in response of CivitaiModelDownload(272625_v1.0)

2024-02-10 13:07:08,027 <requestor-worker-5:1327356, MainThread:139850448979776> (requestor.py:_fetch_single_sync:154 -> middleware.py:apply_sync:96) from logger `RFC.middleware_status_code`
[INFO] applied on CivitaiModelDownload(272625_v1.0), sent

2024-02-10 13:07:19,433 <requestor-worker-2:1327338, MainThread:139850448979776> (requestor.py:_fetch_single_sync:154 -> middleware.py:apply_sync:93) from logger `RFC.middleware_status_code`
[INFO] applying on CivitaiModelDownload(33546_resident_evil_ada_wong_lycoris_v1.0), received

2024-02-10 13:07:19,434 <requestor-worker-2:1327338, MainThread:139850448979776> (middleware.py:apply_sync:95 -> middleware.py:_apply_sync:169) from logger `RFC.middleware_status_code`
[INFO] status code 200 in response of CivitaiModelDownload(33546_resident_evil_ada_wong_lycoris_v1.0)

2024-02-10 13:07:19,435 <requestor-worker-2:1327338, MainThread:139850448979776> (requestor.py:_fetch_single_sync:154 -> middleware.py:apply_sync:96) from logger `RFC.middleware_status_code`
[INFO] applied on CivitaiModelDownload(33546_resident_evil_ada_wong_lycoris_v1.0), sent

2024-02-10 13:07:42,241 <requestor-worker-1:1327332, MainThread:139850448979776> (requestor.py:_fetch_single_sync:154 -> middleware.py:apply_sync:93) from logger `RFC.middleware_status_code`
[INFO] applying on CivitaiModelDownload(32352_Ariane_Glenys_Maple_bf16), received

2024-02-10 13:07:42,242 <requestor-worker-1:1327332, MainThread:139850448979776> (middleware.py:apply_sync:95 -> middleware.py:_apply_sync:169) from logger `RFC.middleware_status_code`
[INFO] status code 200 in response of CivitaiModelDownload(32352_Ariane_Glenys_Maple_bf16)

2024-02-10 13:07:42,243 <requestor-worker-1:1327332, MainThread:139850448979776> (requestor.py:_fetch_single_sync:154 -> middleware.py:apply_sync:96) from logger `RFC.middleware_status_code`
[INFO] applied on CivitaiModelDownload(32352_Ariane_Glenys_Maple_bf16), sent

2024-02-10 13:08:02,389 <requestor-worker-0:1327330, MainThread:139850448979776> (requestor.py:_fetch_single_sync:154 -> middleware.py:apply_sync:93) from logger `RFC.middleware_status_code`
[INFO] applying on CivitaiModelDownload(116452_超大版), received

2024-02-10 13:08:02,389 <requestor-worker-0:1327330, MainThread:139850448979776> (middleware.py:apply_sync:95 -> middleware.py:_apply_sync:169) from logger `RFC.middleware_status_code`
[INFO] status code 200 in response of CivitaiModelDownload(116452_超大版)

2024-02-10 13:08:02,390 <requestor-worker-0:1327330, MainThread:139850448979776> (requestor.py:_fetch_single_sync:154 -> middleware.py:apply_sync:96) from logger `RFC.middleware_status_code`
[INFO] applied on CivitaiModelDownload(116452_超大版), sent

2024-02-10 13:08:21,075 <requestor-worker-5:1327356, MainThread:139850448979776> (requestor.py:_fetch_single_sync:154 -> middleware.py:apply_sync:93) from logger `RFC.middleware_status_code`
[INFO] applying on CivitaiModelDownload(213898_v2.0), received

2024-02-10 13:08:21,083 <requestor-worker-5:1327356, MainThread:139850448979776> (middleware.py:apply_sync:95 -> middleware.py:_apply_sync:169) from logger `RFC.middleware_status_code`
[INFO] status code 200 in response of CivitaiModelDownload(213898_v2.0)

2024-02-10 13:08:21,084 <requestor-worker-5:1327356, MainThread:139850448979776> (requestor.py:_fetch_single_sync:154 -> middleware.py:apply_sync:96) from logger `RFC.middleware_status_code`
[INFO] applied on CivitaiModelDownload(213898_v2.0), sent

2024-02-10 13:09:02,925 <requestor-worker-0:1327330, MainThread:139850448979776> (requestor.py:_fetch_single_sync:154 -> middleware.py:apply_sync:93) from logger `RFC.middleware_status_code`
[INFO] applying on CivitaiModelDownload(205917_v1.0), received

2024-02-10 13:09:02,926 <requestor-worker-0:1327330, MainThread:139850448979776> (middleware.py:apply_sync:95 -> middleware.py:_apply_sync:169) from logger `RFC.middleware_status_code`
[INFO] status code 200 in response of CivitaiModelDownload(205917_v1.0)

2024-02-10 13:09:02,927 <requestor-worker-0:1327330, MainThread:139850448979776> (requestor.py:_fetch_single_sync:154 -> middleware.py:apply_sync:96) from logger `RFC.middleware_status_code`
[INFO] applied on CivitaiModelDownload(205917_v1.0), sent

2024-02-10 13:09:37,003 <requestor-worker-4:1327350, MainThread:139850448979776> (requestor.py:_fetch_single_sync:154 -> middleware.py:apply_sync:93) from logger `RFC.middleware_status_code`
[INFO] applying on CivitaiModelDownload(70987_v1.0), received

2024-02-10 13:09:37,005 <requestor-worker-4:1327350, MainThread:139850448979776> (middleware.py:apply_sync:95 -> middleware.py:_apply_sync:169) from logger `RFC.middleware_status_code`
[INFO] status code 200 in response of CivitaiModelDownload(70987_v1.0)

2024-02-10 13:09:37,007 <requestor-worker-4:1327350, MainThread:139850448979776> (requestor.py:_fetch_single_sync:154 -> middleware.py:apply_sync:96) from logger `RFC.middleware_status_code`
[INFO] applied on CivitaiModelDownload(70987_v1.0), sent

2024-02-10 13:09:39,066 <requestor-worker-5:1327356, MainThread:139850448979776> (requestor.py:_fetch_single_sync:154 -> middleware.py:apply_sync:93) from logger `RFC.middleware_status_code`
[INFO] applying on CivitaiModelDownload(224143_v1.0), received

2024-02-10 13:09:39,067 <requestor-worker-5:1327356, MainThread:139850448979776> (middleware.py:apply_sync:95 -> middleware.py:_apply_sync:169) from logger `RFC.middleware_status_code`
[INFO] status code 200 in response of CivitaiModelDownload(224143_v1.0)

2024-02-10 13:09:39,067 <requestor-worker-5:1327356, MainThread:139850448979776> (requestor.py:_fetch_single_sync:154 -> middleware.py:apply_sync:96) from logger `RFC.middleware_status_code`
[INFO] applied on CivitaiModelDownload(224143_v1.0), sent

2024-02-10 13:09:49,138 <requestor-worker-5:1327356, MainThread:139850448979776> (requestor.py:_fetch_single_sync:154 -> middleware.py:apply_sync:93) from logger `RFC.middleware_status_code`
[INFO] applying on CivitaiModelDownload(27836_Ayatsuji_Tsukasa), received

2024-02-10 13:09:49,139 <requestor-worker-5:1327356, MainThread:139850448979776> (middleware.py:apply_sync:95 -> middleware.py:_apply_sync:169) from logger `RFC.middleware_status_code`
[INFO] status code 200 in response of CivitaiModelDownload(27836_Ayatsuji_Tsukasa)

2024-02-10 13:09:49,140 <requestor-worker-5:1327356, MainThread:139850448979776> (requestor.py:_fetch_single_sync:154 -> middleware.py:apply_sync:96) from logger `RFC.middleware_status_code`
[INFO] applied on CivitaiModelDownload(27836_Ayatsuji_Tsukasa), sent

2024-02-10 13:09:58,627 <requestor-worker-4:1327350, MainThread:139850448979776> (requestor.py:_fetch_single_sync:154 -> middleware.py:apply_sync:93) from logger `RFC.middleware_status_code`
[INFO] applying on CivitaiModelDownload(332176_v1.0), received

2024-02-10 13:09:58,629 <requestor-worker-4:1327350, MainThread:139850448979776> (middleware.py:apply_sync:95 -> middleware.py:_apply_sync:169) from logger `RFC.middleware_status_code`
[INFO] status code 200 in response of CivitaiModelDownload(332176_v1.0)

2024-02-10 13:09:58,632 <requestor-worker-4:1327350, MainThread:139850448979776> (requestor.py:_fetch_single_sync:154 -> middleware.py:apply_sync:96) from logger `RFC.middleware_status_code`
[INFO] applied on CivitaiModelDownload(332176_v1.0), sent

2024-02-10 13:09:59,157 <requestor-worker-3:1327344, MainThread:139850448979776> (requestor.py:_fetch_single_sync:154 -> middleware.py:apply_sync:93) from logger `RFC.middleware_status_code`
[INFO] applying on CivitaiModelDownload(164134_v1.0), received

2024-02-10 13:09:59,157 <requestor-worker-3:1327344, MainThread:139850448979776> (middleware.py:apply_sync:95 -> middleware.py:_apply_sync:169) from logger `RFC.middleware_status_code`
[INFO] status code 200 in response of CivitaiModelDownload(164134_v1.0)

2024-02-10 13:09:59,158 <requestor-worker-3:1327344, MainThread:139850448979776> (requestor.py:_fetch_single_sync:154 -> middleware.py:apply_sync:96) from logger `RFC.middleware_status_code`
[INFO] applied on CivitaiModelDownload(164134_v1.0), sent

2024-02-10 13:10:12,538 <requestor-worker-5:1327356, MainThread:139850448979776> (requestor.py:_fetch_single_sync:154 -> middleware.py:apply_sync:93) from logger `RFC.middleware_status_code`
[INFO] applying on CivitaiModelDownload(33662_Misha_Necron_bf16), received

2024-02-10 13:10:12,539 <requestor-worker-5:1327356, MainThread:139850448979776> (middleware.py:apply_sync:95 -> middleware.py:_apply_sync:169) from logger `RFC.middleware_status_code`
[INFO] status code 200 in response of CivitaiModelDownload(33662_Misha_Necron_bf16)

2024-02-10 13:10:12,540 <requestor-worker-5:1327356, MainThread:139850448979776> (requestor.py:_fetch_single_sync:154 -> middleware.py:apply_sync:96) from logger `RFC.middleware_status_code`
[INFO] applied on CivitaiModelDownload(33662_Misha_Necron_bf16), sent

2024-02-10 13:10:13,031 <requestor-worker-4:1327350, MainThread:139850448979776> (requestor.py:_fetch_single_sync:154 -> middleware.py:apply_sync:93) from logger `RFC.middleware_status_code`
[INFO] applying on CivitaiModelDownload(236472_v1.0), received

2024-02-10 13:10:13,034 <requestor-worker-4:1327350, MainThread:139850448979776> (middleware.py:apply_sync:95 -> middleware.py:_apply_sync:169) from logger `RFC.middleware_status_code`
[INFO] status code 200 in response of CivitaiModelDownload(236472_v1.0)

2024-02-10 13:10:13,035 <requestor-worker-4:1327350, MainThread:139850448979776> (requestor.py:_fetch_single_sync:154 -> middleware.py:apply_sync:96) from logger `RFC.middleware_status_code`
[INFO] applied on CivitaiModelDownload(236472_v1.0), sent

2024-02-10 13:10:14,632 <requestor-worker-3:1327344, MainThread:139850448979776> (requestor.py:_fetch_single_sync:154 -> middleware.py:apply_sync:93) from logger `RFC.middleware_status_code`
[INFO] applying on CivitaiModelDownload(52197_v1.0), received

2024-02-10 13:10:14,633 <requestor-worker-3:1327344, MainThread:139850448979776> (middleware.py:apply_sync:95 -> middleware.py:_apply_sync:169) from logger `RFC.middleware_status_code`
[INFO] status code 200 in response of CivitaiModelDownload(52197_v1.0)

2024-02-10 13:10:14,634 <requestor-worker-3:1327344, MainThread:139850448979776> (requestor.py:_fetch_single_sync:154 -> middleware.py:apply_sync:96) from logger `RFC.middleware_status_code`
[INFO] applied on CivitaiModelDownload(52197_v1.0), sent

2024-02-10 13:10:59,697 <requestor-worker-2:1327338, MainThread:139850448979776> (requestor.py:_fetch_single_sync:154 -> middleware.py:apply_sync:93) from logger `RFC.middleware_status_code`
[INFO] applying on CivitaiModelDownload(200512_v1.0), received

2024-02-10 13:10:59,697 <requestor-worker-2:1327338, MainThread:139850448979776> (middleware.py:apply_sync:95 -> middleware.py:_apply_sync:169) from logger `RFC.middleware_status_code`
[INFO] status code 200 in response of CivitaiModelDownload(200512_v1.0)

2024-02-10 13:10:59,698 <requestor-worker-2:1327338, MainThread:139850448979776> (requestor.py:_fetch_single_sync:154 -> middleware.py:apply_sync:96) from logger `RFC.middleware_status_code`
[INFO] applied on CivitaiModelDownload(200512_v1.0), sent

2024-02-10 13:11:17,220 <requestor-worker-0:1327330, MainThread:139850448979776> (requestor.py:_fetch_single_sync:154 -> middleware.py:apply_sync:93) from logger `RFC.middleware_status_code`
[INFO] applying on CivitaiModelDownload(218902_v1.0), received

2024-02-10 13:11:17,221 <requestor-worker-0:1327330, MainThread:139850448979776> (middleware.py:apply_sync:95 -> middleware.py:_apply_sync:169) from logger `RFC.middleware_status_code`
[INFO] status code 200 in response of CivitaiModelDownload(218902_v1.0)

2024-02-10 13:11:17,222 <requestor-worker-0:1327330, MainThread:139850448979776> (requestor.py:_fetch_single_sync:154 -> middleware.py:apply_sync:96) from logger `RFC.middleware_status_code`
[INFO] applied on CivitaiModelDownload(218902_v1.0), sent

2024-02-10 13:11:39,973 <requestor-worker-0:1327330, MainThread:139850448979776> (requestor.py:_fetch_single_sync:154 -> middleware.py:apply_sync:93) from logger `RFC.middleware_status_code`
[INFO] applying on CivitaiModelDownload(308716_v1.0), received

2024-02-10 13:11:39,976 <requestor-worker-0:1327330, MainThread:139850448979776> (middleware.py:apply_sync:95 -> middleware.py:_apply_sync:169) from logger `RFC.middleware_status_code`
[INFO] status code 200 in response of CivitaiModelDownload(308716_v1.0)

2024-02-10 13:11:39,977 <requestor-worker-0:1327330, MainThread:139850448979776> (requestor.py:_fetch_single_sync:154 -> middleware.py:apply_sync:96) from logger `RFC.middleware_status_code`
[INFO] applied on CivitaiModelDownload(308716_v1.0), sent

2024-02-10 13:12:05,279 <requestor-worker-5:1327356, MainThread:139850448979776> (requestor.py:_fetch_single_sync:154 -> middleware.py:apply_sync:93) from logger `RFC.middleware_status_code`
[INFO] applying on CivitaiModelDownload(174146_v1.0), received

2024-02-10 13:12:05,281 <requestor-worker-5:1327356, MainThread:139850448979776> (middleware.py:apply_sync:95 -> middleware.py:_apply_sync:169) from logger `RFC.middleware_status_code`
[INFO] status code 200 in response of CivitaiModelDownload(174146_v1.0)

2024-02-10 13:12:05,282 <requestor-worker-5:1327356, MainThread:139850448979776> (requestor.py:_fetch_single_sync:154 -> middleware.py:apply_sync:96) from logger `RFC.middleware_status_code`
[INFO] applied on CivitaiModelDownload(174146_v1.0), sent

2024-02-10 13:12:18,924 <requestor-worker-5:1327356, MainThread:139850448979776> (requestor.py:_fetch_single_sync:154 -> middleware.py:apply_sync:93) from logger `RFC.middleware_status_code`
[INFO] applying on CivitaiModelDownload(309843_v1.0), received

2024-02-10 13:12:18,928 <requestor-worker-5:1327356, MainThread:139850448979776> (middleware.py:apply_sync:95 -> middleware.py:_apply_sync:169) from logger `RFC.middleware_status_code`
[INFO] status code 200 in response of CivitaiModelDownload(309843_v1.0)

2024-02-10 13:12:18,929 <requestor-worker-5:1327356, MainThread:139850448979776> (requestor.py:_fetch_single_sync:154 -> middleware.py:apply_sync:96) from logger `RFC.middleware_status_code`
[INFO] applied on CivitaiModelDownload(309843_v1.0), sent

2024-02-10 13:12:25,462 <requestor-worker-4:1327350, MainThread:139850448979776> (requestor.py:_fetch_single_sync:154 -> middleware.py:apply_sync:93) from logger `RFC.middleware_status_code`
[INFO] applying on CivitaiModelDownload(175201_v1.0), received

2024-02-10 13:12:25,463 <requestor-worker-4:1327350, MainThread:139850448979776> (middleware.py:apply_sync:95 -> middleware.py:_apply_sync:169) from logger `RFC.middleware_status_code`
[INFO] status code 200 in response of CivitaiModelDownload(175201_v1.0)

2024-02-10 13:12:25,464 <requestor-worker-4:1327350, MainThread:139850448979776> (requestor.py:_fetch_single_sync:154 -> middleware.py:apply_sync:96) from logger `RFC.middleware_status_code`
[INFO] applied on CivitaiModelDownload(175201_v1.0), sent

2024-02-10 13:12:30,147 <requestor-worker-5:1327356, MainThread:139850448979776> (requestor.py:_fetch_single_sync:154 -> middleware.py:apply_sync:93) from logger `RFC.middleware_status_code`
[INFO] applying on CivitaiModelDownload(309935_v1.0), received

2024-02-10 13:12:30,399 <requestor-worker-5:1327356, MainThread:139850448979776> (middleware.py:apply_sync:95 -> middleware.py:_apply_sync:169) from logger `RFC.middleware_status_code`
[INFO] status code 200 in response of CivitaiModelDownload(309935_v1.0)

2024-02-10 13:12:30,401 <requestor-worker-5:1327356, MainThread:139850448979776> (requestor.py:_fetch_single_sync:154 -> middleware.py:apply_sync:96) from logger `RFC.middleware_status_code`
[INFO] applied on CivitaiModelDownload(309935_v1.0), sent

2024-02-10 13:12:50,563 <requestor-worker-5:1327356, MainThread:139850448979776> (requestor.py:_fetch_single_sync:154 -> middleware.py:apply_sync:93) from logger `RFC.middleware_status_code`
[INFO] applying on CivitaiModelDownload(55678_v1.0), received

2024-02-10 13:12:50,565 <requestor-worker-5:1327356, MainThread:139850448979776> (middleware.py:apply_sync:95 -> middleware.py:_apply_sync:169) from logger `RFC.middleware_status_code`
[INFO] status code 200 in response of CivitaiModelDownload(55678_v1.0)

2024-02-10 13:12:50,566 <requestor-worker-5:1327356, MainThread:139850448979776> (requestor.py:_fetch_single_sync:154 -> middleware.py:apply_sync:96) from logger `RFC.middleware_status_code`
[INFO] applied on CivitaiModelDownload(55678_v1.0), sent

2024-02-10 13:13:04,137 <requestor-worker-0:1327330, MainThread:139850448979776> (requestor.py:_fetch_single_sync:154 -> middleware.py:apply_sync:93) from logger `RFC.middleware_status_code`
[INFO] applying on CivitaiModelDownload(176034_v2.0), received

2024-02-10 13:13:04,138 <requestor-worker-0:1327330, MainThread:139850448979776> (middleware.py:apply_sync:95 -> middleware.py:_apply_sync:169) from logger `RFC.middleware_status_code`
[INFO] status code 200 in response of CivitaiModelDownload(176034_v2.0)

2024-02-10 13:13:04,139 <requestor-worker-0:1327330, MainThread:139850448979776> (requestor.py:_fetch_single_sync:154 -> middleware.py:apply_sync:96) from logger `RFC.middleware_status_code`
[INFO] applied on CivitaiModelDownload(176034_v2.0), sent

2024-02-10 13:13:04,861 <requestor-worker-5:1327356, MainThread:139850448979776> (requestor.py:_fetch_single_sync:154 -> middleware.py:apply_sync:93) from logger `RFC.middleware_status_code`
[INFO] applying on CivitaiModelDownload(52900_v1.0), received

2024-02-10 13:13:04,862 <requestor-worker-5:1327356, MainThread:139850448979776> (middleware.py:apply_sync:95 -> middleware.py:_apply_sync:169) from logger `RFC.middleware_status_code`
[INFO] status code 200 in response of CivitaiModelDownload(52900_v1.0)

2024-02-10 13:13:04,863 <requestor-worker-5:1327356, MainThread:139850448979776> (requestor.py:_fetch_single_sync:154 -> middleware.py:apply_sync:96) from logger `RFC.middleware_status_code`
[INFO] applied on CivitaiModelDownload(52900_v1.0), sent

2024-02-10 13:13:07,289 <requestor-worker-4:1327350, MainThread:139850448979776> (requestor.py:_fetch_single_sync:154 -> middleware.py:apply_sync:93) from logger `RFC.middleware_status_code`
[INFO] applying on CivitaiModelDownload(68605_v2.0), received

2024-02-10 13:13:07,290 <requestor-worker-4:1327350, MainThread:139850448979776> (middleware.py:apply_sync:95 -> middleware.py:_apply_sync:169) from logger `RFC.middleware_status_code`
[INFO] status code 200 in response of CivitaiModelDownload(68605_v2.0)

2024-02-10 13:13:07,291 <requestor-worker-4:1327350, MainThread:139850448979776> (requestor.py:_fetch_single_sync:154 -> middleware.py:apply_sync:96) from logger `RFC.middleware_status_code`
[INFO] applied on CivitaiModelDownload(68605_v2.0), sent

