2024-02-10 12:34:56,567 <MainProcess:4075165, MainThread:140606509942592> (middleware.py:get_middleware:401 -> middleware.py:__init__:55) from logger `RFC.middleware_result_saver`
[INFO] initialized

2024-02-10 12:35:03,768 <requestor-worker-0:4075223, MainThread:140606509942592> (requestor.py:_fetch_single_sync:154 -> middleware.py:apply_sync:93) from logger `RFC.middleware_result_saver`
[INFO] applying on CivitaiModelDownload(107896_v1.0), received

2024-02-10 12:35:03,775 <requestor-worker-0:4075223, MainThread:140606509942592> (requestor.py:_fetch_single_sync:154 -> middleware.py:apply_sync:96) from logger `RFC.middleware_result_saver`
[INFO] applied on CivitaiModelDownload(107896_v1.0), sent

2024-02-10 12:58:44,977 <MainProcess:4077276, MainThread:139850448979776> (middleware.py:get_middleware:401 -> middleware.py:__init__:55) from logger `RFC.middleware_result_saver`
[INFO] initialized

2024-02-10 12:58:54,016 <requestor-worker-3:1327344, MainThread:139850448979776> (requestor.py:_fetch_single_sync:154 -> middleware.py:apply_sync:93) from logger `RFC.middleware_result_saver`
[INFO] applying on CivitaiModelDownload(325555_v1.0), received

2024-02-10 12:58:54,019 <requestor-worker-3:1327344, MainThread:139850448979776> (requestor.py:_fetch_single_sync:154 -> middleware.py:apply_sync:96) from logger `RFC.middleware_result_saver`
[INFO] applied on CivitaiModelDownload(325555_v1.0), sent

2024-02-10 12:58:57,395 <requestor-worker-1:1327332, MainThread:139850448979776> (requestor.py:_fetch_single_sync:154 -> middleware.py:apply_sync:93) from logger `RFC.middleware_result_saver`
[INFO] applying on CivitaiModelDownload(325610_v1.0), received

2024-02-10 12:58:57,566 <requestor-worker-1:1327332, MainThread:139850448979776> (requestor.py:_fetch_single_sync:154 -> middleware.py:apply_sync:96) from logger `RFC.middleware_result_saver`
[INFO] applied on CivitaiModelDownload(325610_v1.0), sent

2024-02-10 12:59:08,364 <requestor-worker-5:1327356, MainThread:139850448979776> (requestor.py:_fetch_single_sync:154 -> middleware.py:apply_sync:93) from logger `RFC.middleware_result_saver`
[INFO] applying on CivitaiModelDownload(35613_v1.0), received

2024-02-10 12:59:08,366 <requestor-worker-5:1327356, MainThread:139850448979776> (requestor.py:_fetch_single_sync:154 -> middleware.py:apply_sync:96) from logger `RFC.middleware_result_saver`
[INFO] applied on CivitaiModelDownload(35613_v1.0), sent

2024-02-10 12:59:08,744 <requestor-worker-3:1327344, MainThread:139850448979776> (requestor.py:_fetch_single_sync:154 -> middleware.py:apply_sync:93) from logger `RFC.middleware_result_saver`
[INFO] applying on CivitaiModelDownload(139730_v1.0), received

2024-02-10 12:59:08,747 <requestor-worker-3:1327344, MainThread:139850448979776> (requestor.py:_fetch_single_sync:154 -> middleware.py:apply_sync:96) from logger `RFC.middleware_result_saver`
[INFO] applied on CivitaiModelDownload(139730_v1.0), sent

2024-02-10 12:59:14,608 <requestor-worker-1:1327332, MainThread:139850448979776> (requestor.py:_fetch_single_sync:154 -> middleware.py:apply_sync:93) from logger `RFC.middleware_result_saver`
[INFO] applying on CivitaiModelDownload(140034_v1.17epoch), received

2024-02-10 12:59:14,879 <requestor-worker-1:1327332, MainThread:139850448979776> (requestor.py:_fetch_single_sync:154 -> middleware.py:apply_sync:96) from logger `RFC.middleware_result_saver`
[INFO] applied on CivitaiModelDownload(140034_v1.17epoch), sent

2024-02-10 12:59:17,455 <requestor-worker-4:1327350, MainThread:139850448979776> (requestor.py:_fetch_single_sync:154 -> middleware.py:apply_sync:93) from logger `RFC.middleware_result_saver`
[INFO] applying on CivitaiModelDownload(60353_v1), received

2024-02-10 12:59:17,458 <requestor-worker-4:1327350, MainThread:139850448979776> (requestor.py:_fetch_single_sync:154 -> middleware.py:apply_sync:96) from logger `RFC.middleware_result_saver`
[INFO] applied on CivitaiModelDownload(60353_v1), sent

2024-02-10 12:59:18,554 <requestor-worker-1:1327332, MainThread:139850448979776> (requestor.py:_fetch_single_sync:154 -> middleware.py:apply_sync:93) from logger `RFC.middleware_result_saver`
[INFO] applying on CivitaiModelDownload(54137_v2.0), received

2024-02-10 12:59:19,119 <requestor-worker-1:1327332, MainThread:139850448979776> (requestor.py:_fetch_single_sync:154 -> middleware.py:apply_sync:96) from logger `RFC.middleware_result_saver`
[INFO] applied on CivitaiModelDownload(54137_v2.0), sent

2024-02-10 12:59:47,765 <requestor-worker-5:1327356, MainThread:139850448979776> (requestor.py:_fetch_single_sync:154 -> middleware.py:apply_sync:93) from logger `RFC.middleware_result_saver`
[INFO] applying on CivitaiModelDownload(140319_v1.111epoch), received

2024-02-10 12:59:47,884 <requestor-worker-5:1327356, MainThread:139850448979776> (requestor.py:_fetch_single_sync:154 -> middleware.py:apply_sync:96) from logger `RFC.middleware_result_saver`
[INFO] applied on CivitaiModelDownload(140319_v1.111epoch), sent

2024-02-10 12:59:50,802 <requestor-worker-3:1327344, MainThread:139850448979776> (requestor.py:_fetch_single_sync:154 -> middleware.py:apply_sync:93) from logger `RFC.middleware_result_saver`
[INFO] applying on CivitaiModelDownload(111213_V0), received

2024-02-10 12:59:50,805 <requestor-worker-3:1327344, MainThread:139850448979776> (requestor.py:_fetch_single_sync:154 -> middleware.py:apply_sync:96) from logger `RFC.middleware_result_saver`
[INFO] applied on CivitaiModelDownload(111213_V0), sent

2024-02-10 13:00:04,446 <requestor-worker-5:1327356, MainThread:139850448979776> (requestor.py:_fetch_single_sync:154 -> middleware.py:apply_sync:93) from logger `RFC.middleware_result_saver`
[INFO] applying on CivitaiModelDownload(325863_v1.0), received

2024-02-10 13:00:04,449 <requestor-worker-5:1327356, MainThread:139850448979776> (requestor.py:_fetch_single_sync:154 -> middleware.py:apply_sync:96) from logger `RFC.middleware_result_saver`
[INFO] applied on CivitaiModelDownload(325863_v1.0), sent

2024-02-10 13:00:11,322 <requestor-worker-1:1327332, MainThread:139850448979776> (requestor.py:_fetch_single_sync:154 -> middleware.py:apply_sync:93) from logger `RFC.middleware_result_saver`
[INFO] applying on CivitaiModelDownload(23562_Utaha_Kasumigaoka), received

2024-02-10 13:00:11,525 <requestor-worker-1:1327332, MainThread:139850448979776> (requestor.py:_fetch_single_sync:154 -> middleware.py:apply_sync:96) from logger `RFC.middleware_result_saver`
[INFO] applied on CivitaiModelDownload(23562_Utaha_Kasumigaoka), sent

2024-02-10 13:00:28,513 <requestor-worker-4:1327350, MainThread:139850448979776> (requestor.py:_fetch_single_sync:154 -> middleware.py:apply_sync:93) from logger `RFC.middleware_result_saver`
[INFO] applying on CivitaiModelDownload(291099_v1.0), received

2024-02-10 13:00:28,746 <requestor-worker-4:1327350, MainThread:139850448979776> (requestor.py:_fetch_single_sync:154 -> middleware.py:apply_sync:96) from logger `RFC.middleware_result_saver`
[INFO] applied on CivitaiModelDownload(291099_v1.0), sent

2024-02-10 13:00:30,614 <requestor-worker-1:1327332, MainThread:139850448979776> (requestor.py:_fetch_single_sync:154 -> middleware.py:apply_sync:93) from logger `RFC.middleware_result_saver`
[INFO] applying on CivitaiModelDownload(23127_alpha_kagejitsu), received

2024-02-10 13:00:30,749 <requestor-worker-1:1327332, MainThread:139850448979776> (requestor.py:_fetch_single_sync:154 -> middleware.py:apply_sync:96) from logger `RFC.middleware_result_saver`
[INFO] applied on CivitaiModelDownload(23127_alpha_kagejitsu), sent

2024-02-10 13:00:36,554 <requestor-worker-3:1327344, MainThread:139850448979776> (requestor.py:_fetch_single_sync:154 -> middleware.py:apply_sync:93) from logger `RFC.middleware_result_saver`
[INFO] applying on CivitaiModelDownload(62338_v1.0), received

2024-02-10 13:00:36,830 <requestor-worker-3:1327344, MainThread:139850448979776> (requestor.py:_fetch_single_sync:154 -> middleware.py:apply_sync:96) from logger `RFC.middleware_result_saver`
[INFO] applied on CivitaiModelDownload(62338_v1.0), sent

2024-02-10 13:00:37,033 <requestor-worker-5:1327356, MainThread:139850448979776> (requestor.py:_fetch_single_sync:154 -> middleware.py:apply_sync:93) from logger `RFC.middleware_result_saver`
[INFO] applying on CivitaiModelDownload(204157_v810), received

2024-02-10 13:00:37,035 <requestor-worker-5:1327356, MainThread:139850448979776> (requestor.py:_fetch_single_sync:154 -> middleware.py:apply_sync:96) from logger `RFC.middleware_result_saver`
[INFO] applied on CivitaiModelDownload(204157_v810), sent

2024-02-10 13:01:03,231 <requestor-worker-4:1327350, MainThread:139850448979776> (requestor.py:_fetch_single_sync:154 -> middleware.py:apply_sync:93) from logger `RFC.middleware_result_saver`
[INFO] applying on CivitaiModelDownload(253132_v1.0), received

2024-02-10 13:01:03,233 <requestor-worker-4:1327350, MainThread:139850448979776> (requestor.py:_fetch_single_sync:154 -> middleware.py:apply_sync:96) from logger `RFC.middleware_result_saver`
[INFO] applied on CivitaiModelDownload(253132_v1.0), sent

2024-02-10 13:01:04,251 <requestor-worker-2:1327338, MainThread:139850448979776> (requestor.py:_fetch_single_sync:154 -> middleware.py:apply_sync:93) from logger `RFC.middleware_result_saver`
[INFO] applying on CivitaiModelDownload(39161_v1.0), received

2024-02-10 13:01:04,256 <requestor-worker-2:1327338, MainThread:139850448979776> (requestor.py:_fetch_single_sync:154 -> middleware.py:apply_sync:96) from logger `RFC.middleware_result_saver`
[INFO] applied on CivitaiModelDownload(39161_v1.0), sent

2024-02-10 13:01:18,220 <requestor-worker-4:1327350, MainThread:139850448979776> (requestor.py:_fetch_single_sync:154 -> middleware.py:apply_sync:93) from logger `RFC.middleware_result_saver`
[INFO] applying on CivitaiModelDownload(307859_v1.0), received

2024-02-10 13:01:18,224 <requestor-worker-4:1327350, MainThread:139850448979776> (requestor.py:_fetch_single_sync:154 -> middleware.py:apply_sync:96) from logger `RFC.middleware_result_saver`
[INFO] applied on CivitaiModelDownload(307859_v1.0), sent

2024-02-10 13:01:30,934 <requestor-worker-2:1327338, MainThread:139850448979776> (requestor.py:_fetch_single_sync:154 -> middleware.py:apply_sync:93) from logger `RFC.middleware_result_saver`
[INFO] applying on CivitaiModelDownload(265516_v1.0), received

2024-02-10 13:01:30,944 <requestor-worker-2:1327338, MainThread:139850448979776> (requestor.py:_fetch_single_sync:154 -> middleware.py:apply_sync:96) from logger `RFC.middleware_result_saver`
[INFO] applied on CivitaiModelDownload(265516_v1.0), sent

2024-02-10 13:01:36,544 <requestor-worker-2:1327338, MainThread:139850448979776> (requestor.py:_fetch_single_sync:154 -> middleware.py:apply_sync:93) from logger `RFC.middleware_result_saver`
[INFO] applying on CivitaiModelDownload(127657_v1.0(alpha)|Lora), received

2024-02-10 13:01:36,546 <requestor-worker-2:1327338, MainThread:139850448979776> (requestor.py:_fetch_single_sync:154 -> middleware.py:apply_sync:96) from logger `RFC.middleware_result_saver`
[INFO] applied on CivitaiModelDownload(127657_v1.0(alpha)|Lora), sent

2024-02-10 13:01:37,413 <requestor-worker-4:1327350, MainThread:139850448979776> (requestor.py:_fetch_single_sync:154 -> middleware.py:apply_sync:93) from logger `RFC.middleware_result_saver`
[INFO] applying on CivitaiModelDownload(325304_v1.0), received

2024-02-10 13:01:37,682 <requestor-worker-4:1327350, MainThread:139850448979776> (requestor.py:_fetch_single_sync:154 -> middleware.py:apply_sync:96) from logger `RFC.middleware_result_saver`
[INFO] applied on CivitaiModelDownload(325304_v1.0), sent

2024-02-10 13:01:57,900 <requestor-worker-2:1327338, MainThread:139850448979776> (requestor.py:_fetch_single_sync:154 -> middleware.py:apply_sync:93) from logger `RFC.middleware_result_saver`
[INFO] applying on CivitaiModelDownload(148275_v1.1locon), received

2024-02-10 13:01:57,902 <requestor-worker-2:1327338, MainThread:139850448979776> (requestor.py:_fetch_single_sync:154 -> middleware.py:apply_sync:96) from logger `RFC.middleware_result_saver`
[INFO] applied on CivitaiModelDownload(148275_v1.1locon), sent

2024-02-10 13:02:03,678 <requestor-worker-0:1327330, MainThread:139850448979776> (requestor.py:_fetch_single_sync:154 -> middleware.py:apply_sync:93) from logger `RFC.middleware_result_saver`
[INFO] applying on CivitaiModelDownload(218814_LoCon_IMPROVED_DATASET), received

2024-02-10 13:02:03,681 <requestor-worker-0:1327330, MainThread:139850448979776> (requestor.py:_fetch_single_sync:154 -> middleware.py:apply_sync:96) from logger `RFC.middleware_result_saver`
[INFO] applied on CivitaiModelDownload(218814_LoCon_IMPROVED_DATASET), sent

2024-02-10 13:02:27,064 <requestor-worker-1:1327332, MainThread:139850448979776> (requestor.py:_fetch_single_sync:154 -> middleware.py:apply_sync:93) from logger `RFC.middleware_result_saver`
[INFO] applying on CivitaiModelDownload(252090_v1.0), received

2024-02-10 13:02:27,072 <requestor-worker-1:1327332, MainThread:139850448979776> (requestor.py:_fetch_single_sync:154 -> middleware.py:apply_sync:96) from logger `RFC.middleware_result_saver`
[INFO] applied on CivitaiModelDownload(252090_v1.0), sent

2024-02-10 13:03:00,508 <requestor-worker-1:1327332, MainThread:139850448979776> (requestor.py:_fetch_single_sync:154 -> middleware.py:apply_sync:93) from logger `RFC.middleware_result_saver`
[INFO] applying on CivitaiModelDownload(257604_v1.0), received

2024-02-10 13:03:00,693 <requestor-worker-1:1327332, MainThread:139850448979776> (requestor.py:_fetch_single_sync:154 -> middleware.py:apply_sync:96) from logger `RFC.middleware_result_saver`
[INFO] applied on CivitaiModelDownload(257604_v1.0), sent

2024-02-10 13:03:27,622 <requestor-worker-4:1327350, MainThread:139850448979776> (requestor.py:_fetch_single_sync:154 -> middleware.py:apply_sync:93) from logger `RFC.middleware_result_saver`
[INFO] applying on CivitaiModelDownload(148272_v1.1Loha), received

2024-02-10 13:03:28,891 <requestor-worker-4:1327350, MainThread:139850448979776> (requestor.py:_fetch_single_sync:154 -> middleware.py:apply_sync:96) from logger `RFC.middleware_result_saver`
[INFO] applied on CivitaiModelDownload(148272_v1.1Loha), sent

2024-02-10 13:03:31,064 <requestor-worker-2:1327338, MainThread:139850448979776> (requestor.py:_fetch_single_sync:154 -> middleware.py:apply_sync:93) from logger `RFC.middleware_result_saver`
[INFO] applying on CivitaiModelDownload(87688_v1.0), received

2024-02-10 13:03:31,066 <requestor-worker-2:1327338, MainThread:139850448979776> (requestor.py:_fetch_single_sync:154 -> middleware.py:apply_sync:96) from logger `RFC.middleware_result_saver`
[INFO] applied on CivitaiModelDownload(87688_v1.0), sent

2024-02-10 13:03:46,793 <requestor-worker-4:1327350, MainThread:139850448979776> (requestor.py:_fetch_single_sync:154 -> middleware.py:apply_sync:93) from logger `RFC.middleware_result_saver`
[INFO] applying on CivitaiModelDownload(53132_v1.0), received

2024-02-10 13:03:46,795 <requestor-worker-4:1327350, MainThread:139850448979776> (requestor.py:_fetch_single_sync:154 -> middleware.py:apply_sync:96) from logger `RFC.middleware_result_saver`
[INFO] applied on CivitaiModelDownload(53132_v1.0), sent

2024-02-10 13:03:48,378 <requestor-worker-1:1327332, MainThread:139850448979776> (requestor.py:_fetch_single_sync:154 -> middleware.py:apply_sync:93) from logger `RFC.middleware_result_saver`
[INFO] applying on CivitaiModelDownload(114514_v1.15), received

2024-02-10 13:03:48,381 <requestor-worker-1:1327332, MainThread:139850448979776> (requestor.py:_fetch_single_sync:154 -> middleware.py:apply_sync:96) from logger `RFC.middleware_result_saver`
[INFO] applied on CivitaiModelDownload(114514_v1.15), sent

2024-02-10 13:03:53,591 <requestor-worker-4:1327350, MainThread:139850448979776> (requestor.py:_fetch_single_sync:154 -> middleware.py:apply_sync:93) from logger `RFC.middleware_result_saver`
[INFO] applying on CivitaiModelDownload(314689_中之人あめちゃん), received

2024-02-10 13:03:53,659 <requestor-worker-4:1327350, MainThread:139850448979776> (requestor.py:_fetch_single_sync:154 -> middleware.py:apply_sync:96) from logger `RFC.middleware_result_saver`
[INFO] applied on CivitaiModelDownload(314689_中之人あめちゃん), sent

2024-02-10 13:03:57,342 <requestor-worker-1:1327332, MainThread:139850448979776> (requestor.py:_fetch_single_sync:154 -> middleware.py:apply_sync:93) from logger `RFC.middleware_result_saver`
[INFO] applying on CivitaiModelDownload(314682_超天酱KAngel), received

2024-02-10 13:03:57,353 <requestor-worker-1:1327332, MainThread:139850448979776> (requestor.py:_fetch_single_sync:154 -> middleware.py:apply_sync:96) from logger `RFC.middleware_result_saver`
[INFO] applied on CivitaiModelDownload(314682_超天酱KAngel), sent

2024-02-10 13:04:11,948 <requestor-worker-4:1327350, MainThread:139850448979776> (requestor.py:_fetch_single_sync:154 -> middleware.py:apply_sync:93) from logger `RFC.middleware_result_saver`
[INFO] applying on CivitaiModelDownload(134756_v1.0), received

2024-02-10 13:04:11,949 <requestor-worker-4:1327350, MainThread:139850448979776> (requestor.py:_fetch_single_sync:154 -> middleware.py:apply_sync:96) from logger `RFC.middleware_result_saver`
[INFO] applied on CivitaiModelDownload(134756_v1.0), sent

2024-02-10 13:05:18,041 <requestor-worker-3:1327344, MainThread:139850448979776> (requestor.py:_fetch_single_sync:154 -> middleware.py:apply_sync:93) from logger `RFC.middleware_result_saver`
[INFO] applying on CivitaiModelDownload(19135_v1), received

2024-02-10 13:05:19,255 <requestor-worker-3:1327344, MainThread:139850448979776> (requestor.py:_fetch_single_sync:154 -> middleware.py:apply_sync:96) from logger `RFC.middleware_result_saver`
[INFO] applied on CivitaiModelDownload(19135_v1), sent

2024-02-10 13:06:21,478 <requestor-worker-3:1327344, MainThread:139850448979776> (requestor.py:_fetch_single_sync:154 -> middleware.py:apply_sync:93) from logger `RFC.middleware_result_saver`
[INFO] applying on CivitaiModelDownload(41702_v1.0), received

2024-02-10 13:06:22,722 <requestor-worker-3:1327344, MainThread:139850448979776> (requestor.py:_fetch_single_sync:154 -> middleware.py:apply_sync:96) from logger `RFC.middleware_result_saver`
[INFO] applied on CivitaiModelDownload(41702_v1.0), sent

2024-02-10 13:06:27,240 <requestor-worker-2:1327338, MainThread:139850448979776> (requestor.py:_fetch_single_sync:154 -> middleware.py:apply_sync:93) from logger `RFC.middleware_result_saver`
[INFO] applying on CivitaiModelDownload(158132_v1.0), received

2024-02-10 13:06:27,582 <requestor-worker-2:1327338, MainThread:139850448979776> (requestor.py:_fetch_single_sync:154 -> middleware.py:apply_sync:96) from logger `RFC.middleware_result_saver`
[INFO] applied on CivitaiModelDownload(158132_v1.0), sent

2024-02-10 13:06:34,800 <requestor-worker-3:1327344, MainThread:139850448979776> (requestor.py:_fetch_single_sync:154 -> middleware.py:apply_sync:93) from logger `RFC.middleware_result_saver`
[INFO] applying on CivitaiModelDownload(304803_v1.0), received

2024-02-10 13:06:34,804 <requestor-worker-3:1327344, MainThread:139850448979776> (requestor.py:_fetch_single_sync:154 -> middleware.py:apply_sync:96) from logger `RFC.middleware_result_saver`
[INFO] applied on CivitaiModelDownload(304803_v1.0), sent

2024-02-10 13:06:36,360 <requestor-worker-2:1327338, MainThread:139850448979776> (requestor.py:_fetch_single_sync:154 -> middleware.py:apply_sync:93) from logger `RFC.middleware_result_saver`
[INFO] applying on CivitaiModelDownload(32499_v1.0), received

2024-02-10 13:06:36,361 <requestor-worker-2:1327338, MainThread:139850448979776> (requestor.py:_fetch_single_sync:154 -> middleware.py:apply_sync:96) from logger `RFC.middleware_result_saver`
[INFO] applied on CivitaiModelDownload(32499_v1.0), sent

2024-02-10 13:06:44,848 <requestor-worker-3:1327344, MainThread:139850448979776> (requestor.py:_fetch_single_sync:154 -> middleware.py:apply_sync:93) from logger `RFC.middleware_result_saver`
[INFO] applying on CivitaiModelDownload(303888_v1.0), received

2024-02-10 13:06:44,850 <requestor-worker-3:1327344, MainThread:139850448979776> (requestor.py:_fetch_single_sync:154 -> middleware.py:apply_sync:96) from logger `RFC.middleware_result_saver`
[INFO] applied on CivitaiModelDownload(303888_v1.0), sent

2024-02-10 13:06:45,499 <requestor-worker-2:1327338, MainThread:139850448979776> (requestor.py:_fetch_single_sync:154 -> middleware.py:apply_sync:93) from logger `RFC.middleware_result_saver`
[INFO] applying on CivitaiModelDownload(33204_Sasha_Necron_bf16), received

2024-02-10 13:06:45,501 <requestor-worker-2:1327338, MainThread:139850448979776> (requestor.py:_fetch_single_sync:154 -> middleware.py:apply_sync:96) from logger `RFC.middleware_result_saver`
[INFO] applied on CivitaiModelDownload(33204_Sasha_Necron_bf16), sent

2024-02-10 13:06:54,950 <requestor-worker-5:1327356, MainThread:139850448979776> (requestor.py:_fetch_single_sync:154 -> middleware.py:apply_sync:93) from logger `RFC.middleware_result_saver`
[INFO] applying on CivitaiModelDownload(292493_v1.0), received

2024-02-10 13:06:55,108 <requestor-worker-5:1327356, MainThread:139850448979776> (requestor.py:_fetch_single_sync:154 -> middleware.py:apply_sync:96) from logger `RFC.middleware_result_saver`
[INFO] applied on CivitaiModelDownload(292493_v1.0), sent

2024-02-10 13:07:01,315 <requestor-worker-3:1327344, MainThread:139850448979776> (requestor.py:_fetch_single_sync:154 -> middleware.py:apply_sync:93) from logger `RFC.middleware_result_saver`
[INFO] applying on CivitaiModelDownload(307209_v1.0), received

2024-02-10 13:07:02,569 <requestor-worker-3:1327344, MainThread:139850448979776> (requestor.py:_fetch_single_sync:154 -> middleware.py:apply_sync:96) from logger `RFC.middleware_result_saver`
[INFO] applied on CivitaiModelDownload(307209_v1.0), sent

2024-02-10 13:07:07,238 <requestor-worker-1:1327332, MainThread:139850448979776> (requestor.py:_fetch_single_sync:154 -> middleware.py:apply_sync:93) from logger `RFC.middleware_result_saver`
[INFO] applying on CivitaiModelDownload(187698_v1.0), received

2024-02-10 13:07:07,405 <requestor-worker-1:1327332, MainThread:139850448979776> (requestor.py:_fetch_single_sync:154 -> middleware.py:apply_sync:96) from logger `RFC.middleware_result_saver`
[INFO] applied on CivitaiModelDownload(187698_v1.0), sent

2024-02-10 13:07:09,249 <requestor-worker-5:1327356, MainThread:139850448979776> (requestor.py:_fetch_single_sync:154 -> middleware.py:apply_sync:93) from logger `RFC.middleware_result_saver`
[INFO] applying on CivitaiModelDownload(272625_v1.0), received

2024-02-10 13:07:09,315 <requestor-worker-5:1327356, MainThread:139850448979776> (requestor.py:_fetch_single_sync:154 -> middleware.py:apply_sync:96) from logger `RFC.middleware_result_saver`
[INFO] applied on CivitaiModelDownload(272625_v1.0), sent

2024-02-10 13:07:21,413 <requestor-worker-2:1327338, MainThread:139850448979776> (requestor.py:_fetch_single_sync:154 -> middleware.py:apply_sync:93) from logger `RFC.middleware_result_saver`
[INFO] applying on CivitaiModelDownload(33546_resident_evil_ada_wong_lycoris_v1.0), received

2024-02-10 13:07:21,965 <requestor-worker-2:1327338, MainThread:139850448979776> (requestor.py:_fetch_single_sync:154 -> middleware.py:apply_sync:96) from logger `RFC.middleware_result_saver`
[INFO] applied on CivitaiModelDownload(33546_resident_evil_ada_wong_lycoris_v1.0), sent

2024-02-10 13:07:42,269 <requestor-worker-1:1327332, MainThread:139850448979776> (requestor.py:_fetch_single_sync:154 -> middleware.py:apply_sync:93) from logger `RFC.middleware_result_saver`
[INFO] applying on CivitaiModelDownload(32352_Ariane_Glenys_Maple_bf16), received

2024-02-10 13:07:42,408 <requestor-worker-1:1327332, MainThread:139850448979776> (requestor.py:_fetch_single_sync:154 -> middleware.py:apply_sync:96) from logger `RFC.middleware_result_saver`
[INFO] applied on CivitaiModelDownload(32352_Ariane_Glenys_Maple_bf16), sent

2024-02-10 13:08:06,947 <requestor-worker-0:1327330, MainThread:139850448979776> (requestor.py:_fetch_single_sync:154 -> middleware.py:apply_sync:93) from logger `RFC.middleware_result_saver`
[INFO] applying on CivitaiModelDownload(116452_超大版), received

2024-02-10 13:08:06,950 <requestor-worker-0:1327330, MainThread:139850448979776> (requestor.py:_fetch_single_sync:154 -> middleware.py:apply_sync:96) from logger `RFC.middleware_result_saver`
[INFO] applied on CivitaiModelDownload(116452_超大版), sent

2024-02-10 13:08:26,115 <requestor-worker-5:1327356, MainThread:139850448979776> (requestor.py:_fetch_single_sync:154 -> middleware.py:apply_sync:93) from logger `RFC.middleware_result_saver`
[INFO] applying on CivitaiModelDownload(213898_v2.0), received

2024-02-10 13:08:26,184 <requestor-worker-5:1327356, MainThread:139850448979776> (requestor.py:_fetch_single_sync:154 -> middleware.py:apply_sync:96) from logger `RFC.middleware_result_saver`
[INFO] applied on CivitaiModelDownload(213898_v2.0), sent

2024-02-10 13:09:07,025 <requestor-worker-0:1327330, MainThread:139850448979776> (requestor.py:_fetch_single_sync:154 -> middleware.py:apply_sync:93) from logger `RFC.middleware_result_saver`
[INFO] applying on CivitaiModelDownload(205917_v1.0), received

2024-02-10 13:09:07,027 <requestor-worker-0:1327330, MainThread:139850448979776> (requestor.py:_fetch_single_sync:154 -> middleware.py:apply_sync:96) from logger `RFC.middleware_result_saver`
[INFO] applied on CivitaiModelDownload(205917_v1.0), sent

2024-02-10 13:09:37,025 <requestor-worker-4:1327350, MainThread:139850448979776> (requestor.py:_fetch_single_sync:154 -> middleware.py:apply_sync:93) from logger `RFC.middleware_result_saver`
[INFO] applying on CivitaiModelDownload(70987_v1.0), received

2024-02-10 13:09:37,035 <requestor-worker-4:1327350, MainThread:139850448979776> (requestor.py:_fetch_single_sync:154 -> middleware.py:apply_sync:96) from logger `RFC.middleware_result_saver`
[INFO] applied on CivitaiModelDownload(70987_v1.0), sent

2024-02-10 13:09:42,530 <requestor-worker-5:1327356, MainThread:139850448979776> (requestor.py:_fetch_single_sync:154 -> middleware.py:apply_sync:93) from logger `RFC.middleware_result_saver`
[INFO] applying on CivitaiModelDownload(224143_v1.0), received

2024-02-10 13:09:42,887 <requestor-worker-5:1327356, MainThread:139850448979776> (requestor.py:_fetch_single_sync:154 -> middleware.py:apply_sync:96) from logger `RFC.middleware_result_saver`
[INFO] applied on CivitaiModelDownload(224143_v1.0), sent

2024-02-10 13:09:49,155 <requestor-worker-5:1327356, MainThread:139850448979776> (requestor.py:_fetch_single_sync:154 -> middleware.py:apply_sync:93) from logger `RFC.middleware_result_saver`
[INFO] applying on CivitaiModelDownload(27836_Ayatsuji_Tsukasa), received

2024-02-10 13:09:49,299 <requestor-worker-5:1327356, MainThread:139850448979776> (requestor.py:_fetch_single_sync:154 -> middleware.py:apply_sync:96) from logger `RFC.middleware_result_saver`
[INFO] applied on CivitaiModelDownload(27836_Ayatsuji_Tsukasa), sent

2024-02-10 13:09:58,649 <requestor-worker-4:1327350, MainThread:139850448979776> (requestor.py:_fetch_single_sync:154 -> middleware.py:apply_sync:93) from logger `RFC.middleware_result_saver`
[INFO] applying on CivitaiModelDownload(332176_v1.0), received

2024-02-10 13:09:58,651 <requestor-worker-4:1327350, MainThread:139850448979776> (requestor.py:_fetch_single_sync:154 -> middleware.py:apply_sync:96) from logger `RFC.middleware_result_saver`
[INFO] applied on CivitaiModelDownload(332176_v1.0), sent

2024-02-10 13:10:04,134 <requestor-worker-3:1327344, MainThread:139850448979776> (requestor.py:_fetch_single_sync:154 -> middleware.py:apply_sync:93) from logger `RFC.middleware_result_saver`
[INFO] applying on CivitaiModelDownload(164134_v1.0), received

2024-02-10 13:10:04,137 <requestor-worker-3:1327344, MainThread:139850448979776> (requestor.py:_fetch_single_sync:154 -> middleware.py:apply_sync:96) from logger `RFC.middleware_result_saver`
[INFO] applied on CivitaiModelDownload(164134_v1.0), sent

2024-02-10 13:10:12,683 <requestor-worker-5:1327356, MainThread:139850448979776> (requestor.py:_fetch_single_sync:154 -> middleware.py:apply_sync:93) from logger `RFC.middleware_result_saver`
[INFO] applying on CivitaiModelDownload(33662_Misha_Necron_bf16), received

2024-02-10 13:10:12,697 <requestor-worker-5:1327356, MainThread:139850448979776> (requestor.py:_fetch_single_sync:154 -> middleware.py:apply_sync:96) from logger `RFC.middleware_result_saver`
[INFO] applied on CivitaiModelDownload(33662_Misha_Necron_bf16), sent

2024-02-10 13:10:13,483 <requestor-worker-4:1327350, MainThread:139850448979776> (requestor.py:_fetch_single_sync:154 -> middleware.py:apply_sync:93) from logger `RFC.middleware_result_saver`
[INFO] applying on CivitaiModelDownload(236472_v1.0), received

2024-02-10 13:10:13,685 <requestor-worker-4:1327350, MainThread:139850448979776> (requestor.py:_fetch_single_sync:154 -> middleware.py:apply_sync:96) from logger `RFC.middleware_result_saver`
[INFO] applied on CivitaiModelDownload(236472_v1.0), sent

2024-02-10 13:10:14,683 <requestor-worker-3:1327344, MainThread:139850448979776> (requestor.py:_fetch_single_sync:154 -> middleware.py:apply_sync:93) from logger `RFC.middleware_result_saver`
[INFO] applying on CivitaiModelDownload(52197_v1.0), received

2024-02-10 13:10:14,685 <requestor-worker-3:1327344, MainThread:139850448979776> (requestor.py:_fetch_single_sync:154 -> middleware.py:apply_sync:96) from logger `RFC.middleware_result_saver`
[INFO] applied on CivitaiModelDownload(52197_v1.0), sent

2024-02-10 13:11:04,486 <requestor-worker-2:1327338, MainThread:139850448979776> (requestor.py:_fetch_single_sync:154 -> middleware.py:apply_sync:93) from logger `RFC.middleware_result_saver`
[INFO] applying on CivitaiModelDownload(200512_v1.0), received

2024-02-10 13:11:04,649 <requestor-worker-2:1327338, MainThread:139850448979776> (requestor.py:_fetch_single_sync:154 -> middleware.py:apply_sync:96) from logger `RFC.middleware_result_saver`
[INFO] applied on CivitaiModelDownload(200512_v1.0), sent

2024-02-10 13:11:21,778 <requestor-worker-0:1327330, MainThread:139850448979776> (requestor.py:_fetch_single_sync:154 -> middleware.py:apply_sync:93) from logger `RFC.middleware_result_saver`
[INFO] applying on CivitaiModelDownload(218902_v1.0), received

2024-02-10 13:11:21,885 <requestor-worker-0:1327330, MainThread:139850448979776> (requestor.py:_fetch_single_sync:154 -> middleware.py:apply_sync:96) from logger `RFC.middleware_result_saver`
[INFO] applied on CivitaiModelDownload(218902_v1.0), sent

2024-02-10 13:11:39,992 <requestor-worker-0:1327330, MainThread:139850448979776> (requestor.py:_fetch_single_sync:154 -> middleware.py:apply_sync:93) from logger `RFC.middleware_result_saver`
[INFO] applying on CivitaiModelDownload(308716_v1.0), received

2024-02-10 13:11:39,994 <requestor-worker-0:1327330, MainThread:139850448979776> (requestor.py:_fetch_single_sync:154 -> middleware.py:apply_sync:96) from logger `RFC.middleware_result_saver`
[INFO] applied on CivitaiModelDownload(308716_v1.0), sent

2024-02-10 13:12:10,511 <requestor-worker-5:1327356, MainThread:139850448979776> (requestor.py:_fetch_single_sync:154 -> middleware.py:apply_sync:93) from logger `RFC.middleware_result_saver`
[INFO] applying on CivitaiModelDownload(174146_v1.0), received

2024-02-10 13:12:10,514 <requestor-worker-5:1327356, MainThread:139850448979776> (requestor.py:_fetch_single_sync:154 -> middleware.py:apply_sync:96) from logger `RFC.middleware_result_saver`
[INFO] applied on CivitaiModelDownload(174146_v1.0), sent

2024-02-10 13:12:18,955 <requestor-worker-5:1327356, MainThread:139850448979776> (requestor.py:_fetch_single_sync:154 -> middleware.py:apply_sync:93) from logger `RFC.middleware_result_saver`
[INFO] applying on CivitaiModelDownload(309843_v1.0), received

2024-02-10 13:12:18,959 <requestor-worker-5:1327356, MainThread:139850448979776> (requestor.py:_fetch_single_sync:154 -> middleware.py:apply_sync:96) from logger `RFC.middleware_result_saver`
[INFO] applied on CivitaiModelDownload(309843_v1.0), sent

2024-02-10 13:12:30,178 <requestor-worker-4:1327350, MainThread:139850448979776> (requestor.py:_fetch_single_sync:154 -> middleware.py:apply_sync:93) from logger `RFC.middleware_result_saver`
[INFO] applying on CivitaiModelDownload(175201_v1.0), received

2024-02-10 13:12:30,398 <requestor-worker-4:1327350, MainThread:139850448979776> (requestor.py:_fetch_single_sync:154 -> middleware.py:apply_sync:96) from logger `RFC.middleware_result_saver`
[INFO] applied on CivitaiModelDownload(175201_v1.0), sent

2024-02-10 13:12:30,763 <requestor-worker-5:1327356, MainThread:139850448979776> (requestor.py:_fetch_single_sync:154 -> middleware.py:apply_sync:93) from logger `RFC.middleware_result_saver`
[INFO] applying on CivitaiModelDownload(309935_v1.0), received

2024-02-10 13:12:30,767 <requestor-worker-5:1327356, MainThread:139850448979776> (requestor.py:_fetch_single_sync:154 -> middleware.py:apply_sync:96) from logger `RFC.middleware_result_saver`
[INFO] applied on CivitaiModelDownload(309935_v1.0), sent

2024-02-10 13:12:50,590 <requestor-worker-5:1327356, MainThread:139850448979776> (requestor.py:_fetch_single_sync:154 -> middleware.py:apply_sync:93) from logger `RFC.middleware_result_saver`
[INFO] applying on CivitaiModelDownload(55678_v1.0), received

2024-02-10 13:12:50,592 <requestor-worker-5:1327356, MainThread:139850448979776> (requestor.py:_fetch_single_sync:154 -> middleware.py:apply_sync:96) from logger `RFC.middleware_result_saver`
[INFO] applied on CivitaiModelDownload(55678_v1.0), sent

2024-02-10 13:13:07,241 <requestor-worker-0:1327330, MainThread:139850448979776> (requestor.py:_fetch_single_sync:154 -> middleware.py:apply_sync:93) from logger `RFC.middleware_result_saver`
[INFO] applying on CivitaiModelDownload(176034_v2.0), received

2024-02-10 13:13:08,296 <requestor-worker-0:1327330, MainThread:139850448979776> (requestor.py:_fetch_single_sync:154 -> middleware.py:apply_sync:96) from logger `RFC.middleware_result_saver`
[INFO] applied on CivitaiModelDownload(176034_v2.0), sent

2024-02-10 13:13:08,981 <requestor-worker-5:1327356, MainThread:139850448979776> (requestor.py:_fetch_single_sync:154 -> middleware.py:apply_sync:93) from logger `RFC.middleware_result_saver`
[INFO] applying on CivitaiModelDownload(52900_v1.0), received

2024-02-10 13:13:08,990 <requestor-worker-4:1327350, MainThread:139850448979776> (requestor.py:_fetch_single_sync:154 -> middleware.py:apply_sync:93) from logger `RFC.middleware_result_saver`
[INFO] applying on CivitaiModelDownload(68605_v2.0), received

2024-02-10 13:13:09,179 <requestor-worker-4:1327350, MainThread:139850448979776> (requestor.py:_fetch_single_sync:154 -> middleware.py:apply_sync:96) from logger `RFC.middleware_result_saver`
[INFO] applied on CivitaiModelDownload(68605_v2.0), sent

2024-02-10 13:13:10,202 <requestor-worker-5:1327356, MainThread:139850448979776> (requestor.py:_fetch_single_sync:154 -> middleware.py:apply_sync:96) from logger `RFC.middleware_result_saver`
[INFO] applied on CivitaiModelDownload(52900_v1.0), sent

