2024-01-31 14:47:36,926 <MainProcess:677985, MainThread:140637071750976> (entry.py:start:56 -> requestor.py:run:337) from logger `RFC.requestor`
[INFO] start fetching with 1 processes and None async semaphores

2024-01-31 14:47:36,938 <requestor-worker-0:678701, MainThread:140637071750976> (process.py:run:108 -> requestor.py:_fetch_all_single_process:288) from logger `RFC.requestor`
[INFO] process requestor-worker-0 start fetching with sync

2024-01-31 14:47:37,012 <requestor-worker-0:678701, MainThread:140637071750976> (requestor.py:_fetch_all_single_process:289 -> requestor.py:_fetch_all_sync:225) from logger `RFC.requestor`
[INFO] process requestor-worker-0 got OpenReviewPapersMetadata(submitted_0) from root queue

2024-01-31 14:47:37,015 <requestor-worker-0:678701, MainThread:140637071750976> (requestor.py:_fetch_single_sync:130 -> requestor.py:_check_saved_result:107) from logger `RFC.requestor`
[INFO] process requestor-worker-0 saved result found for OpenReviewPapersMetadata(submitted_0)

2024-01-31 14:47:37,020 <requestor-worker-0:678701, MainThread:140637071750976> (requestor.py:_fetch_all_sync:226 -> requestor.py:_fetch_single_sync:134) from logger `RFC.requestor`
[INFO] process requestor-worker-0 fetched OpenReviewPapersMetadata(submitted_0) from saved result

2024-01-31 14:47:37,038 <requestor-worker-0:678701, MainThread:140637071750976> (requestor.py:_fetch_all_single_process:289 -> requestor.py:_fetch_all_sync:225) from logger `RFC.requestor`
[INFO] process requestor-worker-0 got OpenReviewPapersMetadata(oralposter_0) from root queue

2024-01-31 14:47:37,041 <requestor-worker-0:678701, MainThread:140637071750976> (requestor.py:_fetch_single_sync:130 -> requestor.py:_check_saved_result:107) from logger `RFC.requestor`
[INFO] process requestor-worker-0 saved result found for OpenReviewPapersMetadata(oralposter_0)

2024-01-31 14:47:37,064 <requestor-worker-0:678701, MainThread:140637071750976> (requestor.py:_fetch_all_sync:226 -> requestor.py:_fetch_single_sync:134) from logger `RFC.requestor`
[INFO] process requestor-worker-0 fetched OpenReviewPapersMetadata(oralposter_0) from saved result

2024-01-31 14:47:37,086 <requestor-worker-0:678701, MainThread:140637071750976> (requestor.py:_fetch_all_single_process:289 -> requestor.py:_fetch_all_sync:225) from logger `RFC.requestor`
[INFO] process requestor-worker-0 got OpenReviewPapersMetadata(poster_0) from root queue

2024-01-31 14:47:37,088 <requestor-worker-0:678701, MainThread:140637071750976> (requestor.py:_fetch_single_sync:130 -> requestor.py:_check_saved_result:107) from logger `RFC.requestor`
[INFO] process requestor-worker-0 saved result found for OpenReviewPapersMetadata(poster_0)

2024-01-31 14:47:37,167 <requestor-worker-0:678701, MainThread:140637071750976> (requestor.py:_fetch_all_sync:226 -> requestor.py:_fetch_single_sync:134) from logger `RFC.requestor`
[INFO] process requestor-worker-0 fetched OpenReviewPapersMetadata(poster_0) from saved result

2024-01-31 14:47:37,202 <requestor-worker-0:678701, MainThread:140637071750976> (requestor.py:_fetch_all_single_process:289 -> requestor.py:_fetch_all_sync:225) from logger `RFC.requestor`
[INFO] process requestor-worker-0 got OpenReviewPapersMetadata(poster_1) from root queue

2024-01-31 14:47:37,205 <requestor-worker-0:678701, MainThread:140637071750976> (requestor.py:_fetch_single_sync:130 -> requestor.py:_check_saved_result:107) from logger `RFC.requestor`
[INFO] process requestor-worker-0 saved result found for OpenReviewPapersMetadata(poster_1)

2024-01-31 14:47:37,252 <requestor-worker-0:678701, MainThread:140637071750976> (requestor.py:_fetch_all_sync:226 -> requestor.py:_fetch_single_sync:134) from logger `RFC.requestor`
[INFO] process requestor-worker-0 fetched OpenReviewPapersMetadata(poster_1) from saved result

2024-01-31 14:47:37,276 <requestor-worker-0:678701, MainThread:140637071750976> (requestor.py:_fetch_all_single_process:289 -> requestor.py:_fetch_all_sync:225) from logger `RFC.requestor`
[INFO] process requestor-worker-0 got OpenReviewPapersMetadata(submitted_0) from root queue

2024-01-31 14:47:37,281 <requestor-worker-0:678701, MainThread:140637071750976> (requestor.py:_fetch_single_sync:130 -> requestor.py:_check_saved_result:107) from logger `RFC.requestor`
[INFO] process requestor-worker-0 saved result found for OpenReviewPapersMetadata(submitted_0)

2024-01-31 14:47:37,380 <requestor-worker-0:678701, MainThread:140637071750976> (requestor.py:_fetch_all_sync:226 -> requestor.py:_fetch_single_sync:134) from logger `RFC.requestor`
[INFO] process requestor-worker-0 fetched OpenReviewPapersMetadata(submitted_0) from saved result

2024-01-31 14:47:37,401 <requestor-worker-0:678701, MainThread:140637071750976> (requestor.py:_fetch_all_single_process:289 -> requestor.py:_fetch_all_sync:225) from logger `RFC.requestor`
[INFO] process requestor-worker-0 got OpenReviewPapersMetadata(submitted_1) from root queue

2024-01-31 14:47:37,404 <requestor-worker-0:678701, MainThread:140637071750976> (requestor.py:_fetch_single_sync:130 -> requestor.py:_check_saved_result:107) from logger `RFC.requestor`
[INFO] process requestor-worker-0 saved result found for OpenReviewPapersMetadata(submitted_1)

2024-01-31 14:47:37,485 <requestor-worker-0:678701, MainThread:140637071750976> (requestor.py:_fetch_all_sync:226 -> requestor.py:_fetch_single_sync:134) from logger `RFC.requestor`
[INFO] process requestor-worker-0 fetched OpenReviewPapersMetadata(submitted_1) from saved result

2024-01-31 14:47:37,521 <requestor-worker-0:678701, MainThread:140637071750976> (requestor.py:_fetch_all_single_process:289 -> requestor.py:_fetch_all_sync:225) from logger `RFC.requestor`
[INFO] process requestor-worker-0 got OpenReviewPapersMetadata(submitted_2) from root queue

2024-01-31 14:47:37,525 <requestor-worker-0:678701, MainThread:140637071750976> (requestor.py:_fetch_single_sync:130 -> requestor.py:_check_saved_result:107) from logger `RFC.requestor`
[INFO] process requestor-worker-0 saved result found for OpenReviewPapersMetadata(submitted_2)

2024-01-31 14:47:37,626 <requestor-worker-0:678701, MainThread:140637071750976> (requestor.py:_fetch_all_sync:226 -> requestor.py:_fetch_single_sync:134) from logger `RFC.requestor`
[INFO] process requestor-worker-0 fetched OpenReviewPapersMetadata(submitted_2) from saved result

2024-01-31 14:47:37,839 <requestor-worker-0:678701, MainThread:140637071750976> (requestor.py:_fetch_all_single_process:289 -> requestor.py:_fetch_all_sync:225) from logger `RFC.requestor`
[INFO] process requestor-worker-0 got OpenReviewPapersMetadata(submitted_3) from root queue

2024-01-31 14:47:37,844 <requestor-worker-0:678701, MainThread:140637071750976> (requestor.py:_fetch_single_sync:130 -> requestor.py:_check_saved_result:107) from logger `RFC.requestor`
[INFO] process requestor-worker-0 saved result found for OpenReviewPapersMetadata(submitted_3)

2024-01-31 14:47:37,903 <requestor-worker-0:678701, MainThread:140637071750976> (requestor.py:_fetch_all_sync:226 -> requestor.py:_fetch_single_sync:134) from logger `RFC.requestor`
[INFO] process requestor-worker-0 fetched OpenReviewPapersMetadata(submitted_3) from saved result

2024-01-31 14:47:37,925 <requestor-worker-0:678701, MainThread:140637071750976> (requestor.py:_fetch_all_single_process:289 -> requestor.py:_fetch_all_sync:225) from logger `RFC.requestor`
[INFO] process requestor-worker-0 got OpenReviewPapersMetadata(spotlight_0) from root queue

2024-01-31 14:47:37,927 <requestor-worker-0:678701, MainThread:140637071750976> (requestor.py:_fetch_single_sync:130 -> requestor.py:_check_saved_result:107) from logger `RFC.requestor`
[INFO] process requestor-worker-0 saved result found for OpenReviewPapersMetadata(spotlight_0)

2024-01-31 14:47:37,971 <requestor-worker-0:678701, MainThread:140637071750976> (requestor.py:_fetch_all_sync:226 -> requestor.py:_fetch_single_sync:134) from logger `RFC.requestor`
[INFO] process requestor-worker-0 fetched OpenReviewPapersMetadata(spotlight_0) from saved result

2024-01-31 14:47:37,990 <requestor-worker-0:678701, MainThread:140637071750976> (requestor.py:_fetch_all_single_process:289 -> requestor.py:_fetch_all_sync:225) from logger `RFC.requestor`
[INFO] process requestor-worker-0 got OpenReviewPapersMetadata(poster_0) from root queue

2024-01-31 14:47:37,993 <requestor-worker-0:678701, MainThread:140637071750976> (requestor.py:_fetch_single_sync:130 -> requestor.py:_check_saved_result:107) from logger `RFC.requestor`
[INFO] process requestor-worker-0 saved result found for OpenReviewPapersMetadata(poster_0)

2024-01-31 14:47:38,077 <requestor-worker-0:678701, MainThread:140637071750976> (requestor.py:_fetch_all_sync:226 -> requestor.py:_fetch_single_sync:134) from logger `RFC.requestor`
[INFO] process requestor-worker-0 fetched OpenReviewPapersMetadata(poster_0) from saved result

2024-01-31 14:47:38,101 <requestor-worker-0:678701, MainThread:140637071750976> (requestor.py:_fetch_all_single_process:289 -> requestor.py:_fetch_all_sync:225) from logger `RFC.requestor`
[INFO] process requestor-worker-0 got OpenReviewPapersMetadata(poster_1) from root queue

2024-01-31 14:47:38,104 <requestor-worker-0:678701, MainThread:140637071750976> (requestor.py:_fetch_single_sync:130 -> requestor.py:_check_saved_result:107) from logger `RFC.requestor`
[INFO] process requestor-worker-0 saved result found for OpenReviewPapersMetadata(poster_1)

2024-01-31 14:47:38,181 <requestor-worker-0:678701, MainThread:140637071750976> (requestor.py:_fetch_all_sync:226 -> requestor.py:_fetch_single_sync:134) from logger `RFC.requestor`
[INFO] process requestor-worker-0 fetched OpenReviewPapersMetadata(poster_1) from saved result

2024-01-31 14:47:38,200 <requestor-worker-0:678701, MainThread:140637071750976> (requestor.py:_fetch_all_single_process:289 -> requestor.py:_fetch_all_sync:225) from logger `RFC.requestor`
[INFO] process requestor-worker-0 got OpenReviewPapersMetadata(oral_0) from root queue

2024-01-31 14:47:38,203 <requestor-worker-0:678701, MainThread:140637071750976> (requestor.py:_fetch_single_sync:130 -> requestor.py:_check_saved_result:107) from logger `RFC.requestor`
[INFO] process requestor-worker-0 saved result found for OpenReviewPapersMetadata(oral_0)

2024-01-31 14:47:38,216 <requestor-worker-0:678701, MainThread:140637071750976> (requestor.py:_fetch_all_sync:226 -> requestor.py:_fetch_single_sync:134) from logger `RFC.requestor`
[INFO] process requestor-worker-0 fetched OpenReviewPapersMetadata(oral_0) from saved result

2024-01-31 14:47:41,221 <requestor-worker-0:678701, MainThread:140637071750976> (requestor.py:_fetch_all_single_process:289 -> requestor.py:_fetch_all_sync:220) from logger `RFC.requestor`
[INFO] process requestor-worker-0 got None from root queue, and has waited for 3 seconds, QUIT

