2024-01-31 14:47:37,010 <requestor-worker-0:678701, MainThread:140637071750976> (requestor.py:_get_item_from_root_queue:98 -> queue.py:fetch:70) from logger `RFC.rootqueue`
[INFO] OpenReviewPapersMetadata(submitted_0) fetched from <class 'RFC.item.queue.RootQueue'>

2024-01-31 14:47:37,038 <requestor-worker-0:678701, MainThread:140637071750976> (requestor.py:_get_item_from_root_queue:98 -> queue.py:fetch:70) from logger `RFC.rootqueue`
[INFO] OpenReviewPapersMetadata(oralposter_0) fetched from <class 'RFC.item.queue.RootQueue'>

2024-01-31 14:47:37,085 <requestor-worker-0:678701, MainThread:140637071750976> (requestor.py:_get_item_from_root_queue:98 -> queue.py:fetch:70) from logger `RFC.rootqueue`
[INFO] OpenReviewPapersMetadata(poster_0) fetched from <class 'RFC.item.queue.RootQueue'>

2024-01-31 14:47:37,201 <requestor-worker-0:678701, MainThread:140637071750976> (requestor.py:_get_item_from_root_queue:98 -> queue.py:fetch:70) from logger `RFC.rootqueue`
[INFO] OpenReviewPapersMetadata(poster_1) fetched from <class 'RFC.item.queue.RootQueue'>

2024-01-31 14:47:37,275 <requestor-worker-0:678701, MainThread:140637071750976> (requestor.py:_get_item_from_root_queue:98 -> queue.py:fetch:70) from logger `RFC.rootqueue`
[INFO] OpenReviewPapersMetadata(submitted_0) fetched from <class 'RFC.item.queue.RootQueue'>

2024-01-31 14:47:37,400 <requestor-worker-0:678701, MainThread:140637071750976> (requestor.py:_get_item_from_root_queue:98 -> queue.py:fetch:70) from logger `RFC.rootqueue`
[INFO] OpenReviewPapersMetadata(submitted_1) fetched from <class 'RFC.item.queue.RootQueue'>

2024-01-31 14:47:37,520 <requestor-worker-0:678701, MainThread:140637071750976> (requestor.py:_get_item_from_root_queue:98 -> queue.py:fetch:70) from logger `RFC.rootqueue`
[INFO] OpenReviewPapersMetadata(submitted_2) fetched from <class 'RFC.item.queue.RootQueue'>

2024-01-31 14:47:37,837 <requestor-worker-0:678701, MainThread:140637071750976> (requestor.py:_get_item_from_root_queue:98 -> queue.py:fetch:70) from logger `RFC.rootqueue`
[INFO] OpenReviewPapersMetadata(submitted_3) fetched from <class 'RFC.item.queue.RootQueue'>

2024-01-31 14:47:37,924 <requestor-worker-0:678701, MainThread:140637071750976> (requestor.py:_get_item_from_root_queue:98 -> queue.py:fetch:70) from logger `RFC.rootqueue`
[INFO] OpenReviewPapersMetadata(spotlight_0) fetched from <class 'RFC.item.queue.RootQueue'>

2024-01-31 14:47:37,989 <requestor-worker-0:678701, MainThread:140637071750976> (requestor.py:_get_item_from_root_queue:98 -> queue.py:fetch:70) from logger `RFC.rootqueue`
[INFO] OpenReviewPapersMetadata(poster_0) fetched from <class 'RFC.item.queue.RootQueue'>

2024-01-31 14:47:38,101 <requestor-worker-0:678701, MainThread:140637071750976> (requestor.py:_get_item_from_root_queue:98 -> queue.py:fetch:70) from logger `RFC.rootqueue`
[INFO] OpenReviewPapersMetadata(poster_1) fetched from <class 'RFC.item.queue.RootQueue'>

2024-01-31 14:47:38,199 <requestor-worker-0:678701, MainThread:140637071750976> (requestor.py:_get_item_from_root_queue:98 -> queue.py:fetch:70) from logger `RFC.rootqueue`
[INFO] OpenReviewPapersMetadata(oral_0) fetched from <class 'RFC.item.queue.RootQueue'>

