Request URL:
https://yufukirima.sakura.ne.jp/events/show.php?k=07507bce71e5b59c5f428351a3fb38e508905f23bb661395a499485b7b4a6605&id=1813&mkey=5265a4e4551d595&utm_source=fanbox&utm_medium=cpc&utm_term=1813
Request Method:
GET
Status Code:
302 Found
Remote Address:
127.0.0.1:7890
Referrer Policy:
strict-origin-when-cross-origin



Cache-Control:
no-store, no-cache, must-revalidate
Content-Length:
17
Content-Type:
text/html; charset=UTF-8
Date:
Wed, 07 Feb 2024 18:38:36 GMT
Expires:
Thu, 19 Nov 1981 08:52:00 GMT
Location:
error.php?e=Invalid request
Pragma:
no-cache
Server:
nginx
Set-Cookie:
ENC_PHPSESSID=HA1DFRkcvqztJnSHxywCLNhfvqwMRLxDthunsvN8fNjUbFcwRKbsTU0qbax%2bdFfx; expires=Wed, 07-Feb-2024 21:08:36 GMT; Max-Age=9000; path=/; HttpOnly



:authority:
yufukirima.sakura.ne.jp
:method:
GET
:path:
/events/show.php?k=07507bce71e5b59c5f428351a3fb38e508905f23bb661395a499485b7b4a6605&id=1813&mkey=5265a4e4551d595&utm_source=fanbox&utm_medium=cpc&utm_term=1813
:scheme:
https
Accept:
text/html,application/xhtml+xml,application/xml;q=0.9,image/avif,image/webp,image/apng,*/*;q=0.8,application/signed-exchange;v=b3;q=0.7
Accept-Encoding:
gzip, deflate, br
Accept-Language:
en-US,en;q=0.9
Cache-Control:
no-cache
Pragma:
no-cache
Sec-Ch-Ua:
"Not A(Brand";v="99", "Google Chrome";v="121", "Chromium";v="121"
Sec-Ch-Ua-Mobile:
?0
Sec-Ch-Ua-Platform:
"Windows"
Sec-Fetch-Dest:
document
Sec-Fetch-Mode:
navigate
Sec-Fetch-Site:
none
Sec-Fetch-User:
?1
Upgrade-Insecure-Requests:
1
User-Agent:
Mozilla/5.0 (Windows NT 10.0; Win64; x64) AppleWebKit/537.36 (KHTML, like Gecko) Chrome/121.0.0.0 Safari/537.36