2024-03-23 23:17:58,725 <MainProcess:162562, MainThread:140300193920832> (middleware.py:get_middleware:401 -> middleware.py:__init__:55) from logger `RFC.middleware_basic`
[INFO] initialized

2024-03-23 23:18:02,344 <requestor-worker-0:162590, MainThread:140300193920832> (requestor.py:_fetch_single_async:204 -> middleware.py:apply_async:112) from logger `RFC.middleware_basic`
[INFO] applying on PaperWeeklyZhihuArticlePage(0), received

2024-03-23 23:18:02,350 <requestor-worker-0:162590, MainThread:140300193920832> (requestor.py:_fetch_single_async:204 -> middleware.py:apply_async:115) from logger `RFC.middleware_basic`
[INFO] applied on PaperWeeklyZhihuArticlePage(0), sent

2024-03-23 23:18:05,864 <requestor-worker-0:162590, MainThread:140300193920832> (requestor.py:_fetch_single_async:204 -> middleware.py:apply_async:112) from logger `RFC.middleware_basic`
[INFO] applying on PaperWeeklyZhihuArticlePage(1), received

2024-03-23 23:18:05,866 <requestor-worker-0:162590, MainThread:140300193920832> (requestor.py:_fetch_single_async:204 -> middleware.py:apply_async:115) from logger `RFC.middleware_basic`
[INFO] applied on PaperWeeklyZhihuArticlePage(1), sent

2024-03-23 23:18:09,823 <requestor-worker-0:162590, MainThread:140300193920832> (requestor.py:_fetch_single_async:204 -> middleware.py:apply_async:112) from logger `RFC.middleware_basic`
[INFO] applying on PaperWeeklyZhihuArticlePage(2), received

2024-03-23 23:18:09,826 <requestor-worker-0:162590, MainThread:140300193920832> (requestor.py:_fetch_single_async:204 -> middleware.py:apply_async:115) from logger `RFC.middleware_basic`
[INFO] applied on PaperWeeklyZhihuArticlePage(2), sent

2024-03-23 23:18:13,540 <requestor-worker-0:162590, MainThread:140300193920832> (requestor.py:_fetch_single_async:204 -> middleware.py:apply_async:112) from logger `RFC.middleware_basic`
[INFO] applying on PaperWeeklyZhihuArticlePage(3), received

2024-03-23 23:18:13,542 <requestor-worker-0:162590, MainThread:140300193920832> (requestor.py:_fetch_single_async:204 -> middleware.py:apply_async:115) from logger `RFC.middleware_basic`
[INFO] applied on PaperWeeklyZhihuArticlePage(3), sent

2024-03-23 23:18:17,944 <requestor-worker-0:162590, MainThread:140300193920832> (requestor.py:_fetch_single_async:204 -> middleware.py:apply_async:112) from logger `RFC.middleware_basic`
[INFO] applying on PaperWeeklyZhihuArticlePage(4), received

2024-03-23 23:18:17,947 <requestor-worker-0:162590, MainThread:140300193920832> (requestor.py:_fetch_single_async:204 -> middleware.py:apply_async:115) from logger `RFC.middleware_basic`
[INFO] applied on PaperWeeklyZhihuArticlePage(4), sent

2024-03-23 23:18:21,596 <requestor-worker-0:162590, MainThread:140300193920832> (requestor.py:_fetch_single_async:204 -> middleware.py:apply_async:112) from logger `RFC.middleware_basic`
[INFO] applying on PaperWeeklyZhihuArticlePage(5), received

2024-03-23 23:18:21,598 <requestor-worker-0:162590, MainThread:140300193920832> (requestor.py:_fetch_single_async:204 -> middleware.py:apply_async:115) from logger `RFC.middleware_basic`
[INFO] applied on PaperWeeklyZhihuArticlePage(5), sent

2024-03-23 23:18:25,053 <requestor-worker-0:162590, MainThread:140300193920832> (requestor.py:_fetch_single_async:204 -> middleware.py:apply_async:112) from logger `RFC.middleware_basic`
[INFO] applying on PaperWeeklyZhihuArticlePage(6), received

2024-03-23 23:18:25,055 <requestor-worker-0:162590, MainThread:140300193920832> (requestor.py:_fetch_single_async:204 -> middleware.py:apply_async:115) from logger `RFC.middleware_basic`
[INFO] applied on PaperWeeklyZhihuArticlePage(6), sent

2024-03-23 23:18:28,075 <requestor-worker-0:162590, MainThread:140300193920832> (requestor.py:_fetch_single_async:204 -> middleware.py:apply_async:112) from logger `RFC.middleware_basic`
[INFO] applying on PaperWeeklyZhihuArticlePage(7), received

2024-03-23 23:18:28,077 <requestor-worker-0:162590, MainThread:140300193920832> (requestor.py:_fetch_single_async:204 -> middleware.py:apply_async:115) from logger `RFC.middleware_basic`
[INFO] applied on PaperWeeklyZhihuArticlePage(7), sent

2024-03-23 23:18:30,107 <requestor-worker-0:162590, MainThread:140300193920832> (requestor.py:_fetch_single_async:204 -> middleware.py:apply_async:112) from logger `RFC.middleware_basic`
[INFO] applying on PaperWeeklyZhihuArticlePage(8), received

2024-03-23 23:18:30,109 <requestor-worker-0:162590, MainThread:140300193920832> (requestor.py:_fetch_single_async:204 -> middleware.py:apply_async:115) from logger `RFC.middleware_basic`
[INFO] applied on PaperWeeklyZhihuArticlePage(8), sent

