2024-03-23 23:17:58,726 <MainProcess:162562, MainThread:140300193920832> (middleware.py:get_middleware:401 -> middleware.py:__init__:55) from logger `RFC.middleware_content_saver`
[INFO] initialized

2024-03-23 23:18:02,352 <requestor-worker-0:162590, MainThread:140300193920832> (requestor.py:_fetch_single_async:204 -> middleware.py:apply_async:112) from logger `RFC.middleware_content_saver`
[INFO] applying on PaperWeeklyZhihuArticlePage(0), received

2024-03-23 23:18:02,632 <requestor-worker-0:162590, MainThread:140300193920832> (requestor.py:_fetch_single_async:204 -> middleware.py:apply_async:115) from logger `RFC.middleware_content_saver`
[INFO] applied on PaperWeeklyZhihuArticlePage(0), sent

2024-03-23 23:18:05,868 <requestor-worker-0:162590, MainThread:140300193920832> (requestor.py:_fetch_single_async:204 -> middleware.py:apply_async:112) from logger `RFC.middleware_content_saver`
[INFO] applying on PaperWeeklyZhihuArticlePage(1), received

2024-03-23 23:18:06,100 <requestor-worker-0:162590, MainThread:140300193920832> (requestor.py:_fetch_single_async:204 -> middleware.py:apply_async:115) from logger `RFC.middleware_content_saver`
[INFO] applied on PaperWeeklyZhihuArticlePage(1), sent

2024-03-23 23:18:09,828 <requestor-worker-0:162590, MainThread:140300193920832> (requestor.py:_fetch_single_async:204 -> middleware.py:apply_async:112) from logger `RFC.middleware_content_saver`
[INFO] applying on PaperWeeklyZhihuArticlePage(2), received

2024-03-23 23:18:10,046 <requestor-worker-0:162590, MainThread:140300193920832> (requestor.py:_fetch_single_async:204 -> middleware.py:apply_async:115) from logger `RFC.middleware_content_saver`
[INFO] applied on PaperWeeklyZhihuArticlePage(2), sent

2024-03-23 23:18:13,544 <requestor-worker-0:162590, MainThread:140300193920832> (requestor.py:_fetch_single_async:204 -> middleware.py:apply_async:112) from logger `RFC.middleware_content_saver`
[INFO] applying on PaperWeeklyZhihuArticlePage(3), received

2024-03-23 23:18:13,761 <requestor-worker-0:162590, MainThread:140300193920832> (requestor.py:_fetch_single_async:204 -> middleware.py:apply_async:115) from logger `RFC.middleware_content_saver`
[INFO] applied on PaperWeeklyZhihuArticlePage(3), sent

2024-03-23 23:18:17,949 <requestor-worker-0:162590, MainThread:140300193920832> (requestor.py:_fetch_single_async:204 -> middleware.py:apply_async:112) from logger `RFC.middleware_content_saver`
[INFO] applying on PaperWeeklyZhihuArticlePage(4), received

2024-03-23 23:18:18,161 <requestor-worker-0:162590, MainThread:140300193920832> (requestor.py:_fetch_single_async:204 -> middleware.py:apply_async:115) from logger `RFC.middleware_content_saver`
[INFO] applied on PaperWeeklyZhihuArticlePage(4), sent

2024-03-23 23:18:21,600 <requestor-worker-0:162590, MainThread:140300193920832> (requestor.py:_fetch_single_async:204 -> middleware.py:apply_async:112) from logger `RFC.middleware_content_saver`
[INFO] applying on PaperWeeklyZhihuArticlePage(5), received

2024-03-23 23:18:21,824 <requestor-worker-0:162590, MainThread:140300193920832> (requestor.py:_fetch_single_async:204 -> middleware.py:apply_async:115) from logger `RFC.middleware_content_saver`
[INFO] applied on PaperWeeklyZhihuArticlePage(5), sent

2024-03-23 23:18:25,057 <requestor-worker-0:162590, MainThread:140300193920832> (requestor.py:_fetch_single_async:204 -> middleware.py:apply_async:112) from logger `RFC.middleware_content_saver`
[INFO] applying on PaperWeeklyZhihuArticlePage(6), received

2024-03-23 23:18:25,312 <requestor-worker-0:162590, MainThread:140300193920832> (requestor.py:_fetch_single_async:204 -> middleware.py:apply_async:115) from logger `RFC.middleware_content_saver`
[INFO] applied on PaperWeeklyZhihuArticlePage(6), sent

2024-03-23 23:18:28,080 <requestor-worker-0:162590, MainThread:140300193920832> (requestor.py:_fetch_single_async:204 -> middleware.py:apply_async:112) from logger `RFC.middleware_content_saver`
[INFO] applying on PaperWeeklyZhihuArticlePage(7), received

2024-03-23 23:18:28,240 <requestor-worker-0:162590, MainThread:140300193920832> (requestor.py:_fetch_single_async:204 -> middleware.py:apply_async:115) from logger `RFC.middleware_content_saver`
[INFO] applied on PaperWeeklyZhihuArticlePage(7), sent

2024-03-23 23:18:30,111 <requestor-worker-0:162590, MainThread:140300193920832> (requestor.py:_fetch_single_async:204 -> middleware.py:apply_async:112) from logger `RFC.middleware_content_saver`
[INFO] applying on PaperWeeklyZhihuArticlePage(8), received

2024-03-23 23:18:30,173 <requestor-worker-0:162590, MainThread:140300193920832> (requestor.py:_fetch_single_async:204 -> middleware.py:apply_async:115) from logger `RFC.middleware_content_saver`
[INFO] applied on PaperWeeklyZhihuArticlePage(8), sent

