2024-03-23 23:17:58,723 <MainProcess:162562, MainThread:140300193920832> (middleware.py:get_middleware:401 -> middleware.py:__init__:55) from logger `RFC.middleware_status_code`
[INFO] initialized

2024-03-23 23:18:02,337 <requestor-worker-0:162590, MainThread:140300193920832> (requestor.py:_fetch_single_async:204 -> middleware.py:apply_async:112) from logger `RFC.middleware_status_code`
[INFO] applying on PaperWeeklyZhihuArticlePage(0), received

2024-03-23 23:18:02,339 <requestor-worker-0:162590, MainThread:140300193920832> (middleware.py:_apply_async:180 -> middleware.py:_apply_sync:169) from logger `RFC.middleware_status_code`
[INFO] status code 200 in response of PaperWeeklyZhihuArticlePage(0)

2024-03-23 23:18:02,342 <requestor-worker-0:162590, MainThread:140300193920832> (requestor.py:_fetch_single_async:204 -> middleware.py:apply_async:115) from logger `RFC.middleware_status_code`
[INFO] applied on PaperWeeklyZhihuArticlePage(0), sent

2024-03-23 23:18:05,857 <requestor-worker-0:162590, MainThread:140300193920832> (requestor.py:_fetch_single_async:204 -> middleware.py:apply_async:112) from logger `RFC.middleware_status_code`
[INFO] applying on PaperWeeklyZhihuArticlePage(1), received

2024-03-23 23:18:05,859 <requestor-worker-0:162590, MainThread:140300193920832> (middleware.py:_apply_async:180 -> middleware.py:_apply_sync:169) from logger `RFC.middleware_status_code`
[INFO] status code 200 in response of PaperWeeklyZhihuArticlePage(1)

2024-03-23 23:18:05,862 <requestor-worker-0:162590, MainThread:140300193920832> (requestor.py:_fetch_single_async:204 -> middleware.py:apply_async:115) from logger `RFC.middleware_status_code`
[INFO] applied on PaperWeeklyZhihuArticlePage(1), sent

2024-03-23 23:18:09,816 <requestor-worker-0:162590, MainThread:140300193920832> (requestor.py:_fetch_single_async:204 -> middleware.py:apply_async:112) from logger `RFC.middleware_status_code`
[INFO] applying on PaperWeeklyZhihuArticlePage(2), received

2024-03-23 23:18:09,819 <requestor-worker-0:162590, MainThread:140300193920832> (middleware.py:_apply_async:180 -> middleware.py:_apply_sync:169) from logger `RFC.middleware_status_code`
[INFO] status code 200 in response of PaperWeeklyZhihuArticlePage(2)

2024-03-23 23:18:09,821 <requestor-worker-0:162590, MainThread:140300193920832> (requestor.py:_fetch_single_async:204 -> middleware.py:apply_async:115) from logger `RFC.middleware_status_code`
[INFO] applied on PaperWeeklyZhihuArticlePage(2), sent

2024-03-23 23:18:13,532 <requestor-worker-0:162590, MainThread:140300193920832> (requestor.py:_fetch_single_async:204 -> middleware.py:apply_async:112) from logger `RFC.middleware_status_code`
[INFO] applying on PaperWeeklyZhihuArticlePage(3), received

2024-03-23 23:18:13,535 <requestor-worker-0:162590, MainThread:140300193920832> (middleware.py:_apply_async:180 -> middleware.py:_apply_sync:169) from logger `RFC.middleware_status_code`
[INFO] status code 200 in response of PaperWeeklyZhihuArticlePage(3)

2024-03-23 23:18:13,537 <requestor-worker-0:162590, MainThread:140300193920832> (requestor.py:_fetch_single_async:204 -> middleware.py:apply_async:115) from logger `RFC.middleware_status_code`
[INFO] applied on PaperWeeklyZhihuArticlePage(3), sent

2024-03-23 23:18:17,935 <requestor-worker-0:162590, MainThread:140300193920832> (requestor.py:_fetch_single_async:204 -> middleware.py:apply_async:112) from logger `RFC.middleware_status_code`
[INFO] applying on PaperWeeklyZhihuArticlePage(4), received

2024-03-23 23:18:17,938 <requestor-worker-0:162590, MainThread:140300193920832> (middleware.py:_apply_async:180 -> middleware.py:_apply_sync:169) from logger `RFC.middleware_status_code`
[INFO] status code 200 in response of PaperWeeklyZhihuArticlePage(4)

2024-03-23 23:18:17,940 <requestor-worker-0:162590, MainThread:140300193920832> (requestor.py:_fetch_single_async:204 -> middleware.py:apply_async:115) from logger `RFC.middleware_status_code`
[INFO] applied on PaperWeeklyZhihuArticlePage(4), sent

2024-03-23 23:18:21,588 <requestor-worker-0:162590, MainThread:140300193920832> (requestor.py:_fetch_single_async:204 -> middleware.py:apply_async:112) from logger `RFC.middleware_status_code`
[INFO] applying on PaperWeeklyZhihuArticlePage(5), received

2024-03-23 23:18:21,591 <requestor-worker-0:162590, MainThread:140300193920832> (middleware.py:_apply_async:180 -> middleware.py:_apply_sync:169) from logger `RFC.middleware_status_code`
[INFO] status code 200 in response of PaperWeeklyZhihuArticlePage(5)

2024-03-23 23:18:21,593 <requestor-worker-0:162590, MainThread:140300193920832> (requestor.py:_fetch_single_async:204 -> middleware.py:apply_async:115) from logger `RFC.middleware_status_code`
[INFO] applied on PaperWeeklyZhihuArticlePage(5), sent

2024-03-23 23:18:25,046 <requestor-worker-0:162590, MainThread:140300193920832> (requestor.py:_fetch_single_async:204 -> middleware.py:apply_async:112) from logger `RFC.middleware_status_code`
[INFO] applying on PaperWeeklyZhihuArticlePage(6), received

2024-03-23 23:18:25,049 <requestor-worker-0:162590, MainThread:140300193920832> (middleware.py:_apply_async:180 -> middleware.py:_apply_sync:169) from logger `RFC.middleware_status_code`
[INFO] status code 200 in response of PaperWeeklyZhihuArticlePage(6)

2024-03-23 23:18:25,051 <requestor-worker-0:162590, MainThread:140300193920832> (requestor.py:_fetch_single_async:204 -> middleware.py:apply_async:115) from logger `RFC.middleware_status_code`
[INFO] applied on PaperWeeklyZhihuArticlePage(6), sent

2024-03-23 23:18:28,068 <requestor-worker-0:162590, MainThread:140300193920832> (requestor.py:_fetch_single_async:204 -> middleware.py:apply_async:112) from logger `RFC.middleware_status_code`
[INFO] applying on PaperWeeklyZhihuArticlePage(7), received

2024-03-23 23:18:28,070 <requestor-worker-0:162590, MainThread:140300193920832> (middleware.py:_apply_async:180 -> middleware.py:_apply_sync:169) from logger `RFC.middleware_status_code`
[INFO] status code 200 in response of PaperWeeklyZhihuArticlePage(7)

2024-03-23 23:18:28,073 <requestor-worker-0:162590, MainThread:140300193920832> (requestor.py:_fetch_single_async:204 -> middleware.py:apply_async:115) from logger `RFC.middleware_status_code`
[INFO] applied on PaperWeeklyZhihuArticlePage(7), sent

2024-03-23 23:18:30,100 <requestor-worker-0:162590, MainThread:140300193920832> (requestor.py:_fetch_single_async:204 -> middleware.py:apply_async:112) from logger `RFC.middleware_status_code`
[INFO] applying on PaperWeeklyZhihuArticlePage(8), received

2024-03-23 23:18:30,102 <requestor-worker-0:162590, MainThread:140300193920832> (middleware.py:_apply_async:180 -> middleware.py:_apply_sync:169) from logger `RFC.middleware_status_code`
[INFO] status code 200 in response of PaperWeeklyZhihuArticlePage(8)

2024-03-23 23:18:30,105 <requestor-worker-0:162590, MainThread:140300193920832> (requestor.py:_fetch_single_async:204 -> middleware.py:apply_async:115) from logger `RFC.middleware_status_code`
[INFO] applied on PaperWeeklyZhihuArticlePage(8), sent

