2024-03-23 23:17:58,727 <MainProcess:162562, MainThread:140300193920832> (middleware.py:get_middleware:401 -> middleware.py:__init__:55) from logger `RFC.middleware_result_saver`
[INFO] initialized

2024-03-23 23:18:02,633 <requestor-worker-0:162590, MainThread:140300193920832> (requestor.py:_fetch_single_async:204 -> middleware.py:apply_async:112) from logger `RFC.middleware_result_saver`
[INFO] applying on PaperWeeklyZhihuArticlePage(0), received

2024-03-23 23:18:02,641 <requestor-worker-0:162590, MainThread:140300193920832> (requestor.py:_fetch_single_async:204 -> middleware.py:apply_async:115) from logger `RFC.middleware_result_saver`
[INFO] applied on PaperWeeklyZhihuArticlePage(0), sent

2024-03-23 23:18:06,101 <requestor-worker-0:162590, MainThread:140300193920832> (requestor.py:_fetch_single_async:204 -> middleware.py:apply_async:112) from logger `RFC.middleware_result_saver`
[INFO] applying on PaperWeeklyZhihuArticlePage(1), received

2024-03-23 23:18:06,108 <requestor-worker-0:162590, MainThread:140300193920832> (requestor.py:_fetch_single_async:204 -> middleware.py:apply_async:115) from logger `RFC.middleware_result_saver`
[INFO] applied on PaperWeeklyZhihuArticlePage(1), sent

2024-03-23 23:18:10,047 <requestor-worker-0:162590, MainThread:140300193920832> (requestor.py:_fetch_single_async:204 -> middleware.py:apply_async:112) from logger `RFC.middleware_result_saver`
[INFO] applying on PaperWeeklyZhihuArticlePage(2), received

2024-03-23 23:18:10,124 <requestor-worker-0:162590, MainThread:140300193920832> (requestor.py:_fetch_single_async:204 -> middleware.py:apply_async:115) from logger `RFC.middleware_result_saver`
[INFO] applied on PaperWeeklyZhihuArticlePage(2), sent

2024-03-23 23:18:13,762 <requestor-worker-0:162590, MainThread:140300193920832> (requestor.py:_fetch_single_async:204 -> middleware.py:apply_async:112) from logger `RFC.middleware_result_saver`
[INFO] applying on PaperWeeklyZhihuArticlePage(3), received

2024-03-23 23:18:13,773 <requestor-worker-0:162590, MainThread:140300193920832> (requestor.py:_fetch_single_async:204 -> middleware.py:apply_async:115) from logger `RFC.middleware_result_saver`
[INFO] applied on PaperWeeklyZhihuArticlePage(3), sent

2024-03-23 23:18:18,162 <requestor-worker-0:162590, MainThread:140300193920832> (requestor.py:_fetch_single_async:204 -> middleware.py:apply_async:112) from logger `RFC.middleware_result_saver`
[INFO] applying on PaperWeeklyZhihuArticlePage(4), received

2024-03-23 23:18:18,804 <requestor-worker-0:162590, MainThread:140300193920832> (requestor.py:_fetch_single_async:204 -> middleware.py:apply_async:115) from logger `RFC.middleware_result_saver`
[INFO] applied on PaperWeeklyZhihuArticlePage(4), sent

2024-03-23 23:18:21,825 <requestor-worker-0:162590, MainThread:140300193920832> (requestor.py:_fetch_single_async:204 -> middleware.py:apply_async:112) from logger `RFC.middleware_result_saver`
[INFO] applying on PaperWeeklyZhihuArticlePage(5), received

2024-03-23 23:18:21,830 <requestor-worker-0:162590, MainThread:140300193920832> (requestor.py:_fetch_single_async:204 -> middleware.py:apply_async:115) from logger `RFC.middleware_result_saver`
[INFO] applied on PaperWeeklyZhihuArticlePage(5), sent

2024-03-23 23:18:25,313 <requestor-worker-0:162590, MainThread:140300193920832> (requestor.py:_fetch_single_async:204 -> middleware.py:apply_async:112) from logger `RFC.middleware_result_saver`
[INFO] applying on PaperWeeklyZhihuArticlePage(6), received

2024-03-23 23:18:25,316 <requestor-worker-0:162590, MainThread:140300193920832> (requestor.py:_fetch_single_async:204 -> middleware.py:apply_async:115) from logger `RFC.middleware_result_saver`
[INFO] applied on PaperWeeklyZhihuArticlePage(6), sent

2024-03-23 23:18:28,241 <requestor-worker-0:162590, MainThread:140300193920832> (requestor.py:_fetch_single_async:204 -> middleware.py:apply_async:112) from logger `RFC.middleware_result_saver`
[INFO] applying on PaperWeeklyZhihuArticlePage(7), received

2024-03-23 23:18:28,247 <requestor-worker-0:162590, MainThread:140300193920832> (requestor.py:_fetch_single_async:204 -> middleware.py:apply_async:115) from logger `RFC.middleware_result_saver`
[INFO] applied on PaperWeeklyZhihuArticlePage(7), sent

2024-03-23 23:18:30,174 <requestor-worker-0:162590, MainThread:140300193920832> (requestor.py:_fetch_single_async:204 -> middleware.py:apply_async:112) from logger `RFC.middleware_result_saver`
[INFO] applying on PaperWeeklyZhihuArticlePage(8), received

2024-03-23 23:18:30,177 <requestor-worker-0:162590, MainThread:140300193920832> (requestor.py:_fetch_single_async:204 -> middleware.py:apply_async:115) from logger `RFC.middleware_result_saver`
[INFO] applied on PaperWeeklyZhihuArticlePage(8), sent

