2024-03-23 23:17:58,759 <MainProcess:162562, MainThread:140300193920832> (entry.py:start:60 -> requestor.py:run:341) from logger `RFC.requestor`
[INFO] start fetching with 1 processes and 24 async semaphores

2024-03-23 23:17:58,768 <requestor-worker-0:162590, MainThread:140300193920832> (process.py:run:108 -> requestor.py:_fetch_all_single_process:298) from logger `RFC.requestor`
[INFO] process requestor-worker-0 start fetching with asyncio

2024-03-23 23:17:58,781 <requestor-worker-0:162590, MainThread:140300193920832> (events.py:_run:80 -> requestor.py:_fetch_all_asyncio:249) from logger `RFC.requestor`
[INFO] process requestor-worker-0 got 'WAIT' from root queue, WAIT

2024-03-23 23:17:59,786 <requestor-worker-0:162590, MainThread:140300193920832> (events.py:_run:80 -> requestor.py:_fetch_all_asyncio:253) from logger `RFC.requestor`
[INFO] process requestor-worker-0 got PaperWeeklyZhihuArticlePage(0) from root queue

2024-03-23 23:17:59,789 <requestor-worker-0:162590, MainThread:140300193920832> (events.py:_run:80 -> requestor.py:_fetch_all_asyncio:249) from logger `RFC.requestor`
[INFO] process requestor-worker-0 got 'WAIT' from root queue, WAIT

2024-03-23 23:18:00,793 <requestor-worker-0:162590, MainThread:140300193920832> (events.py:_run:80 -> requestor.py:_fetch_all_asyncio:249) from logger `RFC.requestor`
[INFO] process requestor-worker-0 got 'WAIT' from root queue, WAIT

2024-03-23 23:18:01,798 <requestor-worker-0:162590, MainThread:140300193920832> (events.py:_run:80 -> requestor.py:_fetch_all_asyncio:249) from logger `RFC.requestor`
[INFO] process requestor-worker-0 got 'WAIT' from root queue, WAIT

2024-03-23 23:18:02,757 <requestor-worker-0:162590, MainThread:140300193920832> (events.py:_run:80 -> requestor.py:_fetch_single_async:207) from logger `RFC.requestor`
[INFO] process requestor-worker-0 task async-0 fetched PaperWeeklyZhihuArticlePage(0), step 0

2024-03-23 23:18:02,802 <requestor-worker-0:162590, MainThread:140300193920832> (events.py:_run:80 -> requestor.py:_fetch_all_asyncio:253) from logger `RFC.requestor`
[INFO] process requestor-worker-0 got PaperWeeklyZhihuArticlePage(1) from root queue

2024-03-23 23:18:02,805 <requestor-worker-0:162590, MainThread:140300193920832> (events.py:_run:80 -> requestor.py:_fetch_all_asyncio:249) from logger `RFC.requestor`
[INFO] process requestor-worker-0 got 'WAIT' from root queue, WAIT

2024-03-23 23:18:03,809 <requestor-worker-0:162590, MainThread:140300193920832> (events.py:_run:80 -> requestor.py:_fetch_all_asyncio:249) from logger `RFC.requestor`
[INFO] process requestor-worker-0 got 'WAIT' from root queue, WAIT

2024-03-23 23:18:04,813 <requestor-worker-0:162590, MainThread:140300193920832> (events.py:_run:80 -> requestor.py:_fetch_all_asyncio:249) from logger `RFC.requestor`
[INFO] process requestor-worker-0 got 'WAIT' from root queue, WAIT

2024-03-23 23:18:05,818 <requestor-worker-0:162590, MainThread:140300193920832> (events.py:_run:80 -> requestor.py:_fetch_all_asyncio:249) from logger `RFC.requestor`
[INFO] process requestor-worker-0 got 'WAIT' from root queue, WAIT

2024-03-23 23:18:06,225 <requestor-worker-0:162590, MainThread:140300193920832> (events.py:_run:80 -> requestor.py:_fetch_single_async:207) from logger `RFC.requestor`
[INFO] process requestor-worker-0 task async-1 fetched PaperWeeklyZhihuArticlePage(1), step 1

2024-03-23 23:18:06,823 <requestor-worker-0:162590, MainThread:140300193920832> (events.py:_run:80 -> requestor.py:_fetch_all_asyncio:253) from logger `RFC.requestor`
[INFO] process requestor-worker-0 got PaperWeeklyZhihuArticlePage(2) from root queue

2024-03-23 23:18:06,826 <requestor-worker-0:162590, MainThread:140300193920832> (events.py:_run:80 -> requestor.py:_fetch_all_asyncio:249) from logger `RFC.requestor`
[INFO] process requestor-worker-0 got 'WAIT' from root queue, WAIT

2024-03-23 23:18:07,832 <requestor-worker-0:162590, MainThread:140300193920832> (events.py:_run:80 -> requestor.py:_fetch_all_asyncio:249) from logger `RFC.requestor`
[INFO] process requestor-worker-0 got 'WAIT' from root queue, WAIT

2024-03-23 23:18:08,837 <requestor-worker-0:162590, MainThread:140300193920832> (events.py:_run:80 -> requestor.py:_fetch_all_asyncio:249) from logger `RFC.requestor`
[INFO] process requestor-worker-0 got 'WAIT' from root queue, WAIT

2024-03-23 23:18:09,841 <requestor-worker-0:162590, MainThread:140300193920832> (events.py:_run:80 -> requestor.py:_fetch_all_asyncio:249) from logger `RFC.requestor`
[INFO] process requestor-worker-0 got 'WAIT' from root queue, WAIT

2024-03-23 23:18:10,211 <requestor-worker-0:162590, MainThread:140300193920832> (events.py:_run:80 -> requestor.py:_fetch_single_async:207) from logger `RFC.requestor`
[INFO] process requestor-worker-0 task async-2 fetched PaperWeeklyZhihuArticlePage(2), step 2

2024-03-23 23:18:10,846 <requestor-worker-0:162590, MainThread:140300193920832> (events.py:_run:80 -> requestor.py:_fetch_all_asyncio:253) from logger `RFC.requestor`
[INFO] process requestor-worker-0 got PaperWeeklyZhihuArticlePage(3) from root queue

2024-03-23 23:18:10,849 <requestor-worker-0:162590, MainThread:140300193920832> (events.py:_run:80 -> requestor.py:_fetch_all_asyncio:249) from logger `RFC.requestor`
[INFO] process requestor-worker-0 got 'WAIT' from root queue, WAIT

2024-03-23 23:18:11,855 <requestor-worker-0:162590, MainThread:140300193920832> (events.py:_run:80 -> requestor.py:_fetch_all_asyncio:249) from logger `RFC.requestor`
[INFO] process requestor-worker-0 got 'WAIT' from root queue, WAIT

2024-03-23 23:18:12,859 <requestor-worker-0:162590, MainThread:140300193920832> (events.py:_run:80 -> requestor.py:_fetch_all_asyncio:249) from logger `RFC.requestor`
[INFO] process requestor-worker-0 got 'WAIT' from root queue, WAIT

2024-03-23 23:18:13,885 <requestor-worker-0:162590, MainThread:140300193920832> (events.py:_run:80 -> requestor.py:_fetch_single_async:207) from logger `RFC.requestor`
[INFO] process requestor-worker-0 task async-3 fetched PaperWeeklyZhihuArticlePage(3), step 3

2024-03-23 23:18:13,889 <requestor-worker-0:162590, MainThread:140300193920832> (events.py:_run:80 -> requestor.py:_fetch_all_asyncio:249) from logger `RFC.requestor`
[INFO] process requestor-worker-0 got 'WAIT' from root queue, WAIT

2024-03-23 23:18:14,892 <requestor-worker-0:162590, MainThread:140300193920832> (events.py:_run:80 -> requestor.py:_fetch_all_asyncio:253) from logger `RFC.requestor`
[INFO] process requestor-worker-0 got PaperWeeklyZhihuArticlePage(4) from root queue

2024-03-23 23:18:14,895 <requestor-worker-0:162590, MainThread:140300193920832> (events.py:_run:80 -> requestor.py:_fetch_all_asyncio:249) from logger `RFC.requestor`
[INFO] process requestor-worker-0 got 'WAIT' from root queue, WAIT

2024-03-23 23:18:15,900 <requestor-worker-0:162590, MainThread:140300193920832> (events.py:_run:80 -> requestor.py:_fetch_all_asyncio:249) from logger `RFC.requestor`
[INFO] process requestor-worker-0 got 'WAIT' from root queue, WAIT

2024-03-23 23:18:16,904 <requestor-worker-0:162590, MainThread:140300193920832> (events.py:_run:80 -> requestor.py:_fetch_all_asyncio:249) from logger `RFC.requestor`
[INFO] process requestor-worker-0 got 'WAIT' from root queue, WAIT

2024-03-23 23:18:17,909 <requestor-worker-0:162590, MainThread:140300193920832> (events.py:_run:80 -> requestor.py:_fetch_all_asyncio:249) from logger `RFC.requestor`
[INFO] process requestor-worker-0 got 'WAIT' from root queue, WAIT

2024-03-23 23:18:18,871 <requestor-worker-0:162590, MainThread:140300193920832> (events.py:_run:80 -> requestor.py:_fetch_single_async:207) from logger `RFC.requestor`
[INFO] process requestor-worker-0 task async-4 fetched PaperWeeklyZhihuArticlePage(4), step 4

2024-03-23 23:18:18,913 <requestor-worker-0:162590, MainThread:140300193920832> (events.py:_run:80 -> requestor.py:_fetch_all_asyncio:253) from logger `RFC.requestor`
[INFO] process requestor-worker-0 got PaperWeeklyZhihuArticlePage(5) from root queue

2024-03-23 23:18:18,916 <requestor-worker-0:162590, MainThread:140300193920832> (events.py:_run:80 -> requestor.py:_fetch_all_asyncio:249) from logger `RFC.requestor`
[INFO] process requestor-worker-0 got 'WAIT' from root queue, WAIT

2024-03-23 23:18:19,921 <requestor-worker-0:162590, MainThread:140300193920832> (events.py:_run:80 -> requestor.py:_fetch_all_asyncio:249) from logger `RFC.requestor`
[INFO] process requestor-worker-0 got 'WAIT' from root queue, WAIT

2024-03-23 23:18:20,925 <requestor-worker-0:162590, MainThread:140300193920832> (events.py:_run:80 -> requestor.py:_fetch_all_asyncio:249) from logger `RFC.requestor`
[INFO] process requestor-worker-0 got 'WAIT' from root queue, WAIT

2024-03-23 23:18:21,988 <requestor-worker-0:162590, MainThread:140300193920832> (events.py:_run:80 -> requestor.py:_fetch_single_async:207) from logger `RFC.requestor`
[INFO] process requestor-worker-0 task async-5 fetched PaperWeeklyZhihuArticlePage(5), step 5

2024-03-23 23:18:21,991 <requestor-worker-0:162590, MainThread:140300193920832> (events.py:_run:80 -> requestor.py:_fetch_all_asyncio:249) from logger `RFC.requestor`
[INFO] process requestor-worker-0 got 'WAIT' from root queue, WAIT

2024-03-23 23:18:22,994 <requestor-worker-0:162590, MainThread:140300193920832> (events.py:_run:80 -> requestor.py:_fetch_all_asyncio:253) from logger `RFC.requestor`
[INFO] process requestor-worker-0 got PaperWeeklyZhihuArticlePage(6) from root queue

2024-03-23 23:18:22,997 <requestor-worker-0:162590, MainThread:140300193920832> (events.py:_run:80 -> requestor.py:_fetch_all_asyncio:249) from logger `RFC.requestor`
[INFO] process requestor-worker-0 got 'WAIT' from root queue, WAIT

2024-03-23 23:18:24,003 <requestor-worker-0:162590, MainThread:140300193920832> (events.py:_run:80 -> requestor.py:_fetch_all_asyncio:249) from logger `RFC.requestor`
[INFO] process requestor-worker-0 got 'WAIT' from root queue, WAIT

2024-03-23 23:18:25,007 <requestor-worker-0:162590, MainThread:140300193920832> (events.py:_run:80 -> requestor.py:_fetch_all_asyncio:249) from logger `RFC.requestor`
[INFO] process requestor-worker-0 got 'WAIT' from root queue, WAIT

2024-03-23 23:18:25,348 <requestor-worker-0:162590, MainThread:140300193920832> (events.py:_run:80 -> requestor.py:_fetch_single_async:207) from logger `RFC.requestor`
[INFO] process requestor-worker-0 task async-6 fetched PaperWeeklyZhihuArticlePage(6), step 6

2024-03-23 23:18:26,012 <requestor-worker-0:162590, MainThread:140300193920832> (events.py:_run:80 -> requestor.py:_fetch_all_asyncio:253) from logger `RFC.requestor`
[INFO] process requestor-worker-0 got PaperWeeklyZhihuArticlePage(7) from root queue

2024-03-23 23:18:26,015 <requestor-worker-0:162590, MainThread:140300193920832> (events.py:_run:80 -> requestor.py:_fetch_all_asyncio:249) from logger `RFC.requestor`
[INFO] process requestor-worker-0 got 'WAIT' from root queue, WAIT

2024-03-23 23:18:27,021 <requestor-worker-0:162590, MainThread:140300193920832> (events.py:_run:80 -> requestor.py:_fetch_all_asyncio:249) from logger `RFC.requestor`
[INFO] process requestor-worker-0 got 'WAIT' from root queue, WAIT

2024-03-23 23:18:28,025 <requestor-worker-0:162590, MainThread:140300193920832> (events.py:_run:80 -> requestor.py:_fetch_all_asyncio:249) from logger `RFC.requestor`
[INFO] process requestor-worker-0 got 'WAIT' from root queue, WAIT

2024-03-23 23:18:28,275 <requestor-worker-0:162590, MainThread:140300193920832> (events.py:_run:80 -> requestor.py:_fetch_single_async:207) from logger `RFC.requestor`
[INFO] process requestor-worker-0 task async-7 fetched PaperWeeklyZhihuArticlePage(7), step 7

2024-03-23 23:18:29,031 <requestor-worker-0:162590, MainThread:140300193920832> (events.py:_run:80 -> requestor.py:_fetch_all_asyncio:253) from logger `RFC.requestor`
[INFO] process requestor-worker-0 got PaperWeeklyZhihuArticlePage(8) from root queue

2024-03-23 23:18:29,034 <requestor-worker-0:162590, MainThread:140300193920832> (events.py:_run:80 -> requestor.py:_fetch_all_asyncio:249) from logger `RFC.requestor`
[INFO] process requestor-worker-0 got 'WAIT' from root queue, WAIT

2024-03-23 23:18:30,039 <requestor-worker-0:162590, MainThread:140300193920832> (events.py:_run:80 -> requestor.py:_fetch_all_asyncio:249) from logger `RFC.requestor`
[INFO] process requestor-worker-0 got 'WAIT' from root queue, WAIT

2024-03-23 23:18:30,190 <requestor-worker-0:162590, MainThread:140300193920832> (events.py:_run:80 -> requestor.py:_fetch_single_async:207) from logger `RFC.requestor`
[INFO] process requestor-worker-0 task async-8 fetched PaperWeeklyZhihuArticlePage(8), step 8

2024-03-23 23:18:31,043 <requestor-worker-0:162590, MainThread:140300193920832> (events.py:_run:80 -> requestor.py:_fetch_all_asyncio:245) from logger `RFC.requestor`
[INFO] process requestor-worker-0 got 'QUIT' from root queue, QUIT

