  adding: csaves/ (stored 0%)
  adding: csaves/bin/ (stored 0%)
  adding: csaves/json/ (stored 0%)
  adding: csaves/json/path_text_mapping_17.json (deflated 94%)
  adding: csaves/json/path_text_mapping_13.json (deflated 94%)
  adding: csaves/json/path_text_mapping_23.json (deflated 94%)
  adding: csaves/json/path_text_mapping_9.json (deflated 94%)
  adding: csaves/json/path_text_mapping_21.json (deflated 94%)
  adding: csaves/json/path_text_mapping_5.json (deflated 94%)
  adding: csaves/json/path_text_mapping_10.json (deflated 94%)
  adding: csaves/json/path_text_mapping_22.json (deflated 94%)
  adding: csaves/json/path_text_mapping_4.json (deflated 94%)
  adding: csaves/json/path_text_mapping_26.json (deflated 94%)
  adding: csaves/json/path_text_mapping_6.json (deflated 94%)
  adding: csaves/json/path_text_mapping_15.json (deflated 94%)
  adding: csaves/json/path_text_mapping_3.json (deflated 94%)
  adding: csaves/json/path_text_mapping_19.json (deflated 94%)
  adding: csaves/json/path_text_mapping_1.json (deflated 94%)
  adding: csaves/json/path_text_mapping_11.json (deflated 94%)
  adding: csaves/json/path_text_mapping_2.json (deflated 94%)
  adding: csaves/json/path_text_mapping_25.json (deflated 94%)
  adding: csaves/json/path_text_mapping_14.json (deflated 94%)
  adding: csaves/json/path_text_mapping_27.json (deflated 94%)
  adding: csaves/json/path_text_mapping_16.json (deflated 94%)
  adding: csaves/json/path_text_mapping_18.json (deflated 94%)
  adding: csaves/json/path_text_mapping_7.json (deflated 94%)
  adding: csaves/json/path_text_mapping_12.json (deflated 94%)
  adding: csaves/json/path_text_mapping_8.json (deflated 94%)
  adding: csaves/json/path_text_mapping_20.json (deflated 94%)
  adding: csaves/json/path_text_mapping_28.json (deflated 94%)
  adding: csaves/json/path_text_mapping_29.json (deflated 94%)
  adding: csaves/json/path_text_mapping_24.json (deflated 94%)
  adding: csaves/pkl/ (stored 0%)
  adding: csaves/pkl/path_pkl_mapping_3.pkl (deflated 96%)
  adding: csaves/pkl/path_pkl_mapping_10.pkl (deflated 96%)
  adding: csaves/pkl/path_pkl_mapping_13.pkl (deflated 96%)
  adding: csaves/pkl/path_pkl_mapping_6.pkl (deflated 96%)
  adding: csaves/pkl/path_pkl_mapping_1.pkl (deflated 96%)
  adding: csaves/pkl/path_pkl_mapping_11.pkl (deflated 96%)
  adding: csaves/pkl/path_pkl_mapping_12.pkl (deflated 96%)
  adding: csaves/pkl/path_pkl_mapping_9.pkl (deflated 96%)
  adding: csaves/pkl/path_pkl_mapping_8.pkl (deflated 96%)
  adding: csaves/pkl/path_pkl_mapping_14.pkl (deflated 96%)
  adding: csaves/pkl/path_pkl_mapping_7.pkl (deflated 96%)
  adding: csaves/pkl/path_pkl_mapping_5.pkl (deflated 96%)
  adding: csaves/pkl/path_pkl_mapping_2.pkl (deflated 96%)
  adding: csaves/pkl/path_pkl_mapping_15.pkl (deflated 96%)
  adding: csaves/pkl/path_pkl_mapping_4.pkl (deflated 96%)
