{'RFC.itemset.itemset': ModuleLeaves(name='RFC.itemset.itemset',
                                     is_system=True,
                                     has_init=True,
                                     leaves={'get_itemset': (<function get_itemset at 0x7ff512967f40>,
                                                             'system'),
                                             'init': (<function init at 0x7ff51266f250>,
                                                      'init')},
                                     is_finished=True),
 'RFC.requestor.requestor': ModuleLeaves(name='RFC.requestor.requestor',
                                         is_system=True,
                                         has_init=True,
                                         leaves={'get_requestor': (<function get_requestor at 0x7ff512194700>,
                                                                   'system'),
                                                 'init': (<function init at 0x7ff5129d5b40>,
                                                          'init')},
                                         is_finished=True),
 'RFC.requestor.session.arguments.arguments': ModuleLeaves(name='RFC.requestor.session.arguments.arguments',
                                                           is_system=True,
                                                           has_init=True,
                                                           leaves={'get_arguments': (<function get_arguments at 0x7ff512e29c60>,
                                                                                     'system'),
                                                                   'init': (<function init at 0x7ff512e28310>,
                                                                            'init')},
                                                           is_finished=True),
 'RFC.requestor.session.arguments.cookies.cookies': ModuleLeaves(name='RFC.requestor.session.arguments.cookies.cookies',
                                                                 is_system=False,
                                                                 has_init=True,
                                                                 leaves={'init': (<function init at 0x7ff5121968c0>,
                                                                                  'init'),
                                                                         'passin': (<function passin at 0x7ff5121970a0>,
                                                                                    'normal'),
                                                                         'read_from_file_by_rank': (<function read_from_file_by_rank at 0x7ff512196680>,
                                                                                                    'normal')},
                                                                 is_finished=True),
 'RFC.requestor.session.arguments.headers.base.base': ModuleLeaves(name='RFC.requestor.session.arguments.headers.base.base',
                                                                   is_system=False,
                                                                   has_init=True,
                                                                   leaves={'fixed': (<function fixed at 0x7ff512197010>,
                                                                                     'normal'),
                                                                           'init': (<function init at 0x7ff512197640>,
                                                                                    'init'),
                                                                           'passin': (<function passin at 0x7ff512197ac0>,
                                                                                      'normal'),
                                                                           'switch': (<function switch at 0x7ff512197be0>,
                                                                                      'normal')},
                                                                   is_finished=True),
 'RFC.requestor.session.arguments.headers.headers': ModuleLeaves(name='RFC.requestor.session.arguments.headers.headers',
                                                                 is_system=False,
                                                                 has_init=True,
                                                                 leaves={'init': (<function init at 0x7ff512197d00>,
                                                                                  'init')},
                                                                 is_finished=True),
 'RFC.requestor.session.arguments.headers.referer.referer': ModuleLeaves(name='RFC.requestor.session.arguments.headers.referer.referer',
                                                                         is_system=False,
                                                                         has_init=True,
                                                                         leaves={'fixed': (<function fixed at 0x7ff5121c8550>,
                                                                                           'normal'),
                                                                                 'from_url': (<function from_url at 0x7ff5121c8430>,
                                                                                              'normal'),
                                                                                 'from_url_once': (<function from_url_once at 0x7ff5121c8280>,
                                                                                                   'normal'),
                                                                                 'init': (<function init at 0x7ff5121c8160>,
                                                                                          'init'),
                                                                                 'none': (<function none at 0x7ff5121c8670>,
                                                                                          'normal')},
                                                                         is_finished=True),
 'RFC.requestor.session.arguments.headers.user-agent.user-agent': ModuleLeaves(name='RFC.requestor.session.arguments.headers.user-agent.user-agent',
                                                                               is_system=False,
                                                                               has_init=True,
                                                                               leaves={'fixed': (<function fixed at 0x7ff512090ee0>,
                                                                                                 'normal'),
                                                                                       'init': (<function init at 0x7ff512090ca0>,
                                                                                                'init'),
                                                                                       'none': (<function none at 0x7ff512091120>,
                                                                                                'normal'),
                                                                                       'random_fake': (<function random_fake at 0x7ff512091000>,
                                                                                                       'normal')},
                                                                               is_finished=True),
 'RFC.requestor.session.arguments.params.params': ModuleLeaves(name='RFC.requestor.session.arguments.params.params',
                                                               is_system=False,
                                                               has_init=True,
                                                               leaves={'fixed': (<function fixed at 0x7ff5120917e0>,
                                                                                 'normal'),
                                                                       'init': (<function init at 0x7ff512091510>,
                                                                                'init'),
                                                                       'passin': (<function passin at 0x7ff512091870>,
                                                                                  'normal')},
                                                               is_finished=True),
 'RFC.requestor.session.arguments.payload.payload': ModuleLeaves(name='RFC.requestor.session.arguments.payload.payload',
                                                                 is_system=False,
                                                                 has_init=True,
                                                                 leaves={'fixed': (<function fixed at 0x7ff512091f30>,
                                                                                   'normal'),
                                                                         'init': (<function init at 0x7ff512091c60>,
                                                                                  'init'),
                                                                         'passin': (<function passin at 0x7ff512091fc0>,
                                                                                    'normal')},
                                                                 is_finished=True),
 'RFC.requestor.session.arguments.proxies.proxies': ModuleLeaves(name='RFC.requestor.session.arguments.proxies.proxies',
                                                                 is_system=False,
                                                                 has_init=True,
                                                                 leaves={'fixed': (<function fixed at 0x7ff5120931c0>,
                                                                                   'normal'),
                                                                         'init': (<function init at 0x7ff512092440>,
                                                                                  'init'),
                                                                         'login': (<function login at 0x7ff5120932e0>,
                                                                                   'normal'),
                                                                         'off': (<function off at 0x7ff5120930a0>,
                                                                                 'normal')},
                                                                 is_finished=True),
 'RFC.requestor.session.arguments.url.url': ModuleLeaves(name='RFC.requestor.session.arguments.url.url',
                                                         is_system=False,
                                                         has_init=True,
                                                         leaves={'init': (<function init at 0x7ff512093760>,
                                                                          'init'),
                                                                 'passin': (<function passin at 0x7ff512093880>,
                                                                            'normal')},
                                                         is_finished=True),
 'RFC.requestor.session.middleware.middleware': ModuleLeaves(name='RFC.requestor.session.middleware.middleware',
                                                             is_system=False,
                                                             has_init=True,
                                                             leaves={'func1': (<function func1 at 0x7ff512093e20>,
                                                                               'normal'),
                                                                     'func2': (<function func2 at 0x7ff5120b40d0>,
                                                                               'normal'),
                                                                     'init': (<function init at 0x7ff512093d90>,
                                                                              'init')},
                                                             is_finished=True),
 'RFC.requestor.session.session': ModuleLeaves(name='RFC.requestor.session.session',
                                               is_system=True,
                                               has_init=True,
                                               leaves={'get_session': (<function get_session at 0x7ff512183e20>,
                                                                       'system'),
                                                       'init': (<function init at 0x7ff5124d0940>,
                                                                'init')},
                                               is_finished=True)}
